2026-03-30 11:20:11,742 | INFO | base_dl_model | [GRUModel] Using device: cpu
2026-03-30 11:20:11,984 | INFO | base_dl_model | [GRUModel] Network params: 95,214
2026-03-30 11:20:41,676 | INFO | base_dl_model | [GRUModel] Epoch 1/30 train_loss=0.620828  val_loss=0.775813
2026-03-30 11:22:55,039 | INFO | base_dl_model | [GRUModel] Early stop at epoch 6. Best val_loss=0.775813
2026-03-30 11:22:55,040 | INFO | base_dl_model | [GRUModel] Training finished in 158.9s
2026-03-30 11:22:56,612 | INFO | base_dl_model | [GRUModel] predict() → min=0.0005  max=0.0006  mean=0.0005
2026-03-30 11:23:02,863 | INFO | base_dl_model | [GRUModel] Using device: cpu
2026-03-30 11:23:03,042 | INFO | base_dl_model | [GRUModel] Network params: 398,667
2026-03-30 11:23:37,599 | INFO | base_dl_model | [GRUModel] Epoch 1/30 train_loss=0.604864  val_loss=0.665551
2026-03-30 11:28:26,436 | INFO | base_dl_model | [GRUModel] Early stop at epoch 8. Best val_loss=0.647223
2026-03-30 11:28:26,457 | INFO | base_dl_model | [GRUModel] Training finished in 323.4s
2026-03-30 11:28:29,471 | INFO | base_dl_model | [GRUModel] predict() → min=0.0003  max=0.0014  mean=0.0006
2026-03-30 11:28:44,839 | INFO | base_dl_model | [GRUModel] Using device: cpu
2026-03-30 11:28:45,198 | INFO | base_dl_model | [GRUModel] Network params: 91,614
2026-03-30 11:28:54,292 | INFO | base_dl_model | [GRUModel] Epoch 1/30 train_loss=0.661055  val_loss=0.702652
2026-03-30 11:29:51,000 | INFO | base_dl_model | [GRUModel] Early stop at epoch 6. Best val_loss=0.702652
2026-03-30 11:29:51,001 | INFO | base_dl_model | [GRUModel] Training finished in 65.8s
2026-03-30 11:29:51,818 | INFO | base_dl_model | [GRUModel] predict() → min=0.0008  max=0.0011  mean=0.0009
2026-03-30 11:30:01,426 | INFO | base_dl_model | [GRUModel] Using device: cpu
2026-03-30 11:30:01,723 | INFO | base_dl_model | [GRUModel] Network params: 164,331
2026-03-30 11:30:40,894 | INFO | base_dl_model | [GRUModel] Epoch 1/30 train_loss=0.616155  val_loss=0.618769
2026-03-30 11:49:32,659 | INFO | base_dl_model | [GRUModel] Using device: cpu
2026-03-30 11:49:32,967 | INFO | base_dl_model | [GRUModel] Network params: 45,678
2026-03-30 11:49:50,080 | INFO | base_dl_model | [GRUModel] Epoch 1/30 train_loss=0.665000  val_loss=0.622696
2026-03-30 11:51:24,308 | INFO | base_dl_model | [GRUModel] Early stop at epoch 7. Best val_loss=0.619150
2026-03-30 11:51:24,308 | INFO | base_dl_model | [GRUModel] Training finished in 106.7s
2026-03-30 11:51:25,680 | INFO | base_dl_model | [GRUModel] predict() → min=0.0008  max=0.0324  mean=0.0015
2026-03-30 11:51:41,925 | INFO | base_dl_model | [GRUModel] Using device: cpu
2026-03-30 11:51:42,205 | INFO | base_dl_model | [GRUModel] Network params: 62,598
2026-03-30 11:51:49,167 | INFO | base_dl_model | [GRUModel] Epoch 1/30 train_loss=0.596618  val_loss=0.763820
2026-03-30 11:52:18,375 | INFO | base_dl_model | [GRUModel] Early stop at epoch 6. Best val_loss=0.763820
2026-03-30 11:52:18,376 | INFO | base_dl_model | [GRUModel] Training finished in 36.2s
2026-03-30 11:52:18,920 | INFO | base_dl_model | [GRUModel] predict() → min=0.0002  max=0.0115  mean=0.0009
2026-03-30 11:52:27,199 | INFO | base_dl_model | [GRUModel] Using device: cpu
2026-03-30 11:52:27,422 | INFO | base_dl_model | [GRUModel] Network params: 195,438
2026-03-30 11:52:44,809 | INFO | base_dl_model | [GRUModel] Epoch 1/30 train_loss=0.610290  val_loss=0.654029
2026-03-30 11:55:41,530 | INFO | base_dl_model | [GRUModel] Epoch 10/30 train_loss=0.570776  val_loss=0.626022
2026-03-30 11:56:39,424 | INFO | base_dl_model | [GRUModel] Early stop at epoch 13. Best val_loss=0.613949
2026-03-30 11:56:39,424 | INFO | base_dl_model | [GRUModel] Training finished in 252.0s
2026-03-30 11:56:41,093 | INFO | base_dl_model | [GRUModel] predict() → min=0.0002  max=0.0154  mean=0.0012
2026-03-30 11:56:47,678 | INFO | base_dl_model | [GRUModel] Using device: cpu
2026-03-30 11:56:47,742 | INFO | base_dl_model | [GRUModel] Network params: 707,826
2026-03-30 11:57:35,469 | INFO | base_dl_model | [GRUModel] Epoch 1/30 train_loss=0.619939  val_loss=0.721989
2026-03-30 12:05:13,874 | INFO | base_dl_model | [GRUModel] Epoch 10/30 train_loss=0.602834  val_loss=0.844705
2026-03-30 12:05:13,874 | INFO | base_dl_model | [GRUModel] Early stop at epoch 10. Best val_loss=0.680692
2026-03-30 12:05:13,874 | INFO | base_dl_model | [GRUModel] Training finished in 506.1s
2026-03-30 12:05:16,002 | INFO | base_dl_model | [GRUModel] predict() → min=0.0000  max=0.0000  mean=0.0000
2026-03-30 12:05:18,875 | INFO | base_dl_model | [GRUModel] Using device: cpu
2026-03-30 12:05:19,019 | INFO | base_dl_model | [GRUModel] Network params: 403,158
2026-03-30 12:06:13,864 | INFO | base_dl_model | [GRUModel] Epoch 1/30 train_loss=0.585436  val_loss=0.798088
2026-03-30 12:13:16,117 | INFO | base_dl_model | [GRUModel] Early stop at epoch 8. Best val_loss=0.756570
2026-03-30 12:13:16,117 | INFO | base_dl_model | [GRUModel] Training finished in 477.1s
2026-03-30 12:13:19,461 | INFO | base_dl_model | [GRUModel] predict() → min=0.0005  max=0.0006  mean=0.0006
2026-03-30 12:13:24,602 | INFO | base_dl_model | [GRUModel] Using device: cpu
2026-03-30 12:13:24,668 | INFO | base_dl_model | [GRUModel] Network params: 78,867
2026-03-30 12:13:28,998 | INFO | base_dl_model | [GRUModel] Epoch 1/30 train_loss=0.612573  val_loss=0.664981
2026-03-30 12:14:00,529 | INFO | base_dl_model | [GRUModel] Early stop at epoch 8. Best val_loss=0.649321
2026-03-30 12:14:00,529 | INFO | base_dl_model | [GRUModel] Training finished in 35.9s
2026-03-30 12:14:00,886 | INFO | base_dl_model | [GRUModel] predict() → min=0.0001  max=0.0042  mean=0.0004
2026-03-30 12:14:09,368 | INFO | base_dl_model | [GRUModel] Using device: cpu
2026-03-30 12:14:09,521 | INFO | base_dl_model | [GRUModel] Network params: 48,891
2026-03-30 12:14:24,162 | INFO | base_dl_model | [GRUModel] Epoch 1/30 train_loss=1.025247  val_loss=0.877596
2026-03-30 12:16:37,823 | INFO | base_dl_model | [GRUModel] Epoch 10/30 train_loss=0.573580  val_loss=0.608254
2026-03-30 12:18:16,552 | INFO | base_dl_model | [GRUModel] Early stop at epoch 17. Best val_loss=0.607285
2026-03-30 12:18:16,554 | INFO | base_dl_model | [GRUModel] Training finished in 247.0s
2026-03-30 12:18:17,457 | INFO | base_dl_model | [GRUModel] predict() → min=0.0037  max=0.0038  mean=0.0037
2026-03-30 12:18:22,698 | INFO | base_dl_model | [GRUModel] Using device: cpu
2026-03-30 12:18:22,838 | INFO | base_dl_model | [GRUModel] Network params: 27,219
2026-03-30 12:18:28,589 | INFO | base_dl_model | [GRUModel] Epoch 1/30 train_loss=0.677863  val_loss=0.605700
2026-03-30 12:19:16,356 | INFO | base_dl_model | [GRUModel] Early stop at epoch 9. Best val_loss=0.605214
2026-03-30 12:19:16,356 | INFO | base_dl_model | [GRUModel] Training finished in 53.5s
2026-03-30 12:19:16,749 | INFO | base_dl_model | [GRUModel] predict() → min=0.0006  max=0.0007  mean=0.0007
2026-03-30 12:19:31,106 | INFO | base_dl_model | [GRUModel] Using device: cpu
2026-03-30 12:19:31,297 | INFO | base_dl_model | [GRUModel] Network params: 1,350,846
2026-03-30 12:20:48,498 | INFO | base_dl_model | [GRUModel] Epoch 1/30 train_loss=0.678885  val_loss=0.750279
2026-03-30 12:31:12,781 | INFO | base_dl_model | [GRUModel] Epoch 10/30 train_loss=0.656738  val_loss=0.661071
2026-03-30 12:38:40,902 | INFO | base_dl_model | [GRUModel] Early stop at epoch 17. Best val_loss=0.617748
2026-03-30 12:38:40,904 | INFO | base_dl_model | [GRUModel] Training finished in 1149.6s
2026-03-30 12:38:44,268 | INFO | base_dl_model | [GRUModel] predict() → min=0.0009  max=0.0009  mean=0.0009
2026-03-30 12:38:47,429 | INFO | base_dl_model | [GRUModel] Using device: cpu
2026-03-30 12:38:47,544 | INFO | base_dl_model | [GRUModel] Network params: 322,878
2026-03-30 12:39:05,097 | INFO | base_dl_model | [GRUModel] Epoch 1/30 train_loss=0.750290  val_loss=0.610963
2026-03-30 12:42:02,666 | INFO | base_dl_model | [GRUModel] Epoch 10/30 train_loss=0.572816  val_loss=0.608040
2026-03-30 12:42:02,666 | INFO | base_dl_model | [GRUModel] Early stop at epoch 10. Best val_loss=0.606518
2026-03-30 12:42:02,677 | INFO | base_dl_model | [GRUModel] Training finished in 195.1s
2026-03-30 12:42:03,906 | INFO | base_dl_model | [GRUModel] predict() → min=0.0006  max=0.0009  mean=0.0007
2026-03-30 12:42:16,648 | INFO | base_dl_model | [GRUModel] Using device: cpu
2026-03-30 12:42:16,847 | INFO | base_dl_model | [GRUModel] Network params: 45,678
2026-03-30 12:42:28,529 | INFO | base_dl_model | [GRUModel] Epoch 1/50 train_loss=0.669411  val_loss=0.624494
2026-03-30 12:44:20,174 | INFO | base_dl_model | [GRUModel] Epoch 10/50 train_loss=0.570480  val_loss=0.624175
2026-03-30 12:44:43,130 | INFO | base_dl_model | [GRUModel] Early stop at epoch 12. Best val_loss=0.618164
2026-03-30 12:44:43,130 | INFO | base_dl_model | [GRUModel] Training finished in 146.3s
2026-03-30 12:44:43,927 | INFO | base_dl_model | [GRUModel] predict() → min=0.0006  max=0.0034  mean=0.0010
2026-03-30 12:44:47,448 | INFO | base_dl_model | [GRUModel] predict() → min=0.0006  max=0.0034  mean=0.0010
2026-03-30 12:44:48,100 | INFO | base_dl_model | [LSTMModel] Using device: cpu
2026-03-30 12:44:48,270 | INFO | base_dl_model | [LSTMModel] Network params: 75,103
2026-03-30 12:44:53,553 | INFO | base_dl_model | [LSTMModel] Epoch 1/30 train_loss=0.700236  val_loss=0.705047
2026-03-30 12:45:19,887 | INFO | base_dl_model | [LSTMModel] Early stop at epoch 6. Best val_loss=0.705047
2026-03-30 12:45:19,887 | INFO | base_dl_model | [LSTMModel] Training finished in 31.6s
2026-03-30 12:45:20,445 | INFO | base_dl_model | [LSTMModel] predict() → min=0.0009  max=0.0040  mean=0.0013
2026-03-30 12:45:27,330 | INFO | base_dl_model | [LSTMModel] Using device: cpu
2026-03-30 12:45:27,484 | INFO | base_dl_model | [LSTMModel] Network params: 568,891
2026-03-30 12:45:54,885 | INFO | base_dl_model | [LSTMModel] Epoch 1/30 train_loss=0.621933  val_loss=0.620177
2026-03-30 12:55:31,720 | INFO | base_dl_model | [GRUModel] Using device: cpu
2026-03-30 12:55:32,118 | INFO | base_dl_model | [GRUModel] Network params: 100,086
2026-03-30 12:56:15,538 | INFO | base_dl_model | [GRUModel] Epoch 1/30 train_loss=0.601583  val_loss=0.614967
2026-03-30 13:01:28,656 | INFO | base_dl_model | [GRUModel] Epoch 10/30 train_loss=0.570696  val_loss=0.615524
2026-03-30 13:02:40,649 | INFO | base_dl_model | [GRUModel] Early stop at epoch 12. Best val_loss=0.613047
2026-03-30 13:02:40,649 | INFO | base_dl_model | [GRUModel] Training finished in 423.8s
2026-03-30 13:02:42,925 | INFO | base_dl_model | [GRUModel] predict() → min=0.0003  max=0.0005  mean=0.0003
2026-03-30 13:02:57,937 | INFO | base_dl_model | [GRUModel] Using device: cpu
2026-03-30 13:02:58,156 | INFO | base_dl_model | [GRUModel] Network params: 57,270
2026-03-30 13:03:00,912 | INFO | base_dl_model | [GRUModel] Epoch 1/30 train_loss=0.759823  val_loss=0.712022
2026-03-30 13:03:15,338 | INFO | base_dl_model | [GRUModel] Early stop at epoch 8. Best val_loss=0.675152
2026-03-30 13:03:15,338 | INFO | base_dl_model | [GRUModel] Training finished in 17.2s
2026-03-30 13:03:15,561 | INFO | base_dl_model | [GRUModel] predict() → min=0.0023  max=0.0097  mean=0.0057
2026-03-30 13:03:23,471 | INFO | base_dl_model | [GRUModel] Using device: cpu
2026-03-30 13:03:23,582 | INFO | base_dl_model | [GRUModel] Network params: 190,803
2026-03-30 13:03:40,088 | INFO | base_dl_model | [GRUModel] Epoch 1/30 train_loss=0.597386  val_loss=0.701465
2026-03-30 13:06:08,769 | INFO | base_dl_model | [GRUModel] Epoch 10/30 train_loss=0.585686  val_loss=0.724682
2026-03-30 13:06:08,769 | INFO | base_dl_model | [GRUModel] Early stop at epoch 10. Best val_loss=0.676388
2026-03-30 13:06:08,769 | INFO | base_dl_model | [GRUModel] Training finished in 165.2s
2026-03-30 13:06:10,075 | INFO | base_dl_model | [GRUModel] predict() → min=0.0000  max=0.0024  mean=0.0001
2026-03-30 13:06:19,279 | INFO | base_dl_model | [GRUModel] Using device: cpu
2026-03-30 13:06:19,562 | INFO | base_dl_model | [GRUModel] Network params: 541,374
2026-03-30 13:07:53,567 | INFO | base_dl_model | [GRUModel] Epoch 1/30 train_loss=0.589297  val_loss=0.637925
2026-03-30 13:22:08,424 | INFO | base_dl_model | [GRUModel] Epoch 10/30 train_loss=0.583442  val_loss=0.621202
2026-03-30 13:24:56,364 | INFO | base_dl_model | [GRUModel] Early stop at epoch 12. Best val_loss=0.607656
2026-03-30 13:24:56,367 | INFO | base_dl_model | [GRUModel] Training finished in 1116.8s
2026-03-30 13:25:01,455 | INFO | base_dl_model | [GRUModel] predict() → min=0.0007  max=0.0007  mean=0.0007
2026-03-30 13:25:07,797 | INFO | base_dl_model | [GRUModel] Using device: cpu
2026-03-30 13:25:08,095 | INFO | base_dl_model | [GRUModel] Network params: 773,031
2026-03-30 13:26:12,923 | INFO | base_dl_model | [GRUModel] Epoch 1/30 train_loss=0.599904  val_loss=0.628624
2026-03-30 13:35:44,433 | INFO | base_dl_model | [GRUModel] Epoch 10/30 train_loss=0.571665  val_loss=0.619336
2026-03-30 13:45:58,942 | INFO | base_dl_model | [GRUModel] Epoch 20/30 train_loss=0.569059  val_loss=0.622744
2026-03-30 13:45:58,945 | INFO | base_dl_model | [GRUModel] Early stop at epoch 20. Best val_loss=0.613131
2026-03-30 13:45:58,945 | INFO | base_dl_model | [GRUModel] Training finished in 1250.8s
2026-03-30 13:46:02,912 | INFO | base_dl_model | [GRUModel] predict() → min=0.0001  max=0.0500  mean=0.0009
2026-03-30 13:46:12,879 | INFO | base_dl_model | [GRUModel] Using device: cpu
2026-03-30 13:46:13,142 | INFO | base_dl_model | [GRUModel] Network params: 18,495
2026-03-30 13:46:24,917 | INFO | base_dl_model | [GRUModel] Epoch 1/30 train_loss=0.657667  val_loss=0.616088
2026-03-30 13:48:01,444 | INFO | base_dl_model | [GRUModel] Epoch 10/30 train_loss=0.569839  val_loss=0.609889
2026-03-30 13:48:01,444 | INFO | base_dl_model | [GRUModel] Early stop at epoch 10. Best val_loss=0.608356
2026-03-30 13:48:01,444 | INFO | base_dl_model | [GRUModel] Training finished in 108.3s
2026-03-30 13:48:02,171 | INFO | base_dl_model | [GRUModel] predict() → min=0.0006  max=0.0097  mean=0.0013
2026-03-30 13:48:05,790 | INFO | base_dl_model | [GRUModel] Using device: cpu
2026-03-30 13:48:06,076 | INFO | base_dl_model | [GRUModel] Network params: 154,794
2026-03-30 13:48:49,424 | INFO | base_dl_model | [GRUModel] Epoch 1/30 train_loss=0.600981  val_loss=0.611761
2026-03-30 13:54:23,111 | INFO | base_dl_model | [GRUModel] Epoch 10/30 train_loss=0.572522  val_loss=0.613464
2026-03-30 14:43:13,665 | INFO | base_dl_model | [GRUModel] Epoch 20/30 train_loss=0.568577  val_loss=0.613755
2026-03-30 14:43:52,163 | INFO | base_dl_model | [GRUModel] Early stop at epoch 21. Best val_loss=0.605088
2026-03-30 14:43:52,165 | INFO | base_dl_model | [GRUModel] Training finished in 3346.1s
2026-03-30 14:43:54,462 | INFO | base_dl_model | [GRUModel] predict() → min=0.0002  max=0.0039  mean=0.0006
2026-03-30 14:44:08,210 | INFO | base_dl_model | [GRUModel] Using device: cpu
2026-03-30 14:44:08,418 | INFO | base_dl_model | [GRUModel] Network params: 1,022,115
2026-03-30 14:45:02,722 | INFO | base_dl_model | [GRUModel] Epoch 1/30 train_loss=0.801030  val_loss=0.802156
2026-03-30 14:52:55,208 | INFO | base_dl_model | [GRUModel] Epoch 10/30 train_loss=0.583725  val_loss=0.761864
2026-03-30 14:53:44,729 | INFO | base_dl_model | [GRUModel] Early stop at epoch 11. Best val_loss=0.611538
2026-03-30 14:53:44,729 | INFO | base_dl_model | [GRUModel] Training finished in 576.3s
2026-03-30 14:53:48,529 | INFO | base_dl_model | [GRUModel] predict() → min=0.0000  max=0.0000  mean=0.0000
2026-03-30 14:53:55,125 | INFO | base_dl_model | [GRUModel] Using device: cpu
2026-03-30 14:53:55,535 | INFO | base_dl_model | [GRUModel] Network params: 224,382
2026-03-30 14:54:11,753 | INFO | base_dl_model | [GRUModel] Epoch 1/30 train_loss=0.779376  val_loss=0.699071
2026-03-30 14:56:34,601 | INFO | base_dl_model | [GRUModel] Epoch 10/30 train_loss=0.570730  val_loss=0.607151
2026-03-30 14:58:17,945 | INFO | base_dl_model | [GRUModel] Early stop at epoch 17. Best val_loss=0.605722
2026-03-30 14:58:17,946 | INFO | base_dl_model | [GRUModel] Training finished in 262.4s
2026-03-30 14:58:19,454 | INFO | base_dl_model | [GRUModel] predict() → min=0.0011  max=0.0062  mean=0.0022
2026-03-30 14:58:30,079 | INFO | base_dl_model | [GRUModel] Using device: cpu
2026-03-30 14:58:30,970 | INFO | base_dl_model | [GRUModel] Network params: 247,251
2026-03-30 14:59:32,507 | INFO | base_dl_model | [GRUModel] Epoch 1/30 train_loss=0.595434  val_loss=0.628256
2026-03-30 15:07:13,886 | INFO | base_dl_model | [GRUModel] Epoch 10/30 train_loss=0.572277  val_loss=0.624830
2026-03-30 15:09:35,282 | INFO | base_dl_model | [GRUModel] Early stop at epoch 13. Best val_loss=0.623877
2026-03-30 15:09:35,283 | INFO | base_dl_model | [GRUModel] Training finished in 664.3s
2026-03-30 15:09:38,186 | INFO | base_dl_model | [GRUModel] predict() → min=0.0005  max=0.0005  mean=0.0005
2026-03-30 15:09:55,250 | INFO | base_dl_model | [GRUModel] Using device: cpu
2026-03-30 15:09:55,659 | INFO | base_dl_model | [GRUModel] Network params: 100,086
2026-03-30 15:10:32,847 | INFO | base_dl_model | [GRUModel] Epoch 1/50 train_loss=0.601216  val_loss=0.615696
2026-03-30 15:16:20,865 | INFO | base_dl_model | [GRUModel] Epoch 10/50 train_loss=0.572136  val_loss=0.619185
2026-03-30 15:22:52,328 | INFO | base_dl_model | [GRUModel] Epoch 20/50 train_loss=0.570778  val_loss=0.609924
2026-03-30 15:29:41,377 | INFO | base_dl_model | [GRUModel] Epoch 30/50 train_loss=0.564624  val_loss=0.617558
2026-03-30 15:29:41,377 | INFO | base_dl_model | [GRUModel] Early stop at epoch 30. Best val_loss=0.609924
2026-03-30 15:29:41,377 | INFO | base_dl_model | [GRUModel] Training finished in 1185.7s
2026-03-30 15:29:43,913 | INFO | base_dl_model | [GRUModel] predict() → min=0.0001  max=0.0021  mean=0.0001
2026-03-30 15:29:44,130 | INFO | base_dl_model | [GRUModel] predict() → min=0.0001  max=0.0001  mean=0.0001
2026-03-30 15:29:53,975 | INFO | base_dl_model | [GRUModel] predict() → min=0.0001  max=0.0021  mean=0.0001
2026-03-30 15:29:57,292 | INFO | base_dl_model | [LSTMModel] Using device: cpu
2026-03-30 15:29:57,410 | INFO | base_dl_model | [LSTMModel] Network params: 321,789
2026-03-30 15:30:05,342 | INFO | base_dl_model | [LSTMModel] Epoch 1/30 train_loss=0.856262  val_loss=0.656193
2026-03-30 15:30:47,981 | INFO | base_dl_model | [LSTMModel] Early stop at epoch 6. Best val_loss=0.656193
2026-03-30 15:30:47,981 | INFO | base_dl_model | [LSTMModel] Training finished in 50.6s
2026-03-30 15:30:48,578 | INFO | base_dl_model | [LSTMModel] predict() → min=0.0014  max=0.0015  mean=0.0014
2026-03-30 15:30:55,651 | INFO | base_dl_model | [LSTMModel] Using device: cpu
2026-03-30 15:30:55,707 | INFO | base_dl_model | [LSTMModel] Network params: 96,810
2026-03-30 15:31:00,595 | INFO | base_dl_model | [LSTMModel] Epoch 1/30 train_loss=0.733841  val_loss=0.617054
2026-03-30 15:31:28,698 | INFO | base_dl_model | [LSTMModel] Early stop at epoch 6. Best val_loss=0.617054
2026-03-30 15:31:28,698 | INFO | base_dl_model | [LSTMModel] Training finished in 33.0s
2026-03-30 15:31:29,155 | INFO | base_dl_model | [LSTMModel] predict() → min=0.0012  max=0.0012  mean=0.0012
2026-03-30 15:31:41,776 | INFO | base_dl_model | [LSTMModel] Using device: cpu
2026-03-30 15:31:41,994 | INFO | base_dl_model | [LSTMModel] Network params: 281,478
2026-03-30 15:31:55,323 | INFO | base_dl_model | [LSTMModel] Epoch 1/30 train_loss=0.607979  val_loss=0.641079
2026-03-30 15:54:36,111 | INFO | base_dl_model | [GRUModel] Using device: cpu
2026-03-30 15:54:36,291 | INFO | base_dl_model | [GRUModel] Network params: 361,587
2026-03-30 15:55:00,072 | INFO | base_dl_model | [GRUModel] Epoch 1/30 train_loss=0.625627  val_loss=0.716506
2026-03-30 15:58:08,471 | INFO | base_dl_model | [GRUModel] Epoch 10/30 train_loss=0.583774  val_loss=0.661427
2026-03-30 15:59:49,752 | INFO | base_dl_model | [GRUModel] Early stop at epoch 15. Best val_loss=0.661427
2026-03-30 15:59:49,754 | INFO | base_dl_model | [GRUModel] Training finished in 310.4s
2026-03-30 15:59:51,265 | INFO | base_dl_model | [GRUModel] predict() → min=0.0001  max=0.0008  mean=0.0003
2026-03-30 15:59:58,206 | INFO | base_dl_model | [GRUModel] Using device: cpu
2026-03-30 15:59:58,285 | INFO | base_dl_model | [GRUModel] Network params: 754,878
2026-03-30 16:00:26,861 | INFO | base_dl_model | [GRUModel] Epoch 1/30 train_loss=0.592094  val_loss=0.614360
2026-03-30 16:03:44,178 | INFO | base_dl_model | [GRUModel] Early stop at epoch 8. Best val_loss=0.600631
2026-03-30 16:03:44,178 | INFO | base_dl_model | [GRUModel] Training finished in 225.9s
2026-03-30 16:03:45,918 | INFO | base_dl_model | [GRUModel] predict() → min=0.0004  max=0.0005  mean=0.0004
2026-03-30 16:03:52,882 | INFO | base_dl_model | [GRUModel] Using device: cpu
2026-03-30 16:03:53,035 | INFO | base_dl_model | [GRUModel] Network params: 480,423
2026-03-30 16:05:19,604 | INFO | base_dl_model | [GRUModel] Epoch 1/30 train_loss=0.587783  val_loss=0.653224
2026-03-30 16:13:21,693 | INFO | base_dl_model | [GRUModel] Early stop at epoch 8. Best val_loss=0.641022
2026-03-30 16:13:21,693 | INFO | base_dl_model | [GRUModel] Training finished in 568.6s
2026-03-30 16:13:25,390 | INFO | base_dl_model | [GRUModel] predict() → min=0.0014  max=0.0017  mean=0.0015
2026-03-30 16:13:31,583 | INFO | base_dl_model | [GRUModel] Using device: cpu
2026-03-30 16:13:31,772 | INFO | base_dl_model | [GRUModel] Network params: 87,003
2026-03-30 16:13:52,697 | INFO | base_dl_model | [GRUModel] Epoch 1/30 train_loss=0.789139  val_loss=0.612030
2026-03-30 16:17:03,019 | INFO | base_dl_model | [GRUModel] Epoch 10/30 train_loss=0.570282  val_loss=0.592788
2026-03-30 16:18:06,563 | INFO | base_dl_model | [GRUModel] Early stop at epoch 13. Best val_loss=0.592487
2026-03-30 16:18:06,563 | INFO | base_dl_model | [GRUModel] Training finished in 274.8s
2026-03-30 16:18:07,898 | INFO | base_dl_model | [GRUModel] predict() → min=0.0010  max=0.0010  mean=0.0010
2026-03-30 16:18:14,315 | INFO | base_dl_model | [GRUModel] Using device: cpu
2026-03-30 16:18:14,383 | INFO | base_dl_model | [GRUModel] Network params: 915,351
2026-03-30 16:18:39,030 | INFO | base_dl_model | [GRUModel] Epoch 1/30 train_loss=0.644052  val_loss=0.617321
2026-03-30 16:21:05,112 | INFO | base_dl_model | [GRUModel] Early stop at epoch 7. Best val_loss=0.616089
2026-03-30 16:21:05,112 | INFO | base_dl_model | [GRUModel] Training finished in 170.7s
2026-03-30 16:21:06,648 | INFO | base_dl_model | [GRUModel] predict() → min=0.0003  max=0.0007  mean=0.0005
2026-03-30 16:21:13,229 | INFO | base_dl_model | [GRUModel] Using device: cpu
2026-03-30 16:21:13,303 | INFO | base_dl_model | [GRUModel] Network params: 286,347
2026-03-30 16:21:27,169 | INFO | base_dl_model | [GRUModel] Epoch 1/30 train_loss=0.597660  val_loss=0.617943
2026-03-30 16:22:37,444 | INFO | base_dl_model | [GRUModel] Early stop at epoch 6. Best val_loss=0.617943
2026-03-30 16:22:37,444 | INFO | base_dl_model | [GRUModel] Training finished in 84.1s
2026-03-30 16:22:38,339 | INFO | base_dl_model | [GRUModel] predict() → min=0.0006  max=0.0011  mean=0.0008
2026-03-30 16:22:44,928 | INFO | base_dl_model | [GRUModel] Using device: cpu
2026-03-30 16:22:45,017 | INFO | base_dl_model | [GRUModel] Network params: 589,746
2026-03-30 16:23:10,799 | INFO | base_dl_model | [GRUModel] Epoch 1/30 train_loss=0.597936  val_loss=0.639288
2026-03-30 16:27:43,812 | INFO | base_dl_model | [GRUModel] Early stop at epoch 8. Best val_loss=0.629882
2026-03-30 16:27:43,822 | INFO | base_dl_model | [GRUModel] Training finished in 298.8s
2026-03-30 16:27:46,398 | INFO | base_dl_model | [GRUModel] predict() → min=0.0005  max=0.0006  mean=0.0005
2026-03-30 16:27:54,426 | INFO | base_dl_model | [GRUModel] Using device: cpu
2026-03-30 16:27:54,666 | INFO | base_dl_model | [GRUModel] Network params: 44,439
2026-03-30 16:28:22,541 | INFO | base_dl_model | [GRUModel] Epoch 1/30 train_loss=0.658347  val_loss=0.602439
2026-03-30 16:32:01,328 | INFO | base_dl_model | [GRUModel] Early stop at epoch 8. Best val_loss=0.594904
2026-03-30 16:32:01,328 | INFO | base_dl_model | [GRUModel] Training finished in 246.7s
2026-03-30 16:32:03,136 | INFO | base_dl_model | [GRUModel] predict() → min=0.0009  max=0.0011  mean=0.0009
2026-03-30 16:32:15,257 | INFO | base_dl_model | [GRUModel] Using device: cpu
2026-03-30 16:32:15,469 | INFO | base_dl_model | [GRUModel] Network params: 47,811
2026-03-30 16:32:39,636 | INFO | base_dl_model | [GRUModel] Epoch 1/30 train_loss=0.591656  val_loss=0.656593
2026-03-30 16:34:29,965 | INFO | base_dl_model | [GRUModel] Early stop at epoch 6. Best val_loss=0.656593
2026-03-30 16:34:29,974 | INFO | base_dl_model | [GRUModel] Training finished in 134.0s
2026-03-30 16:34:30,997 | INFO | base_dl_model | [GRUModel] predict() → min=0.0003  max=0.0003  mean=0.0003
2026-03-30 16:34:43,986 | INFO | base_dl_model | [GRUModel] Using device: cpu
2026-03-30 16:34:47,108 | INFO | base_dl_model | [GRUModel] Network params: 276,762
2026-03-30 16:35:05,428 | INFO | base_dl_model | [GRUModel] Epoch 1/30 train_loss=0.659170  val_loss=0.711599
2026-03-30 16:36:35,890 | INFO | base_dl_model | [GRUModel] Early stop at epoch 7. Best val_loss=0.651182
2026-03-30 16:36:35,891 | INFO | base_dl_model | [GRUModel] Training finished in 108.8s
2026-03-30 16:36:36,939 | INFO | base_dl_model | [GRUModel] predict() → min=0.0026  max=0.0032  mean=0.0028
2026-03-30 16:36:45,849 | INFO | base_dl_model | [GRUModel] Using device: cpu
2026-03-30 16:36:45,922 | INFO | base_dl_model | [GRUModel] Network params: 286,347
2026-03-30 16:37:01,240 | INFO | base_dl_model | [GRUModel] Epoch 1/50 train_loss=0.588403  val_loss=0.632345
2026-03-30 16:39:29,403 | INFO | base_dl_model | [GRUModel] Epoch 10/50 train_loss=0.569517  val_loss=0.632280
2026-03-30 16:40:13,316 | INFO | base_dl_model | [GRUModel] Early stop at epoch 13. Best val_loss=0.620966
2026-03-30 16:40:13,316 | INFO | base_dl_model | [GRUModel] Training finished in 207.4s
2026-03-30 16:40:14,213 | INFO | base_dl_model | [GRUModel] predict() → min=0.0000  max=0.0042  mean=0.0002
2026-03-30 16:40:14,254 | INFO | base_dl_model | [GRUModel] predict() → min=0.0001  max=0.0001  mean=0.0001
2026-03-30 16:40:19,059 | INFO | base_dl_model | [GRUModel] predict() → min=0.0000  max=0.0042  mean=0.0002
2026-03-30 16:40:19,808 | INFO | base_dl_model | [LSTMModel] Using device: cpu
2026-03-30 16:40:19,912 | INFO | base_dl_model | [LSTMModel] Network params: 37,992
2026-03-30 16:40:22,885 | INFO | base_dl_model | [LSTMModel] Epoch 1/30 train_loss=0.932695  val_loss=0.879816
2026-03-30 16:40:39,692 | INFO | base_dl_model | [LSTMModel] Epoch 10/30 train_loss=0.631165  val_loss=0.646744
2026-03-30 16:40:58,335 | INFO | base_dl_model | [LSTMModel] Epoch 20/30 train_loss=0.592294  val_loss=0.621422
2026-03-30 16:41:17,291 | INFO | base_dl_model | [LSTMModel] Epoch 30/30 train_loss=0.580594  val_loss=0.616215
2026-03-30 16:41:17,291 | INFO | base_dl_model | [LSTMModel] Training finished in 57.4s
2026-03-30 16:41:17,550 | INFO | base_dl_model | [LSTMModel] predict() → min=0.0082  max=0.0149  mean=0.0124
2026-03-30 16:41:24,077 | INFO | base_dl_model | [LSTMModel] Using device: cpu
2026-03-30 16:41:24,183 | INFO | base_dl_model | [LSTMModel] Network params: 49,783
2026-03-30 16:41:27,589 | INFO | base_dl_model | [LSTMModel] Epoch 1/30 train_loss=0.817423  val_loss=0.697757
2026-03-30 16:42:45,933 | INFO | base_dl_model | [LSTMModel] Epoch 10/30 train_loss=0.575050  val_loss=0.629493
2026-03-30 16:42:55,979 | INFO | base_dl_model | [LSTMModel] Early stop at epoch 13. Best val_loss=0.627967
2026-03-30 16:42:55,979 | INFO | base_dl_model | [LSTMModel] Training finished in 91.8s
2026-03-30 16:42:56,381 | INFO | base_dl_model | [LSTMModel] predict() → min=0.0010  max=0.0257  mean=0.0038
2026-03-30 16:43:04,330 | INFO | base_dl_model | [LSTMModel] Using device: cpu
2026-03-30 16:43:04,483 | INFO | base_dl_model | [LSTMModel] Network params: 49,783
2026-03-30 16:43:07,068 | INFO | base_dl_model | [LSTMModel] Epoch 1/30 train_loss=0.652249  val_loss=0.621063
2026-03-30 16:43:20,888 | INFO | base_dl_model | [LSTMModel] Early stop at epoch 9. Best val_loss=0.604658
2026-03-30 16:43:20,890 | INFO | base_dl_model | [LSTMModel] Training finished in 16.4s
2026-03-30 16:43:21,080 | INFO | base_dl_model | [LSTMModel] predict() → min=0.0009  max=0.0057  mean=0.0017
2026-03-30 16:43:27,240 | INFO | base_dl_model | [LSTMModel] Using device: cpu
2026-03-30 16:43:27,315 | INFO | base_dl_model | [LSTMModel] Network params: 37,628
2026-03-30 16:43:29,952 | INFO | base_dl_model | [LSTMModel] Epoch 1/30 train_loss=0.682328  val_loss=0.605453
2026-03-30 16:43:41,661 | INFO | base_dl_model | [LSTMModel] Early stop at epoch 6. Best val_loss=0.605453
2026-03-30 16:43:41,661 | INFO | base_dl_model | [LSTMModel] Training finished in 14.3s
2026-03-30 16:43:41,868 | INFO | base_dl_model | [LSTMModel] predict() → min=0.0008  max=0.0009  mean=0.0008
2026-03-30 16:43:47,903 | INFO | base_dl_model | [LSTMModel] Using device: cpu
2026-03-30 16:43:48,083 | INFO | base_dl_model | [LSTMModel] Network params: 55,681
2026-03-30 16:43:52,330 | INFO | base_dl_model | [LSTMModel] Epoch 1/30 train_loss=0.987788  val_loss=0.878009
2026-03-30 16:44:27,707 | INFO | base_dl_model | [LSTMModel] Epoch 10/30 train_loss=0.606664  val_loss=0.611110
2026-03-30 16:45:12,867 | INFO | base_dl_model | [LSTMModel] Epoch 20/30 train_loss=0.582133  val_loss=0.595571
2026-03-30 16:45:57,539 | INFO | base_dl_model | [LSTMModel] Epoch 30/30 train_loss=0.574584  val_loss=0.592083
2026-03-30 16:45:57,539 | INFO | base_dl_model | [LSTMModel] Training finished in 129.5s
2026-03-30 16:45:58,004 | INFO | base_dl_model | [LSTMModel] predict() → min=0.0039  max=0.0081  mean=0.0066
2026-03-30 16:46:02,688 | INFO | base_dl_model | [LSTMModel] Using device: cpu
2026-03-30 16:46:02,864 | INFO | base_dl_model | [LSTMModel] Network params: 120,288
2026-03-30 16:46:09,771 | INFO | base_dl_model | [LSTMModel] Epoch 1/30 train_loss=0.738873  val_loss=0.619120
2026-03-30 16:47:20,660 | INFO | base_dl_model | [LSTMModel] Epoch 10/30 train_loss=0.569295  val_loss=0.594828
2026-03-30 16:47:46,624 | INFO | base_dl_model | [LSTMModel] Early stop at epoch 13. Best val_loss=0.593612
2026-03-30 16:47:46,624 | INFO | base_dl_model | [LSTMModel] Training finished in 103.8s
2026-03-30 16:47:47,363 | INFO | base_dl_model | [LSTMModel] predict() → min=0.0006  max=0.0041  mean=0.0014
2026-03-30 16:47:58,061 | INFO | base_dl_model | [LSTMModel] Using device: cpu
2026-03-30 16:47:58,230 | INFO | base_dl_model | [LSTMModel] Network params: 912,981
2026-03-30 16:48:34,710 | INFO | base_dl_model | [LSTMModel] Epoch 1/30 train_loss=0.615549  val_loss=0.617115
2026-03-30 16:51:39,059 | INFO | base_dl_model | [LSTMModel] Early stop at epoch 6. Best val_loss=0.617115
2026-03-30 16:51:39,061 | INFO | base_dl_model | [LSTMModel] Training finished in 220.8s
2026-03-30 16:51:41,529 | INFO | base_dl_model | [LSTMModel] predict() → min=0.0007  max=0.0007  mean=0.0007
2026-03-30 16:51:46,793 | INFO | base_dl_model | [LSTMModel] Using device: cpu
2026-03-30 16:51:46,884 | INFO | base_dl_model | [LSTMModel] Network params: 181,706
2026-03-30 16:51:52,823 | INFO | base_dl_model | [LSTMModel] Epoch 1/30 train_loss=0.773484  val_loss=0.601522
2026-03-30 16:52:30,575 | INFO | base_dl_model | [LSTMModel] Early stop at epoch 8. Best val_loss=0.593937
2026-03-30 16:52:30,575 | INFO | base_dl_model | [LSTMModel] Training finished in 43.7s
2026-03-30 16:52:30,955 | INFO | base_dl_model | [LSTMModel] predict() → min=0.0010  max=0.0013  mean=0.0011
2026-03-30 16:52:36,459 | INFO | base_dl_model | [LSTMModel] Using device: cpu
2026-03-30 16:52:36,588 | INFO | base_dl_model | [LSTMModel] Network params: 1,404,675
2026-03-30 16:53:09,611 | INFO | base_dl_model | [LSTMModel] Epoch 1/30 train_loss=0.647689  val_loss=0.617785
2026-03-30 16:57:43,009 | INFO | base_dl_model | [LSTMModel] Epoch 10/30 train_loss=0.576944  val_loss=0.618118
2026-03-30 17:25:19,404 | INFO | base_dl_model | [GRUModel] Using device: cpu
2026-03-30 17:25:19,694 | INFO | base_dl_model | [GRUModel] Network params: 885,927
2026-03-30 17:26:29,200 | INFO | base_dl_model | [GRUModel] Epoch 1/30 train_loss=0.604002  val_loss=0.595508
2026-03-30 17:32:59,897 | INFO | base_dl_model | [GRUModel] Early stop at epoch 6. Best val_loss=0.595508
2026-03-30 17:32:59,900 | INFO | base_dl_model | [GRUModel] Training finished in 452.9s
2026-03-30 17:33:04,454 | INFO | base_dl_model | [GRUModel] predict() → min=0.0001  max=0.0002  mean=0.0002
2026-03-30 17:33:05,084 | INFO | base_dl_model | [LSTMModel] Using device: cpu
2026-03-30 17:33:05,266 | INFO | base_dl_model | [LSTMModel] Network params: 117,218
2026-03-30 17:33:14,111 | INFO | base_dl_model | [LSTMModel] Epoch 1/30 train_loss=0.619863  val_loss=0.594863
2026-03-30 17:34:32,025 | INFO | base_dl_model | [LSTMModel] Epoch 10/30 train_loss=0.570545  val_loss=0.592669
2026-03-30 17:35:52,011 | INFO | base_dl_model | [LSTMModel] Epoch 20/30 train_loss=0.568755  val_loss=0.597280
2026-03-30 17:36:00,311 | INFO | base_dl_model | [LSTMModel] Early stop at epoch 21. Best val_loss=0.592350
2026-03-30 17:36:00,312 | INFO | base_dl_model | [LSTMModel] Training finished in 175.0s
2026-03-30 17:36:00,966 | INFO | base_dl_model | [LSTMModel] predict() → min=0.0004  max=0.0010  mean=0.0006
2026-03-30 17:36:01,456 | INFO | base_dl_model | [TCNModel] Using device: cpu
2026-03-30 17:36:01,651 | INFO | base_dl_model | [TCNModel] Network params: 1,034,374
2026-03-30 17:36:25,756 | INFO | base_dl_model | [TCNModel] Epoch 1/30 train_loss=302688.443948  val_loss=46144.440874
2026-03-30 17:40:19,116 | INFO | base_dl_model | [TCNModel] Epoch 10/30 train_loss=0.569059  val_loss=2056.852272
2026-03-30 17:40:19,118 | INFO | base_dl_model | [TCNModel] Early stop at epoch 10. Best val_loss=569.785463
2026-03-30 17:40:19,118 | INFO | base_dl_model | [TCNModel] Training finished in 257.5s
2026-03-30 17:40:20,555 | INFO | base_dl_model | [TCNModel] predict() → min=0.0000  max=0.0007  mean=0.0005
2026-03-30 17:40:20,909 | INFO | base_dl_model | [TFTModel] Using device: cpu
2026-03-30 17:40:21,095 | INFO | base_dl_model | [TFTModel] Network params: 185,303
2026-03-30 17:40:59,305 | INFO | base_dl_model | [TFTModel] Epoch 1/30 train_loss=0.616780  val_loss=0.750057
2026-03-30 17:57:27,137 | INFO | base_dl_model | [GRUModel] Using device: cpu
2026-03-30 17:57:27,374 | INFO | base_dl_model | [GRUModel] Network params: 501,723
2026-03-30 17:58:41,608 | INFO | base_dl_model | [GRUModel] Epoch 1/30 train_loss=0.604590  val_loss=0.596732
2026-03-30 18:04:30,799 | INFO | base_dl_model | [GRUModel] Early stop at epoch 6. Best val_loss=0.596732
2026-03-30 18:04:30,799 | INFO | base_dl_model | [GRUModel] Training finished in 420.6s
2026-03-30 18:04:34,092 | INFO | base_dl_model | [GRUModel] predict() → min=0.0005  max=0.0007  mean=0.0006
2026-03-30 18:04:43,545 | INFO | base_dl_model | [GRUModel] Using device: cpu
2026-03-30 18:04:43,705 | INFO | base_dl_model | [GRUModel] Network params: 72,927
2026-03-30 18:04:50,984 | INFO | base_dl_model | [GRUModel] Epoch 1/30 train_loss=0.650366  val_loss=0.677418
2026-03-30 18:05:27,870 | INFO | base_dl_model | [GRUModel] Early stop at epoch 6. Best val_loss=0.677418
2026-03-30 18:05:27,870 | INFO | base_dl_model | [GRUModel] Training finished in 44.2s
2026-03-30 18:05:29,104 | INFO | base_dl_model | [GRUModel] predict() → min=0.0009  max=0.0034  mean=0.0016
2026-03-30 18:05:39,504 | INFO | base_dl_model | [GRUModel] Using device: cpu
2026-03-30 18:05:39,612 | INFO | base_dl_model | [GRUModel] Network params: 192,342
2026-03-30 18:05:52,709 | INFO | base_dl_model | [GRUModel] Epoch 1/30 train_loss=0.677023  val_loss=0.634619
2026-03-30 18:06:56,011 | INFO | base_dl_model | [GRUModel] Early stop at epoch 7. Best val_loss=0.625178
2026-03-30 18:06:56,011 | INFO | base_dl_model | [GRUModel] Training finished in 76.4s
2026-03-30 18:06:56,915 | INFO | base_dl_model | [GRUModel] predict() → min=0.0011  max=0.0090  mean=0.0022
2026-03-30 18:07:10,586 | INFO | base_dl_model | [GRUModel] Using device: cpu
2026-03-30 18:07:10,967 | INFO | base_dl_model | [GRUModel] Network params: 68,142
2026-03-30 18:07:22,386 | INFO | base_dl_model | [GRUModel] Epoch 1/30 train_loss=0.874510  val_loss=0.812522
2026-03-30 18:08:54,028 | INFO | base_dl_model | [GRUModel] Epoch 10/30 train_loss=0.575878  val_loss=0.595992
2026-03-30 18:10:40,333 | INFO | base_dl_model | [GRUModel] Epoch 20/30 train_loss=0.571364  val_loss=0.592780
2026-03-30 18:12:35,511 | INFO | base_dl_model | [GRUModel] Epoch 30/30 train_loss=0.571756  val_loss=0.592800
2026-03-30 18:12:35,511 | INFO | base_dl_model | [GRUModel] Training finished in 324.5s
2026-03-30 18:12:36,276 | INFO | base_dl_model | [GRUModel] predict() → min=0.0006  max=0.0039  mean=0.0017
2026-03-30 18:12:50,641 | INFO | base_dl_model | [GRUModel] Using device: cpu
2026-03-30 18:12:53,573 | INFO | base_dl_model | [GRUModel] Network params: 85,023
2026-03-30 18:12:56,028 | INFO | base_dl_model | [GRUModel] Epoch 1/30 train_loss=0.632028  val_loss=0.610341
2026-03-30 18:13:09,057 | INFO | base_dl_model | [GRUModel] Early stop at epoch 6. Best val_loss=0.610341
2026-03-30 18:13:09,057 | INFO | base_dl_model | [GRUModel] Training finished in 15.5s
2026-03-30 18:13:09,345 | INFO | base_dl_model | [GRUModel] predict() → min=0.0004  max=0.0047  mean=0.0007
2026-03-30 18:13:12,465 | INFO | base_dl_model | [GRUModel] Using device: cpu
2026-03-30 18:13:12,625 | INFO | base_dl_model | [GRUModel] Network params: 309,342
2026-03-30 18:13:53,746 | INFO | base_dl_model | [GRUModel] Epoch 1/30 train_loss=0.601211  val_loss=0.614648
2026-03-30 18:17:30,113 | INFO | base_dl_model | [GRUModel] Early stop at epoch 6. Best val_loss=0.614648
2026-03-30 18:17:30,115 | INFO | base_dl_model | [GRUModel] Training finished in 257.5s
2026-03-30 18:17:32,447 | INFO | base_dl_model | [GRUModel] predict() → min=0.0004  max=0.0011  mean=0.0007
2026-03-30 18:17:38,324 | INFO | base_dl_model | [GRUModel] Using device: cpu
2026-03-30 18:17:38,481 | INFO | base_dl_model | [GRUModel] Network params: 322,878
2026-03-30 18:18:13,189 | INFO | base_dl_model | [GRUModel] Epoch 1/30 train_loss=0.589892  val_loss=0.602305
2026-03-30 18:23:52,640 | INFO | base_dl_model | [GRUModel] Epoch 10/30 train_loss=0.569567  val_loss=0.598702
2026-03-30 18:27:04,203 | INFO | base_dl_model | [GRUModel] Early stop at epoch 15. Best val_loss=0.598702
2026-03-30 18:27:04,203 | INFO | base_dl_model | [GRUModel] Training finished in 565.7s
2026-03-30 18:27:06,532 | INFO | base_dl_model | [GRUModel] predict() → min=0.0002  max=0.0102  mean=0.0007
2026-03-30 18:27:09,591 | INFO | base_dl_model | [GRUModel] Using device: cpu
2026-03-30 18:27:09,684 | INFO | base_dl_model | [GRUModel] Network params: 70,038
2026-03-30 18:27:13,859 | INFO | base_dl_model | [GRUModel] Epoch 1/30 train_loss=0.667968  val_loss=0.618973
2026-03-30 18:27:51,175 | INFO | base_dl_model | [GRUModel] Epoch 10/30 train_loss=0.569077  val_loss=0.602313
2026-03-30 18:28:32,602 | INFO | base_dl_model | [GRUModel] Epoch 20/30 train_loss=0.568333  val_loss=0.602590
2026-03-30 18:28:40,834 | INFO | base_dl_model | [GRUModel] Early stop at epoch 22. Best val_loss=0.601219
2026-03-30 18:28:40,834 | INFO | base_dl_model | [GRUModel] Training finished in 91.2s
2026-03-30 18:28:41,212 | INFO | base_dl_model | [GRUModel] predict() → min=0.0003  max=0.0057  mean=0.0009
2026-03-30 18:28:47,763 | INFO | base_dl_model | [GRUModel] Using device: cpu
2026-03-30 18:28:47,908 | INFO | base_dl_model | [GRUModel] Network params: 332,643
2026-03-30 18:29:34,924 | INFO | base_dl_model | [GRUModel] Epoch 1/30 train_loss=0.590046  val_loss=0.597694
2026-03-30 18:34:18,451 | INFO | base_dl_model | [GRUModel] Early stop at epoch 7. Best val_loss=0.595839
2026-03-30 18:34:18,451 | INFO | base_dl_model | [GRUModel] Training finished in 330.5s
2026-03-30 18:34:21,013 | INFO | base_dl_model | [GRUModel] predict() → min=0.0007  max=0.0015  mean=0.0009
2026-03-30 18:34:27,271 | INFO | base_dl_model | [GRUModel] Using device: cpu
2026-03-30 18:34:27,415 | INFO | base_dl_model | [GRUModel] Network params: 625,242
2026-03-31 10:08:58,476 | INFO | base_dl_model | [GRUModel] Using device: cpu
2026-03-31 10:08:58,714 | INFO | base_dl_model | [GRUModel] Network params: 229,323
2026-03-31 10:09:39,562 | INFO | base_dl_model | [GRUModel] Epoch 1/30 train_loss=0.607598  val_loss=0.863354
2026-03-31 10:12:42,527 | INFO | base_dl_model | [GRUModel] Early stop at epoch 6. Best val_loss=0.863354
2026-03-31 10:12:42,527 | INFO | base_dl_model | [GRUModel] Training finished in 220.5s
2026-03-31 10:12:44,698 | INFO | base_dl_model | [GRUModel] predict() → min=0.0006  max=0.0007  mean=0.0007
2026-03-31 10:12:56,491 | INFO | base_dl_model | [GRUModel] Using device: cpu
2026-03-31 10:12:56,901 | INFO | base_dl_model | [GRUModel] Network params: 281,091
2026-03-31 10:13:25,509 | INFO | base_dl_model | [GRUModel] Epoch 1/30 train_loss=0.629670  val_loss=0.659054
2026-03-31 10:15:51,308 | INFO | base_dl_model | [GRUModel] Early stop at epoch 6. Best val_loss=0.659054
2026-03-31 10:15:51,308 | INFO | base_dl_model | [GRUModel] Training finished in 174.4s
2026-03-31 10:15:52,870 | INFO | base_dl_model | [GRUModel] predict() → min=0.0006  max=0.0010  mean=0.0008
2026-03-31 10:16:00,671 | INFO | base_dl_model | [GRUModel] Using device: cpu
2026-03-31 10:16:00,911 | INFO | base_dl_model | [GRUModel] Network params: 198,558
2026-03-31 10:16:24,229 | INFO | base_dl_model | [GRUModel] Epoch 1/30 train_loss=0.604943  val_loss=0.599165
2026-03-31 10:20:15,932 | INFO | base_dl_model | [GRUModel] Epoch 10/30 train_loss=0.570250  val_loss=0.608594
2026-03-31 10:20:15,932 | INFO | base_dl_model | [GRUModel] Early stop at epoch 10. Best val_loss=0.599002
2026-03-31 10:20:15,932 | INFO | base_dl_model | [GRUModel] Training finished in 255.0s
2026-03-31 10:20:18,040 | INFO | base_dl_model | [GRUModel] predict() → min=0.0005  max=0.0089  mean=0.0012
2026-03-31 10:20:28,005 | INFO | base_dl_model | [GRUModel] Using device: cpu
2026-03-31 10:20:28,079 | INFO | base_dl_model | [GRUModel] Network params: 478,227
2026-03-31 10:20:41,272 | INFO | base_dl_model | [GRUModel] Epoch 1/30 train_loss=0.621680  val_loss=0.652084
2026-03-31 10:22:39,561 | INFO | base_dl_model | [GRUModel] Epoch 10/30 train_loss=0.590955  val_loss=0.634399
2026-03-31 10:22:39,561 | INFO | base_dl_model | [GRUModel] Early stop at epoch 10. Best val_loss=0.600776
2026-03-31 10:22:39,562 | INFO | base_dl_model | [GRUModel] Training finished in 131.5s
2026-03-31 10:22:40,336 | INFO | base_dl_model | [GRUModel] predict() → min=0.0000  max=0.0002  mean=0.0000
2026-03-31 10:22:44,444 | INFO | base_dl_model | [GRUModel] Using device: cpu
2026-03-31 10:22:44,615 | INFO | base_dl_model | [GRUModel] Network params: 20,703
2026-03-31 10:22:52,080 | INFO | base_dl_model | [GRUModel] Epoch 1/30 train_loss=0.735110  val_loss=0.644933
2026-03-31 10:23:59,230 | INFO | base_dl_model | [GRUModel] Epoch 10/30 train_loss=0.570732  val_loss=0.598140
2026-03-31 10:24:36,682 | INFO | base_dl_model | [GRUModel] Early stop at epoch 15. Best val_loss=0.598140
2026-03-31 10:24:36,683 | INFO | base_dl_model | [GRUModel] Training finished in 112.1s
2026-03-31 10:24:37,119 | INFO | base_dl_model | [GRUModel] predict() → min=0.0005  max=0.0042  mean=0.0015
2026-03-31 10:24:43,409 | INFO | base_dl_model | [GRUModel] Using device: cpu
2026-03-31 10:24:43,478 | INFO | base_dl_model | [GRUModel] Network params: 261,147
2026-03-31 10:24:57,195 | INFO | base_dl_model | [GRUModel] Epoch 1/30 train_loss=0.587752  val_loss=0.618051
2026-03-31 10:26:59,022 | INFO | base_dl_model | [GRUModel] Epoch 10/30 train_loss=0.571224  val_loss=0.613557
2026-03-31 10:27:13,710 | INFO | base_dl_model | [GRUModel] Early stop at epoch 11. Best val_loss=0.608480
2026-03-31 10:27:13,712 | INFO | base_dl_model | [GRUModel] Training finished in 150.2s
2026-03-31 10:27:14,750 | INFO | base_dl_model | [GRUModel] predict() → min=0.0001  max=0.0017  mean=0.0002
2026-03-31 10:27:19,661 | INFO | base_dl_model | [GRUModel] Using device: cpu
2026-03-31 10:27:19,754 | INFO | base_dl_model | [GRUModel] Network params: 193,887
2026-03-31 10:27:26,716 | INFO | base_dl_model | [GRUModel] Epoch 1/30 train_loss=0.642662  val_loss=0.616548
2026-03-31 10:28:04,765 | INFO | base_dl_model | [GRUModel] Early stop at epoch 7. Best val_loss=0.608353
2026-03-31 10:28:04,765 | INFO | base_dl_model | [GRUModel] Training finished in 45.0s
2026-03-31 10:28:05,326 | INFO | base_dl_model | [GRUModel] predict() → min=0.0008  max=0.0070  mean=0.0015
2026-03-31 10:28:09,429 | INFO | base_dl_model | [GRUModel] Using device: cpu
2026-03-31 10:28:09,607 | INFO | base_dl_model | [GRUModel] Network params: 314,979
2026-03-31 10:28:42,488 | INFO | base_dl_model | [GRUModel] Epoch 1/30 train_loss=0.733104  val_loss=0.725328
2026-03-31 10:31:13,502 | INFO | base_dl_model | [GRUModel] Early stop at epoch 6. Best val_loss=0.725328
2026-03-31 10:31:13,502 | INFO | base_dl_model | [GRUModel] Training finished in 183.9s
2026-03-31 10:31:15,059 | INFO | base_dl_model | [GRUModel] predict() → min=0.0014  max=0.0023  mean=0.0017
2026-03-31 10:31:18,288 | INFO | base_dl_model | [GRUModel] Using device: cpu
2026-03-31 10:31:18,389 | INFO | base_dl_model | [GRUModel] Network params: 1,205,778
2026-03-31 10:31:56,679 | INFO | base_dl_model | [GRUModel] Epoch 1/30 train_loss=0.643353  val_loss=0.629798
2026-03-31 10:36:33,913 | INFO | base_dl_model | [GRUModel] Early stop at epoch 8. Best val_loss=0.615601
2026-03-31 10:36:33,913 | INFO | base_dl_model | [GRUModel] Training finished in 315.5s
2026-03-31 10:36:36,420 | INFO | base_dl_model | [GRUModel] predict() → min=0.0001  max=0.0001  mean=0.0001
2026-03-31 10:36:41,247 | INFO | base_dl_model | [GRUModel] Using device: cpu
2026-03-31 10:36:41,390 | INFO | base_dl_model | [GRUModel] Network params: 211,422
2026-03-31 10:36:56,271 | INFO | base_dl_model | [GRUModel] Epoch 1/30 train_loss=0.588203  val_loss=0.604861
2026-03-31 10:39:11,148 | INFO | base_dl_model | [GRUModel] Epoch 10/30 train_loss=0.570983  val_loss=0.619103
2026-03-31 10:39:11,148 | INFO | base_dl_model | [GRUModel] Early stop at epoch 10. Best val_loss=0.603099
2026-03-31 10:39:11,148 | INFO | base_dl_model | [GRUModel] Training finished in 149.8s
2026-03-31 10:39:12,253 | INFO | base_dl_model | [GRUModel] predict() → min=0.0000  max=0.0032  mean=0.0001
2026-03-31 10:39:17,229 | INFO | base_dl_model | [GRUModel] Using device: cpu
2026-03-31 10:39:17,737 | INFO | base_dl_model | [GRUModel] Network params: 229,323
2026-03-31 10:39:58,467 | INFO | base_dl_model | [GRUModel] Epoch 1/50 train_loss=0.607190  val_loss=0.872536
2026-03-31 10:46:13,562 | INFO | base_dl_model | [GRUModel] Epoch 10/50 train_loss=0.572257  val_loss=0.916885
2026-03-31 10:46:52,653 | INFO | base_dl_model | [GRUModel] Early stop at epoch 11. Best val_loss=0.872536
2026-03-31 10:46:52,653 | INFO | base_dl_model | [GRUModel] Training finished in 454.9s
2026-03-31 10:46:54,554 | INFO | base_dl_model | [GRUModel] predict() → min=0.0005  max=0.0007  mean=0.0006
2026-03-31 10:46:54,670 | INFO | base_dl_model | [GRUModel] predict() → min=0.0005  max=0.0005  mean=0.0005
2026-03-31 10:47:01,009 | INFO | base_dl_model | [GRUModel] predict() → min=0.0005  max=0.0007  mean=0.0006
2026-03-31 10:47:01,953 | INFO | base_dl_model | [LSTMModel] Using device: cpu
2026-03-31 10:47:02,113 | INFO | base_dl_model | [LSTMModel] Network params: 19,776
2026-03-31 10:47:05,544 | INFO | base_dl_model | [LSTMModel] Epoch 1/30 train_loss=1.010699  val_loss=1.001103
