2026-03-27 09:57:20,845 | INFO | data_pipeline | Fetching data: schema=data_binance, table=btc_1m, start=2023-01-01, end=2026-02-17
2026-03-27 09:57:35,883 | INFO | data_pipeline | Fetched 1,645,921 rows for btc.
2026-03-27 09:57:35,884 | INFO | data_pipeline | Resampling to 1h…
2026-03-27 09:57:36,532 | INFO | data_pipeline | Resampled shape: (27433, 6)
2026-03-27 09:57:36,532 | INFO | data_pipeline | Generating 126 indicator(s)…
2026-03-27 09:57:36,670 | INFO | data_pipeline | Feature shape after generation: (27433, 144)
2026-03-27 09:57:36,672 | INFO | data_pipeline | Running ADF stationarity tests…
2026-03-27 09:57:39,181 | INFO | data_pipeline | [ADF] 'open' — NON-STATIONARY  (p=0.4929, stat=-1.5814)
2026-03-27 09:57:41,655 | INFO | data_pipeline | [ADF] 'high' — NON-STATIONARY  (p=0.4924, stat=-1.5824)
2026-03-27 09:57:44,336 | INFO | data_pipeline | [ADF] 'low' — NON-STATIONARY  (p=0.4929, stat=-1.5814)
2026-03-27 09:57:46,972 | INFO | data_pipeline | [ADF] 'close' — NON-STATIONARY  (p=0.4930, stat=-1.5812)
2026-03-27 09:57:52,461 | INFO | data_pipeline | [ADF] 'BB_UPPER' — NON-STATIONARY  (p=0.4899, stat=-1.5875)
2026-03-27 09:57:55,250 | INFO | data_pipeline | [ADF] 'BB_MIDDLE' — NON-STATIONARY  (p=0.4829, stat=-1.6013)
2026-03-27 09:57:58,057 | INFO | data_pipeline | [ADF] 'BB_LOWER' — NON-STATIONARY  (p=0.4907, stat=-1.5858)
2026-03-27 09:58:00,842 | INFO | data_pipeline | [ADF] 'DEMA_14' — NON-STATIONARY  (p=0.4893, stat=-1.5886)
2026-03-27 09:58:03,550 | INFO | data_pipeline | [ADF] 'EMA_14' — NON-STATIONARY  (p=0.4919, stat=-1.5835)
2026-03-27 09:58:06,301 | INFO | data_pipeline | [ADF] 'HT_TRENDLINE' — NON-STATIONARY  (p=0.4859, stat=-1.5954)
2026-03-27 09:58:09,022 | INFO | data_pipeline | [ADF] 'KAMA_14' — NON-STATIONARY  (p=0.4926, stat=-1.5821)
2026-03-27 09:58:11,817 | INFO | data_pipeline | [ADF] 'MA_14' — NON-STATIONARY  (p=0.4837, stat=-1.5997)
2026-03-27 09:58:14,573 | INFO | data_pipeline | [ADF] 'MIDPOINT_14' — NON-STATIONARY  (p=0.4905, stat=-1.5863)
2026-03-27 09:58:17,235 | INFO | data_pipeline | [ADF] 'MIDPRICE_14' — NON-STATIONARY  (p=0.4875, stat=-1.5922)
2026-03-27 09:58:19,936 | INFO | data_pipeline | [ADF] 'SAR' — NON-STATIONARY  (p=0.4881, stat=-1.5910)
2026-03-27 09:58:25,369 | INFO | data_pipeline | [ADF] 'SMA_14' — NON-STATIONARY  (p=0.4837, stat=-1.5997)
2026-03-27 09:58:28,081 | INFO | data_pipeline | [ADF] 'T3_14' — NON-STATIONARY  (p=0.4854, stat=-1.5964)
2026-03-27 09:58:30,758 | INFO | data_pipeline | [ADF] 'TEMA_14' — NON-STATIONARY  (p=0.4916, stat=-1.5841)
2026-03-27 09:58:33,546 | INFO | data_pipeline | [ADF] 'TRIMA_14' — NON-STATIONARY  (p=0.4931, stat=-1.5811)
2026-03-27 09:58:36,242 | INFO | data_pipeline | [ADF] 'WMA_14' — NON-STATIONARY  (p=0.4919, stat=-1.5835)
2026-03-27 09:59:47,190 | INFO | data_pipeline | [ADF] 'AVGPRICE' — NON-STATIONARY  (p=0.4928, stat=-1.5816)
2026-03-27 09:59:49,906 | INFO | data_pipeline | [ADF] 'MEDPRICE' — NON-STATIONARY  (p=0.4931, stat=-1.5810)
2026-03-27 09:59:52,555 | INFO | data_pipeline | [ADF] 'TYPPRICE' — NON-STATIONARY  (p=0.4919, stat=-1.5834)
2026-03-27 09:59:55,234 | INFO | data_pipeline | [ADF] 'WCLPRICE' — NON-STATIONARY  (p=0.4920, stat=-1.5833)
2026-03-27 10:00:16,704 | INFO | data_pipeline | [ADF] 'LINEARREG_14' — NON-STATIONARY  (p=0.4908, stat=-1.5856)
2026-03-27 10:00:22,315 | INFO | data_pipeline | [ADF] 'LINEARREG_INTERCEPT_14' — NON-STATIONARY  (p=0.4912, stat=-1.5848)
2026-03-27 10:00:31,203 | INFO | data_pipeline | [ADF] 'TSF_14' — NON-STATIONARY  (p=0.4912, stat=-1.5849)
2026-03-27 10:00:34,170 | INFO | data_pipeline | [ADF] Tested 65 column(s): 38 stationary, 27 non-stationary.
2026-03-27 10:00:34,204 | INFO | data_pipeline | [make_stationary] Differencing 27 non-stationary column(s)…
2026-03-27 10:00:37,142 | INFO | data_pipeline | [make_stationary] 'open' became stationary after 1 diff(s)  (p=0.0000).
2026-03-27 10:00:39,804 | INFO | data_pipeline | [make_stationary] 'high' became stationary after 1 diff(s)  (p=0.0000).
2026-03-27 10:00:42,403 | INFO | data_pipeline | [make_stationary] 'low' became stationary after 1 diff(s)  (p=0.0000).
2026-03-27 10:00:44,960 | INFO | data_pipeline | [make_stationary] 'close' became stationary after 1 diff(s)  (p=0.0000).
2026-03-27 10:00:47,604 | INFO | data_pipeline | [make_stationary] 'BB_UPPER' became stationary after 1 diff(s)  (p=0.0000).
2026-03-27 10:00:50,333 | INFO | data_pipeline | [make_stationary] 'BB_MIDDLE' became stationary after 1 diff(s)  (p=0.0000).
2026-03-27 10:00:52,975 | INFO | data_pipeline | [make_stationary] 'BB_LOWER' became stationary after 1 diff(s)  (p=0.0000).
2026-03-27 10:00:55,632 | INFO | data_pipeline | [make_stationary] 'DEMA_14' became stationary after 1 diff(s)  (p=0.0000).
2026-03-27 10:00:58,307 | INFO | data_pipeline | [make_stationary] 'EMA_14' became stationary after 1 diff(s)  (p=0.0000).
2026-03-27 10:01:01,175 | INFO | data_pipeline | [make_stationary] 'HT_TRENDLINE' became stationary after 1 diff(s)  (p=0.0000).
2026-03-27 10:01:04,019 | INFO | data_pipeline | [make_stationary] 'KAMA_14' became stationary after 1 diff(s)  (p=0.0000).
2026-03-27 10:01:07,004 | INFO | data_pipeline | [make_stationary] 'MA_14' became stationary after 1 diff(s)  (p=0.0000).
2026-03-27 10:01:09,958 | INFO | data_pipeline | [make_stationary] 'MIDPOINT_14' became stationary after 1 diff(s)  (p=0.0000).
2026-03-27 10:01:13,591 | INFO | data_pipeline | [make_stationary] 'MIDPRICE_14' became stationary after 1 diff(s)  (p=0.0000).
2026-03-27 10:01:16,693 | INFO | data_pipeline | [make_stationary] 'SAR' became stationary after 1 diff(s)  (p=0.0000).
2026-03-27 10:01:19,698 | INFO | data_pipeline | [make_stationary] 'SMA_14' became stationary after 1 diff(s)  (p=0.0000).
2026-03-27 10:01:22,513 | INFO | data_pipeline | [make_stationary] 'T3_14' became stationary after 1 diff(s)  (p=0.0000).
2026-03-27 10:01:25,313 | INFO | data_pipeline | [make_stationary] 'TEMA_14' became stationary after 1 diff(s)  (p=0.0000).
2026-03-27 10:01:28,220 | INFO | data_pipeline | [make_stationary] 'TRIMA_14' became stationary after 1 diff(s)  (p=0.0000).
2026-03-27 10:01:31,082 | INFO | data_pipeline | [make_stationary] 'WMA_14' became stationary after 1 diff(s)  (p=0.0000).
2026-03-27 10:01:34,060 | INFO | data_pipeline | [make_stationary] 'AVGPRICE' became stationary after 1 diff(s)  (p=0.0000).
2026-03-27 10:01:37,367 | INFO | data_pipeline | [make_stationary] 'MEDPRICE' became stationary after 1 diff(s)  (p=0.0000).
2026-03-27 10:01:40,805 | INFO | data_pipeline | [make_stationary] 'TYPPRICE' became stationary after 1 diff(s)  (p=0.0000).
2026-03-27 10:01:44,268 | INFO | data_pipeline | [make_stationary] 'WCLPRICE' became stationary after 1 diff(s)  (p=0.0000).
2026-03-27 10:01:47,742 | INFO | data_pipeline | [make_stationary] 'LINEARREG_14' became stationary after 1 diff(s)  (p=0.0000).
2026-03-27 10:01:51,455 | INFO | data_pipeline | [make_stationary] 'LINEARREG_INTERCEPT_14' became stationary after 1 diff(s)  (p=0.0000).
2026-03-27 10:01:55,105 | INFO | data_pipeline | [make_stationary] 'TSF_14' became stationary after 1 diff(s)  (p=0.0000).
2026-03-27 10:01:55,186 | INFO | data_pipeline | [make_stationary] Shape after differencing & dropna: (27345, 144)
2026-03-27 10:01:55,187 | INFO | data_pipeline | Differencing summary: open=1d, high=1d, low=1d, close=1d, BB_UPPER=1d, BB_MIDDLE=1d, BB_LOWER=1d, DEMA_14=1d, EMA_14=1d, HT_TRENDLINE=1d, KAMA_14=1d, MA_14=1d, MIDPOINT_14=1d, MIDPRICE_14=1d, SAR=1d, SMA_14=1d, T3_14=1d, TEMA_14=1d, TRIMA_14=1d, WMA_14=1d, AVGPRICE=1d, MEDPRICE=1d, TYPPRICE=1d, WCLPRICE=1d, LINEARREG_14=1d, LINEARREG_INTERCEPT_14=1d, TSF_14=1d
2026-03-27 10:01:55,211 | INFO | data_pipeline | train_ratio=0.8 → split at row 21876/27345 → split_date='2025-07-04 04:00:00' (80% train / 20% test)
2026-03-27 10:01:55,274 | INFO | data_pipeline | Classification target created — shape: (27345, 142), class counts:
{-1: 20522, 1: 6802, 0: 21}
2026-03-27 10:01:55,459 | INFO | data_pipeline | Classification target created — shape: (27345, 142), class counts:
{-1: 20522, 1: 6802, 0: 21}
2026-03-27 10:03:12,724 | INFO | data_pipeline | Regression target created — shape: (27331, 142)
2026-03-27 10:03:13,053 | INFO | data_pipeline | Regression target created — shape: (27331, 142)
2026-03-27 10:12:44,084 | INFO | data_pipeline | Fetching data: schema=data_binance, table=btc_1m, start=2023-01-01, end=2026-02-17
2026-03-27 10:12:58,867 | INFO | data_pipeline | Fetched 1,645,921 rows for btc.
2026-03-27 10:12:58,867 | INFO | data_pipeline | Resampling to 1h…
2026-03-27 10:12:59,934 | INFO | data_pipeline | Resampled shape: (27433, 6)
2026-03-27 10:12:59,934 | INFO | data_pipeline | Generating 126 indicator(s)…
2026-03-27 10:13:00,176 | INFO | data_pipeline | Feature shape after generation: (27433, 144)
2026-03-27 10:13:00,178 | INFO | data_pipeline | Running ADF stationarity tests…
2026-03-27 10:13:02,644 | INFO | data_pipeline | [ADF] 'open' — NON-STATIONARY  (p=0.4929, stat=-1.5814)
2026-03-27 10:13:04,931 | INFO | data_pipeline | [ADF] 'high' — NON-STATIONARY  (p=0.4924, stat=-1.5824)
2026-03-27 10:13:07,236 | INFO | data_pipeline | [ADF] 'low' — NON-STATIONARY  (p=0.4929, stat=-1.5814)
2026-03-27 10:13:09,527 | INFO | data_pipeline | [ADF] 'close' — NON-STATIONARY  (p=0.4930, stat=-1.5812)
2026-03-27 10:13:14,228 | INFO | data_pipeline | [ADF] 'BB_UPPER' — NON-STATIONARY  (p=0.4899, stat=-1.5875)
2026-03-27 10:13:16,706 | INFO | data_pipeline | [ADF] 'BB_MIDDLE' — NON-STATIONARY  (p=0.4829, stat=-1.6013)
2026-03-27 10:13:19,101 | INFO | data_pipeline | [ADF] 'BB_LOWER' — NON-STATIONARY  (p=0.4907, stat=-1.5858)
2026-03-27 10:13:21,639 | INFO | data_pipeline | [ADF] 'DEMA_14' — NON-STATIONARY  (p=0.4893, stat=-1.5886)
2026-03-27 10:13:24,352 | INFO | data_pipeline | [ADF] 'EMA_14' — NON-STATIONARY  (p=0.4919, stat=-1.5835)
2026-03-27 10:13:27,222 | INFO | data_pipeline | [ADF] 'HT_TRENDLINE' — NON-STATIONARY  (p=0.4859, stat=-1.5954)
2026-03-27 10:13:30,055 | INFO | data_pipeline | [ADF] 'KAMA_14' — NON-STATIONARY  (p=0.4926, stat=-1.5821)
2026-03-27 10:13:32,927 | INFO | data_pipeline | [ADF] 'MA_14' — NON-STATIONARY  (p=0.4837, stat=-1.5997)
2026-03-27 10:13:35,840 | INFO | data_pipeline | [ADF] 'MIDPOINT_14' — NON-STATIONARY  (p=0.4905, stat=-1.5863)
2026-03-27 10:13:38,615 | INFO | data_pipeline | [ADF] 'MIDPRICE_14' — NON-STATIONARY  (p=0.4875, stat=-1.5922)
2026-03-27 10:13:41,383 | INFO | data_pipeline | [ADF] 'SAR' — NON-STATIONARY  (p=0.4881, stat=-1.5910)
2026-03-27 10:13:47,843 | INFO | data_pipeline | [ADF] 'SMA_14' — NON-STATIONARY  (p=0.4837, stat=-1.5997)
2026-03-27 10:13:51,980 | INFO | data_pipeline | [ADF] 'T3_14' — NON-STATIONARY  (p=0.4854, stat=-1.5964)
2026-03-27 10:13:56,351 | INFO | data_pipeline | [ADF] 'TEMA_14' — NON-STATIONARY  (p=0.4916, stat=-1.5841)
2026-03-27 10:14:00,590 | INFO | data_pipeline | [ADF] 'TRIMA_14' — NON-STATIONARY  (p=0.4931, stat=-1.5811)
2026-03-27 10:14:05,255 | INFO | data_pipeline | [ADF] 'WMA_14' — NON-STATIONARY  (p=0.4919, stat=-1.5835)
2026-03-27 10:15:54,998 | INFO | data_pipeline | [ADF] 'AVGPRICE' — NON-STATIONARY  (p=0.4928, stat=-1.5816)
2026-03-27 10:15:58,937 | INFO | data_pipeline | [ADF] 'MEDPRICE' — NON-STATIONARY  (p=0.4931, stat=-1.5810)
2026-03-27 10:16:03,323 | INFO | data_pipeline | [ADF] 'TYPPRICE' — NON-STATIONARY  (p=0.4919, stat=-1.5834)
2026-03-27 10:16:07,323 | INFO | data_pipeline | [ADF] 'WCLPRICE' — NON-STATIONARY  (p=0.4920, stat=-1.5833)
2026-03-27 10:16:36,657 | INFO | data_pipeline | [ADF] 'LINEARREG_14' — NON-STATIONARY  (p=0.4908, stat=-1.5856)
2026-03-27 10:16:44,735 | INFO | data_pipeline | [ADF] 'LINEARREG_INTERCEPT_14' — NON-STATIONARY  (p=0.4912, stat=-1.5848)
2026-03-27 10:16:56,524 | INFO | data_pipeline | [ADF] 'TSF_14' — NON-STATIONARY  (p=0.4912, stat=-1.5849)
2026-03-27 10:17:00,283 | INFO | data_pipeline | [ADF] Tested 65 column(s): 38 stationary, 27 non-stationary.
2026-03-27 10:17:00,323 | INFO | data_pipeline | [make_stationary] Differencing 27 non-stationary column(s)…
2026-03-27 10:17:03,791 | INFO | data_pipeline | [make_stationary] 'open' became stationary after 1 diff(s)  (p=0.0000).
2026-03-27 10:17:06,584 | INFO | data_pipeline | [make_stationary] 'high' became stationary after 1 diff(s)  (p=0.0000).
2026-03-27 10:17:09,631 | INFO | data_pipeline | [make_stationary] 'low' became stationary after 1 diff(s)  (p=0.0000).
2026-03-27 10:17:12,411 | INFO | data_pipeline | [make_stationary] 'close' became stationary after 1 diff(s)  (p=0.0000).
2026-03-27 10:17:15,341 | INFO | data_pipeline | [make_stationary] 'BB_UPPER' became stationary after 1 diff(s)  (p=0.0000).
2026-03-27 10:17:18,724 | INFO | data_pipeline | [make_stationary] 'BB_MIDDLE' became stationary after 1 diff(s)  (p=0.0000).
2026-03-27 10:17:21,725 | INFO | data_pipeline | [make_stationary] 'BB_LOWER' became stationary after 1 diff(s)  (p=0.0000).
2026-03-27 10:17:52,278 | INFO | data_pipeline | Fetching data: schema=data_binance, table=btc_1m, start=2023-01-01, end=2026-02-17
2026-03-27 10:18:04,017 | INFO | data_pipeline | Fetched 1,645,921 rows for btc.
2026-03-27 10:18:04,017 | INFO | data_pipeline | Resampling to 1h…
2026-03-27 10:18:04,959 | INFO | data_pipeline | Resampled shape: (27433, 6)
2026-03-27 10:18:04,959 | INFO | data_pipeline | Generating 126 indicator(s)…
2026-03-27 10:18:05,162 | INFO | data_pipeline | Feature shape after generation: (27433, 144)
2026-03-27 10:18:05,164 | INFO | data_pipeline | Running ADF stationarity tests…
2026-03-27 10:18:09,374 | INFO | data_pipeline | [ADF] 'open' — NON-STATIONARY  (p=0.4929, stat=-1.5814)
2026-03-27 10:18:13,360 | INFO | data_pipeline | [ADF] 'high' — NON-STATIONARY  (p=0.4924, stat=-1.5824)
2026-03-27 10:18:17,533 | INFO | data_pipeline | [ADF] 'low' — NON-STATIONARY  (p=0.4929, stat=-1.5814)
2026-03-27 10:18:21,720 | INFO | data_pipeline | [ADF] 'close' — NON-STATIONARY  (p=0.4930, stat=-1.5812)
2026-03-27 10:18:30,594 | INFO | data_pipeline | [ADF] 'BB_UPPER' — NON-STATIONARY  (p=0.4899, stat=-1.5875)
2026-03-27 10:18:35,045 | INFO | data_pipeline | [ADF] 'BB_MIDDLE' — NON-STATIONARY  (p=0.4829, stat=-1.6013)
2026-03-27 10:18:39,722 | INFO | data_pipeline | [ADF] 'BB_LOWER' — NON-STATIONARY  (p=0.4907, stat=-1.5858)
2026-03-27 10:18:44,170 | INFO | data_pipeline | [ADF] 'DEMA_14' — NON-STATIONARY  (p=0.4893, stat=-1.5886)
2026-03-27 10:18:48,684 | INFO | data_pipeline | [ADF] 'EMA_14' — NON-STATIONARY  (p=0.4919, stat=-1.5835)
2026-03-27 10:18:52,965 | INFO | data_pipeline | [ADF] 'HT_TRENDLINE' — NON-STATIONARY  (p=0.4859, stat=-1.5954)
2026-03-27 10:18:57,420 | INFO | data_pipeline | [ADF] 'KAMA_14' — NON-STATIONARY  (p=0.4926, stat=-1.5821)
2026-03-27 10:19:01,402 | INFO | data_pipeline | [ADF] 'MA_14' — NON-STATIONARY  (p=0.4837, stat=-1.5997)
2026-03-27 10:19:05,984 | INFO | data_pipeline | [ADF] 'MIDPOINT_14' — NON-STATIONARY  (p=0.4905, stat=-1.5863)
2026-03-27 10:19:10,526 | INFO | data_pipeline | [ADF] 'MIDPRICE_14' — NON-STATIONARY  (p=0.4875, stat=-1.5922)
2026-03-27 10:19:14,698 | INFO | data_pipeline | [ADF] 'SAR' — NON-STATIONARY  (p=0.4881, stat=-1.5910)
2026-03-27 10:19:23,417 | INFO | data_pipeline | [ADF] 'SMA_14' — NON-STATIONARY  (p=0.4837, stat=-1.5997)
2026-03-27 10:19:27,285 | INFO | data_pipeline | [ADF] 'T3_14' — NON-STATIONARY  (p=0.4854, stat=-1.5964)
2026-03-27 10:19:30,096 | INFO | data_pipeline | [ADF] 'TEMA_14' — NON-STATIONARY  (p=0.4916, stat=-1.5841)
2026-03-27 10:19:32,875 | INFO | data_pipeline | [ADF] 'TRIMA_14' — NON-STATIONARY  (p=0.4931, stat=-1.5811)
2026-03-27 10:19:35,403 | INFO | data_pipeline | [ADF] 'WMA_14' — NON-STATIONARY  (p=0.4919, stat=-1.5835)
2026-03-27 10:20:50,326 | INFO | data_pipeline | [ADF] 'AVGPRICE' — NON-STATIONARY  (p=0.4928, stat=-1.5816)
2026-03-27 10:20:53,191 | INFO | data_pipeline | [ADF] 'MEDPRICE' — NON-STATIONARY  (p=0.4931, stat=-1.5810)
2026-03-27 10:20:56,017 | INFO | data_pipeline | [ADF] 'TYPPRICE' — NON-STATIONARY  (p=0.4919, stat=-1.5834)
2026-03-27 10:20:58,856 | INFO | data_pipeline | [ADF] 'WCLPRICE' — NON-STATIONARY  (p=0.4920, stat=-1.5833)
2026-03-27 10:21:21,771 | INFO | data_pipeline | [ADF] 'LINEARREG_14' — NON-STATIONARY  (p=0.4908, stat=-1.5856)
2026-03-27 10:21:27,607 | INFO | data_pipeline | [ADF] 'LINEARREG_INTERCEPT_14' — NON-STATIONARY  (p=0.4912, stat=-1.5848)
2026-03-27 10:21:36,367 | INFO | data_pipeline | [ADF] 'TSF_14' — NON-STATIONARY  (p=0.4912, stat=-1.5849)
2026-03-27 10:21:39,302 | INFO | data_pipeline | [ADF] Tested 65 column(s): 38 stationary, 27 non-stationary.
2026-03-27 10:21:39,323 | INFO | data_pipeline | [make_stationary] Differencing 27 non-stationary column(s)…
2026-03-27 10:21:42,232 | INFO | data_pipeline | [make_stationary] 'open' became stationary after 1 diff(s)  (p=0.0000).
2026-03-27 10:21:45,098 | INFO | data_pipeline | [make_stationary] 'high' became stationary after 1 diff(s)  (p=0.0000).
2026-03-27 10:21:47,993 | INFO | data_pipeline | [make_stationary] 'low' became stationary after 1 diff(s)  (p=0.0000).
2026-03-27 10:21:50,818 | INFO | data_pipeline | [make_stationary] 'close' became stationary after 1 diff(s)  (p=0.0000).
2026-03-27 10:21:53,719 | INFO | data_pipeline | [make_stationary] 'BB_UPPER' became stationary after 1 diff(s)  (p=0.0000).
2026-03-27 10:21:56,653 | INFO | data_pipeline | [make_stationary] 'BB_MIDDLE' became stationary after 1 diff(s)  (p=0.0000).
2026-03-27 10:21:59,538 | INFO | data_pipeline | [make_stationary] 'BB_LOWER' became stationary after 1 diff(s)  (p=0.0000).
2026-03-27 10:22:02,411 | INFO | data_pipeline | [make_stationary] 'DEMA_14' became stationary after 1 diff(s)  (p=0.0000).
2026-03-27 10:22:05,242 | INFO | data_pipeline | [make_stationary] 'EMA_14' became stationary after 1 diff(s)  (p=0.0000).
2026-03-27 10:22:08,154 | INFO | data_pipeline | [make_stationary] 'HT_TRENDLINE' became stationary after 1 diff(s)  (p=0.0000).
2026-03-27 10:22:11,019 | INFO | data_pipeline | [make_stationary] 'KAMA_14' became stationary after 1 diff(s)  (p=0.0000).
2026-03-27 10:22:14,077 | INFO | data_pipeline | [make_stationary] 'MA_14' became stationary after 1 diff(s)  (p=0.0000).
2026-03-27 10:22:17,208 | INFO | data_pipeline | [make_stationary] 'MIDPOINT_14' became stationary after 1 diff(s)  (p=0.0000).
2026-03-27 10:22:20,083 | INFO | data_pipeline | [make_stationary] 'MIDPRICE_14' became stationary after 1 diff(s)  (p=0.0000).
2026-03-27 10:22:22,924 | INFO | data_pipeline | [make_stationary] 'SAR' became stationary after 1 diff(s)  (p=0.0000).
2026-03-27 10:22:25,863 | INFO | data_pipeline | [make_stationary] 'SMA_14' became stationary after 1 diff(s)  (p=0.0000).
2026-03-27 10:22:28,709 | INFO | data_pipeline | [make_stationary] 'T3_14' became stationary after 1 diff(s)  (p=0.0000).
2026-03-27 10:22:31,569 | INFO | data_pipeline | [make_stationary] 'TEMA_14' became stationary after 1 diff(s)  (p=0.0000).
2026-03-27 10:22:34,529 | INFO | data_pipeline | [make_stationary] 'TRIMA_14' became stationary after 1 diff(s)  (p=0.0000).
2026-03-27 10:22:37,427 | INFO | data_pipeline | [make_stationary] 'WMA_14' became stationary after 1 diff(s)  (p=0.0000).
2026-03-27 10:22:40,239 | INFO | data_pipeline | [make_stationary] 'AVGPRICE' became stationary after 1 diff(s)  (p=0.0000).
2026-03-27 10:22:43,103 | INFO | data_pipeline | [make_stationary] 'MEDPRICE' became stationary after 1 diff(s)  (p=0.0000).
2026-03-27 10:22:45,902 | INFO | data_pipeline | [make_stationary] 'TYPPRICE' became stationary after 1 diff(s)  (p=0.0000).
2026-03-27 10:22:48,744 | INFO | data_pipeline | [make_stationary] 'WCLPRICE' became stationary after 1 diff(s)  (p=0.0000).
2026-03-27 10:22:51,618 | INFO | data_pipeline | [make_stationary] 'LINEARREG_14' became stationary after 1 diff(s)  (p=0.0000).
2026-03-27 10:22:54,810 | INFO | data_pipeline | [make_stationary] 'LINEARREG_INTERCEPT_14' became stationary after 1 diff(s)  (p=0.0000).
2026-03-27 10:22:57,742 | INFO | data_pipeline | [make_stationary] 'TSF_14' became stationary after 1 diff(s)  (p=0.0000).
2026-03-27 10:22:57,820 | INFO | data_pipeline | [make_stationary] Shape after differencing & dropna: (27345, 144)
2026-03-27 10:22:57,820 | INFO | data_pipeline | Differencing summary: open=1d, high=1d, low=1d, close=1d, BB_UPPER=1d, BB_MIDDLE=1d, BB_LOWER=1d, DEMA_14=1d, EMA_14=1d, HT_TRENDLINE=1d, KAMA_14=1d, MA_14=1d, MIDPOINT_14=1d, MIDPRICE_14=1d, SAR=1d, SMA_14=1d, T3_14=1d, TEMA_14=1d, TRIMA_14=1d, WMA_14=1d, AVGPRICE=1d, MEDPRICE=1d, TYPPRICE=1d, WCLPRICE=1d, LINEARREG_14=1d, LINEARREG_INTERCEPT_14=1d, TSF_14=1d
2026-03-27 10:22:57,836 | INFO | data_pipeline | train_ratio=0.8 → split at row 21876/27345 → split_date='2025-07-04 04:00:00' (80% train / 20% test)
2026-03-27 10:22:57,885 | INFO | data_pipeline | Classification target created — shape: (27345, 142), class counts:
{-1: 20522, 1: 6802, 0: 21}
2026-03-27 10:56:00,693 | INFO | data_pipeline | Classification target created — shape: (27345, 142), class counts:
{-1: 20522, 1: 6802, 0: 21}
2026-03-27 11:27:13,560 | INFO | data_pipeline | Regression target created — shape: (27331, 142)
2026-03-27 12:15:05,242 | INFO | data_pipeline | Regression target created — shape: (27331, 142)
2026-03-27 12:58:39,670 | INFO | data_pipeline | Fetching data: schema=data_binance, table=btc_1m, start=2023-01-01, end=2026-02-17
2026-03-27 12:58:52,510 | INFO | data_pipeline | Fetched 1,645,921 rows for btc.
2026-03-27 12:58:52,510 | INFO | data_pipeline | Resampling to 1h…
2026-03-27 12:58:53,224 | INFO | data_pipeline | Resampled shape: (27433, 6)
2026-03-27 12:58:53,226 | INFO | data_pipeline | Generating 125 indicator(s)…
2026-03-27 12:58:53,351 | INFO | data_pipeline | Feature shape after generation: (27433, 143)
2026-03-27 12:58:53,351 | INFO | data_pipeline | Running ADF stationarity tests…
2026-03-27 12:58:56,007 | INFO | data_pipeline | [ADF] 'open' — NON-STATIONARY  (p=0.4929, stat=-1.5814)
2026-03-27 12:58:58,544 | INFO | data_pipeline | [ADF] 'high' — NON-STATIONARY  (p=0.4924, stat=-1.5824)
2026-03-27 12:59:01,213 | INFO | data_pipeline | [ADF] 'low' — NON-STATIONARY  (p=0.4929, stat=-1.5814)
2026-03-27 12:59:03,813 | INFO | data_pipeline | [ADF] 'close' — NON-STATIONARY  (p=0.4930, stat=-1.5812)
2026-03-27 12:59:42,023 | INFO | data_pipeline | [ADF] 'MIDPOINT_14' — NON-STATIONARY  (p=0.4905, stat=-1.5863)
2026-03-27 12:59:51,274 | INFO | data_pipeline | [ADF] 'DEMA_14' — NON-STATIONARY  (p=0.4893, stat=-1.5886)
2026-03-27 13:00:08,476 | INFO | data_pipeline | [ADF] 'TEMA_14' — NON-STATIONARY  (p=0.4916, stat=-1.5841)
2026-03-27 13:00:11,611 | INFO | data_pipeline | [ADF] 'WMA_14' — NON-STATIONARY  (p=0.4919, stat=-1.5835)
2026-03-27 13:00:24,183 | INFO | data_pipeline | [ADF] 'EMA_14' — NON-STATIONARY  (p=0.4919, stat=-1.5835)
2026-03-27 13:00:27,308 | INFO | data_pipeline | [ADF] 'KAMA_14' — NON-STATIONARY  (p=0.4926, stat=-1.5821)
2026-03-27 13:00:46,092 | INFO | data_pipeline | [ADF] 'BB_UPPER' — NON-STATIONARY  (p=0.4899, stat=-1.5875)
2026-03-27 13:00:49,298 | INFO | data_pipeline | [ADF] 'BB_MIDDLE' — NON-STATIONARY  (p=0.4829, stat=-1.6013)
2026-03-27 13:00:52,439 | INFO | data_pipeline | [ADF] 'BB_LOWER' — NON-STATIONARY  (p=0.4907, stat=-1.5858)
2026-03-27 13:00:58,680 | INFO | data_pipeline | [ADF] 'TRIMA_14' — NON-STATIONARY  (p=0.4931, stat=-1.5811)
2026-03-27 13:01:11,007 | INFO | data_pipeline | [ADF] 'WCLPRICE' — NON-STATIONARY  (p=0.4920, stat=-1.5833)
2026-03-27 13:01:13,974 | INFO | data_pipeline | [ADF] 'MA_14' — NON-STATIONARY  (p=0.4837, stat=-1.5997)
2026-03-27 13:01:20,246 | INFO | data_pipeline | [ADF] 'SMA_14' — NON-STATIONARY  (p=0.4837, stat=-1.5997)
2026-03-27 13:01:26,579 | INFO | data_pipeline | [ADF] 'LINEARREG_14' — NON-STATIONARY  (p=0.4908, stat=-1.5856)
2026-03-27 13:01:32,894 | INFO | data_pipeline | [ADF] 'MEDPRICE' — NON-STATIONARY  (p=0.4931, stat=-1.5810)
2026-03-27 13:01:36,071 | INFO | data_pipeline | [ADF] 'LINEARREG_INTERCEPT_14' — NON-STATIONARY  (p=0.4912, stat=-1.5848)
2026-03-27 13:01:39,165 | INFO | data_pipeline | [ADF] 'TYPPRICE' — NON-STATIONARY  (p=0.4919, stat=-1.5834)
2026-03-27 13:01:42,330 | INFO | data_pipeline | [ADF] 'MIDPRICE_14' — NON-STATIONARY  (p=0.4875, stat=-1.5922)
2026-03-27 13:01:45,266 | INFO | data_pipeline | [ADF] 'T3_14' — NON-STATIONARY  (p=0.4854, stat=-1.5964)
2026-03-27 13:01:57,292 | INFO | data_pipeline | [ADF] 'HT_TRENDLINE' — NON-STATIONARY  (p=0.4859, stat=-1.5954)
2026-03-27 13:02:03,495 | INFO | data_pipeline | [ADF] 'AVGPRICE' — NON-STATIONARY  (p=0.4928, stat=-1.5816)
2026-03-27 13:02:06,595 | INFO | data_pipeline | [ADF] 'SAR' — NON-STATIONARY  (p=0.4881, stat=-1.5910)
2026-03-27 13:02:09,770 | INFO | data_pipeline | [ADF] 'TSF_14' — NON-STATIONARY  (p=0.4912, stat=-1.5849)
2026-03-27 13:02:09,770 | INFO | data_pipeline | [ADF] Tested 64 column(s): 37 stationary, 27 non-stationary.
2026-03-27 13:02:09,809 | INFO | data_pipeline | [make_stationary] Differencing 27 non-stationary column(s)…
2026-03-27 13:02:13,010 | INFO | data_pipeline | [make_stationary] 'open' became stationary after 1 diff(s)  (p=0.0000).
2026-03-27 13:02:15,834 | INFO | data_pipeline | [make_stationary] 'high' became stationary after 1 diff(s)  (p=0.0000).
2026-03-27 13:02:18,714 | INFO | data_pipeline | [make_stationary] 'low' became stationary after 1 diff(s)  (p=0.0000).
2026-03-27 13:02:21,791 | INFO | data_pipeline | [make_stationary] 'close' became stationary after 1 diff(s)  (p=0.0000).
2026-03-27 13:02:24,989 | INFO | data_pipeline | [make_stationary] 'MIDPOINT_14' became stationary after 1 diff(s)  (p=0.0000).
2026-03-27 13:02:28,103 | INFO | data_pipeline | [make_stationary] 'DEMA_14' became stationary after 1 diff(s)  (p=0.0000).
2026-03-27 13:02:31,251 | INFO | data_pipeline | [make_stationary] 'TEMA_14' became stationary after 1 diff(s)  (p=0.0000).
2026-03-27 13:02:34,387 | INFO | data_pipeline | [make_stationary] 'WMA_14' became stationary after 1 diff(s)  (p=0.0000).
2026-03-27 13:02:37,480 | INFO | data_pipeline | [make_stationary] 'EMA_14' became stationary after 1 diff(s)  (p=0.0000).
2026-03-27 13:02:40,613 | INFO | data_pipeline | [make_stationary] 'KAMA_14' became stationary after 1 diff(s)  (p=0.0000).
2026-03-27 13:02:43,773 | INFO | data_pipeline | [make_stationary] 'BB_UPPER' became stationary after 1 diff(s)  (p=0.0000).
2026-03-27 13:02:46,949 | INFO | data_pipeline | [make_stationary] 'BB_MIDDLE' became stationary after 1 diff(s)  (p=0.0000).
2026-03-27 13:02:50,099 | INFO | data_pipeline | [make_stationary] 'BB_LOWER' became stationary after 1 diff(s)  (p=0.0000).
2026-03-27 13:02:53,317 | INFO | data_pipeline | [make_stationary] 'TRIMA_14' became stationary after 1 diff(s)  (p=0.0000).
2026-03-27 13:02:56,871 | INFO | data_pipeline | [make_stationary] 'WCLPRICE' became stationary after 1 diff(s)  (p=0.0000).
2026-03-27 13:03:00,230 | INFO | data_pipeline | [make_stationary] 'MA_14' became stationary after 1 diff(s)  (p=0.0000).
2026-03-27 13:03:03,459 | INFO | data_pipeline | [make_stationary] 'SMA_14' became stationary after 1 diff(s)  (p=0.0000).
2026-03-27 13:03:06,651 | INFO | data_pipeline | [make_stationary] 'LINEARREG_14' became stationary after 1 diff(s)  (p=0.0000).
2026-03-27 13:03:09,770 | INFO | data_pipeline | [make_stationary] 'MEDPRICE' became stationary after 1 diff(s)  (p=0.0000).
2026-03-27 13:03:12,988 | INFO | data_pipeline | [make_stationary] 'LINEARREG_INTERCEPT_14' became stationary after 1 diff(s)  (p=0.0000).
2026-03-27 13:03:16,093 | INFO | data_pipeline | [make_stationary] 'TYPPRICE' became stationary after 1 diff(s)  (p=0.0000).
2026-03-27 13:03:19,209 | INFO | data_pipeline | [make_stationary] 'MIDPRICE_14' became stationary after 1 diff(s)  (p=0.0000).
2026-03-27 13:03:22,294 | INFO | data_pipeline | [make_stationary] 'T3_14' became stationary after 1 diff(s)  (p=0.0000).
2026-03-27 13:03:25,488 | INFO | data_pipeline | [make_stationary] 'HT_TRENDLINE' became stationary after 1 diff(s)  (p=0.0000).
2026-03-27 13:03:28,620 | INFO | data_pipeline | [make_stationary] 'AVGPRICE' became stationary after 1 diff(s)  (p=0.0000).
2026-03-27 13:03:31,750 | INFO | data_pipeline | [make_stationary] 'SAR' became stationary after 1 diff(s)  (p=0.0000).
2026-03-27 13:03:34,952 | INFO | data_pipeline | [make_stationary] 'TSF_14' became stationary after 1 diff(s)  (p=0.0000).
2026-03-27 13:03:35,024 | INFO | data_pipeline | [make_stationary] Shape after differencing & dropna: (27345, 143)
2026-03-27 13:03:35,026 | INFO | data_pipeline | Differencing summary: open=1d, high=1d, low=1d, close=1d, MIDPOINT_14=1d, DEMA_14=1d, TEMA_14=1d, WMA_14=1d, EMA_14=1d, KAMA_14=1d, BB_UPPER=1d, BB_MIDDLE=1d, BB_LOWER=1d, TRIMA_14=1d, WCLPRICE=1d, MA_14=1d, SMA_14=1d, LINEARREG_14=1d, MEDPRICE=1d, LINEARREG_INTERCEPT_14=1d, TYPPRICE=1d, MIDPRICE_14=1d, T3_14=1d, HT_TRENDLINE=1d, AVGPRICE=1d, SAR=1d, TSF_14=1d
2026-03-27 13:34:26,837 | INFO | data_pipeline | Fetching data: schema=data_binance, table=btc_1m, start=2023-01-01, end=2026-02-17
2026-03-27 13:34:52,823 | INFO | data_pipeline | Fetched 1,645,921 rows for btc.
2026-03-27 13:34:52,823 | INFO | data_pipeline | Resampling to 1h…
2026-03-27 13:34:53,421 | INFO | data_pipeline | Resampled shape: (27433, 6)
2026-03-27 13:34:53,421 | INFO | data_pipeline | Generating 125 indicator(s)…
2026-03-27 13:34:53,559 | INFO | data_pipeline | Feature shape after generation: (27433, 143)
2026-03-27 13:34:53,559 | INFO | data_pipeline | Running ADF stationarity tests…
2026-03-27 13:34:56,064 | INFO | data_pipeline | [ADF] 'open' — NON-STATIONARY  (p=0.4929, stat=-1.5814)
2026-03-27 13:34:58,607 | INFO | data_pipeline | [ADF] 'high' — NON-STATIONARY  (p=0.4924, stat=-1.5824)
2026-03-27 13:35:01,099 | INFO | data_pipeline | [ADF] 'low' — NON-STATIONARY  (p=0.4929, stat=-1.5814)
2026-03-27 13:35:03,576 | INFO | data_pipeline | [ADF] 'close' — NON-STATIONARY  (p=0.4930, stat=-1.5812)
2026-03-27 13:35:11,556 | INFO | data_pipeline | [ADF] 'WMA_14' — NON-STATIONARY  (p=0.4919, stat=-1.5835)
2026-03-27 13:35:14,237 | INFO | data_pipeline | [ADF] 'SAR' — NON-STATIONARY  (p=0.4881, stat=-1.5910)
2026-03-27 13:35:27,933 | INFO | data_pipeline | [ADF] 'WCLPRICE' — NON-STATIONARY  (p=0.4920, stat=-1.5833)
2026-03-27 13:35:44,513 | INFO | data_pipeline | [ADF] 'KAMA_14' — NON-STATIONARY  (p=0.4926, stat=-1.5821)
2026-03-27 13:35:49,958 | INFO | data_pipeline | [ADF] 'AVGPRICE' — NON-STATIONARY  (p=0.4928, stat=-1.5816)
2026-03-27 13:35:52,643 | INFO | data_pipeline | [ADF] 'TYPPRICE' — NON-STATIONARY  (p=0.4919, stat=-1.5834)
2026-03-27 13:36:14,433 | INFO | data_pipeline | [ADF] 'MA_14' — NON-STATIONARY  (p=0.4837, stat=-1.5997)
2026-03-27 13:36:17,347 | INFO | data_pipeline | [ADF] 'LINEARREG_INTERCEPT_14' — NON-STATIONARY  (p=0.4912, stat=-1.5848)
2026-03-27 13:36:23,194 | INFO | data_pipeline | [ADF] 'SMA_14' — NON-STATIONARY  (p=0.4837, stat=-1.5997)
2026-03-27 13:36:26,139 | INFO | data_pipeline | [ADF] 'TSF_14' — NON-STATIONARY  (p=0.4912, stat=-1.5849)
2026-03-27 13:36:55,112 | INFO | data_pipeline | [ADF] 'TEMA_14' — NON-STATIONARY  (p=0.4916, stat=-1.5841)
2026-03-27 13:36:57,993 | INFO | data_pipeline | [ADF] 'MIDPRICE_14' — NON-STATIONARY  (p=0.4875, stat=-1.5922)
2026-03-27 13:37:03,805 | INFO | data_pipeline | [ADF] 'MEDPRICE' — NON-STATIONARY  (p=0.4931, stat=-1.5810)
2026-03-27 13:37:09,484 | INFO | data_pipeline | [ADF] 'BB_UPPER' — NON-STATIONARY  (p=0.4899, stat=-1.5875)
2026-03-27 13:37:12,424 | INFO | data_pipeline | [ADF] 'BB_MIDDLE' — NON-STATIONARY  (p=0.4829, stat=-1.6013)
2026-03-27 13:37:15,253 | INFO | data_pipeline | [ADF] 'BB_LOWER' — NON-STATIONARY  (p=0.4907, stat=-1.5858)
2026-03-27 13:37:21,025 | INFO | data_pipeline | [ADF] 'DEMA_14' — NON-STATIONARY  (p=0.4893, stat=-1.5886)
2026-03-27 13:37:26,687 | INFO | data_pipeline | [ADF] 'T3_14' — NON-STATIONARY  (p=0.4854, stat=-1.5964)
2026-03-27 13:37:29,609 | INFO | data_pipeline | [ADF] 'HT_TRENDLINE' — NON-STATIONARY  (p=0.4859, stat=-1.5954)
2026-03-27 13:37:32,492 | INFO | data_pipeline | [ADF] 'EMA_14' — NON-STATIONARY  (p=0.4919, stat=-1.5835)
2026-03-27 13:37:41,165 | INFO | data_pipeline | [ADF] 'LINEARREG_14' — NON-STATIONARY  (p=0.4908, stat=-1.5856)
2026-03-27 13:37:44,072 | INFO | data_pipeline | [ADF] 'TRIMA_14' — NON-STATIONARY  (p=0.4931, stat=-1.5811)
2026-03-27 13:37:52,848 | INFO | data_pipeline | [ADF] 'MIDPOINT_14' — NON-STATIONARY  (p=0.4905, stat=-1.5863)
2026-03-27 13:37:52,848 | INFO | data_pipeline | [ADF] Tested 64 column(s): 37 stationary, 27 non-stationary.
2026-03-27 13:37:52,870 | INFO | data_pipeline | [make_stationary] Differencing 27 non-stationary column(s)…
2026-03-27 13:37:55,727 | INFO | data_pipeline | [make_stationary] 'open' became stationary after 1 diff(s)  (p=0.0000).
2026-03-27 13:37:58,482 | INFO | data_pipeline | [make_stationary] 'high' became stationary after 1 diff(s)  (p=0.0000).
2026-03-27 13:38:01,368 | INFO | data_pipeline | [make_stationary] 'low' became stationary after 1 diff(s)  (p=0.0000).
2026-03-27 13:38:04,598 | INFO | data_pipeline | [make_stationary] 'close' became stationary after 1 diff(s)  (p=0.0000).
2026-03-27 13:38:07,628 | INFO | data_pipeline | [make_stationary] 'WMA_14' became stationary after 1 diff(s)  (p=0.0000).
2026-03-27 13:38:10,517 | INFO | data_pipeline | [make_stationary] 'SAR' became stationary after 1 diff(s)  (p=0.0000).
2026-03-27 13:38:13,338 | INFO | data_pipeline | [make_stationary] 'WCLPRICE' became stationary after 1 diff(s)  (p=0.0000).
2026-03-27 13:38:16,162 | INFO | data_pipeline | [make_stationary] 'KAMA_14' became stationary after 1 diff(s)  (p=0.0000).
2026-03-27 13:38:18,997 | INFO | data_pipeline | [make_stationary] 'AVGPRICE' became stationary after 1 diff(s)  (p=0.0000).
2026-03-27 13:38:21,849 | INFO | data_pipeline | [make_stationary] 'TYPPRICE' became stationary after 1 diff(s)  (p=0.0000).
2026-03-27 13:38:24,729 | INFO | data_pipeline | [make_stationary] 'MA_14' became stationary after 1 diff(s)  (p=0.0000).
2026-03-27 13:38:27,496 | INFO | data_pipeline | [make_stationary] 'LINEARREG_INTERCEPT_14' became stationary after 1 diff(s)  (p=0.0000).
2026-03-27 13:38:30,156 | INFO | data_pipeline | [make_stationary] 'SMA_14' became stationary after 1 diff(s)  (p=0.0000).
2026-03-27 13:38:32,872 | INFO | data_pipeline | [make_stationary] 'TSF_14' became stationary after 1 diff(s)  (p=0.0000).
2026-03-27 13:38:35,725 | INFO | data_pipeline | [make_stationary] 'TEMA_14' became stationary after 1 diff(s)  (p=0.0000).
2026-03-27 13:38:38,631 | INFO | data_pipeline | [make_stationary] 'MIDPRICE_14' became stationary after 1 diff(s)  (p=0.0000).
2026-03-27 13:38:41,523 | INFO | data_pipeline | [make_stationary] 'MEDPRICE' became stationary after 1 diff(s)  (p=0.0000).
2026-03-27 13:38:44,366 | INFO | data_pipeline | [make_stationary] 'BB_UPPER' became stationary after 1 diff(s)  (p=0.0000).
2026-03-27 13:38:47,368 | INFO | data_pipeline | [make_stationary] 'BB_MIDDLE' became stationary after 1 diff(s)  (p=0.0000).
2026-03-27 13:38:50,294 | INFO | data_pipeline | [make_stationary] 'BB_LOWER' became stationary after 1 diff(s)  (p=0.0000).
2026-03-27 13:38:53,123 | INFO | data_pipeline | [make_stationary] 'DEMA_14' became stationary after 1 diff(s)  (p=0.0000).
2026-03-27 13:38:55,949 | INFO | data_pipeline | [make_stationary] 'T3_14' became stationary after 1 diff(s)  (p=0.0000).
2026-03-27 13:38:59,297 | INFO | data_pipeline | [make_stationary] 'HT_TRENDLINE' became stationary after 1 diff(s)  (p=0.0000).
2026-03-27 13:39:02,639 | INFO | data_pipeline | [make_stationary] 'EMA_14' became stationary after 1 diff(s)  (p=0.0000).
2026-03-27 13:39:05,568 | INFO | data_pipeline | [make_stationary] 'LINEARREG_14' became stationary after 1 diff(s)  (p=0.0000).
2026-03-27 13:39:08,471 | INFO | data_pipeline | [make_stationary] 'TRIMA_14' became stationary after 1 diff(s)  (p=0.0000).
2026-03-27 13:39:11,404 | INFO | data_pipeline | [make_stationary] 'MIDPOINT_14' became stationary after 1 diff(s)  (p=0.0000).
2026-03-27 13:39:11,473 | INFO | data_pipeline | [make_stationary] Shape after differencing & dropna: (27345, 143)
2026-03-27 13:39:11,473 | INFO | data_pipeline | Differencing summary: open=1d, high=1d, low=1d, close=1d, WMA_14=1d, SAR=1d, WCLPRICE=1d, KAMA_14=1d, AVGPRICE=1d, TYPPRICE=1d, MA_14=1d, LINEARREG_INTERCEPT_14=1d, SMA_14=1d, TSF_14=1d, TEMA_14=1d, MIDPRICE_14=1d, MEDPRICE=1d, BB_UPPER=1d, BB_MIDDLE=1d, BB_LOWER=1d, DEMA_14=1d, T3_14=1d, HT_TRENDLINE=1d, EMA_14=1d, LINEARREG_14=1d, TRIMA_14=1d, MIDPOINT_14=1d
2026-03-27 13:39:11,572 | INFO | data_pipeline | train_ratio=0.8 → split at row 21946/27433 → split_date='2025-07-03 10:00:00' (80% train / 20% test)
2026-03-27 13:39:11,653 | INFO | data_pipeline | Classification target created — shape: (27345, 141), class counts:
{1: 13089, -1: 12129, 0: 2127}
2026-03-27 14:06:08,443 | INFO | data_pipeline | Classification target created — shape: (27345, 141), class counts:
{1: 13089, -1: 12129, 0: 2127}
2026-03-27 14:11:09,054 | INFO | data_pipeline | Regression target created — shape: (27345, 141)
2026-03-30 10:57:55,723 | INFO | data_pipeline | Fetching data: schema=data_binance, table=btc_1m, start=2023-01-01, end=2026-02-17
2026-03-30 10:58:20,782 | INFO | data_pipeline | Fetched 1,645,921 rows for btc.
2026-03-30 10:58:20,782 | INFO | data_pipeline | Resampling to 1h…
2026-03-30 10:58:21,797 | INFO | data_pipeline | Resampled shape: (27433, 6)
2026-03-30 10:58:21,797 | INFO | data_pipeline | Generating 71 indicator(s)…
2026-03-30 10:58:22,038 | INFO | data_pipeline | Feature shape after generation: (27433, 89)
2026-03-30 10:58:22,038 | INFO | data_pipeline | Running ADF stationarity tests…
2026-03-30 10:58:24,962 | INFO | data_pipeline | [ADF] 'open' — NON-STATIONARY  (p=0.4929, stat=-1.5814)
2026-03-30 10:58:27,621 | INFO | data_pipeline | [ADF] 'high' — NON-STATIONARY  (p=0.4924, stat=-1.5824)
2026-03-30 10:58:30,296 | INFO | data_pipeline | [ADF] 'low' — NON-STATIONARY  (p=0.4929, stat=-1.5814)
2026-03-30 10:58:32,889 | INFO | data_pipeline | [ADF] 'close' — NON-STATIONARY  (p=0.4930, stat=-1.5812)
2026-03-30 10:58:38,401 | INFO | data_pipeline | [ADF] 'BB_UPPER' — NON-STATIONARY  (p=0.4899, stat=-1.5875)
2026-03-30 10:58:41,518 | INFO | data_pipeline | [ADF] 'BB_MIDDLE' — NON-STATIONARY  (p=0.4829, stat=-1.6013)
2026-03-30 10:58:44,406 | INFO | data_pipeline | [ADF] 'BB_LOWER' — NON-STATIONARY  (p=0.4907, stat=-1.5858)
2026-03-30 10:58:47,294 | INFO | data_pipeline | [ADF] 'DEMA_14' — NON-STATIONARY  (p=0.4893, stat=-1.5886)
2026-03-30 10:58:50,191 | INFO | data_pipeline | [ADF] 'EMA_14' — NON-STATIONARY  (p=0.4919, stat=-1.5835)
2026-03-30 10:58:53,428 | INFO | data_pipeline | [ADF] 'HT_TRENDLINE' — NON-STATIONARY  (p=0.4859, stat=-1.5954)
2026-03-30 10:58:56,635 | INFO | data_pipeline | [ADF] 'KAMA_14' — NON-STATIONARY  (p=0.4926, stat=-1.5821)
2026-03-30 10:58:59,845 | INFO | data_pipeline | [ADF] 'MA_14' — NON-STATIONARY  (p=0.4837, stat=-1.5997)
2026-03-30 10:59:02,993 | INFO | data_pipeline | [ADF] 'MIDPOINT_14' — NON-STATIONARY  (p=0.4905, stat=-1.5863)
2026-03-30 10:59:06,011 | INFO | data_pipeline | [ADF] 'MIDPRICE_14' — NON-STATIONARY  (p=0.4875, stat=-1.5922)
2026-03-30 10:59:09,120 | INFO | data_pipeline | [ADF] 'SAR' — NON-STATIONARY  (p=0.4881, stat=-1.5910)
2026-03-30 10:59:15,137 | INFO | data_pipeline | [ADF] 'SMA_14' — NON-STATIONARY  (p=0.4837, stat=-1.5997)
2026-03-30 10:59:18,152 | INFO | data_pipeline | [ADF] 'T3_14' — NON-STATIONARY  (p=0.4854, stat=-1.5964)
2026-03-30 10:59:21,179 | INFO | data_pipeline | [ADF] 'TEMA_14' — NON-STATIONARY  (p=0.4916, stat=-1.5841)
2026-03-30 10:59:24,396 | INFO | data_pipeline | [ADF] 'TRIMA_14' — NON-STATIONARY  (p=0.4931, stat=-1.5811)
2026-03-30 10:59:27,421 | INFO | data_pipeline | [ADF] 'WMA_14' — NON-STATIONARY  (p=0.4919, stat=-1.5835)
2026-03-30 11:00:54,993 | INFO | data_pipeline | [ADF] 'AVGPRICE' — NON-STATIONARY  (p=0.4928, stat=-1.5816)
2026-03-30 11:00:58,435 | INFO | data_pipeline | [ADF] 'MEDPRICE' — NON-STATIONARY  (p=0.4931, stat=-1.5810)
2026-03-30 11:01:01,833 | INFO | data_pipeline | [ADF] 'TYPPRICE' — NON-STATIONARY  (p=0.4919, stat=-1.5834)
2026-03-30 11:01:05,102 | INFO | data_pipeline | [ADF] 'WCLPRICE' — NON-STATIONARY  (p=0.4920, stat=-1.5833)
2026-03-30 11:01:33,120 | INFO | data_pipeline | [ADF] 'LINEARREG_14' — NON-STATIONARY  (p=0.4908, stat=-1.5856)
2026-03-30 11:01:40,186 | INFO | data_pipeline | [ADF] 'LINEARREG_INTERCEPT_14' — NON-STATIONARY  (p=0.4912, stat=-1.5848)
2026-03-30 11:01:50,802 | INFO | data_pipeline | [ADF] 'TSF_14' — NON-STATIONARY  (p=0.4912, stat=-1.5849)
2026-03-30 11:01:54,951 | INFO | data_pipeline | [ADF] Tested 65 column(s): 38 stationary, 27 non-stationary.
2026-03-30 11:01:54,977 | INFO | data_pipeline | [make_stationary] Differencing 27 non-stationary column(s)…
2026-03-30 11:02:00,044 | INFO | data_pipeline | [make_stationary] 'open' became stationary after 1 diff(s)  (p=0.0000).
2026-03-30 11:02:05,736 | INFO | data_pipeline | [make_stationary] 'high' became stationary after 1 diff(s)  (p=0.0000).
2026-03-30 11:02:11,297 | INFO | data_pipeline | [make_stationary] 'low' became stationary after 1 diff(s)  (p=0.0000).
2026-03-30 11:02:17,277 | INFO | data_pipeline | [make_stationary] 'close' became stationary after 1 diff(s)  (p=0.0000).
2026-03-30 11:02:22,663 | INFO | data_pipeline | [make_stationary] 'BB_UPPER' became stationary after 1 diff(s)  (p=0.0000).
2026-03-30 11:02:28,220 | INFO | data_pipeline | [make_stationary] 'BB_MIDDLE' became stationary after 1 diff(s)  (p=0.0000).
2026-03-30 11:02:33,647 | INFO | data_pipeline | [make_stationary] 'BB_LOWER' became stationary after 1 diff(s)  (p=0.0000).
2026-03-30 11:02:38,853 | INFO | data_pipeline | [make_stationary] 'DEMA_14' became stationary after 1 diff(s)  (p=0.0000).
2026-03-30 11:02:43,991 | INFO | data_pipeline | [make_stationary] 'EMA_14' became stationary after 1 diff(s)  (p=0.0000).
2026-03-30 11:02:49,330 | INFO | data_pipeline | [make_stationary] 'HT_TRENDLINE' became stationary after 1 diff(s)  (p=0.0000).
2026-03-30 11:02:54,514 | INFO | data_pipeline | [make_stationary] 'KAMA_14' became stationary after 1 diff(s)  (p=0.0000).
2026-03-30 11:02:59,827 | INFO | data_pipeline | [make_stationary] 'MA_14' became stationary after 1 diff(s)  (p=0.0000).
2026-03-30 11:03:05,091 | INFO | data_pipeline | [make_stationary] 'MIDPOINT_14' became stationary after 1 diff(s)  (p=0.0000).
2026-03-30 11:03:10,251 | INFO | data_pipeline | [make_stationary] 'MIDPRICE_14' became stationary after 1 diff(s)  (p=0.0000).
2026-03-30 11:03:15,615 | INFO | data_pipeline | [make_stationary] 'SAR' became stationary after 1 diff(s)  (p=0.0000).
2026-03-30 11:03:20,740 | INFO | data_pipeline | [make_stationary] 'SMA_14' became stationary after 1 diff(s)  (p=0.0000).
2026-03-30 11:03:26,146 | INFO | data_pipeline | [make_stationary] 'T3_14' became stationary after 1 diff(s)  (p=0.0000).
2026-03-30 11:03:31,245 | INFO | data_pipeline | [make_stationary] 'TEMA_14' became stationary after 1 diff(s)  (p=0.0000).
2026-03-30 11:03:36,602 | INFO | data_pipeline | [make_stationary] 'TRIMA_14' became stationary after 1 diff(s)  (p=0.0000).
2026-03-30 11:03:41,442 | INFO | data_pipeline | [make_stationary] 'WMA_14' became stationary after 1 diff(s)  (p=0.0000).
2026-03-30 11:03:46,455 | INFO | data_pipeline | [make_stationary] 'AVGPRICE' became stationary after 1 diff(s)  (p=0.0000).
2026-03-30 11:03:51,634 | INFO | data_pipeline | [make_stationary] 'MEDPRICE' became stationary after 1 diff(s)  (p=0.0000).
2026-03-30 11:03:56,398 | INFO | data_pipeline | [make_stationary] 'TYPPRICE' became stationary after 1 diff(s)  (p=0.0000).
2026-03-30 11:04:01,571 | INFO | data_pipeline | [make_stationary] 'WCLPRICE' became stationary after 1 diff(s)  (p=0.0000).
2026-03-30 11:04:07,036 | INFO | data_pipeline | [make_stationary] 'LINEARREG_14' became stationary after 1 diff(s)  (p=0.0000).
2026-03-30 11:04:12,622 | INFO | data_pipeline | [make_stationary] 'LINEARREG_INTERCEPT_14' became stationary after 1 diff(s)  (p=0.0000).
2026-03-30 11:04:18,096 | INFO | data_pipeline | [make_stationary] 'TSF_14' became stationary after 1 diff(s)  (p=0.0000).
2026-03-30 11:04:18,179 | INFO | data_pipeline | [make_stationary] Shape after differencing & dropna: (27345, 89)
2026-03-30 11:04:18,179 | INFO | data_pipeline | Differencing summary: open=1d, high=1d, low=1d, close=1d, BB_UPPER=1d, BB_MIDDLE=1d, BB_LOWER=1d, DEMA_14=1d, EMA_14=1d, HT_TRENDLINE=1d, KAMA_14=1d, MA_14=1d, MIDPOINT_14=1d, MIDPRICE_14=1d, SAR=1d, SMA_14=1d, T3_14=1d, TEMA_14=1d, TRIMA_14=1d, WMA_14=1d, AVGPRICE=1d, MEDPRICE=1d, TYPPRICE=1d, WCLPRICE=1d, LINEARREG_14=1d, LINEARREG_INTERCEPT_14=1d, TSF_14=1d
2026-03-30 11:04:18,210 | INFO | data_pipeline | train_ratio=0.8 → split at row 21876/27345 → split_date='2025-07-04 04:00:00' (80% train / 20% test)
2026-03-30 11:12:47,353 | INFO | data_pipeline | Fetching data: schema=data_binance, table=btc_1m, start=2023-01-01, end=2026-02-17
