2026-04-16 17:34:42,631 | INFO | data_loader | Loading features from reddit.ml_features …
2026-04-16 17:34:47,254 | WARNING | data_loader | 35 expected column(s) missing from feature table — will be zero-filled: ['post_sentiment_mean', 'post_sentiment_std', 'post_sentiment_combined', 'post_sentiment_ema', 'post_sentiment_spike', 'post_sentiment_divergence', 'post_sentiment_combined_lag1', 'post_sentiment_combined_lag2', 'post_sentiment_combined_lag3', 'post_sentiment_combined_lag4', 'post_sentiment_combined_lag5', 'comment_sentiment_mean', 'comment_sentiment_std', 'comment_sentiment_combined', 'comment_sentiment_ema', 'comment_sentiment_spike', 'comment_sentiment_divergence', 'comment_sentiment_combined_lag1', 'comment_sentiment_combined_lag2', 'comment_sentiment_combined_lag3', 'comment_sentiment_combined_lag4', 'comment_sentiment_combined_lag5', 'log_returns', 'rsi', 'macd', 'macd_signal', 'macd_hist', 'bb_upper', 'bb_lower', 'bb_width', 'atr', 'sentiment_momentum', 'sentiment_vol_interaction', 'cross_source_divergence', 'sentiment_market_alignment']
2026-04-16 17:34:47,965 | INFO | data_loader | Features loaded → shape: (13480, 61)  |  date range: 2024-09-30 18:00:00+00:00 → 2026-04-15 09:00:00+00:00
2026-04-16 17:34:52,273 | INFO | data_loader | Loading OHLCV data from data_binance.btc_1m [2026-01-21 02:00:00+00:00 → 2026-04-15 11:00:00+00:00] …
2026-04-16 17:35:13,318 | INFO | data_loader | OHLCV loaded → shape: (121501, 6)  |  date range: 2026-01-21 02:00:00+00:00 → 2026-04-15 11:00:00+00:00
2026-04-16 17:47:04,052 | INFO | data_loader | Loading features from reddit.ml_features …
2026-04-16 17:47:05,564 | INFO | data_loader | Features loaded → shape: (13480, 26)  |  date range: 2024-09-30 18:00:00+00:00 → 2026-04-15 09:00:00+00:00
2026-04-16 17:47:07,512 | INFO | data_loader | Loading OHLCV data from data_binance.btc_1m [2026-01-21 02:00:00+00:00 → 2026-04-15 11:00:00+00:00] …
2026-04-16 17:47:29,084 | INFO | data_loader | OHLCV loaded → shape: (121501, 6)  |  date range: 2026-01-21 02:00:00+00:00 → 2026-04-15 11:00:00+00:00
2026-04-16 18:14:31,952 | INFO | data_loader | Loading features from reddit.ml_features …
2026-04-16 18:14:33,305 | INFO | data_loader | Features loaded → shape: (13480, 26)  |  date range: 2024-09-30 18:00:00+00:00 → 2026-04-15 09:00:00+00:00
2026-04-16 18:14:35,658 | INFO | data_loader | Loading OHLCV data from data_binance.btc_1m [2024-09-30 18:00:00+00:00 → 2024-09-30 18:00:00+00:00] …
2026-04-16 18:14:57,277 | INFO | data_loader | OHLCV loaded → shape: (1, 6)  |  date range: 2024-09-30 18:00:00+00:00 → 2024-09-30 18:00:00+00:00
2026-04-17 09:31:36,418 | INFO | data_loader | Loading features from reddit.ml_features …
2026-04-17 09:31:37,524 | INFO | data_loader | Features loaded → shape: (13480, 26)  |  date range: 2024-09-30 18:00:00+00:00 → 2026-04-15 09:00:00+00:00
2026-04-17 09:31:39,199 | INFO | data_loader | Loading OHLCV data from data_binance.btc_1m [2026-04-15 09:00:00+00:00 → 2026-04-15 09:00:00+00:00] …
2026-04-17 09:31:52,226 | INFO | data_loader | OHLCV loaded → shape: (1, 6)  |  date range: 2026-04-15 09:00:00+00:00 → 2026-04-15 09:00:00+00:00
2026-04-17 09:33:16,410 | INFO | data_loader | Loading features from reddit.ml_features …
2026-04-17 09:33:18,886 | INFO | data_loader | Features loaded → shape: (13480, 26)  |  date range: 2024-09-30 18:00:00+00:00 → 2026-04-15 09:00:00+00:00
2026-04-17 09:33:20,903 | INFO | data_loader | Loading OHLCV data from data_binance.btc_1m [2026-04-15 09:00:00+00:00 → 2026-04-15 09:00:00+00:00] …
2026-04-17 09:33:29,906 | INFO | data_loader | OHLCV loaded → shape: (1, 6)  |  date range: 2026-04-15 09:00:00+00:00 → 2026-04-15 09:00:00+00:00
2026-04-17 09:35:51,964 | INFO | data_loader | Loading features from reddit.ml_features …
2026-04-17 09:35:52,503 | INFO | data_loader | Features loaded → shape: (13480, 26)  |  date range: 2024-09-30 18:00:00+00:00 → 2026-04-15 09:00:00+00:00
2026-04-17 09:35:54,198 | INFO | data_loader | Loading OHLCV data from data_binance.btc_1m [2026-04-15 09:00:00+00:00 → 2026-04-15 09:00:00+00:00] …
2026-04-17 09:36:03,380 | INFO | data_loader | OHLCV loaded → shape: (1, 6)  |  date range: 2026-04-15 09:00:00+00:00 → 2026-04-15 09:00:00+00:00
2026-04-17 09:40:42,662 | INFO | data_loader | Loading features from reddit.ml_features …
2026-04-17 09:40:43,261 | INFO | data_loader | Features loaded → shape: (13480, 26)  |  date range: 2024-09-30 18:00:00+00:00 → 2026-04-15 09:00:00+00:00
2026-04-17 09:40:44,972 | INFO | data_loader | Loading OHLCV data from data_binance.btc_1m [2026-04-15 09:00:00+00:00 → 2026-04-15 09:00:00+00:00] …
2026-04-17 09:40:57,651 | INFO | data_loader | OHLCV loaded → shape: (1, 6)  |  date range: 2026-04-15 09:00:00+00:00 → 2026-04-15 09:00:00+00:00
2026-04-17 09:43:59,794 | INFO | data_loader | Loading features from reddit.ml_features …
2026-04-17 09:44:00,421 | INFO | data_loader | Features loaded → shape: (13480, 26)  |  date range: 2024-09-30 18:00:00+00:00 → 2026-04-15 09:00:00+00:00
2026-04-17 09:44:02,179 | INFO | data_loader | Loading OHLCV data from data_binance.btc_1m [2024-09-30 18:00:00+00:00 → 2026-04-15 09:00:00+00:00] …
2026-04-17 09:44:11,207 | INFO | data_loader | OHLCV loaded → shape: (808741, 6)  |  date range: 2024-09-30 18:00:00+00:00 → 2026-04-15 09:00:00+00:00
2026-04-17 09:45:29,397 | INFO | data_loader | Loading features from reddit.ml_features …
2026-04-17 09:45:30,073 | INFO | data_loader | Features loaded → shape: (13480, 26)  |  date range: 2024-09-30 18:00:00+00:00 → 2026-04-15 09:00:00+00:00
2026-04-17 09:45:32,066 | INFO | data_loader | Loading OHLCV data from data_binance.btc_1m [2024-09-30 18:00:00+00:00 → 2026-04-15 09:00:00+00:00] …
2026-04-17 09:45:42,714 | INFO | data_loader | OHLCV loaded → shape: (808741, 6)  |  date range: 2024-09-30 18:00:00+00:00 → 2026-04-15 09:00:00+00:00
2026-04-17 14:57:22,991 | INFO | data_loader | Loading features from reddit.ml_features …
2026-04-17 14:59:15,547 | INFO | data_loader | Loading features from reddit.ml_features …
2026-04-17 14:59:16,261 | INFO | data_loader | Features loaded → shape: (13571, 26)  |  date range: 2024-09-28 17:00:00+00:00 → 2026-04-17 03:00:00+00:00
2026-04-17 14:59:16,261 | INFO | data_loader | Loading OHLCV data from data_binance.btc_1m [2024-09-28 17:00:00+00:00 → 2026-04-17 03:00:00+00:00] …
2026-04-17 14:59:24,829 | INFO | data_loader | OHLCV loaded → shape: (814201, 6)  |  date range: 2024-09-28 17:00:00+00:00 → 2026-04-17 03:00:00+00:00
2026-04-17 14:59:24,829 | INFO | data_loader | Computing TA-Lib indicators on OHLCV data …
2026-04-17 14:59:42,535 | INFO | data_loader | OHLCV + indicators combined → shape: (814201, 141)  |  indicator columns added: 135
2026-04-21 09:58:13,321 | INFO | data_loader | Loading features from reddit.ml_features …
2026-04-21 09:58:15,371 | INFO | data_loader | Features loaded → shape: (13571, 26)  |  date range: 2024-09-28 17:00:00+00:00 → 2026-04-17 03:00:00+00:00
2026-04-21 09:58:15,372 | INFO | data_loader | Loading OHLCV data from data_binance.btc_1m [2024-09-28 17:00:00+00:00 → 2026-04-17 03:00:00+00:00] …
2026-04-21 09:58:31,745 | INFO | data_loader | OHLCV loaded → shape: (814201, 6)  |  date range: 2024-09-28 17:00:00+00:00 → 2026-04-17 03:00:00+00:00
2026-04-21 10:02:25,482 | INFO | data_loader | Loading features from reddit.ml_features …
2026-04-21 10:02:26,289 | INFO | data_loader | Features loaded → shape: (13571, 26)  |  date range: 2024-09-28 17:00:00+00:00 → 2026-04-17 03:00:00+00:00
2026-04-21 10:02:26,289 | INFO | data_loader | Loading OHLCV data from data_binance.btc_1m [2024-09-28 17:00:00+00:00 → 2026-04-17 03:00:00+00:00] …
2026-04-21 10:02:35,870 | INFO | data_loader | OHLCV loaded → shape: (814201, 6)  |  date range: 2024-09-28 17:00:00+00:00 → 2026-04-17 03:00:00+00:00
2026-04-21 10:02:51,620 | INFO | data_loader | Loading OHLCV data from data_binance.btc_1m [2024-09-28 17:00:00+00:00 → 2026-04-17 03:00:00+00:00] …
2026-04-21 10:03:05,688 | INFO | data_loader | OHLCV loaded → shape: (814201, 6)  |  date range: 2024-09-28 17:00:00+00:00 → 2026-04-17 03:00:00+00:00
2026-04-21 10:06:21,534 | INFO | data_loader | Loading features from reddit.ml_features …
2026-04-21 10:06:22,241 | INFO | data_loader | Features loaded → shape: (13571, 26)  |  date range: 2024-09-28 17:00:00+00:00 → 2026-04-17 03:00:00+00:00
2026-04-21 10:06:22,242 | INFO | data_loader | Loading OHLCV data from data_binance.btc_1m [2024-09-28 17:00:00+00:00 → 2026-04-17 03:00:00+00:00] …
2026-04-21 10:06:32,784 | INFO | data_loader | OHLCV loaded → shape: (814201, 6)  |  date range: 2024-09-28 17:00:00+00:00 → 2026-04-17 03:00:00+00:00
2026-04-21 10:27:26,119 | INFO | data_loader | Loading features from reddit.ml_features …
2026-04-21 10:27:26,971 | INFO | data_loader | Features loaded → shape: (13571, 26)  |  date range: 2024-09-28 17:00:00+00:00 → 2026-04-17 03:00:00+00:00
2026-04-21 10:27:26,973 | INFO | data_loader | Loading OHLCV data from data_binance.btc_1m [2024-09-28 17:00:00+00:00 → 2026-04-17 03:00:00+00:00] …
2026-04-21 10:27:39,027 | INFO | data_loader | OHLCV loaded → shape: (814201, 6)  |  date range: 2024-09-28 17:00:00+00:00 → 2026-04-17 03:00:00+00:00
2026-04-21 10:30:35,221 | INFO | data_loader | Loading features from reddit.ml_features …
2026-04-21 10:30:36,176 | INFO | data_loader | Features loaded → shape: (13571, 26)  |  date range: 2024-09-28 17:00:00+00:00 → 2026-04-17 03:00:00+00:00
2026-04-21 10:30:36,176 | INFO | data_loader | Loading OHLCV data from data_binance.btc_1m [2024-09-28 17:00:00+00:00 → 2026-04-17 03:00:00+00:00] …
2026-04-21 10:30:44,959 | INFO | data_loader | OHLCV loaded → shape: (814201, 6)  |  date range: 2024-09-28 17:00:00+00:00 → 2026-04-17 03:00:00+00:00
2026-04-21 10:34:09,267 | INFO | data_loader | Loading features from reddit.ml_features …
2026-04-21 10:34:09,972 | INFO | data_loader | Features loaded → shape: (13571, 26)  |  date range: 2024-09-28 17:00:00+00:00 → 2026-04-17 03:00:00+00:00
2026-04-21 10:34:09,975 | INFO | data_loader | Loading OHLCV data from data_binance.btc_1m [2024-09-28 17:00:00+00:00 → 2026-04-17 03:00:00+00:00] …
2026-04-21 10:34:19,615 | INFO | data_loader | OHLCV loaded → shape: (814201, 6)  |  date range: 2024-09-28 17:00:00+00:00 → 2026-04-17 03:00:00+00:00
2026-04-21 10:35:36,486 | INFO | data_loader | Loading features from reddit.ml_features …
2026-04-21 10:35:37,325 | INFO | data_loader | Features loaded → shape: (13571, 26)  |  date range: 2024-09-28 17:00:00+00:00 → 2026-04-17 03:00:00+00:00
2026-04-21 10:35:37,336 | INFO | data_loader | Loading OHLCV data from data_binance.btc_1m [2024-09-28 17:00:00+00:00 → 2026-04-17 03:00:00+00:00] …
2026-04-21 10:35:46,234 | INFO | data_loader | OHLCV loaded → shape: (814201, 6)  |  date range: 2024-09-28 17:00:00+00:00 → 2026-04-17 03:00:00+00:00
2026-04-21 10:36:05,473 | INFO | data_loader | Loading features from reddit.ml_features …
2026-04-21 10:36:06,258 | INFO | data_loader | Features loaded → shape: (13571, 26)  |  date range: 2024-09-28 17:00:00+00:00 → 2026-04-17 03:00:00+00:00
2026-04-21 10:36:06,258 | INFO | data_loader | Loading OHLCV data from data_binance.btc_1m [2024-09-28 17:00:00+00:00 → 2026-04-17 03:00:00+00:00] …
2026-04-21 10:36:14,614 | INFO | data_loader | OHLCV loaded → shape: (814201, 6)  |  date range: 2024-09-28 17:00:00+00:00 → 2026-04-17 03:00:00+00:00
2026-04-21 10:37:41,305 | INFO | data_loader | Loading features from reddit.ml_features …
2026-04-21 10:37:42,521 | INFO | data_loader | Features loaded → shape: (13571, 26)  |  date range: 2024-09-28 17:00:00+00:00 → 2026-04-17 03:00:00+00:00
2026-04-21 10:37:42,528 | INFO | data_loader | Loading OHLCV data from data_binance.btc_1m [2024-09-28 17:00:00+00:00 → 2026-04-17 03:00:00+00:00] …
2026-04-21 10:38:00,111 | INFO | data_loader | OHLCV loaded → shape: (814201, 6)  |  date range: 2024-09-28 17:00:00+00:00 → 2026-04-17 03:00:00+00:00
2026-04-21 11:04:34,978 | INFO | data_loader | Loading features from reddit.ml_features …
2026-04-21 11:06:06,720 | INFO | data_loader | Loading features from reddit.ml_features …
2026-04-21 11:25:57,437 | INFO | data_loader | Loading features from reddit.ml_features …
2026-04-21 11:25:58,845 | INFO | data_loader | Features loaded → shape: (13571, 26)  |  date range: 2024-09-28 17:00:00+00:00 → 2026-04-17 03:00:00+00:00
2026-04-21 11:25:58,846 | INFO | data_loader | Loading OHLCV data from data_binance.btc_1m [2024-09-28 17:00:00+00:00 → 2026-04-17 03:00:00+00:00] …
2026-04-21 11:26:16,531 | INFO | data_loader | OHLCV loaded → shape: (814201, 6)  |  date range: 2024-09-28 17:00:00+00:00 → 2026-04-17 03:00:00+00:00
2026-04-21 11:35:48,946 | INFO | data_loader | Loading features from reddit.ml_features …
2026-04-21 11:35:50,161 | INFO | data_loader | Features loaded → shape: (13571, 26)  |  date range: 2024-09-28 17:00:00+00:00 → 2026-04-17 03:00:00+00:00
2026-04-21 11:35:50,162 | INFO | data_loader | Loading OHLCV data from data_binance.btc_1m [2024-09-28 17:00:00+00:00 → 2026-04-17 03:00:00+00:00] …
2026-04-21 11:36:06,110 | INFO | data_loader | OHLCV loaded → shape: (814201, 6)  |  date range: 2024-09-28 17:00:00+00:00 → 2026-04-17 03:00:00+00:00
2026-04-21 11:36:24,430 | INFO | data_loader | Loading OHLCV data from data_binance.btc_1m [2024-09-28 17:00:00+00:00 → 2026-04-17 03:00:00+00:00] …
2026-04-21 11:36:41,966 | INFO | data_loader | OHLCV loaded → shape: (814201, 6)  |  date range: 2024-09-28 17:00:00+00:00 → 2026-04-17 03:00:00+00:00
2026-04-21 11:43:53,737 | INFO | data_loader | Loading features from reddit.ml_features …
2026-04-21 11:43:54,819 | INFO | data_loader | Features loaded → shape: (13571, 26)  |  date range: 2024-09-28 17:00:00+00:00 → 2026-04-17 03:00:00+00:00
2026-04-21 11:43:54,820 | INFO | data_loader | Loading OHLCV data from data_binance.btc_1m [2024-09-28 17:00:00+00:00 → 2026-04-17 03:00:00+00:00] …
2026-04-21 11:44:17,054 | INFO | data_loader | OHLCV loaded → shape: (814201, 6)  |  date range: 2024-09-28 17:00:00+00:00 → 2026-04-17 03:00:00+00:00
2026-04-21 11:46:34,003 | INFO | data_loader | Loading features from reddit.ml_features …
2026-04-21 11:46:35,571 | INFO | data_loader | Features loaded → shape: (13571, 26)  |  date range: 2024-09-28 17:00:00+00:00 → 2026-04-17 03:00:00+00:00
2026-04-21 11:46:35,572 | INFO | data_loader | Loading OHLCV data from data_binance.btc_1m [2024-09-28 17:00:00+00:00 → 2026-04-17 03:00:00+00:00] …
2026-04-21 11:47:00,683 | INFO | data_loader | OHLCV loaded → shape: (814201, 6)  |  date range: 2024-09-28 17:00:00+00:00 → 2026-04-17 03:00:00+00:00
2026-04-21 12:16:59,927 | INFO | data_loader | Loading features from reddit.ml_features …
2026-04-21 12:17:01,419 | INFO | data_loader | Features loaded → shape: (13571, 26)  |  date range: 2024-09-28 17:00:00+00:00 → 2026-04-17 03:00:00+00:00
2026-04-21 12:17:01,419 | INFO | data_loader | Loading OHLCV data from data_binance.btc_1m [2024-09-28 17:00:00+00:00 → 2026-04-17 03:00:00+00:00] …
2026-04-21 12:17:19,626 | INFO | data_loader | OHLCV loaded → shape: (814201, 6)  |  date range: 2024-09-28 17:00:00+00:00 → 2026-04-17 03:00:00+00:00
2026-04-21 12:17:36,294 | INFO | data_loader | Loading OHLCV data from data_binance.btc_1m [2024-09-28 17:00:00+00:00 → 2026-04-17 03:00:00+00:00] …
2026-04-21 12:17:52,943 | INFO | data_loader | OHLCV loaded → shape: (814201, 6)  |  date range: 2024-09-28 17:00:00+00:00 → 2026-04-17 03:00:00+00:00
2026-04-21 12:20:31,457 | INFO | data_loader | Loading features from reddit.ml_features …
2026-04-21 12:20:32,364 | INFO | data_loader | Features loaded → shape: (13571, 26)  |  date range: 2024-09-28 17:00:00+00:00 → 2026-04-17 03:00:00+00:00
2026-04-21 12:20:32,364 | INFO | data_loader | Loading OHLCV data from data_binance.btc_1m [2024-09-28 17:00:00+00:00 → 2026-04-17 03:00:00+00:00] …
2026-04-21 12:20:47,654 | INFO | data_loader | OHLCV loaded → shape: (814201, 6)  |  date range: 2024-09-28 17:00:00+00:00 → 2026-04-17 03:00:00+00:00
2026-04-21 12:21:06,756 | INFO | data_loader | Loading OHLCV data from data_binance.btc_1m [2024-09-28 17:00:00+00:00 → 2026-04-17 03:00:00+00:00] …
2026-04-21 12:21:27,063 | INFO | data_loader | OHLCV loaded → shape: (814201, 6)  |  date range: 2024-09-28 17:00:00+00:00 → 2026-04-17 03:00:00+00:00
2026-04-21 12:35:58,028 | INFO | data_loader | Loading features from reddit.ml_features …
2026-04-21 12:35:58,985 | INFO | data_loader | Features loaded → shape: (13571, 26)  |  date range: 2024-09-28 17:00:00+00:00 → 2026-04-17 03:00:00+00:00
2026-04-21 12:35:58,985 | INFO | data_loader | Loading OHLCV data from data_binance.btc_1m [2024-09-28 17:00:00+00:00 → 2026-04-17 03:00:00+00:00] …
2026-04-21 12:36:12,796 | INFO | data_loader | OHLCV loaded → shape: (814201, 6)  |  date range: 2024-09-28 17:00:00+00:00 → 2026-04-17 03:00:00+00:00
2026-04-21 12:36:23,607 | INFO | data_loader | Loading OHLCV data from data_binance.btc_1m [2026-01-22 06:00:00+00:00 → 2026-04-17 05:00:00+00:00] …
2026-04-21 12:36:40,517 | INFO | data_loader | OHLCV loaded → shape: (122341, 6)  |  date range: 2026-01-22 06:00:00+00:00 → 2026-04-17 05:00:00+00:00
2026-04-21 12:37:45,730 | INFO | data_loader | Loading features from reddit.ml_features …
2026-04-21 12:37:46,690 | INFO | data_loader | Features loaded → shape: (13571, 26)  |  date range: 2024-09-28 17:00:00+00:00 → 2026-04-17 03:00:00+00:00
2026-04-21 12:37:46,690 | INFO | data_loader | Loading OHLCV data from data_binance.btc_1m [2024-09-28 17:00:00+00:00 → 2026-04-17 03:00:00+00:00] …
2026-04-21 12:37:57,331 | INFO | data_loader | OHLCV loaded → shape: (814201, 6)  |  date range: 2024-09-28 17:00:00+00:00 → 2026-04-17 03:00:00+00:00
2026-04-21 12:38:08,028 | INFO | data_loader | Loading OHLCV data from data_binance.btc_1m [2026-01-22 06:00:00+00:00 → 2026-04-17 05:00:00+00:00] …
2026-04-21 12:38:21,413 | INFO | data_loader | OHLCV loaded → shape: (122341, 6)  |  date range: 2026-01-22 06:00:00+00:00 → 2026-04-17 05:00:00+00:00
2026-04-21 12:44:18,164 | INFO | data_loader | Loading features from reddit.ml_features …
2026-04-21 12:44:19,167 | INFO | data_loader | Features loaded → shape: (13571, 26)  |  date range: 2024-09-28 17:00:00+00:00 → 2026-04-17 03:00:00+00:00
2026-04-21 12:44:19,167 | INFO | data_loader | Loading OHLCV data from data_binance.btc_1m [2024-09-28 17:00:00+00:00 → 2026-04-17 03:00:00+00:00] …
2026-04-21 12:44:42,648 | INFO | data_loader | Loading features from reddit.ml_features …
2026-04-21 12:44:43,287 | INFO | data_loader | Features loaded → shape: (13571, 26)  |  date range: 2024-09-28 17:00:00+00:00 → 2026-04-17 03:00:00+00:00
2026-04-21 12:44:43,287 | INFO | data_loader | Loading OHLCV data from data_binance.btc_1m [2024-09-28 17:00:00+00:00 → 2026-04-17 03:00:00+00:00] …
2026-04-21 12:44:55,953 | INFO | data_loader | OHLCV loaded → shape: (814201, 6)  |  date range: 2024-09-28 17:00:00+00:00 → 2026-04-17 03:00:00+00:00
2026-04-21 12:45:15,902 | INFO | data_loader | Loading OHLCV data from data_binance.btc_1m [2026-01-22 06:00:00+00:00 → 2026-04-17 05:00:00+00:00] …
2026-04-21 12:45:40,412 | INFO | data_loader | OHLCV loaded → shape: (122341, 6)  |  date range: 2026-01-22 06:00:00+00:00 → 2026-04-17 05:00:00+00:00
