2026-04-15 13:04:42,163 | INFO | feature_pipeline | Loading data from DB… [OHLCV: data_binance.btc_1m] [Posts: reddit.posts_sentiment_hourly] [Comments: reddit.comments_sentiment_hourly]
2026-04-15 13:04:56,991 | INFO | feature_pipeline | Loaded | OHLCV: 1,728,538 rows | Posts: 169 rows | Comments: 522 rows
2026-04-15 13:04:57,153 | INFO | feature_pipeline | [post] Sentiment features built | shape: (169, 12) | NaNs: 0
2026-04-15 13:04:57,155 | INFO | feature_pipeline | [comment] Sentiment features built | shape: (522, 12) | NaNs: 0
2026-04-15 13:04:57,230 | INFO | feature_pipeline | Sentiment combined | shape: (578, 27) | NaNs: 5115
2026-04-15 13:04:58,078 | INFO | feature_pipeline | OHLCV features built | interval: 1h | shape: (28808, 10) | NaNs: 0
2026-04-15 13:04:58,134 | INFO | feature_pipeline | Merged | shape: (28808, 36) | NaNs: 0
2026-04-15 13:04:58,154 | INFO | feature_pipeline | Alpha features built | NaNs: 0
2026-04-15 13:04:58,166 | INFO | feature_pipeline | Targets built | shape after drop: (28807, 42) | Class balance: {1.0: 14620, 0.0: 14187}
2026-04-15 13:04:58,201 | INFO | feature_pipeline | Final clean | shape: (28807, 26)
2026-04-15 13:05:34,882 | INFO | feature_pipeline | Saved to DB: ml_features
2026-04-15 13:05:34,882 | INFO | feature_pipeline | 
────────────────────────────────────────────────────────────
2026-04-15 13:05:34,882 | INFO | feature_pipeline | DATASET DIAGNOSTICS
2026-04-15 13:05:34,882 | INFO | feature_pipeline | ────────────────────────────────────────────────────────────
2026-04-15 13:05:34,885 | INFO | feature_pipeline | 
Shape:  28,807 rows × 26 columns
2026-04-15 13:05:34,904 | INFO | feature_pipeline | NaNs in features:  0  (should be 0)
2026-04-15 13:05:34,917 | INFO | feature_pipeline | 
Class balance (target):
target
1.0    50.8
0.0    49.2
2026-04-15 13:05:35,009 | INFO | feature_pipeline | 
Top-10 features by |correlation| with target:
2026-04-15 13:05:35,012 | INFO | feature_pipeline | returns               0.062850
price_momentum        0.049118
divergence            0.049113
volume_change         0.012382
volatility            0.011343
sentiment_combined    0.010104
comment_lag_1         0.009437
comment_lag_4         0.006475
sentiment_spike       0.006285
comment_lag_2         0.006248
2026-04-15 13:05:35,012 | INFO | feature_pipeline | 
target_return summary:
2026-04-15 13:05:35,012 | INFO | feature_pipeline | count    28807.000000
mean         0.000065
std          0.005028
min         -0.062584
25%         -0.001926
50%          0.000054
75%          0.002094
max          0.055638
2026-04-15 13:05:35,012 | INFO | feature_pipeline | 
────────────────────────────────────────────────────────────

2026-04-15 13:05:35,023 | INFO | feature_pipeline | 
Done. Final shape: (28807, 26)
2026-04-15 16:00:35,789 | INFO | feature_pipeline | Loading data from DB… [OHLCV: data_binance.btc_1m] [Posts: reddit.posts_sentiment_hourly] [Comments: reddit.comments_sentiment_hourly]
2026-04-15 16:00:56,961 | INFO | feature_pipeline | Loaded | OHLCV: 1,728,538 rows | Posts: 213 rows | Comments: 695 rows
2026-04-16 12:02:03,032 | INFO | feature_pipeline | 🚀 FEATURE PIPELINE START
2026-04-16 12:02:03,039 | INFO | feature_pipeline | 📥 Loading sentiment data…
2026-04-16 12:02:03,610 | INFO | feature_pipeline |   Posts rows:    213
2026-04-16 12:02:03,610 | INFO | feature_pipeline |   Comments rows: 695
2026-04-16 12:02:03,614 | INFO | feature_pipeline | 📅 Global date range → start: 2024-09-30 17:00:00+00:00  |  end: 2026-04-15 09:00:00+00:00
2026-04-16 12:02:03,615 | INFO | feature_pipeline | 📈 Fetching OHLCV [data_binance.btc_1m] 2024-09-30 17:00:00+00:00 → 2026-04-15 09:00:00+00:00
2026-04-16 12:02:19,156 | INFO | feature_pipeline |   OHLCV rows fetched: 808,801
2026-04-16 12:02:19,156 | INFO | feature_pipeline | 🧮 Engineering sentiment features…
2026-04-16 12:02:19,213 | INFO | feature_pipeline | 🔗 Combining post + comment sentiment features…
2026-04-16 12:02:19,248 | INFO | feature_pipeline |   Combined sentiment rows: 780
2026-04-16 12:02:19,249 | INFO | feature_pipeline | 📊 Resampling OHLCV to 1h…
2026-04-16 12:02:19,593 | INFO | feature_pipeline |   Hourly candles: 13,481
2026-04-16 12:02:19,603 | INFO | feature_pipeline | 🔀 Merging OHLCV + sentiment…
2026-04-16 12:02:19,652 | INFO | feature_pipeline |   Merged rows: 13,481
2026-04-16 12:02:19,660 | INFO | feature_pipeline | ⚡ Building alpha features…
2026-04-16 12:02:19,671 | INFO | feature_pipeline | 🎯 Building target variables…
2026-04-16 12:02:19,686 | INFO | feature_pipeline |   Rows after target construction: 13,480
2026-04-16 12:02:19,687 | INFO | feature_pipeline | 🗂 Selecting final feature set…
2026-04-16 12:02:19,716 | INFO | feature_pipeline |   Final shape: (13480, 26)
2026-04-16 12:02:19,716 | INFO | feature_pipeline | 💾 Saving outputs…
2026-04-16 12:02:32,357 | INFO | feature_pipeline |   ✅ Saved to DB: ml_features.ml_features
2026-04-16 12:02:32,893 | INFO | feature_pipeline |   ✅ CSV: d:\trading\TradeX\sentiments\ml_feature\features.csv
2026-04-16 12:02:33,264 | INFO | feature_pipeline |   ✅ Parquet: d:\trading\TradeX\sentiments\ml_feature\features.parquet
2026-04-16 12:02:33,266 | INFO | feature_pipeline | ========================================================================
2026-04-16 12:02:33,266 | INFO | feature_pipeline | 📋 DIAGNOSTICS
2026-04-16 12:02:33,266 | INFO | feature_pipeline | ========================================================================
2026-04-16 12:02:33,266 | INFO | feature_pipeline |   Shape: (13480, 26)
2026-04-16 12:02:33,269 | INFO | feature_pipeline |   ✅ Missing values: 0 (feature columns)
2026-04-16 12:02:33,294 | INFO | feature_pipeline |   📈 Top 10 feature correlations with 'target':
2026-04-16 12:02:33,294 | INFO | feature_pipeline |     returns                                       -0.0427
2026-04-16 12:02:33,294 | INFO | feature_pipeline |     price_momentum                                -0.0403
2026-04-16 12:02:33,294 | INFO | feature_pipeline |     divergence                                    +0.0403
2026-04-16 12:02:33,294 | INFO | feature_pipeline |     volatility                                    +0.0135
2026-04-16 12:02:33,294 | INFO | feature_pipeline |     sentiment_spike                               +0.0117
2026-04-16 12:02:33,294 | INFO | feature_pipeline |     post_lag_3                                    -0.0112
2026-04-16 12:02:33,294 | INFO | feature_pipeline |     comment_lag_3                                 +0.0108
2026-04-16 12:02:33,305 | INFO | feature_pipeline |     comment_lag_5                                 +0.0086
2026-04-16 12:02:33,305 | INFO | feature_pipeline |     post_lag_1                                    +0.0074
2026-04-16 12:02:33,305 | INFO | feature_pipeline |     sentiment_price_interaction                   +0.0063
2026-04-16 12:02:33,310 | INFO | feature_pipeline |   ⚖️  Class balance (target):
2026-04-16 12:02:33,310 | INFO | feature_pipeline |     DOWN(0): 49.6%
2026-04-16 12:02:33,310 | INFO | feature_pipeline |     UP  (1): 50.4%
2026-04-16 12:02:33,310 | INFO | feature_pipeline | ========================================================================
2026-04-16 12:02:33,310 | INFO | feature_pipeline | ✅ FEATURE PIPELINE COMPLETE
2026-04-16 12:02:33,315 | INFO | feature_pipeline |                    datetime  sentiment_combined  ...  target  target_return
0 2024-09-30 17:00:00+00:00                 0.0  ...       0      -0.005768
1 2024-09-30 18:00:00+00:00                 0.0  ...       1       0.002624
2 2024-09-30 19:00:00+00:00                 0.0  ...       1       0.004977
3 2024-09-30 20:00:00+00:00                 0.0  ...       0      -0.001724
4 2024-09-30 21:00:00+00:00                 0.0  ...       0      -0.003461

[5 rows x 26 columns]
