2026-01-26 13:19:31,780 | INFO | indicators_main | SMA:, [127.8615054  129.94256818 133.66498767 130.77484817 128.4625347 ]
2026-01-26 13:19:31,780 | INFO | indicators_main | EMA: [134.35195349 133.90244851 131.44068897 121.43091797 114.44295771]
2026-01-26 13:19:31,791 | INFO | indicators_main | DEMA: [142.10836972 140.23510492 134.79546627 115.66325676 103.38808577]
2026-01-26 13:19:31,792 | INFO | indicators_main | TEMA: [145.76615314 142.17125871 133.89263765 106.97469192  91.27574694]
2026-01-26 13:19:31,793 | INFO | indicators_main | WMA: [137.05905071 137.47493881 135.54116331 125.23481915 117.00100153]
2026-01-26 13:19:31,798 | INFO | indicators_main | KAMA: [109.62280821 109.83369885 109.92819885 109.24825654 108.82613925]
2026-01-26 13:19:31,799 | INFO | indicators_main | HT Trendline: [128.79084861 128.39847125 128.49715748 128.4974708  127.81880145]
2026-01-26 13:19:31,800 | INFO | indicators_main | BBANDS Upper: [204.81578859 200.59503607 197.54434653 200.94226082 200.51761697]
2026-01-26 13:19:31,801 | INFO | indicators_main | BBANDS Middle: [125.33995712 123.48948259 126.36256979 123.83427213 124.04949843]
2026-01-26 13:19:31,802 | INFO | indicators_main | BBANDS Lower: [45.86412566 46.38392911 55.18079305 46.72628344 47.58137989]
2026-01-26 13:19:31,803 | INFO | indicators_main | MIDPOINT: [124.01890618 124.01890618 126.55560802 120.53991987 120.53991987]
2026-01-26 13:19:31,803 | INFO | indicators_main | MIDPRICE: [122.39700356 122.39700356 126.75839996 118.21429046 118.21429046]
2026-01-26 13:19:31,804 | INFO | indicators_main | MAMA: [137.99624308 137.64546423 126.54235811 123.03361053 120.3329908 ]
2026-01-26 13:19:31,804 | INFO | indicators_main | FAMA: [132.50522201 132.63372807 131.11088558 130.9089537  130.64455463]
2026-01-26 13:19:31,805 | INFO | indicators_main | MAVP: [125.33995712 138.25343465 127.3851598  131.53618058 121.17787229]
2026-01-26 13:19:31,805 | INFO | indicators_main | SAR: [174.39824402 172.26601186 170.17642433 168.12862856 163.43142008]
2026-01-26 13:19:31,806 | INFO | indicators_main | SAREXT: [-174.39824402 -172.26601186 -170.17642433 -168.12862856 -163.43142008]
2026-01-26 13:19:31,807 | INFO | indicators_main | ADX: [5.20831618 4.91643802 4.63220877 5.11978878 5.40338401]
2026-01-26 13:19:31,808 | INFO | indicators_main | ADXR: [5.42145165 5.33105962 5.06384591 5.16951533 5.38501444]
2026-01-26 13:19:31,808 | INFO | indicators_main | PLUS_DI: [47.56541425 47.98993669 46.55878657 41.72040928 42.75257684]
2026-01-26 13:19:31,809 | INFO | indicators_main | MINUS_DI: [47.49048744 46.92497063 47.43976788 52.5186281  51.30227792]
2026-01-26 13:19:31,809 | INFO | indicators_main | MACD: [ 6.08146386  5.25980265  3.31633929 -2.9563942  -6.82781718]
2026-01-26 13:19:31,810 | INFO | indicators_main | MACD Signal: [4.03247912 4.27794383 4.08562292 2.6772195  0.77621216]
2026-01-26 13:19:31,810 | INFO | indicators_main | MACD Hist: [ 2.04898474  0.98185882 -0.76928363 -5.6336137  -7.60402934]
2026-01-26 13:19:31,811 | INFO | indicators_main | RSI: [49.68293007 50.14670748 48.77051637 43.84521084 45.12366845]
2026-01-26 13:19:31,811 | INFO | indicators_main | MOM: [  24.12007413  -27.94126879  -28.45515151 -128.3450268   -52.21605461]
2026-01-26 13:19:31,812 | INFO | indicators_main | ROC: [ 23.78855573 -17.58175724 -19.77502309 -69.48369665 -43.06930892]
2026-01-26 13:19:31,812 | INFO | indicators_main | ROCP: [ 0.23788556 -0.17581757 -0.19775023 -0.69483697 -0.43069309]
2026-01-26 13:19:31,812 | INFO | indicators_main | ROCR: [1.23788556 0.82418243 0.80224977 0.30516303 0.56930691]
2026-01-26 13:19:31,813 | INFO | indicators_main | ROCR100: [123.78855573  82.41824276  80.22497691  30.51630335  56.93069108]
2026-01-26 13:19:31,813 | INFO | indicators_main | TRIX: [0.084161   0.10028083 0.11095844 0.10395132 0.08538467]
2026-01-26 13:19:31,813 | INFO | indicators_main | CMO: [ -0.63413987   0.29341496  -2.45896725 -12.30957832  -9.7526631 ]
2026-01-26 13:19:31,814 | INFO | indicators_main | AROON Up: [ 14.28571429   7.14285714   0.         100.          92.85714286]
2026-01-26 13:19:31,814 | INFO | indicators_main | AROON Down: [50.         42.85714286 35.71428571 28.57142857 21.42857143]
2026-01-26 13:19:31,815 | INFO | indicators_main | AROONOSC: [ 35.71428571  35.71428571  35.71428571 -71.42857143 -71.42857143]
2026-01-26 13:19:31,816 | INFO | indicators_main | ULTOSC: [44.46482045 51.99132502 56.71384732 35.55776307 38.24993921]
2026-01-26 13:19:31,817 | INFO | indicators_main | WILLR: [-47.53946029 -43.22340582 -59.59709117 -95.80173557 -86.43074707]
2026-01-26 13:19:31,817 | INFO | indicators_main | MFI: [60.71535579 66.98226763 67.80492541 62.45169237 61.54603303]
2026-01-26 13:19:31,817 | INFO | indicators_main | BOP: [0.33147847 0.34369371 0.23507278 0.33835451 0.65590072]
2026-01-26 13:19:31,817 | INFO | indicators_main | STOCH SlowK: [65.88775891 64.50196971 49.88001424 33.79258915 19.39014207]
2026-01-26 13:19:31,818 | INFO | indicators_main | STOCH SlowD: [71.8804206  68.73250891 60.08991429 49.39152437 34.35424849]
2026-01-26 13:19:31,818 | INFO | indicators_main | STOCHF FastK: [52.46053971 56.77659418 40.40290883  4.19826443 13.56925293]
2026-01-26 13:19:31,819 | INFO | indicators_main | STOCHF FastD: [65.88775891 64.50196971 49.88001424 33.79258915 19.39014207]
2026-01-26 13:19:31,819 | INFO | indicators_main | STOCHRSI FastK: [ 0.         13.72938493  0.          0.         20.28815818]
2026-01-26 13:19:31,820 | INFO | indicators_main | STOCHRSI FastD: [56.38502509 37.90979498  4.57646164  4.57646164  6.76271939]
2026-01-26 13:19:31,820 | INFO | indicators_main | AD Line: [1282.99078143 3673.33463054 3487.16569726 5944.48755964 8461.83664663]
2026-01-26 13:19:31,821 | INFO | indicators_main | ADOSC: [2463.76943385 3079.97590421 2992.8269902  3466.97511884 4146.73996107]
2026-01-26 13:19:31,821 | INFO | indicators_main | OBV: [-11365.45086213  -8030.82641472  -9341.76496258 -14239.34419325
  -9294.50121533]
2026-01-26 13:19:31,822 | INFO | indicators_main | HT_DC Period: [13.4524729  13.92184967 14.53949152 14.67399123 14.44102498]
2026-01-26 13:19:31,822 | INFO | indicators_main | HT_DC Phase: [209.67105426 214.55241174 236.968917   262.21641893 287.22042139]
2026-01-26 13:19:31,822 | INFO | indicators_main | HT Phasor InPhase: [-34.04932482 -18.39125334  21.84641762  13.3501242   18.5013053 ]
2026-01-26 13:19:31,823 | INFO | indicators_main | HT Phasor Quadrature: [-35.73797469  47.59194817  28.06279906  -1.97246859 -12.5159268 ]
2026-01-26 13:19:31,823 | INFO | indicators_main | HT Sine: [-0.49501977 -0.56715988 -0.83837498 -0.99078669 -0.95517291]
2026-01-26 13:19:31,823 | INFO | indicators_main | HT LeadSine: [-0.96442399 -0.9834212  -0.97826025 -0.79635663 -0.46607133]
2026-01-26 13:19:31,824 | INFO | indicators_main | HT TrendMode: [1 1 0 1 1]
2026-01-26 13:19:31,824 | INFO | indicators_main | AVGPRICE: [124.21413216 128.99756249 115.3097891   54.78174831  67.76124964]
2026-01-26 13:19:31,824 | INFO | indicators_main | MEDPRICE: [123.63675524 128.29982972 115.83437583  54.47335888  67.92003425]
2026-01-26 13:19:31,825 | INFO | indicators_main | TYPPRICE: [124.2623964  129.19344186 115.70266789  55.10470808  68.28709484]
2026-01-26 13:19:31,825 | INFO | indicators_main | WCLPRICE: [124.57521697 129.64024792 115.63681391  55.42038268  68.47062513]
2026-01-26 13:19:31,826 | INFO | indicators_main | ATR: [47.75200122 44.87541157 42.95064064 44.50708312 42.30769756]
2026-01-26 13:19:31,826 | INFO | indicators_main | NATR: [38.04525667 34.26109585 37.20627074 78.95889825 61.29665631]
2026-01-26 13:19:31,826 | INFO | indicators_main | TRANGE: [44.3458774   7.47974616 17.92861851 64.74083536 13.71568531]
2026-01-26 13:19:31,826 | INFO | indicators_main | CDLDOJI: [0 0 0 0 0]
2026-01-26 13:19:31,827 | INFO | indicators_main | CDLENGULFING: [0 0 0 0 0]
2026-01-26 13:19:31,827 | INFO | indicators_main | CDLMORNINGSTAR: [0 0 0 0 0]
2026-01-26 13:19:31,827 | INFO | indicators_main | BETA: [ 0.79427085  1.6322028   2.25255054  1.09935018 -0.11075649]
2026-01-26 13:19:31,828 | INFO | indicators_main | CORREL: [-0.08727186 -0.10036332 -0.08490189  0.04698364  0.12828234]
2026-01-26 13:19:31,828 | INFO | indicators_main | LinearReg: [155.45414132 152.53968005 139.29351459 114.15476113  94.0779352 ]
2026-01-26 13:19:31,828 | INFO | indicators_main | LinearReg Angle: [ 76.7444979   73.95225749  40.89017986 -68.63987896 -79.29523381]
2026-01-26 13:19:31,829 | INFO | indicators_main | LinearReg Intercept: [100.26886948 107.34545631 128.03646076 147.3949352  162.84713419]
2026-01-26 13:19:31,829 | INFO | indicators_main | LinearReg Slope: [ 4.24502091  3.47647875  0.86592722 -2.55693647 -5.28993838]
2026-01-26 13:19:31,829 | INFO | indicators_main | STDDEV: [36.11143273 35.38439739 30.59795126 35.4646671  38.25085907]
2026-01-26 13:19:31,830 | INFO | indicators_main | TSF: [159.69916223 156.0161588  140.15944181 111.59782466  88.78799682]
2026-01-26 13:19:31,830 | INFO | indicators_main | VAR: [1304.03557414 1252.0555783   936.23462136 1257.74261242 1463.12821949]
2026-01-26 18:10:04,571 | INFO | indicators_main | SMA:, [92844.04285714 92790.22142857 92688.55       92519.23571429
 92368.86428571]
2026-01-26 18:10:04,578 | INFO | indicators_main | EMA: [92785.25129679 92684.04445722 92538.18519626 92319.02717009
 92155.14354741]
2026-01-26 18:10:04,583 | INFO | indicators_main | DEMA: [92509.22886946 92357.1124259  92128.43274295 91773.97142121
 91540.72942539]
2026-01-26 18:10:04,586 | INFO | indicators_main | TEMA: [92537.62482733 92337.60059927 92039.74479414 91579.84567608
 91312.3765229 ]
2026-01-26 18:10:04,588 | INFO | indicators_main | WMA: [92733.7847619  92624.73904762 92464.72285714 92225.51619048
 92034.93809524]
2026-01-26 18:10:04,589 | INFO | indicators_main | KAMA: [92933.21753366 92867.37028703 92642.89827362 92087.76375227
 91849.13606453]
2026-01-26 18:10:04,592 | INFO | indicators_main | HT Trendline: [92920.684      92892.186      92842.348      92755.23210526
 92655.30078947]
2026-01-26 18:10:04,596 | INFO | indicators_main | BBANDS Upper: [93411.52707587 93465.20967561 93599.58340502 93825.45048641
 93891.95318148]
2026-01-26 18:10:04,597 | INFO | indicators_main | BBANDS Middle: [92909.685 92850.98  92780.485 92674.15  92571.81 ]
2026-01-26 18:10:04,598 | INFO | indicators_main | BBANDS Lower: [92407.84292413 92236.75032438 91961.38659498 91522.84951359
 91251.66681852]
2026-01-26 18:10:04,600 | INFO | indicators_main | MIDPOINT: [92830.95 92645.55 92427.5  92044.8  92000.95]
2026-01-26 18:10:04,601 | INFO | indicators_main | MIDPRICE: [92747.5  92639.5  92307.25 92037.6  92017.7 ]
2026-01-26 18:10:04,602 | INFO | indicators_main | MAMA: [92761.57520293 92724.80644279 92668.07112065 91781.28556032
 91435.59278016]
2026-01-26 18:10:04,603 | INFO | indicators_main | FAMA: [93276.26500721 93262.4785431  93247.61835754 92881.03515824
 92519.67456372]
2026-01-26 18:10:04,604 | INFO | indicators_main | MAVP: [92826.87777778 92843.13684211 92773.44814815 92467.24615385
 92476.50625   ]
2026-01-26 18:10:04,606 | INFO | indicators_main | SAR: [93084.29693338 93032.92505604 92983.6080538  92878.72157057
 92706.28784493]
2026-01-26 18:10:04,607 | INFO | indicators_main | SAREXT: [-93084.29693338 -93032.92505604 -92983.6080538  -92878.72157057
 -92706.28784493]
2026-01-26 18:10:04,608 | INFO | indicators_main | ADX: [31.94835703 33.17625708 35.12057126 37.36508486 39.44927606]
2026-01-26 18:10:04,609 | INFO | indicators_main | ADXR: [34.33152726 34.63253028 34.75002055 35.07865816 35.6470806 ]
2026-01-26 18:10:04,610 | INFO | indicators_main | PLUS_DI: [12.93030269 11.6585301  10.06619385  8.67353997  8.23739709]
2026-01-26 18:10:04,611 | INFO | indicators_main | MINUS_DI: [31.85613934 34.18610693 40.76887568 43.17652087 41.00541974]
2026-01-26 18:10:04,611 | INFO | indicators_main | MACD: [-321.72318718 -355.09316325 -411.97968966 -507.34343895 -560.68947115]
2026-01-26 18:10:04,612 | INFO | indicators_main | MACD Signal: [-331.342377   -336.09253425 -351.26996533 -382.48466005 -418.12562227]
2026-01-26 18:10:04,612 | INFO | indicators_main | MACD Hist: [   9.61918982  -19.00062901  -60.70972433 -124.8587789  -142.56384887]
2026-01-26 18:10:04,613 | INFO | indicators_main | RSI: [32.81451815 27.71306213 23.15391512 18.05246392 23.17319249]
2026-01-26 18:10:04,614 | INFO | indicators_main | MOM: [ -798.1  -996.7 -1476.1 -2212.9 -1878.6]
2026-01-26 18:10:04,614 | INFO | indicators_main | ROC: [-0.8563755  -1.0714566  -1.58607529 -2.37671764 -2.02068443]
2026-01-26 18:10:04,615 | INFO | indicators_main | ROCP: [-0.00856375 -0.01071457 -0.01586075 -0.02376718 -0.02020684]
2026-01-26 18:10:04,615 | INFO | indicators_main | ROCR: [0.99143625 0.98928543 0.98413925 0.97623282 0.97979316]
2026-01-26 18:10:04,616 | INFO | indicators_main | ROCR100: [99.1436245  98.9285434  98.41392471 97.62328236 97.97931557]
2026-01-26 18:10:04,616 | INFO | indicators_main | TRIX: [-0.0456162  -0.04607845 -0.04672039 -0.04768781 -0.04884271]
2026-01-26 18:10:04,618 | INFO | indicators_main | CMO: [-34.37096371 -44.57387573 -53.69216975 -63.89507215 -53.65361502]
2026-01-26 18:10:04,618 | INFO | indicators_main | AROON Up: [ 71.42857143 100.         100.         100.          92.85714286]
2026-01-26 18:10:04,619 | INFO | indicators_main | AROON Down: [21.42857143 14.28571429  7.14285714  0.          0.        ]
2026-01-26 18:10:04,620 | INFO | indicators_main | AROONOSC: [ -50.          -85.71428571  -92.85714286 -100.          -92.85714286]
2026-01-26 18:10:04,621 | INFO | indicators_main | ULTOSC: [47.70915583 47.71468103 50.18342946 41.70015264 42.45871799]
2026-01-26 18:10:04,622 | INFO | indicators_main | WILLR: [-77.75138559 -91.46720757 -83.45696291 -93.48702731 -85.83899876]
2026-01-26 18:10:04,623 | INFO | indicators_main | MFI: [37.76452494 37.41440297 23.6976209  14.61172622 10.76350508]
2026-01-26 18:10:04,623 | INFO | indicators_main | BOP: [-0.27341999 -0.68635438 -0.54078849 -0.79000568  0.62448066]
2026-01-26 18:10:04,624 | INFO | indicators_main | STOCH SlowK: [33.16442333 20.89388146 15.77481464 10.52960073 12.40567034]
2026-01-26 18:10:04,625 | INFO | indicators_main | STOCH SlowD: [38.69710566 31.52959592 23.27770648 15.73276561 12.9033619 ]
2026-01-26 18:10:04,625 | INFO | indicators_main | STOCHF FastK: [22.24861441  8.53279243 16.54303709  6.51297269 14.16100124]
2026-01-26 18:10:04,626 | INFO | indicators_main | STOCHF FastD: [33.16442333 20.89388146 15.77481464 10.52960073 12.40567034]
2026-01-26 18:10:04,627 | INFO | indicators_main | STOCHRSI FastK: [ 0.         0.         0.         0.        34.6884552]
2026-01-26 18:10:04,629 | INFO | indicators_main | STOCHRSI FastD: [ 3.30127265e+01  1.15888206e+01 -2.36847579e-15 -2.36847579e-15
  1.15628184e+01]
2026-01-26 18:10:04,630 | INFO | indicators_main | AD Line: [ 5081.45171139  3115.33409502  1226.54257209 -7744.59951491
 -5132.31634073]
2026-01-26 18:10:04,631 | INFO | indicators_main | ADOSC: [  861.54766725    84.96562068  -841.43030301 -3998.3710901
 -4095.17757576]
2026-01-26 18:10:04,633 | INFO | indicators_main | OBV: [-30588.886 -34279.884 -49921.56  -64601.156 -61014.568]
2026-01-26 18:10:04,633 | INFO | indicators_main | HT_DC Period: [19.88700285 19.73089031 19.60695123 19.41446188 19.23592858]
2026-01-26 18:10:04,634 | INFO | indicators_main | HT_DC Phase: [313.89858784 -36.78217061 -32.75101198 -30.53106322 -28.48733879]
2026-01-26 18:10:04,635 | INFO | indicators_main | HT Phasor InPhase: [-397.060148   -488.10165192 -307.96881035 -159.5659052  -150.29622947]
2026-01-26 18:10:04,635 | INFO | indicators_main | HT Phasor Quadrature: [-410.93617821   91.15375848  353.96883707  146.89820331 -220.96635971]
2026-01-26 18:10:04,636 | INFO | indicators_main | HT Sine: [-0.7205682  -0.5987744  -0.54098933 -0.50800543 -0.47696455]
2026-01-26 18:10:04,636 | INFO | indicators_main | HT LeadSine: [-0.01922208  0.14293693  0.21216041  0.24985508  0.28422722]
2026-01-26 18:10:04,638 | INFO | indicators_main | HT TrendMode: [0 0 0 0 1]
2026-01-26 18:10:04,639 | INFO | indicators_main | AVGPRICE: [92440.55  92190.8   91723.5   91202.925 90984.075]
2026-01-26 18:10:04,639 | INFO | indicators_main | MEDPRICE: [92423.1  92170.05 91638.8  91163.55 90975.95]
2026-01-26 18:10:04,640 | INFO | indicators_main | TYPPRICE: [92414.4        92122.1        91622.56666667 91073.86666667
 91013.93333333]
2026-01-26 18:10:04,641 | INFO | indicators_main | WCLPRICE: [92410.05  92098.125 91614.45  91029.025 91032.925]
2026-01-26 18:10:04,643 | INFO | indicators_main | ATR: [380.85982537 392.23412355 421.83168616 454.59370857 444.47272939]
2026-01-26 18:10:04,644 | INFO | indicators_main | NATR: [0.41219934 0.42622006 0.46056472 0.50013335 0.48794952]
2026-01-26 18:10:04,644 | INFO | indicators_main | TRANGE: [446.2 540.1 806.6 880.5 312.9]
2026-01-26 18:10:04,646 | INFO | indicators_main | CDLDOJI: [0 0 0 0 0]
2026-01-26 18:10:04,646 | INFO | indicators_main | CDLENGULFING: [0 0 0 0 0]
2026-01-26 18:10:04,650 | INFO | indicators_main | CDLMORNINGSTAR: [0 0 0 0 0]
2026-01-26 18:10:04,650 | INFO | indicators_main | BETA: [  89.08376732 -264.83063826  -51.80975692 -101.12528527  -44.46800398]
2026-01-26 18:10:04,651 | INFO | indicators_main | CORREL: [ 0.10329877 -0.10281769 -0.14676978 -0.24615005 -0.3369688 ]
2026-01-26 18:10:04,652 | INFO | indicators_main | LinearReg: [92513.26857143 92293.77428571 92017.06857143 91638.07714286
 91367.08571429]
2026-01-26 18:10:04,652 | INFO | indicators_main | LinearReg Angle: [-88.87423341 -89.24986719 -89.44538908 -89.57735665 -89.62824385]
2026-01-26 18:10:04,653 | INFO | indicators_main | LinearReg Intercept: [93174.81714286 93286.66857143 93360.03142857 93400.39428571
 93370.64285714]
2026-01-26 18:10:04,654 | INFO | indicators_main | LinearReg Slope: [ -50.88835165  -76.37648352 -103.30483516 -135.56285714 -154.11978022]
2026-01-26 18:10:04,654 | INFO | indicators_main | STDDEV: [270.16797344 342.89135759 454.48257667 619.72662591 689.02111683]
2026-01-26 18:10:04,655 | INFO | indicators_main | TSF: [92462.38021978 92217.3978022  91913.76373626 91502.51428571
 91212.96593407]
2026-01-26 18:10:04,656 | INFO | indicators_main | VAR: [ 72990.73387337 117574.48311234 206554.41249466 384061.09086227
 474750.09943867]
