2026-01-20 13:53:12,598 | WARNING | kraken_fetcher | Kraken API credentials not found. Public endpoints will still work.
2026-01-20 13:53:13,361 | INFO | kraken_fetcher | KrakenFuturesFetcher initialized | BTC | trade | 2026-01-06 → now
2026-01-20 13:53:13,362 | INFO | kraken_fetcher | Fetching BTC from 1767639600 → 1768881193
2026-01-20 13:53:14,471 | ERROR | kraken_fetcher | Request error: 400 Client Error: Bad Request for url: https://futures.kraken.com/api/charts/v1/trade/BTC/1m?from=1767639600&to=1768881193
2026-01-20 13:53:14,471 | WARNING | kraken_fetcher | No data fetched.
2026-01-20 13:53:14,496 | INFO | kraken_fetcher | KrakenFuturesFetcher initialized | ETH | trade | 2026-01-06 → now
2026-01-20 13:53:14,496 | INFO | kraken_fetcher | Fetching ETH from 1767639600 → 1768881194
2026-01-20 13:53:15,244 | ERROR | kraken_fetcher | Request error: 400 Client Error: Bad Request for url: https://futures.kraken.com/api/charts/v1/trade/ETH/1m?from=1767639600&to=1768881194
2026-01-20 13:53:15,244 | WARNING | kraken_fetcher | No data fetched.
2026-01-20 13:53:15,264 | INFO | kraken_fetcher | KrakenFuturesFetcher initialized | BNB | trade | 2026-01-06 → now
2026-01-20 13:53:15,265 | INFO | kraken_fetcher | Fetching BNB from 1767639600 → 1768881195
2026-01-20 13:53:16,015 | ERROR | kraken_fetcher | Request error: 400 Client Error: Bad Request for url: https://futures.kraken.com/api/charts/v1/trade/BNB/1m?from=1767639600&to=1768881195
2026-01-20 13:53:16,015 | WARNING | kraken_fetcher | No data fetched.
2026-01-20 13:53:16,022 | INFO | kraken_fetcher | KrakenFuturesFetcher initialized | ADA | trade | 2026-01-06 → now
2026-01-20 13:53:16,023 | INFO | kraken_fetcher | Fetching ADA from 1767639600 → 1768881196
2026-01-20 13:53:17,317 | ERROR | kraken_fetcher | Request error: 400 Client Error: Bad Request for url: https://futures.kraken.com/api/charts/v1/trade/ADA/1m?from=1767639600&to=1768881196
2026-01-20 13:53:17,317 | WARNING | kraken_fetcher | No data fetched.
2026-01-20 13:53:17,325 | INFO | kraken_fetcher | KrakenFuturesFetcher initialized | XRP | trade | 2026-01-06 → now
2026-01-20 13:53:17,326 | INFO | kraken_fetcher | Fetching XRP from 1767639600 → 1768881197
2026-01-20 13:53:18,627 | ERROR | kraken_fetcher | Request error: 400 Client Error: Bad Request for url: https://futures.kraken.com/api/charts/v1/trade/XRP/1m?from=1767639600&to=1768881197
2026-01-20 13:53:18,627 | WARNING | kraken_fetcher | No data fetched.
2026-01-20 13:53:18,645 | INFO | kraken_fetcher | KrakenFuturesFetcher initialized | DOGE | trade | 2026-01-06 → now
2026-01-20 13:53:18,645 | INFO | kraken_fetcher | Fetching DOGE from 1767639600 → 1768881198
2026-01-20 13:53:19,398 | ERROR | kraken_fetcher | Request error: 400 Client Error: Bad Request for url: https://futures.kraken.com/api/charts/v1/trade/DOGE/1m?from=1767639600&to=1768881198
2026-01-20 13:53:19,398 | WARNING | kraken_fetcher | No data fetched.
2026-01-20 13:53:19,417 | INFO | kraken_fetcher | KrakenFuturesFetcher initialized | SOL | trade | 2026-01-06 → now
2026-01-20 13:53:19,417 | INFO | kraken_fetcher | Fetching SOL from 1767639600 → 1768881199
2026-01-20 13:53:20,147 | ERROR | kraken_fetcher | Request error: 400 Client Error: Bad Request for url: https://futures.kraken.com/api/charts/v1/trade/SOL/1m?from=1767639600&to=1768881199
2026-01-20 13:53:20,147 | WARNING | kraken_fetcher | No data fetched.
2026-01-20 13:53:20,157 | INFO | kraken_fetcher | KrakenFuturesFetcher initialized | DOT | trade | 2026-01-06 → now
2026-01-20 13:53:20,157 | INFO | kraken_fetcher | Fetching DOT from 1767639600 → 1768881200
2026-01-20 13:53:20,908 | ERROR | kraken_fetcher | Request error: 400 Client Error: Bad Request for url: https://futures.kraken.com/api/charts/v1/trade/DOT/1m?from=1767639600&to=1768881200
2026-01-20 13:53:20,908 | WARNING | kraken_fetcher | No data fetched.
2026-01-20 13:53:20,924 | INFO | kraken_fetcher | KrakenFuturesFetcher initialized | MATIC | trade | 2026-01-06 → now
2026-01-20 13:53:20,924 | INFO | kraken_fetcher | Fetching MATIC from 1767639600 → 1768881200
2026-01-20 13:53:22,215 | ERROR | kraken_fetcher | Request error: 400 Client Error: Bad Request for url: https://futures.kraken.com/api/charts/v1/trade/MATIC/1m?from=1767639600&to=1768881200
2026-01-20 13:53:22,215 | WARNING | kraken_fetcher | No data fetched.
2026-01-20 13:53:22,228 | INFO | kraken_fetcher | KrakenFuturesFetcher initialized | LINK | trade | 2026-01-06 → now
2026-01-20 13:53:22,228 | INFO | kraken_fetcher | Fetching LINK from 1767639600 → 1768881202
2026-01-20 13:53:23,056 | ERROR | kraken_fetcher | Request error: 400 Client Error: Bad Request for url: https://futures.kraken.com/api/charts/v1/trade/LINK/1m?from=1767639600&to=1768881202
2026-01-20 13:53:23,056 | WARNING | kraken_fetcher | No data fetched.
2026-01-20 13:55:38,868 | WARNING | kraken_fetcher | Kraken API credentials not found. Public endpoints will still work.
2026-01-20 13:55:39,496 | INFO | kraken_fetcher | KrakenFuturesFetcher initialized | PI_BTCUSDT | trade | 2026-01-06 → now
2026-01-20 13:55:39,497 | INFO | kraken_fetcher | Fetching PI_BTCUSDT from 1767639600 → 1768881339
2026-01-20 13:55:40,387 | INFO | kraken_fetcher | No more candles returned.
2026-01-20 13:55:40,388 | WARNING | kraken_fetcher | No data fetched.
2026-01-20 13:55:40,401 | INFO | kraken_fetcher | KrakenFuturesFetcher initialized | PI_ETHUSDT | trade | 2026-01-06 → now
2026-01-20 13:55:40,402 | INFO | kraken_fetcher | Fetching PI_ETHUSDT from 1767639600 → 1768881340
2026-01-20 13:55:41,355 | INFO | kraken_fetcher | No more candles returned.
2026-01-20 13:55:41,355 | WARNING | kraken_fetcher | No data fetched.
2026-01-20 13:55:41,375 | INFO | kraken_fetcher | KrakenFuturesFetcher initialized | PI_BNBUSDT | trade | 2026-01-06 → now
2026-01-20 13:55:41,376 | INFO | kraken_fetcher | Fetching PI_BNBUSDT from 1767639600 → 1768881341
2026-01-20 13:55:42,530 | INFO | kraken_fetcher | No more candles returned.
2026-01-20 13:55:42,530 | WARNING | kraken_fetcher | No data fetched.
2026-01-20 13:55:42,549 | INFO | kraken_fetcher | KrakenFuturesFetcher initialized | PI_ADAUSDT | trade | 2026-01-06 → now
2026-01-20 13:55:42,550 | INFO | kraken_fetcher | Fetching PI_ADAUSDT from 1767639600 → 1768881342
2026-01-20 13:55:43,444 | INFO | kraken_fetcher | No more candles returned.
2026-01-20 13:55:43,459 | WARNING | kraken_fetcher | No data fetched.
2026-01-20 13:55:43,466 | INFO | kraken_fetcher | KrakenFuturesFetcher initialized | PI_XRPUSDT | trade | 2026-01-06 → now
2026-01-20 13:55:43,466 | INFO | kraken_fetcher | Fetching PI_XRPUSDT from 1767639600 → 1768881343
2026-01-20 13:55:44,342 | INFO | kraken_fetcher | No more candles returned.
2026-01-20 13:55:44,342 | WARNING | kraken_fetcher | No data fetched.
2026-01-20 13:55:44,358 | INFO | kraken_fetcher | KrakenFuturesFetcher initialized | PI_DOGEUSDT | trade | 2026-01-06 → now
2026-01-20 13:55:44,358 | INFO | kraken_fetcher | Fetching PI_DOGEUSDT from 1767639600 → 1768881344
2026-01-20 13:55:45,180 | INFO | kraken_fetcher | No more candles returned.
2026-01-20 13:55:45,180 | WARNING | kraken_fetcher | No data fetched.
2026-01-20 13:55:45,191 | INFO | kraken_fetcher | KrakenFuturesFetcher initialized | PI_SOLUSDT | trade | 2026-01-06 → now
2026-01-20 13:55:45,192 | INFO | kraken_fetcher | Fetching PI_SOLUSDT from 1767639600 → 1768881345
2026-01-20 13:55:46,215 | INFO | kraken_fetcher | No more candles returned.
2026-01-20 13:55:46,215 | WARNING | kraken_fetcher | No data fetched.
2026-01-20 13:55:46,227 | INFO | kraken_fetcher | KrakenFuturesFetcher initialized | PI_DOTUSDT | trade | 2026-01-06 → now
2026-01-20 13:55:46,228 | INFO | kraken_fetcher | Fetching PI_DOTUSDT from 1767639600 → 1768881346
2026-01-20 13:55:46,997 | INFO | kraken_fetcher | No more candles returned.
2026-01-20 13:55:46,997 | WARNING | kraken_fetcher | No data fetched.
2026-01-20 13:55:47,006 | INFO | kraken_fetcher | KrakenFuturesFetcher initialized | PI_MATICUSDT | trade | 2026-01-06 → now
2026-01-20 13:55:47,008 | INFO | kraken_fetcher | Fetching PI_MATICUSDT from 1767639600 → 1768881347
2026-01-20 13:55:47,813 | INFO | kraken_fetcher | No more candles returned.
2026-01-20 13:55:47,813 | WARNING | kraken_fetcher | No data fetched.
2026-01-20 13:55:47,823 | INFO | kraken_fetcher | KrakenFuturesFetcher initialized | PI_LINKUSDT | trade | 2026-01-06 → now
2026-01-20 13:55:47,823 | INFO | kraken_fetcher | Fetching PI_LINKUSDT from 1767639600 → 1768881347
2026-01-20 13:55:48,596 | INFO | kraken_fetcher | No more candles returned.
2026-01-20 13:55:48,596 | WARNING | kraken_fetcher | No data fetched.
2026-01-20 13:59:01,656 | INFO | kraken_fetcher | KrakenFuturesFetcher initialized | PI_BTCUSDT | trade | 2026-01-06 → now
2026-01-20 13:59:01,656 | INFO | kraken_fetcher | Fetching PI_BTCUSDT from 1767639600 → 1768881541
2026-01-20 13:59:03,157 | INFO | kraken_fetcher | No more candles returned.
2026-01-20 13:59:03,157 | WARNING | kraken_fetcher | No data fetched.
2026-01-20 13:59:03,169 | INFO | kraken_fetcher | KrakenFuturesFetcher initialized | PI_ETHUSDT | trade | 2026-01-06 → now
2026-01-20 13:59:03,169 | INFO | kraken_fetcher | Fetching PI_ETHUSDT from 1767639600 → 1768881543
2026-01-20 13:59:05,020 | INFO | kraken_fetcher | No more candles returned.
2026-01-20 13:59:05,020 | WARNING | kraken_fetcher | No data fetched.
2026-01-20 13:59:05,028 | INFO | kraken_fetcher | KrakenFuturesFetcher initialized | PI_BNBUSDT | trade | 2026-01-06 → now
2026-01-20 13:59:05,028 | INFO | kraken_fetcher | Fetching PI_BNBUSDT from 1767639600 → 1768881545
2026-01-20 13:59:05,807 | INFO | kraken_fetcher | No more candles returned.
2026-01-20 13:59:05,807 | WARNING | kraken_fetcher | No data fetched.
2026-01-20 13:59:05,822 | INFO | kraken_fetcher | KrakenFuturesFetcher initialized | PI_ADAUSDT | trade | 2026-01-06 → now
2026-01-20 13:59:05,822 | INFO | kraken_fetcher | Fetching PI_ADAUSDT from 1767639600 → 1768881545
2026-01-20 13:59:07,619 | INFO | kraken_fetcher | No more candles returned.
2026-01-20 13:59:07,619 | WARNING | kraken_fetcher | No data fetched.
2026-01-20 13:59:07,628 | INFO | kraken_fetcher | KrakenFuturesFetcher initialized | PI_XRPUSDT | trade | 2026-01-06 → now
2026-01-20 13:59:07,628 | INFO | kraken_fetcher | Fetching PI_XRPUSDT from 1767639600 → 1768881547
2026-01-20 13:59:08,425 | INFO | kraken_fetcher | No more candles returned.
2026-01-20 13:59:08,425 | WARNING | kraken_fetcher | No data fetched.
2026-01-20 13:59:08,434 | INFO | kraken_fetcher | KrakenFuturesFetcher initialized | PI_DOGEUSDT | trade | 2026-01-06 → now
2026-01-20 13:59:08,434 | INFO | kraken_fetcher | Fetching PI_DOGEUSDT from 1767639600 → 1768881548
2026-01-20 13:59:09,792 | INFO | kraken_fetcher | No more candles returned.
2026-01-20 13:59:09,792 | WARNING | kraken_fetcher | No data fetched.
2026-01-20 13:59:09,809 | INFO | kraken_fetcher | KrakenFuturesFetcher initialized | PI_SOLUSDT | trade | 2026-01-06 → now
2026-01-20 13:59:09,809 | INFO | kraken_fetcher | Fetching PI_SOLUSDT from 1767639600 → 1768881549
2026-01-20 13:59:10,651 | INFO | kraken_fetcher | No more candles returned.
2026-01-20 13:59:10,651 | WARNING | kraken_fetcher | No data fetched.
2026-01-20 13:59:10,658 | INFO | kraken_fetcher | KrakenFuturesFetcher initialized | PI_DOTUSDT | trade | 2026-01-06 → now
2026-01-20 13:59:10,658 | INFO | kraken_fetcher | Fetching PI_DOTUSDT from 1767639600 → 1768881550
2026-01-20 13:59:11,605 | INFO | kraken_fetcher | No more candles returned.
2026-01-20 13:59:11,605 | WARNING | kraken_fetcher | No data fetched.
2026-01-20 13:59:11,611 | INFO | kraken_fetcher | KrakenFuturesFetcher initialized | PI_MATICUSDT | trade | 2026-01-06 → now
2026-01-20 13:59:11,611 | INFO | kraken_fetcher | Fetching PI_MATICUSDT from 1767639600 → 1768881551
2026-01-20 13:59:12,409 | INFO | kraken_fetcher | No more candles returned.
2026-01-20 13:59:12,409 | WARNING | kraken_fetcher | No data fetched.
2026-01-20 13:59:12,420 | INFO | kraken_fetcher | KrakenFuturesFetcher initialized | PI_LINKUSDT | trade | 2026-01-06 → now
2026-01-20 13:59:12,428 | INFO | kraken_fetcher | Fetching PI_LINKUSDT from 1767639600 → 1768881552
2026-01-20 13:59:13,252 | INFO | kraken_fetcher | No more candles returned.
2026-01-20 13:59:13,252 | WARNING | kraken_fetcher | No data fetched.
