2026-03-30 10:57:55,723 | INFO | main_dl | DL Config loaded | symbols=['btc'] | timehorizon=1h | n_trials=10
2026-03-30 10:57:55,723 | INFO | main_dl | === Processing symbol: btc ===
2026-03-30 11:04:18,210 | INFO | main_dl | DL model training complete for btc.
2026-03-30 12:49:41,862 | INFO | main_dl | DL Config loaded | symbols=['btc'] | timehorizon=1h | n_trials=10
2026-03-30 12:49:41,862 | INFO | main_dl | === Processing symbol: btc ===
2026-03-30 12:55:31,374 | INFO | main_dl | Training DL classifier: gru for btc
2026-03-30 15:29:44,173 | INFO | main_dl | [Dry-run] gru predictions on first samples:
[0.00014821 0.00014822 0.00014822 0.00014823 0.00014823]
2026-03-30 15:29:52,009 | INFO | main_dl | [gru] Balance=1909.18  PnL=121.1900
2026-03-30 15:29:54,067 | ERROR | main_dl | DL Classifier gru failed for btc: All arrays must be of the same length
2026-03-30 15:29:54,067 | INFO | main_dl | Training DL classifier: lstm for btc
2026-03-30 15:41:25,471 | INFO | main_dl | DL Config loaded | symbols=['btc'] | timehorizon=1h | n_trials=10
2026-03-30 15:41:25,471 | INFO | main_dl | === Processing symbol: btc ===
2026-03-30 15:42:29,295 | INFO | main_dl | DL Config loaded | symbols=['btc'] | timehorizon=1h | n_trials=10
2026-03-30 15:42:29,296 | INFO | main_dl | === Processing symbol: btc ===
2026-03-30 15:48:06,268 | INFO | main_dl | DL model training complete for btc.
2026-03-30 15:48:56,494 | INFO | main_dl | DL Config loaded | symbols=['btc'] | timehorizon=1h | n_trials=10
2026-03-30 15:48:56,495 | INFO | main_dl | === Processing symbol: btc ===
2026-03-30 15:54:35,839 | INFO | main_dl | Training DL classifier: gru for btc
2026-03-30 16:40:14,279 | INFO | main_dl | [Dry-run] gru predictions on first samples:
[5.4468506e-05 5.4513133e-05 5.4560980e-05 5.4611955e-05 5.4666114e-05]
2026-03-30 16:40:18,281 | INFO | main_dl | [gru] Balance=-255.09  PnL=-145.5200
2026-03-30 16:40:19,097 | ERROR | main_dl | DL Classifier gru failed for btc: All arrays must be of the same length
2026-03-30 16:40:19,105 | INFO | main_dl | Training DL classifier: lstm for btc
2026-03-30 16:58:50,419 | INFO | main_dl | DL Config loaded | symbols=['btc'] | timehorizon=1h | n_trials=10
2026-03-30 16:58:50,419 | INFO | main_dl | === Processing symbol: btc ===
2026-03-30 17:18:54,343 | INFO | main_dl | DL Config loaded | symbols=['btc'] | timehorizon=1h | n_trials=10
2026-03-30 17:18:54,343 | INFO | main_dl | === Processing symbol: btc ===
2026-03-30 17:25:19,087 | INFO | main_dl | Training DL classifier: random_forest for btc
2026-03-30 17:25:19,123 | ERROR | main_dl | DL Classifier random_forest failed for btc: Unknown DL model name: 'random_forest'. Available: ['gru', 'lstm', 'tcn', 'tft']
2026-03-30 17:25:19,123 | INFO | main_dl | Training DL classifier: xgboost for btc
2026-03-30 17:25:19,150 | ERROR | main_dl | DL Classifier xgboost failed for btc: Unknown DL model name: 'xgboost'. Available: ['gru', 'lstm', 'tcn', 'tft']
2026-03-30 17:25:19,150 | INFO | main_dl | Training DL classifier: gru for btc
2026-03-30 17:33:04,637 | ERROR | main_dl | DL Classifier gru failed for btc: int() argument must be a string, a bytes-like object or a real number, not 'Timestamp'
2026-03-30 17:33:04,637 | INFO | main_dl | Training DL classifier: lstm for btc
2026-03-30 17:36:01,004 | ERROR | main_dl | DL Classifier lstm failed for btc: int() argument must be a string, a bytes-like object or a real number, not 'Timestamp'
2026-03-30 17:36:01,004 | INFO | main_dl | Training DL classifier: tcn for btc
2026-03-30 17:40:20,589 | ERROR | main_dl | DL Classifier tcn failed for btc: int() argument must be a string, a bytes-like object or a real number, not 'Timestamp'
2026-03-30 17:40:20,589 | INFO | main_dl | Training DL classifier: tft for btc
2026-03-30 17:52:10,516 | INFO | main_dl | DL Config loaded | symbols=['btc'] | timehorizon=1h | n_trials=10
2026-03-30 17:52:10,516 | INFO | main_dl | === Processing symbol: btc ===
2026-03-30 17:57:26,876 | INFO | main_dl | Training DL classifier: gru for btc
