2026-01-23 11:52:18,591 | INFO | metatrader5_main | ✅ MT5 initialized
2026-01-23 11:53:27,294 | INFO | metatrader5_main | ✅ MT5 initialized
2026-01-23 11:53:45,316 | INFO | metatrader5_main | ✅ MT5 initialized
2026-01-23 11:53:45,667 | INFO | metatrader5_main | No existing data for ada. Fetching from 2026-01-10 00:00:00
2026-01-23 11:53:45,667 | INFO | metatrader5_main | Fetching ada...
2026-01-23 11:53:45,849 | INFO | metatrader5_main | Raw Rows fetched: 19263

2026-01-23 11:53:45,890 | INFO | metatrader5_main | Cleaned Rows fetched: 19433

2026-01-23 11:54:08,638 | INFO | metatrader5_main | 
Data for ada saved to DB

2026-01-23 11:54:08,658 | INFO | metatrader5_main |            timestamp    open    high     low   close  volume
19428  1769150880000  0.3627  0.3630  0.3627  0.3630     6.0
19429  1769150940000  0.3629  0.3629  0.3624  0.3625     7.0
19430  1769151000000  0.3624  0.3626  0.3624  0.3625     6.0
19431  1769151060000  0.3626  0.3627  0.3626  0.3627     4.0
19432  1769151120000  0.3627  0.3627  0.3625  0.3625     5.0
2026-01-23 11:54:08,839 | INFO | metatrader5_main | No existing data for ava. Fetching from 2026-01-10 00:00:00
2026-01-23 11:54:08,839 | INFO | metatrader5_main | Fetching ava...
2026-01-23 11:54:08,842 | WARNING | metatrader5_main | ⚠ No data returned for ava

2026-01-23 11:54:08,844 | INFO | metatrader5_main | No existing data for bch. Fetching from 2026-01-10 00:00:00
2026-01-23 11:54:08,845 | INFO | metatrader5_main | Fetching bch...
2026-01-23 11:54:09,063 | INFO | metatrader5_main | Raw Rows fetched: 19317

2026-01-23 11:54:09,094 | INFO | metatrader5_main | Cleaned Rows fetched: 19433

2026-01-23 11:54:35,380 | INFO | metatrader5_main | 
Data for bch saved to DB

2026-01-23 11:54:35,380 | INFO | metatrader5_main |            timestamp    open    high     low   close  volume
19428  1769150880000  595.48  595.58  595.48  595.58     2.0
19429  1769150940000  595.57  595.57  595.37  595.38     5.0
19430  1769151000000  595.38  595.39  595.38  595.39     2.0
19431  1769151060000  595.39  595.69  595.39  595.69     4.0
19432  1769151120000  595.69  595.80  595.69  595.80     3.0
2026-01-23 11:54:35,493 | INFO | metatrader5_main | No existing data for bnb. Fetching from 2026-01-10 00:00:00
2026-01-23 11:54:35,494 | INFO | metatrader5_main | Fetching bnb...
2026-01-23 11:54:35,638 | INFO | metatrader5_main | Raw Rows fetched: 19160

2026-01-23 11:54:35,669 | INFO | metatrader5_main | Cleaned Rows fetched: 19433

2026-01-23 11:54:57,297 | INFO | metatrader5_main | 
Data for bnb saved to DB

2026-01-23 11:54:57,298 | INFO | metatrader5_main |            timestamp    open    high     low   close  volume
19428  1769150880000  891.35  891.85  891.35  891.55     9.0
19429  1769150940000  891.45  891.45  890.95  891.05     7.0
19430  1769151000000  891.05  891.45  891.05  891.45     5.0
19431  1769151060000  891.45  891.55  891.45  891.45     3.0
19432  1769151120000  891.35  891.35  891.25  891.25     4.0
2026-01-23 11:54:57,338 | INFO | metatrader5_main | No existing data for btc. Fetching from 2026-01-10 00:00:00
2026-01-23 11:54:57,338 | INFO | metatrader5_main | Fetching btc...
2026-01-23 11:54:57,385 | INFO | metatrader5_main | Raw Rows fetched: 19304

2026-01-23 11:54:57,407 | INFO | metatrader5_main | Cleaned Rows fetched: 19433

2026-01-23 11:55:16,876 | INFO | metatrader5_main | 
Data for btc saved to DB

2026-01-23 11:55:16,883 | INFO | metatrader5_main |            timestamp     open     high      low    close  volume
19428  1769150880000  89907.0  89929.0  89895.0  89896.0    86.0
19429  1769150940000  89901.0  89907.0  89880.0  89886.0    79.0
19430  1769151000000  89886.0  89915.0  89882.0  89904.0    76.0
19431  1769151060000  89912.0  89928.0  89899.0  89906.0    59.0
19432  1769151120000  89902.0  89929.0  89898.0  89912.0    83.0
2026-01-23 11:55:16,921 | INFO | metatrader5_main | No existing data for doge. Fetching from 2026-01-10 00:00:00
2026-01-23 11:55:16,922 | INFO | metatrader5_main | Fetching doge...
2026-01-23 11:55:16,963 | INFO | metatrader5_main | Raw Rows fetched: 19281

2026-01-23 11:55:17,005 | INFO | metatrader5_main | Cleaned Rows fetched: 19433

2026-01-23 11:55:39,111 | INFO | metatrader5_main | 
Data for doge saved to DB

2026-01-23 11:55:39,112 | INFO | metatrader5_main |            timestamp     open     high      low    close  volume
19428  1769150880000  0.12549  0.12557  0.12547  0.12553    22.0
19429  1769150940000  0.12555  0.12555  0.12537  0.12549    33.0
19430  1769151000000  0.12551  0.12553  0.12549  0.12553    10.0
19431  1769151060000  0.12553  0.12559  0.12553  0.12555    23.0
19432  1769151120000  0.12557  0.12557  0.12547  0.12549    23.0
2026-01-23 11:55:39,196 | INFO | metatrader5_main | No existing data for dot. Fetching from 2026-01-10 00:00:00
2026-01-23 11:55:39,197 | INFO | metatrader5_main | Fetching dot...
2026-01-23 11:55:39,356 | INFO | metatrader5_main | Raw Rows fetched: 19118

2026-01-23 11:55:39,395 | INFO | metatrader5_main | Cleaned Rows fetched: 19433

2026-01-23 11:56:04,365 | INFO | metatrader5_main | 
Data for dot saved to DB

2026-01-23 11:56:04,365 | INFO | metatrader5_main |            timestamp   open   high    low  close  volume
19428  1769150880000  1.963  1.964  1.963  1.964     4.0
19429  1769150940000  1.963  1.964  1.960  1.961     6.0
19430  1769151000000  1.961  1.962  1.961  1.961     5.0
19431  1769151060000  1.961  1.962  1.961  1.962     4.0
19432  1769151120000  1.962  1.962  1.961  1.961     2.0
2026-01-23 11:56:04,459 | INFO | metatrader5_main | No existing data for eos. Fetching from 2026-01-10 00:00:00
2026-01-23 11:56:04,459 | INFO | metatrader5_main | Fetching eos...
2026-01-23 11:56:04,471 | WARNING | metatrader5_main | ⚠ No data returned for eos

2026-01-23 11:56:04,472 | INFO | metatrader5_main | No existing data for eth. Fetching from 2026-01-10 00:00:00
2026-01-23 11:56:04,472 | INFO | metatrader5_main | Fetching eth...
2026-01-23 11:56:04,692 | INFO | metatrader5_main | Raw Rows fetched: 19303

2026-01-23 11:56:04,716 | INFO | metatrader5_main | Cleaned Rows fetched: 19433

2026-01-23 11:56:26,980 | INFO | metatrader5_main | 
Data for eth saved to DB

2026-01-23 11:56:26,980 | INFO | metatrader5_main |            timestamp     open     high      low    close  volume
19428  1769150880000  2978.02  2980.22  2977.27  2978.12    54.0
19429  1769150940000  2978.27  2978.27  2974.17  2976.07    48.0
19430  1769151000000  2976.17  2978.47  2975.72  2978.47    61.0
19431  1769151060000  2978.47  2978.87  2977.22  2977.47    50.0
19432  1769151120000  2977.22  2977.92  2976.12  2977.12    58.0
2026-01-23 11:56:27,046 | INFO | metatrader5_main | No existing data for lnk. Fetching from 2026-01-10 00:00:00
2026-01-23 11:56:27,046 | INFO | metatrader5_main | Fetching lnk...
2026-01-23 11:56:27,178 | INFO | metatrader5_main | Raw Rows fetched: 19288

2026-01-23 11:56:27,215 | INFO | metatrader5_main | Cleaned Rows fetched: 19433

2026-01-23 11:56:46,897 | INFO | metatrader5_main | 
Data for lnk saved to DB

2026-01-23 11:56:46,907 | INFO | metatrader5_main |            timestamp    open    high     low   close  volume
19428  1769150880000  12.353  12.373  12.353  12.363    16.0
19429  1769150940000  12.363  12.365  12.351  12.357    13.0
19430  1769151000000  12.357  12.361  12.353  12.361    19.0
19431  1769151060000  12.363  12.365  12.363  12.365     2.0
19432  1769151120000  12.363  12.365  12.361  12.361     6.0
2026-01-23 11:56:46,944 | INFO | metatrader5_main | No existing data for ltc. Fetching from 2026-01-10 00:00:00
2026-01-23 11:56:46,945 | INFO | metatrader5_main | Fetching ltc...
2026-01-23 11:56:46,990 | INFO | metatrader5_main | Raw Rows fetched: 19302

2026-01-23 11:56:47,007 | INFO | metatrader5_main | Cleaned Rows fetched: 19433

2026-01-23 11:57:08,901 | INFO | metatrader5_main | 
Data for ltc saved to DB

2026-01-23 11:57:08,903 | INFO | metatrader5_main |            timestamp   open   high    low  close  volume
19428  1769150880000  69.16  69.23  69.15  69.22    16.0
19429  1769150940000  69.21  69.22  69.15  69.16    10.0
19430  1769151000000  69.16  69.16  69.13  69.14    13.0
19431  1769151060000  69.14  69.19  69.14  69.18    10.0
19432  1769151120000  69.19  69.19  69.15  69.15    11.0
2026-01-23 11:57:08,945 | INFO | metatrader5_main | No existing data for matic. Fetching from 2026-01-10 00:00:00
2026-01-23 11:57:08,945 | INFO | metatrader5_main | Fetching matic...
2026-01-23 11:57:08,986 | INFO | metatrader5_main | Raw Rows fetched: 19270

2026-01-23 11:57:09,008 | INFO | metatrader5_main | Cleaned Rows fetched: 19433

2026-01-23 11:57:29,442 | INFO | metatrader5_main | 
Data for matic saved to DB

2026-01-23 11:57:29,442 | INFO | metatrader5_main |            timestamp    open    high     low   close  volume
19428  1769150880000  0.1329  0.1329  0.1329  0.1329     1.0
19429  1769150940000  0.1329  0.1329  0.1327  0.1329     3.0
19430  1769151000000  0.1329  0.1329  0.1329  0.1329     1.0
19431  1769151060000  0.1329  0.1329  0.1329  0.1329     1.0
19432  1769151120000  0.1329  0.1329  0.1329  0.1329     1.0
2026-01-23 11:57:29,477 | INFO | metatrader5_main | No existing data for neth. Fetching from 2026-01-10 00:00:00
2026-01-23 11:57:29,478 | INFO | metatrader5_main | Fetching neth...
2026-01-23 11:57:29,508 | INFO | metatrader5_main | Raw Rows fetched: 7737

2026-01-23 11:57:29,520 | INFO | metatrader5_main | Cleaned Rows fetched: 18959

2026-01-23 11:57:49,637 | INFO | metatrader5_main | 
Data for neth saved to DB

2026-01-23 11:57:49,637 | INFO | metatrader5_main |            timestamp    open    high     low   close  volume
18954  1769122440000  988.75  988.75  988.75  988.75     1.0
18955  1769122500000  988.75  989.25  988.75  989.25     9.0
18956  1769122560000  989.25  989.80  989.25  989.80     2.0
18957  1769122620000  989.80  989.90  989.45  989.45     3.0
18958  1769122680000  989.45  989.85  989.45  989.45    16.0
2026-01-23 11:57:49,680 | INFO | metatrader5_main | No existing data for sol. Fetching from 2026-01-10 00:00:00
2026-01-23 11:57:49,680 | INFO | metatrader5_main | Fetching sol...
2026-01-23 11:57:49,732 | INFO | metatrader5_main | Raw Rows fetched: 19314

2026-01-23 11:57:49,753 | INFO | metatrader5_main | Cleaned Rows fetched: 19433

2026-01-23 11:58:12,004 | INFO | metatrader5_main | 
Data for sol saved to DB

2026-01-23 11:58:12,017 | INFO | metatrader5_main |            timestamp     open     high      low    close  volume
19428  1769150880000  128.942  129.035  128.929  128.956   126.0
19429  1769150940000  128.958  128.982  128.827  128.892   116.0
19430  1769151000000  128.892  128.962  128.842  128.961    93.0
19431  1769151060000  128.961  129.068  128.961  129.030    94.0
19432  1769151120000  129.026  129.054  128.989  128.998   126.0
2026-01-23 11:58:12,137 | INFO | metatrader5_main | No existing data for xlm. Fetching from 2026-01-10 00:00:00
2026-01-23 11:58:12,137 | INFO | metatrader5_main | Fetching xlm...
2026-01-23 11:58:12,184 | INFO | metatrader5_main | Raw Rows fetched: 19310

2026-01-23 11:58:12,204 | INFO | metatrader5_main | Cleaned Rows fetched: 19433

2026-01-23 11:58:35,210 | INFO | metatrader5_main | 
Data for xlm saved to DB

2026-01-23 11:58:35,210 | INFO | metatrader5_main |            timestamp     open     high      low    close  volume
19428  1769150880000  0.21277  0.21293  0.21277  0.21287    28.0
19429  1769150940000  0.21287  0.21291  0.21265  0.21267    31.0
19430  1769151000000  0.21269  0.21271  0.21257  0.21265    34.0
19431  1769151060000  0.21263  0.21281  0.21261  0.21279    30.0
19432  1769151120000  0.21281  0.21281  0.21267  0.21269    21.0
2026-01-23 11:58:35,238 | INFO | metatrader5_main | 🔌 MT5 shutdown complete
2026-01-23 11:59:26,239 | INFO | metatrader5_main | ✅ MT5 initialized
2026-01-23 11:59:27,670 | INFO | metatrader5_main | Incremental fetch for ada from 2026-01-23 11:53:00
2026-01-23 11:59:27,670 | INFO | metatrader5_main | Fetching ada...
2026-01-23 11:59:27,670 | INFO | metatrader5_main | Raw Rows fetched: 7

2026-01-23 11:59:27,936 | INFO | metatrader5_main | 
Data for ada saved to DB

2026-01-23 11:59:27,936 | INFO | metatrader5_main |        timestamp    open    high     low   close  volume
0  1769151180000  0.3626  0.3626  0.3624  0.3625     4.0
1  1769151240000  0.3625  0.3626  0.3625  0.3625     3.0
2  1769151300000  0.3625  0.3626  0.3624  0.3626     6.0
3  1769151360000  0.3626  0.3627  0.3626  0.3627     2.0
4  1769151420000  0.3627  0.3629  0.3627  0.3628     4.0
2026-01-23 11:59:27,968 | INFO | metatrader5_main | No existing data for ava. Fetching from 2026-01-23 11:53:00
2026-01-23 11:59:27,968 | INFO | metatrader5_main | Fetching ava...
2026-01-23 11:59:27,968 | WARNING | metatrader5_main | ⚠ No data returned for ava

2026-01-23 12:00:01,739 | INFO | metatrader5_main | ✅ MT5 initialized
2026-01-23 12:01:13,299 | INFO | metatrader5_main | ✅ MT5 initialized
2026-01-23 12:01:13,772 | INFO | metatrader5_main | No existing data for ada. Fetching from 2026-01-10 00:00:00
2026-01-23 12:01:13,773 | INFO | metatrader5_main | Fetching ada...
2026-01-23 12:01:13,873 | INFO | metatrader5_main | Raw Rows fetched: 19271

2026-01-23 12:01:33,005 | INFO | metatrader5_main | 
Data for ada saved to DB

2026-01-23 12:01:33,005 | INFO | metatrader5_main |        timestamp    open    high     low   close  volume
0  1767985200000  0.3997  0.3999  0.3991  0.3992    35.0
1  1767985260000  0.3992  0.3993  0.3986  0.3987    20.0
2  1767985320000  0.3987  0.3990  0.3987  0.3988    20.0
3  1767985380000  0.3988  0.3991  0.3986  0.3987    22.0
4  1767985440000  0.3985  0.3987  0.3982  0.3985    12.0
2026-01-23 12:01:33,066 | INFO | metatrader5_main | No existing data for ava. Fetching from 2026-01-10 00:00:00
2026-01-23 12:01:33,067 | INFO | metatrader5_main | Fetching ava...
2026-01-23 12:01:33,068 | WARNING | metatrader5_main | ⚠ No data returned for ava

2026-01-23 12:01:33,071 | INFO | metatrader5_main | No existing data for bch. Fetching from 2026-01-10 00:00:00
2026-01-23 12:01:33,071 | INFO | metatrader5_main | Fetching bch...
2026-01-23 12:01:33,112 | INFO | metatrader5_main | Raw Rows fetched: 19325

2026-01-23 12:01:53,050 | INFO | metatrader5_main | 
Data for bch saved to DB

2026-01-23 12:01:53,050 | INFO | metatrader5_main |        timestamp    open    high     low   close  volume
0  1767985200000  635.11  635.11  634.80  634.80     9.0
1  1767985260000  634.80  635.00  634.49  634.49    13.0
2  1767985320000  634.54  634.71  634.51  634.51    11.0
3  1767985380000  634.61  634.71  634.21  634.32    12.0
4  1767985440000  634.31  634.67  634.22  634.66    12.0
2026-01-23 12:01:53,130 | INFO | metatrader5_main | No existing data for bnb. Fetching from 2026-01-10 00:00:00
2026-01-23 12:01:53,131 | INFO | metatrader5_main | Fetching bnb...
2026-01-23 12:01:53,178 | INFO | metatrader5_main | Raw Rows fetched: 19168

2026-01-23 12:02:14,952 | INFO | metatrader5_main | 
Data for bnb saved to DB

2026-01-23 12:02:14,952 | INFO | metatrader5_main |        timestamp    open    high     low   close  volume
0  1767985200000  897.65  898.25  897.65  897.85    14.0
1  1767985260000  897.95  897.95  897.35  897.35    15.0
2  1767985320000  897.45  898.15  897.45  897.75    17.0
3  1767985380000  897.85  898.15  897.65  897.65     9.0
4  1767985440000  897.75  897.85  897.45  897.75     8.0
2026-01-23 12:02:14,999 | INFO | metatrader5_main | No existing data for btc. Fetching from 2026-01-10 00:00:00
2026-01-23 12:02:14,999 | INFO | metatrader5_main | Fetching btc...
2026-01-23 12:02:15,046 | INFO | metatrader5_main | Raw Rows fetched: 19312

2026-01-23 12:02:37,179 | INFO | metatrader5_main | 
Data for btc saved to DB

2026-01-23 12:02:37,191 | INFO | metatrader5_main |        timestamp     open     high      low    close  volume
0  1767985200000  91559.0  91582.0  91472.0  91481.0   190.0
1  1767985260000  91489.0  91530.0  91434.0  91463.0   171.0
2  1767985320000  91463.0  91538.0  91409.0  91507.0   161.0
3  1767985380000  91511.0  91578.0  91478.0  91507.0   159.0
4  1767985440000  91514.0  91549.0  91478.0  91530.0   151.0
2026-01-23 12:02:37,301 | INFO | metatrader5_main | No existing data for doge. Fetching from 2026-01-10 00:00:00
2026-01-23 12:02:37,301 | INFO | metatrader5_main | Fetching doge...
2026-01-23 12:02:37,332 | INFO | metatrader5_main | Raw Rows fetched: 19289

2026-01-23 12:03:02,601 | INFO | metatrader5_main | 
Data for doge saved to DB

2026-01-23 12:03:02,601 | INFO | metatrader5_main |        timestamp     open     high      low    close  volume
0  1767985200000  0.14331  0.14339  0.14313  0.14315    29.0
1  1767985260000  0.14315  0.14317  0.14291  0.14293    29.0
2  1767985320000  0.14293  0.14307  0.14293  0.14301    27.0
3  1767985380000  0.14301  0.14313  0.14291  0.14295    25.0
4  1767985440000  0.14295  0.14299  0.14283  0.14297    26.0
2026-01-23 12:03:02,678 | INFO | metatrader5_main | No existing data for dot. Fetching from 2026-01-10 00:00:00
2026-01-23 12:03:02,678 | INFO | metatrader5_main | Fetching dot...
2026-01-23 12:03:02,720 | INFO | metatrader5_main | Raw Rows fetched: 19126

2026-01-23 12:03:24,219 | INFO | metatrader5_main | 
Data for dot saved to DB

2026-01-23 12:03:24,219 | INFO | metatrader5_main |        timestamp   open   high    low  close  volume
0  1767985200000  2.103  2.105  2.102  2.103    17.0
1  1767985260000  2.102  2.103  2.100  2.101    12.0
2  1767985320000  2.101  2.103  2.101  2.102    10.0
3  1767985380000  2.102  2.104  2.100  2.101    14.0
4  1767985440000  2.100  2.100  2.099  2.100     3.0
2026-01-23 12:03:24,294 | INFO | metatrader5_main | No existing data for eos. Fetching from 2026-01-10 00:00:00
2026-01-23 12:03:24,294 | INFO | metatrader5_main | Fetching eos...
2026-01-23 12:03:24,304 | WARNING | metatrader5_main | ⚠ No data returned for eos

2026-01-23 12:03:24,308 | INFO | metatrader5_main | No existing data for eth. Fetching from 2026-01-10 00:00:00
2026-01-23 12:03:24,309 | INFO | metatrader5_main | Fetching eth...
2026-01-23 12:03:24,341 | INFO | metatrader5_main | Raw Rows fetched: 19311

2026-01-23 12:03:46,177 | INFO | metatrader5_main | 
Data for eth saved to DB

2026-01-23 12:03:46,177 | INFO | metatrader5_main |        timestamp     open     high      low    close  volume
0  1767985200000  3129.57  3131.42  3126.67  3127.12   154.0
1  1767985260000  3127.17  3128.02  3124.17  3125.52   134.0
2  1767985320000  3125.57  3128.77  3125.57  3127.37   141.0
3  1767985380000  3127.47  3129.77  3125.67  3126.97   139.0
4  1767985440000  3126.97  3127.72  3123.62  3126.02    65.0
2026-01-23 12:03:46,221 | INFO | metatrader5_main | No existing data for lnk. Fetching from 2026-01-10 00:00:00
2026-01-23 12:03:46,221 | INFO | metatrader5_main | Fetching lnk...
2026-01-23 12:03:46,250 | INFO | metatrader5_main | Raw Rows fetched: 19296

2026-01-23 12:04:09,279 | INFO | metatrader5_main | 
Data for lnk saved to DB

2026-01-23 12:04:09,279 | INFO | metatrader5_main |        timestamp    open    high     low   close  volume
0  1767985200000  13.373  13.379  13.357  13.359    31.0
1  1767985260000  13.359  13.365  13.353  13.355    26.0
2  1767985320000  13.353  13.371  13.353  13.365    20.0
3  1767985380000  13.365  13.373  13.353  13.355    22.0
4  1767985440000  13.357  13.357  13.345  13.353    18.0
2026-01-23 12:04:09,314 | INFO | metatrader5_main | No existing data for ltc. Fetching from 2026-01-10 00:00:00
2026-01-23 12:04:09,314 | INFO | metatrader5_main | Fetching ltc...
2026-01-23 12:04:09,358 | INFO | metatrader5_main | Raw Rows fetched: 19310

2026-01-23 12:04:30,033 | INFO | metatrader5_main | 
Data for ltc saved to DB

2026-01-23 12:04:30,033 | INFO | metatrader5_main |        timestamp   open   high    low  close  volume
0  1767985200000  81.61  81.61  81.56  81.57    29.0
1  1767985260000  81.56  81.57  81.51  81.51    28.0
2  1767985320000  81.51  81.58  81.51  81.56    36.0
3  1767985380000  81.56  81.65  81.56  81.61    36.0
4  1767985440000  81.61  81.62  81.57  81.59    30.0
2026-01-23 12:04:30,080 | INFO | metatrader5_main | No existing data for matic. Fetching from 2026-01-10 00:00:00
2026-01-23 12:04:30,080 | INFO | metatrader5_main | Fetching matic...
2026-01-23 12:04:30,112 | INFO | metatrader5_main | Raw Rows fetched: 19278

2026-01-23 12:04:52,962 | INFO | metatrader5_main | 
Data for matic saved to DB

2026-01-23 12:04:52,962 | INFO | metatrader5_main |        timestamp    open    high     low   close  volume
0  1767985200000  0.1515  0.1519  0.1515  0.1515     7.0
1  1767985260000  0.1515  0.1515  0.1509  0.1509     6.0
2  1767985320000  0.1509  0.1511  0.1509  0.1511     4.0
3  1767985380000  0.1511  0.1513  0.1509  0.1511    11.0
4  1767985440000  0.1511  0.1515  0.1509  0.1513     8.0
2026-01-23 12:04:53,020 | INFO | metatrader5_main | No existing data for neth. Fetching from 2026-01-10 00:00:00
2026-01-23 12:04:53,021 | INFO | metatrader5_main | Fetching neth...
2026-01-23 12:04:53,048 | INFO | metatrader5_main | Raw Rows fetched: 7737

2026-01-23 12:05:18,343 | INFO | metatrader5_main | 
Data for neth saved to DB

2026-01-23 12:05:18,358 | INFO | metatrader5_main |        timestamp    open    high     low   close  volume
0  1767985200000  976.50  976.50  976.25  976.35    26.0
1  1767985260000  976.35  976.45  976.35  976.35     7.0
2  1767985320000  976.35  976.50  976.35  976.45    11.0
3  1767985380000  976.40  976.60  976.40  976.55    14.0
4  1767985440000  976.55  976.75  976.55  976.65     8.0
2026-01-23 12:05:18,439 | INFO | metatrader5_main | No existing data for sol. Fetching from 2026-01-10 00:00:00
2026-01-23 12:05:18,439 | INFO | metatrader5_main | Fetching sol...
2026-01-23 12:05:18,467 | INFO | metatrader5_main | Raw Rows fetched: 19322

2026-01-23 12:05:48,440 | INFO | metatrader5_main | 
Data for sol saved to DB

2026-01-23 12:05:48,440 | INFO | metatrader5_main |        timestamp     open     high      low    close  volume
0  1767985200000  139.746  139.815  139.576  139.597   184.0
1  1767985260000  139.594  139.646  139.500  139.547   197.0
2  1767985320000  139.547  139.741  139.547  139.675   181.0
3  1767985380000  139.677  139.815  139.631  139.672   166.0
4  1767985440000  139.669  139.695  139.567  139.671   138.0
2026-01-23 12:05:48,559 | INFO | metatrader5_main | No existing data for xlm. Fetching from 2026-01-10 00:00:00
2026-01-23 12:05:48,559 | INFO | metatrader5_main | Fetching xlm...
2026-01-23 12:05:48,595 | INFO | metatrader5_main | Raw Rows fetched: 19318

2026-01-23 12:06:09,116 | INFO | metatrader5_main | 
Data for xlm saved to DB

2026-01-23 12:06:09,117 | INFO | metatrader5_main |        timestamp     open     high      low    close  volume
0  1767985200000  0.23121  0.23155  0.23113  0.23141    39.0
1  1767985260000  0.23139  0.23143  0.23119  0.23123    30.0
2  1767985320000  0.23127  0.23153  0.23127  0.23147    33.0
3  1767985380000  0.23149  0.23163  0.23125  0.23159    51.0
4  1767985440000  0.23159  0.23161  0.23145  0.23149    25.0
2026-01-23 12:06:09,133 | INFO | metatrader5_main | 🔌 MT5 shutdown complete
2026-01-23 12:06:39,523 | INFO | metatrader5_main | ✅ MT5 initialized
2026-01-23 12:06:41,023 | INFO | metatrader5_main | Incremental fetch for ada from 2026-01-23 12:01:00
2026-01-23 12:06:41,023 | INFO | metatrader5_main | Fetching ada...
2026-01-23 12:06:41,027 | INFO | metatrader5_main | Raw Rows fetched: 6

2026-01-23 12:06:41,276 | INFO | metatrader5_main | 
Data for ada saved to DB

2026-01-23 12:06:41,276 | INFO | metatrader5_main |        timestamp    open    high     low   close  volume
0  1769151660000  0.3621  0.3622  0.3620  0.3622     4.0
1  1769151720000  0.3623  0.3623  0.3620  0.3620     4.0
2  1769151780000  0.3620  0.3620  0.3618  0.3619     8.0
3  1769151840000  0.3619  0.3619  0.3617  0.3617     5.0
4  1769151900000  0.3617  0.3619  0.3617  0.3617     9.0
2026-01-23 12:06:41,310 | INFO | metatrader5_main | No existing data for avax. Fetching from 2026-01-23 12:01:00
2026-01-23 12:06:41,310 | INFO | metatrader5_main | Fetching avax...
2026-01-23 12:06:43,037 | INFO | metatrader5_main | Raw Rows fetched: 6

2026-01-23 12:06:43,143 | INFO | metatrader5_main | 
Data for avax saved to DB

2026-01-23 12:06:43,143 | INFO | metatrader5_main |        timestamp    open    high     low   close  volume
0  1769151660000  12.325  12.325  12.315  12.325     3.0
1  1769151720000  12.325  12.325  12.315  12.315     2.0
2  1769151780000  12.315  12.315  12.305  12.305     2.0
3  1769151840000  12.305  12.305  12.305  12.305     1.0
4  1769151900000  12.305  12.305  12.305  12.305     1.0
2026-01-23 12:06:44,009 | INFO | metatrader5_main | Incremental fetch for bch from 2026-01-23 12:01:00
2026-01-23 12:06:44,009 | INFO | metatrader5_main | Fetching bch...
2026-01-23 12:06:44,009 | INFO | metatrader5_main | Raw Rows fetched: 6

2026-01-23 12:06:44,231 | INFO | metatrader5_main | 
Data for bch saved to DB

2026-01-23 12:06:44,231 | INFO | metatrader5_main |        timestamp    open    high     low   close  volume
0  1769151660000  594.90  594.90  594.60  594.60     6.0
1  1769151720000  594.70  594.71  594.60  594.61     7.0
2  1769151780000  594.61  594.61  594.49  594.60    11.0
3  1769151840000  594.50  594.50  594.20  594.20     6.0
4  1769151900000  594.20  594.31  594.10  594.31     5.0
2026-01-23 12:06:45,074 | INFO | metatrader5_main | Incremental fetch for bnb from 2026-01-23 12:01:00
2026-01-23 12:06:45,074 | INFO | metatrader5_main | Fetching bnb...
2026-01-23 12:06:45,078 | INFO | metatrader5_main | Raw Rows fetched: 6

2026-01-23 12:06:45,258 | INFO | metatrader5_main | 
Data for bnb saved to DB

2026-01-23 12:06:45,260 | INFO | metatrader5_main |        timestamp    open    high     low   close  volume
0  1769151660000  890.45  890.55  890.25  890.55     8.0
1  1769151720000  890.55  890.55  890.15  890.15     5.0
2  1769151780000  890.05  890.15  890.05  890.15     4.0
3  1769151840000  890.15  890.35  890.15  890.25     3.0
4  1769151900000  890.25  890.25  889.95  889.95     4.0
2026-01-23 12:06:46,056 | INFO | metatrader5_main | Incremental fetch for btc from 2026-01-23 12:01:00
2026-01-23 12:06:46,056 | INFO | metatrader5_main | Fetching btc...
2026-01-23 12:06:46,071 | INFO | metatrader5_main | Raw Rows fetched: 6

2026-01-23 12:06:46,249 | INFO | metatrader5_main | 
Data for btc saved to DB

2026-01-23 12:06:46,250 | INFO | metatrader5_main |        timestamp     open     high      low    close  volume
0  1769151660000  89859.0  89884.0  89846.0  89876.0    88.0
1  1769151720000  89897.0  89897.0  89839.0  89842.0    65.0
2  1769151780000  89842.0  89842.0  89802.0  89812.0    98.0
3  1769151840000  89812.0  89834.0  89807.0  89819.0    99.0
4  1769151900000  89826.0  89827.0  89774.0  89796.0    77.0
2026-01-23 12:06:47,205 | INFO | metatrader5_main | Incremental fetch for doge from 2026-01-23 12:01:00
2026-01-23 12:06:47,205 | INFO | metatrader5_main | Fetching doge...
2026-01-23 12:06:47,222 | INFO | metatrader5_main | Raw Rows fetched: 6

2026-01-23 12:06:47,387 | INFO | metatrader5_main | 
Data for doge saved to DB

2026-01-23 12:06:47,387 | INFO | metatrader5_main |        timestamp     open     high      low    close  volume
0  1769151660000  0.12535  0.12535  0.12529  0.12535     7.0
1  1769151720000  0.12535  0.12539  0.12531  0.12531     8.0
2  1769151780000  0.12531  0.12531  0.12525  0.12525     6.0
3  1769151840000  0.12525  0.12529  0.12525  0.12527    10.0
4  1769151900000  0.12527  0.12529  0.12525  0.12527     9.0
2026-01-23 12:06:48,251 | INFO | metatrader5_main | Incremental fetch for dot from 2026-01-23 12:01:00
2026-01-23 12:06:48,252 | INFO | metatrader5_main | Fetching dot...
2026-01-23 12:06:48,254 | INFO | metatrader5_main | Raw Rows fetched: 6

2026-01-23 12:06:48,435 | INFO | metatrader5_main | 
Data for dot saved to DB

2026-01-23 12:06:48,435 | INFO | metatrader5_main |        timestamp   open   high    low  close  volume
0  1769151660000  1.957  1.957  1.955  1.956     4.0
1  1769151720000  1.956  1.957  1.955  1.955     4.0
2  1769151780000  1.955  1.955  1.954  1.954     2.0
3  1769151840000  1.954  1.954  1.952  1.953     4.0
4  1769151900000  1.953  1.954  1.952  1.953     5.0
2026-01-23 12:06:48,452 | INFO | metatrader5_main | No existing data for eos. Fetching from 2026-01-23 12:01:00
2026-01-23 12:06:48,452 | INFO | metatrader5_main | Fetching eos...
2026-01-23 12:06:48,453 | WARNING | metatrader5_main | ⚠ No data returned for eos

2026-01-23 12:06:49,400 | INFO | metatrader5_main | Incremental fetch for eth from 2026-01-23 12:01:00
2026-01-23 12:06:49,400 | INFO | metatrader5_main | Fetching eth...
2026-01-23 12:06:49,403 | INFO | metatrader5_main | Raw Rows fetched: 6

2026-01-23 12:06:49,584 | INFO | metatrader5_main | 
Data for eth saved to DB

2026-01-23 12:06:49,584 | INFO | metatrader5_main |        timestamp     open     high      low    close  volume
0  1769151660000  2974.22  2974.27  2972.17  2974.07    53.0
1  1769151720000  2974.17  2974.57  2971.87  2972.27    42.0
2  1769151780000  2972.02  2972.02  2970.37  2971.37    46.0
3  1769151840000  2971.42  2971.92  2970.42  2971.47    27.0
4  1769151900000  2971.47  2971.77  2969.52  2970.72    51.0
2026-01-23 12:06:50,371 | INFO | metatrader5_main | Incremental fetch for lnk from 2026-01-23 12:01:00
2026-01-23 12:06:50,371 | INFO | metatrader5_main | Fetching lnk...
2026-01-23 12:06:50,379 | INFO | metatrader5_main | Raw Rows fetched: 6

2026-01-23 12:06:50,566 | INFO | metatrader5_main | 
Data for lnk saved to DB

2026-01-23 12:06:50,566 | INFO | metatrader5_main |        timestamp    open    high     low   close  volume
0  1769151660000  12.351  12.351  12.343  12.349    17.0
1  1769151720000  12.351  12.353  12.341  12.345     9.0
2  1769151780000  12.343  12.343  12.339  12.341    16.0
3  1769151840000  12.341  12.343  12.341  12.343     4.0
4  1769151900000  12.345  12.345  12.333  12.333    10.0
2026-01-23 12:06:51,849 | INFO | metatrader5_main | Incremental fetch for ltc from 2026-01-23 12:01:00
2026-01-23 12:06:51,849 | INFO | metatrader5_main | Fetching ltc...
2026-01-23 12:06:51,866 | INFO | metatrader5_main | Raw Rows fetched: 6

2026-01-23 12:06:52,034 | INFO | metatrader5_main | 
Data for ltc saved to DB

2026-01-23 12:06:52,034 | INFO | metatrader5_main |        timestamp   open   high    low  close  volume
0  1769151660000  69.06  69.06  69.02  69.06    16.0
1  1769151720000  69.07  69.07  69.02  69.02     6.0
2  1769151780000  69.02  69.03  69.00  69.03    10.0
3  1769151840000  69.02  69.04  69.01  69.01     5.0
4  1769151900000  69.01  69.01  68.96  68.97    11.0
2026-01-23 12:06:52,788 | INFO | metatrader5_main | Incremental fetch for matic from 2026-01-23 12:01:00
2026-01-23 12:06:52,788 | INFO | metatrader5_main | Fetching matic...
2026-01-23 12:06:52,794 | INFO | metatrader5_main | Raw Rows fetched: 6

2026-01-23 12:06:52,968 | INFO | metatrader5_main | 
Data for matic saved to DB

2026-01-23 12:06:52,968 | INFO | metatrader5_main |        timestamp    open    high     low   close  volume
0  1769151660000  0.1327  0.1327  0.1327  0.1327     1.0
1  1769151720000  0.1327  0.1327  0.1327  0.1327     1.0
2  1769151780000  0.1327  0.1327  0.1327  0.1327     1.0
3  1769151840000  0.1327  0.1327  0.1327  0.1327     1.0
4  1769151900000  0.1327  0.1327  0.1325  0.1325     2.0
2026-01-23 12:06:53,254 | INFO | metatrader5_main | Incremental fetch for neth from 2026-01-23 03:59:00
2026-01-23 12:06:53,254 | INFO | metatrader5_main | Fetching neth...
2026-01-23 12:06:53,254 | INFO | metatrader5_main | Raw Rows fetched: 1

2026-01-23 12:06:53,448 | INFO | metatrader5_main | 
Data for neth saved to DB

2026-01-23 12:06:53,448 | INFO | metatrader5_main |        timestamp   open    high     low  close  volume
0  1769122740000  989.5  989.75  987.55  989.2    24.0
2026-01-23 12:06:53,848 | INFO | metatrader5_main | Incremental fetch for sol from 2026-01-23 12:01:00
2026-01-23 12:06:53,848 | INFO | metatrader5_main | Fetching sol...
2026-01-23 12:06:53,853 | INFO | metatrader5_main | Raw Rows fetched: 6

2026-01-23 12:06:54,046 | INFO | metatrader5_main | 
Data for sol saved to DB

2026-01-23 12:06:54,047 | INFO | metatrader5_main |        timestamp     open     high      low    close  volume
0  1769151660000  128.824  128.851  128.787  128.851    98.0
1  1769151720000  128.856  128.876  128.747  128.754    87.0
2  1769151780000  128.752  128.753  128.697  128.709    99.0
3  1769151840000  128.708  128.764  128.708  128.747    81.0
4  1769151900000  128.750  128.780  128.689  128.719   101.0
2026-01-23 12:06:54,379 | INFO | metatrader5_main | Incremental fetch for xlm from 2026-01-23 12:01:00
2026-01-23 12:06:54,379 | INFO | metatrader5_main | Fetching xlm...
2026-01-23 12:06:54,389 | INFO | metatrader5_main | Raw Rows fetched: 6

2026-01-23 12:06:54,598 | INFO | metatrader5_main | 
Data for xlm saved to DB

2026-01-23 12:06:54,599 | INFO | metatrader5_main |        timestamp     open     high      low    close  volume
0  1769151660000  0.21237  0.21251  0.21225  0.21249    33.0
1  1769151720000  0.21249  0.21251  0.21245  0.21245    20.0
2  1769151780000  0.21247  0.21247  0.21227  0.21227    14.0
3  1769151840000  0.21227  0.21233  0.21219  0.21221    27.0
4  1769151900000  0.21221  0.21227  0.21219  0.21227    25.0
2026-01-23 12:06:54,615 | INFO | metatrader5_main | 🔌 MT5 shutdown complete
2026-01-23 12:08:13,698 | INFO | metatrader5_main | ✅ MT5 initialized
2026-01-23 12:09:05,862 | INFO | metatrader5_main | ✅ MT5 initialized
2026-01-23 12:09:17,908 | INFO | metatrader5_main | ✅ MT5 initialized
2026-01-23 12:09:18,270 | INFO | metatrader5_main | No existing data for ada. Fetching from 2026-01-10 00:00:00
2026-01-23 12:09:18,270 | INFO | metatrader5_main | Fetching ada...
2026-01-23 12:09:18,375 | INFO | metatrader5_main | Raw Rows fetched: 19279

2026-01-23 12:09:36,029 | INFO | metatrader5_main | 
Data for ada saved to DB

2026-01-23 12:09:36,029 | INFO | metatrader5_main |        timestamp    open    high     low   close  volume
0  1767985200000  0.3997  0.3999  0.3991  0.3992    35.0
1  1767985260000  0.3992  0.3993  0.3986  0.3987    20.0
2  1767985320000  0.3987  0.3990  0.3987  0.3988    20.0
3  1767985380000  0.3988  0.3991  0.3986  0.3987    22.0
4  1767985440000  0.3985  0.3987  0.3982  0.3985    12.0
2026-01-23 12:09:36,075 | INFO | metatrader5_main | No existing data for avax. Fetching from 2026-01-10 00:00:00
2026-01-23 12:09:36,076 | INFO | metatrader5_main | Fetching avax...
2026-01-23 12:09:36,137 | INFO | metatrader5_main | Raw Rows fetched: 18820

2026-01-23 12:09:54,209 | INFO | metatrader5_main | 
Data for avax saved to DB

2026-01-23 12:09:54,209 | INFO | metatrader5_main |        timestamp    open    high     low   close  volume
0  1767985200000  14.125  14.145  14.125  14.135    16.0
1  1767985260000  14.135  14.135  14.125  14.135     7.0
2  1767985320000  14.135  14.135  14.125  14.135     3.0
3  1767985380000  14.135  14.145  14.115  14.125     8.0
4  1767985440000  14.125  14.125  14.115  14.125     5.0
2026-01-23 12:09:54,416 | INFO | metatrader5_main | No existing data for bch. Fetching from 2026-01-10 00:00:00
2026-01-23 12:09:54,416 | INFO | metatrader5_main | Fetching bch...
2026-01-23 12:09:54,461 | INFO | metatrader5_main | Raw Rows fetched: 19333

2026-01-23 12:10:13,571 | INFO | metatrader5_main | 
Data for bch saved to DB

2026-01-23 12:10:13,574 | INFO | metatrader5_main |        timestamp    open    high     low   close  volume
0  1767985200000  635.11  635.11  634.80  634.80     9.0
1  1767985260000  634.80  635.00  634.49  634.49    13.0
2  1767985320000  634.54  634.71  634.51  634.51    11.0
3  1767985380000  634.61  634.71  634.21  634.32    12.0
4  1767985440000  634.31  634.67  634.22  634.66    12.0
2026-01-23 12:10:13,609 | INFO | metatrader5_main | No existing data for bnb. Fetching from 2026-01-10 00:00:00
2026-01-23 12:10:13,610 | INFO | metatrader5_main | Fetching bnb...
2026-01-23 12:10:13,640 | INFO | metatrader5_main | Raw Rows fetched: 19176

2026-01-23 12:10:32,684 | INFO | metatrader5_main | 
Data for bnb saved to DB

2026-01-23 12:10:32,684 | INFO | metatrader5_main |        timestamp    open    high     low   close  volume
0  1767985200000  897.65  898.25  897.65  897.85    14.0
1  1767985260000  897.95  897.95  897.35  897.35    15.0
2  1767985320000  897.45  898.15  897.45  897.75    17.0
3  1767985380000  897.85  898.15  897.65  897.65     9.0
4  1767985440000  897.75  897.85  897.45  897.75     8.0
2026-01-23 12:10:32,766 | INFO | metatrader5_main | No existing data for btc. Fetching from 2026-01-10 00:00:00
2026-01-23 12:10:32,766 | INFO | metatrader5_main | Fetching btc...
2026-01-23 12:10:32,795 | INFO | metatrader5_main | Raw Rows fetched: 19320

2026-01-23 12:10:51,572 | INFO | metatrader5_main | 
Data for btc saved to DB

2026-01-23 12:10:51,580 | INFO | metatrader5_main |        timestamp     open     high      low    close  volume
0  1767985200000  91559.0  91582.0  91472.0  91481.0   190.0
1  1767985260000  91489.0  91530.0  91434.0  91463.0   171.0
2  1767985320000  91463.0  91538.0  91409.0  91507.0   161.0
3  1767985380000  91511.0  91578.0  91478.0  91507.0   159.0
4  1767985440000  91514.0  91549.0  91478.0  91530.0   151.0
2026-01-23 12:10:51,620 | INFO | metatrader5_main | No existing data for doge. Fetching from 2026-01-10 00:00:00
2026-01-23 12:10:51,620 | INFO | metatrader5_main | Fetching doge...
2026-01-23 12:10:51,649 | INFO | metatrader5_main | Raw Rows fetched: 19297

2026-01-23 12:11:12,650 | INFO | metatrader5_main | 
Data for doge saved to DB

2026-01-23 12:11:12,653 | INFO | metatrader5_main |        timestamp     open     high      low    close  volume
0  1767985200000  0.14331  0.14339  0.14313  0.14315    29.0
1  1767985260000  0.14315  0.14317  0.14291  0.14293    29.0
2  1767985320000  0.14293  0.14307  0.14293  0.14301    27.0
3  1767985380000  0.14301  0.14313  0.14291  0.14295    25.0
4  1767985440000  0.14295  0.14299  0.14283  0.14297    26.0
2026-01-23 12:11:12,904 | INFO | metatrader5_main | No existing data for dot. Fetching from 2026-01-10 00:00:00
2026-01-23 12:11:12,904 | INFO | metatrader5_main | Fetching dot...
2026-01-23 12:11:12,931 | INFO | metatrader5_main | Raw Rows fetched: 19134

2026-01-23 12:11:32,256 | INFO | metatrader5_main | 
Data for dot saved to DB

2026-01-23 12:11:32,269 | INFO | metatrader5_main |        timestamp   open   high    low  close  volume
0  1767985200000  2.103  2.105  2.102  2.103    17.0
1  1767985260000  2.102  2.103  2.100  2.101    12.0
2  1767985320000  2.101  2.103  2.101  2.102    10.0
3  1767985380000  2.102  2.104  2.100  2.101    14.0
4  1767985440000  2.100  2.100  2.099  2.100     3.0
2026-01-23 12:11:32,304 | INFO | metatrader5_main | No existing data for eos. Fetching from 2026-01-10 00:00:00
2026-01-23 12:11:32,304 | INFO | metatrader5_main | Fetching eos...
2026-01-23 12:11:32,311 | WARNING | metatrader5_main | ⚠ No data returned for eos

2026-01-23 12:11:32,313 | INFO | metatrader5_main | No existing data for eth. Fetching from 2026-01-10 00:00:00
2026-01-23 12:11:32,313 | INFO | metatrader5_main | Fetching eth...
2026-01-23 12:11:32,342 | INFO | metatrader5_main | Raw Rows fetched: 19319

2026-01-23 12:11:53,618 | INFO | metatrader5_main | 
Data for eth saved to DB

2026-01-23 12:11:53,618 | INFO | metatrader5_main |        timestamp     open     high      low    close  volume
0  1767985200000  3129.57  3131.42  3126.67  3127.12   154.0
1  1767985260000  3127.17  3128.02  3124.17  3125.52   134.0
2  1767985320000  3125.57  3128.77  3125.57  3127.37   141.0
3  1767985380000  3127.47  3129.77  3125.67  3126.97   139.0
4  1767985440000  3126.97  3127.72  3123.62  3126.02    65.0
2026-01-23 12:11:53,661 | INFO | metatrader5_main | No existing data for lnk. Fetching from 2026-01-10 00:00:00
2026-01-23 12:11:53,662 | INFO | metatrader5_main | Fetching lnk...
2026-01-23 12:11:53,689 | INFO | metatrader5_main | Raw Rows fetched: 19304

2026-01-23 12:12:14,712 | INFO | metatrader5_main | 
Data for lnk saved to DB

2026-01-23 12:12:14,717 | INFO | metatrader5_main |        timestamp    open    high     low   close  volume
0  1767985200000  13.373  13.379  13.357  13.359    31.0
1  1767985260000  13.359  13.365  13.353  13.355    26.0
2  1767985320000  13.353  13.371  13.353  13.365    20.0
3  1767985380000  13.365  13.373  13.353  13.355    22.0
4  1767985440000  13.357  13.357  13.345  13.353    18.0
2026-01-23 12:12:14,755 | INFO | metatrader5_main | No existing data for ltc. Fetching from 2026-01-10 00:00:00
2026-01-23 12:12:14,756 | INFO | metatrader5_main | Fetching ltc...
2026-01-23 12:12:14,788 | INFO | metatrader5_main | Raw Rows fetched: 19318

2026-01-23 12:12:39,320 | INFO | metatrader5_main | 
Data for ltc saved to DB

2026-01-23 12:12:39,321 | INFO | metatrader5_main |        timestamp   open   high    low  close  volume
0  1767985200000  81.61  81.61  81.56  81.57    29.0
1  1767985260000  81.56  81.57  81.51  81.51    28.0
2  1767985320000  81.51  81.58  81.51  81.56    36.0
3  1767985380000  81.56  81.65  81.56  81.61    36.0
4  1767985440000  81.61  81.62  81.57  81.59    30.0
2026-01-23 12:12:39,433 | INFO | metatrader5_main | No existing data for matic. Fetching from 2026-01-10 00:00:00
2026-01-23 12:12:39,434 | INFO | metatrader5_main | Fetching matic...
2026-01-23 12:12:39,471 | INFO | metatrader5_main | Raw Rows fetched: 19286

2026-01-23 12:13:02,567 | INFO | metatrader5_main | 
Data for matic saved to DB

2026-01-23 12:13:02,577 | INFO | metatrader5_main |        timestamp    open    high     low   close  volume
0  1767985200000  0.1515  0.1519  0.1515  0.1515     7.0
1  1767985260000  0.1515  0.1515  0.1509  0.1509     6.0
2  1767985320000  0.1509  0.1511  0.1509  0.1511     4.0
3  1767985380000  0.1511  0.1513  0.1509  0.1511    11.0
4  1767985440000  0.1511  0.1515  0.1509  0.1513     8.0
2026-01-23 12:13:02,653 | INFO | metatrader5_main | No existing data for neth. Fetching from 2026-01-10 00:00:00
2026-01-23 12:13:02,654 | INFO | metatrader5_main | Fetching neth...
2026-01-23 12:13:02,836 | INFO | metatrader5_main | Raw Rows fetched: 7737

2026-01-23 12:13:22,650 | INFO | metatrader5_main | 
Data for neth saved to DB

2026-01-23 12:13:22,658 | INFO | metatrader5_main |        timestamp    open    high     low   close  volume
0  1767985200000  976.50  976.50  976.25  976.35    26.0
1  1767985260000  976.35  976.45  976.35  976.35     7.0
2  1767985320000  976.35  976.50  976.35  976.45    11.0
3  1767985380000  976.40  976.60  976.40  976.55    14.0
4  1767985440000  976.55  976.75  976.55  976.65     8.0
2026-01-23 12:13:22,693 | INFO | metatrader5_main | No existing data for sol. Fetching from 2026-01-10 00:00:00
2026-01-23 12:13:22,693 | INFO | metatrader5_main | Fetching sol...
2026-01-23 12:13:22,720 | INFO | metatrader5_main | Raw Rows fetched: 19330

2026-01-23 12:13:48,518 | INFO | metatrader5_main | 
Data for sol saved to DB

2026-01-23 12:13:48,519 | INFO | metatrader5_main |        timestamp     open     high      low    close  volume
0  1767985200000  139.746  139.815  139.576  139.597   184.0
1  1767985260000  139.594  139.646  139.500  139.547   197.0
2  1767985320000  139.547  139.741  139.547  139.675   181.0
3  1767985380000  139.677  139.815  139.631  139.672   166.0
4  1767985440000  139.669  139.695  139.567  139.671   138.0
2026-01-23 12:13:48,588 | INFO | metatrader5_main | No existing data for xlm. Fetching from 2026-01-10 00:00:00
2026-01-23 12:13:48,591 | INFO | metatrader5_main | Fetching xlm...
2026-01-23 12:13:48,637 | INFO | metatrader5_main | Raw Rows fetched: 19326

2026-01-23 12:14:12,602 | INFO | metatrader5_main | 
Data for xlm saved to DB

2026-01-23 12:14:12,603 | INFO | metatrader5_main |        timestamp     open     high      low    close  volume
0  1767985200000  0.23121  0.23155  0.23113  0.23141    39.0
1  1767985260000  0.23139  0.23143  0.23119  0.23123    30.0
2  1767985320000  0.23127  0.23153  0.23127  0.23147    33.0
3  1767985380000  0.23149  0.23163  0.23125  0.23159    51.0
4  1767985440000  0.23159  0.23161  0.23145  0.23149    25.0
2026-01-23 12:14:12,618 | INFO | metatrader5_main | 🔌 MT5 shutdown complete
2026-01-23 12:15:44,970 | INFO | metatrader5_main | ✅ MT5 initialized successfully
2026-01-23 12:15:46,599 | INFO | metatrader5_main | Incremental fetch for ada from 2026-01-23 12:09:00
2026-01-23 12:15:46,599 | INFO | metatrader5_main | Fetching data for ada...
2026-01-23 12:15:46,680 | INFO | metatrader5_main | Raw rows fetched for ada: 7
2026-01-23 12:15:47,105 | INFO | metatrader5_main | Data for ada saved to DB successfully
2026-01-23 12:15:47,105 | INFO | metatrader5_main |        timestamp    open    high     low   close  volume
0  1769152140000  0.3618  0.3618  0.3617  0.3617     2.0
1  1769152200000  0.3617  0.3617  0.3617  0.3617     1.0
2  1769152260000  0.3617  0.3617  0.3616  0.3616     2.0
3  1769152320000  0.3616  0.3617  0.3616  0.3616     3.0
4  1769152380000  0.3616  0.3616  0.3615  0.3615     4.0
2026-01-23 12:15:48,166 | INFO | metatrader5_main | Incremental fetch for avax from 2026-01-23 12:09:00
2026-01-23 12:15:48,166 | INFO | metatrader5_main | Fetching data for avax...
2026-01-23 12:15:48,184 | INFO | metatrader5_main | Raw rows fetched for avax: 7
2026-01-23 12:15:48,373 | INFO | metatrader5_main | Data for avax saved to DB successfully
2026-01-23 12:15:48,373 | INFO | metatrader5_main |        timestamp    open    high     low   close  volume
0  1769152140000  12.305  12.315  12.305  12.305     3.0
1  1769152200000  12.305  12.315  12.305  12.315     2.0
2  1769152260000  12.315  12.315  12.305  12.305     2.0
3  1769152320000  12.305  12.305  12.305  12.305     1.0
4  1769152380000  12.305  12.305  12.305  12.305     1.0
2026-01-23 12:15:49,403 | INFO | metatrader5_main | Incremental fetch for bch from 2026-01-23 12:09:00
2026-01-23 12:15:49,403 | INFO | metatrader5_main | Fetching data for bch...
2026-01-23 12:15:49,414 | INFO | metatrader5_main | Raw rows fetched for bch: 7
2026-01-23 12:15:49,607 | INFO | metatrader5_main | Data for bch saved to DB successfully
2026-01-23 12:15:49,607 | INFO | metatrader5_main |        timestamp    open    high     low   close  volume
0  1769152140000  595.01  595.10  595.00  595.10     3.0
1  1769152200000  594.90  595.01  594.81  594.81     5.0
2  1769152260000  594.81  594.81  594.61  594.61     4.0
3  1769152320000  594.71  595.02  594.71  594.81     6.0
4  1769152380000  594.81  595.00  594.70  594.70     7.0
2026-01-23 12:15:50,720 | INFO | metatrader5_main | Incremental fetch for bnb from 2026-01-23 12:09:00
2026-01-23 12:15:50,720 | INFO | metatrader5_main | Fetching data for bnb...
2026-01-23 12:15:50,731 | INFO | metatrader5_main | Raw rows fetched for bnb: 7
2026-01-23 12:15:50,937 | INFO | metatrader5_main | Data for bnb saved to DB successfully
2026-01-23 12:15:50,937 | INFO | metatrader5_main |        timestamp    open    high     low   close  volume
0  1769152140000  890.05  890.05  889.75  889.85     4.0
1  1769152200000  889.85  890.05  889.85  890.05     3.0
2  1769152260000  890.05  890.05  889.95  889.95     2.0
3  1769152320000  889.95  890.05  889.95  890.05     2.0
4  1769152380000  890.05  890.05  890.05  890.05     1.0
2026-01-23 12:15:52,022 | INFO | metatrader5_main | Incremental fetch for btc from 2026-01-23 12:09:00
2026-01-23 12:15:52,022 | INFO | metatrader5_main | Fetching data for btc...
2026-01-23 12:15:52,027 | INFO | metatrader5_main | Raw rows fetched for btc: 7
2026-01-23 12:15:52,225 | INFO | metatrader5_main | Data for btc saved to DB successfully
2026-01-23 12:15:52,225 | INFO | metatrader5_main |        timestamp     open     high      low    close  volume
0  1769152140000  89810.0  89813.0  89788.0  89790.0    47.0
1  1769152200000  89791.0  89809.0  89789.0  89799.0    71.0
2  1769152260000  89808.0  89809.0  89786.0  89789.0    35.0
3  1769152320000  89787.0  89796.0  89771.0  89789.0    56.0
4  1769152380000  89783.0  89804.0  89768.0  89799.0    61.0
2026-01-23 12:15:53,434 | INFO | metatrader5_main | Incremental fetch for doge from 2026-01-23 12:09:00
2026-01-23 12:15:53,434 | INFO | metatrader5_main | Fetching data for doge...
2026-01-23 12:15:53,434 | INFO | metatrader5_main | Raw rows fetched for doge: 7
2026-01-23 12:15:53,647 | INFO | metatrader5_main | Data for doge saved to DB successfully
2026-01-23 12:15:53,647 | INFO | metatrader5_main |        timestamp     open     high      low    close  volume
0  1769152140000  0.12529  0.12529  0.12525  0.12525     3.0
1  1769152200000  0.12525  0.12527  0.12525  0.12527     8.0
2  1769152260000  0.12527  0.12527  0.12525  0.12525    14.0
3  1769152320000  0.12525  0.12527  0.12525  0.12525     3.0
4  1769152380000  0.12525  0.12525  0.12523  0.12525     5.0
2026-01-23 12:15:54,686 | INFO | metatrader5_main | Incremental fetch for dot from 2026-01-23 12:09:00
2026-01-23 12:15:54,686 | INFO | metatrader5_main | Fetching data for dot...
2026-01-23 12:15:54,701 | INFO | metatrader5_main | Raw rows fetched for dot: 7
2026-01-23 12:15:54,905 | INFO | metatrader5_main | Data for dot saved to DB successfully
2026-01-23 12:15:54,905 | INFO | metatrader5_main |        timestamp   open   high    low  close  volume
0  1769152140000  1.953  1.953  1.953  1.953     1.0
1  1769152200000  1.953  1.953  1.952  1.952     2.0
2  1769152260000  1.952  1.952  1.951  1.952     3.0
3  1769152320000  1.952  1.953  1.952  1.953     4.0
4  1769152380000  1.953  1.953  1.952  1.953     5.0
2026-01-23 12:15:54,924 | INFO | metatrader5_main | No existing data for eos. Fetching from 2026-01-23 12:09:00
2026-01-23 12:15:54,924 | INFO | metatrader5_main | Fetching data for eos...
2026-01-23 12:15:54,925 | WARNING | metatrader5_main | ⚠ No data returned for eos
2026-01-23 12:15:55,900 | INFO | metatrader5_main | Incremental fetch for eth from 2026-01-23 12:09:00
2026-01-23 12:15:55,901 | INFO | metatrader5_main | Fetching data for eth...
2026-01-23 12:15:55,905 | INFO | metatrader5_main | Raw rows fetched for eth: 7
2026-01-23 12:15:56,097 | INFO | metatrader5_main | Data for eth saved to DB successfully
2026-01-23 12:15:56,097 | INFO | metatrader5_main |        timestamp     open     high      low    close  volume
0  1769152140000  2971.92  2972.47  2971.62  2972.07    39.0
1  1769152200000  2972.12  2972.67  2971.17  2972.37    45.0
2  1769152260000  2972.22  2972.32  2971.07  2971.77    29.0
3  1769152320000  2971.87  2971.97  2971.37  2971.77    12.0
4  1769152380000  2971.82  2971.97  2970.57  2971.77    30.0
2026-01-23 12:15:56,913 | INFO | metatrader5_main | Incremental fetch for lnk from 2026-01-23 12:09:00
2026-01-23 12:15:56,913 | INFO | metatrader5_main | Fetching data for lnk...
2026-01-23 12:15:56,930 | INFO | metatrader5_main | Raw rows fetched for lnk: 7
2026-01-23 12:15:57,118 | INFO | metatrader5_main | Data for lnk saved to DB successfully
2026-01-23 12:15:57,118 | INFO | metatrader5_main |        timestamp    open    high     low   close  volume
0  1769152140000  12.333  12.335  12.333  12.335     8.0
1  1769152200000  12.335  12.337  12.333  12.335     4.0
2  1769152260000  12.335  12.335  12.335  12.335     1.0
3  1769152320000  12.335  12.335  12.333  12.333    10.0
4  1769152380000  12.333  12.335  12.333  12.333     7.0
2026-01-23 12:15:58,741 | INFO | metatrader5_main | Incremental fetch for ltc from 2026-01-23 12:09:00
2026-01-23 12:15:58,742 | INFO | metatrader5_main | Fetching data for ltc...
2026-01-23 12:15:58,745 | INFO | metatrader5_main | Raw rows fetched for ltc: 7
2026-01-23 12:15:58,997 | INFO | metatrader5_main | Data for ltc saved to DB successfully
2026-01-23 12:15:58,998 | INFO | metatrader5_main |        timestamp   open   high    low  close  volume
0  1769152140000  69.01  69.01  69.00  69.00     4.0
1  1769152200000  69.00  69.01  69.00  69.00     3.0
2  1769152260000  69.00  69.00  68.97  68.97    12.0
3  1769152320000  68.98  68.98  68.96  68.96     3.0
4  1769152380000  68.96  68.96  68.94  68.94     3.0
2026-01-23 12:16:02,559 | INFO | metatrader5_main | Incremental fetch for matic from 2026-01-23 12:09:00
2026-01-23 12:16:02,559 | INFO | metatrader5_main | Fetching data for matic...
2026-01-23 12:16:02,562 | INFO | metatrader5_main | Raw rows fetched for matic: 7
2026-01-23 12:16:02,757 | INFO | metatrader5_main | Data for matic saved to DB successfully
2026-01-23 12:16:02,757 | INFO | metatrader5_main |        timestamp    open    high     low   close  volume
0  1769152140000  0.1325  0.1325  0.1325  0.1325     1.0
1  1769152200000  0.1325  0.1327  0.1325  0.1325     3.0
2  1769152260000  0.1325  0.1325  0.1325  0.1325     1.0
3  1769152320000  0.1325  0.1325  0.1325  0.1325     1.0
4  1769152380000  0.1325  0.1325  0.1325  0.1325     1.0
2026-01-23 12:16:03,810 | INFO | metatrader5_main | Incremental fetch for neth from 2026-01-23 03:59:00
2026-01-23 12:16:03,810 | INFO | metatrader5_main | Fetching data for neth...
2026-01-23 12:16:03,814 | INFO | metatrader5_main | Raw rows fetched for neth: 1
2026-01-23 12:16:04,013 | INFO | metatrader5_main | Data for neth saved to DB successfully
2026-01-23 12:16:04,013 | INFO | metatrader5_main |        timestamp   open    high     low  close  volume
0  1769122740000  989.5  989.75  987.55  989.2    24.0
2026-01-23 12:16:04,667 | INFO | metatrader5_main | Incremental fetch for sol from 2026-01-23 12:09:00
2026-01-23 12:16:04,667 | INFO | metatrader5_main | Fetching data for sol...
2026-01-23 12:16:04,674 | INFO | metatrader5_main | Raw rows fetched for sol: 7
2026-01-23 12:16:04,880 | INFO | metatrader5_main | Data for sol saved to DB successfully
2026-01-23 12:16:04,880 | INFO | metatrader5_main |        timestamp     open     high      low    close  volume
0  1769152140000  128.749  128.776  128.728  128.755    90.0
1  1769152200000  128.758  128.777  128.720  128.741   100.0
2  1769152260000  128.741  128.756  128.722  128.738    48.0
3  1769152320000  128.738  128.765  128.707  128.727    87.0
4  1769152380000  128.727  128.741  128.675  128.716    71.0
2026-01-23 12:16:05,273 | INFO | metatrader5_main | Incremental fetch for xlm from 2026-01-23 12:09:00
2026-01-23 12:16:05,273 | INFO | metatrader5_main | Fetching data for xlm...
2026-01-23 12:16:05,281 | INFO | metatrader5_main | Raw rows fetched for xlm: 7
2026-01-23 12:16:05,479 | INFO | metatrader5_main | Data for xlm saved to DB successfully
2026-01-23 12:16:05,479 | INFO | metatrader5_main |        timestamp     open     high      low    close  volume
0  1769152140000  0.21231  0.21233  0.21227  0.21231    15.0
1  1769152200000  0.21229  0.21241  0.21229  0.21239    13.0
2  1769152260000  0.21233  0.21241  0.21233  0.21237     9.0
3  1769152320000  0.21239  0.21241  0.21229  0.21231    10.0
4  1769152380000  0.21229  0.21231  0.21219  0.21221    12.0
2026-01-23 12:16:05,503 | INFO | metatrader5_main | 🔌 MT5 shutdown complete
2026-01-23 12:17:13,548 | INFO | metatrader5_main | ✅ MT5 initialized successfully
2026-01-23 12:17:14,862 | INFO | metatrader5_main | Incremental fetch for ada from 2026-01-23 12:15:00
2026-01-23 12:17:14,862 | INFO | metatrader5_main | Fetching data for ada...
2026-01-23 12:17:14,867 | INFO | metatrader5_main | Raw rows fetched for ada: 3
2026-01-23 12:17:15,091 | INFO | metatrader5_main | Data for ada saved to DB successfully
2026-01-23 12:17:15,091 | INFO | metatrader5_main |        timestamp    open    high     low   close  volume
0  1769152500000  0.3614  0.3614  0.3612  0.3612     3.0
1  1769152560000  0.3612  0.3614  0.3611  0.3611    10.0
2026-01-23 12:17:15,868 | INFO | metatrader5_main | Incremental fetch for avax from 2026-01-23 12:15:00
2026-01-23 12:17:15,868 | INFO | metatrader5_main | Fetching data for avax...
2026-01-23 12:17:15,885 | INFO | metatrader5_main | Raw rows fetched for avax: 3
2026-01-23 12:17:16,106 | INFO | metatrader5_main | Data for avax saved to DB successfully
2026-01-23 12:17:16,106 | INFO | metatrader5_main |        timestamp    open    high     low   close  volume
0  1769152500000  12.305  12.305  12.295  12.295     2.0
1  1769152560000  12.295  12.295  12.295  12.295     1.0
2026-01-23 12:17:16,979 | INFO | metatrader5_main | Incremental fetch for bch from 2026-01-23 12:15:00
2026-01-23 12:17:16,979 | INFO | metatrader5_main | Fetching data for bch...
2026-01-23 12:17:16,998 | INFO | metatrader5_main | Raw rows fetched for bch: 3
2026-01-23 12:17:17,221 | INFO | metatrader5_main | Data for bch saved to DB successfully
2026-01-23 12:17:17,221 | INFO | metatrader5_main |        timestamp    open    high    low   close  volume
0  1769152500000  594.71  594.71  594.5  594.50     4.0
1  1769152560000  594.60  594.61  594.5  594.61     8.0
2026-01-23 12:17:18,092 | INFO | metatrader5_main | Incremental fetch for bnb from 2026-01-23 12:15:00
2026-01-23 12:17:18,092 | INFO | metatrader5_main | Fetching data for bnb...
2026-01-23 12:17:18,099 | INFO | metatrader5_main | Raw rows fetched for bnb: 3
2026-01-23 12:17:18,289 | INFO | metatrader5_main | Data for bnb saved to DB successfully
2026-01-23 12:17:18,289 | INFO | metatrader5_main |        timestamp    open    high     low   close  volume
0  1769152500000  890.25  890.25  889.95  890.05     4.0
1  1769152560000  890.05  890.15  889.95  889.95     4.0
2026-01-23 12:17:19,190 | INFO | metatrader5_main | Incremental fetch for btc from 2026-01-23 12:15:00
2026-01-23 12:17:19,190 | INFO | metatrader5_main | Fetching data for btc...
2026-01-23 12:17:19,194 | INFO | metatrader5_main | Raw rows fetched for btc: 3
2026-01-23 12:17:19,390 | INFO | metatrader5_main | Data for btc saved to DB successfully
2026-01-23 12:17:19,390 | INFO | metatrader5_main |        timestamp     open     high      low    close  volume
0  1769152500000  89797.0  89797.0  89759.0  89760.0    67.0
1  1769152560000  89760.0  89780.0  89736.0  89740.0    95.0
2026-01-23 12:17:20,223 | INFO | metatrader5_main | Incremental fetch for doge from 2026-01-23 12:15:00
2026-01-23 12:17:20,223 | INFO | metatrader5_main | Fetching data for doge...
2026-01-23 12:17:20,239 | INFO | metatrader5_main | Raw rows fetched for doge: 3
2026-01-23 12:17:20,438 | INFO | metatrader5_main | Data for doge saved to DB successfully
2026-01-23 12:17:20,438 | INFO | metatrader5_main |        timestamp     open     high      low    close  volume
0  1769152500000  0.12529  0.12529  0.12523  0.12525     7.0
1  1769152560000  0.12525  0.12527  0.12519  0.12519    22.0
2026-01-23 12:17:21,306 | INFO | metatrader5_main | Incremental fetch for dot from 2026-01-23 12:15:00
2026-01-23 12:17:21,306 | INFO | metatrader5_main | Fetching data for dot...
2026-01-23 12:17:21,310 | INFO | metatrader5_main | Raw rows fetched for dot: 3
2026-01-23 12:17:21,504 | INFO | metatrader5_main | Data for dot saved to DB successfully
2026-01-23 12:17:21,504 | INFO | metatrader5_main |        timestamp   open   high    low  close  volume
0  1769152500000  1.953  1.953  1.953  1.953     1.0
1  1769152560000  1.953  1.953  1.952  1.952     6.0
2026-01-23 12:17:21,531 | INFO | metatrader5_main | No existing data for eos. Fetching from 2026-01-23 12:15:00
2026-01-23 12:17:21,531 | INFO | metatrader5_main | Fetching data for eos...
2026-01-23 12:17:21,532 | WARNING | metatrader5_main | ⚠ No data returned for eos
2026-01-23 12:17:22,359 | INFO | metatrader5_main | Incremental fetch for eth from 2026-01-23 12:15:00
2026-01-23 12:17:22,372 | INFO | metatrader5_main | Fetching data for eth...
2026-01-23 12:17:22,376 | INFO | metatrader5_main | Raw rows fetched for eth: 3
2026-01-23 12:17:22,570 | INFO | metatrader5_main | Data for eth saved to DB successfully
2026-01-23 12:17:22,570 | INFO | metatrader5_main |        timestamp     open     high      low    close  volume
0  1769152500000  2973.07  2973.47  2971.77  2972.32    53.0
1  1769152560000  2972.57  2972.97  2969.72  2970.52    52.0
2026-01-23 12:17:23,421 | INFO | metatrader5_main | Incremental fetch for lnk from 2026-01-23 12:15:00
2026-01-23 12:17:23,421 | INFO | metatrader5_main | Fetching data for lnk...
2026-01-23 12:17:23,437 | INFO | metatrader5_main | Raw rows fetched for lnk: 3
2026-01-23 12:17:23,636 | INFO | metatrader5_main | Data for lnk saved to DB successfully
2026-01-23 12:17:23,636 | INFO | metatrader5_main |        timestamp    open    high     low   close  volume
0  1769152500000  12.333  12.333  12.333  12.333     1.0
1  1769152560000  12.333  12.335  12.325  12.325     7.0
2026-01-23 12:17:24,519 | INFO | metatrader5_main | Incremental fetch for ltc from 2026-01-23 12:15:00
2026-01-23 12:17:24,519 | INFO | metatrader5_main | Fetching data for ltc...
2026-01-23 12:17:24,522 | INFO | metatrader5_main | Raw rows fetched for ltc: 3
2026-01-23 12:17:24,757 | INFO | metatrader5_main | Data for ltc saved to DB successfully
2026-01-23 12:17:24,757 | INFO | metatrader5_main |        timestamp   open   high    low  close  volume
0  1769152500000  68.94  68.94  68.92  68.92    11.0
1  1769152560000  68.93  68.95  68.91  68.93    18.0
2026-01-23 12:17:25,600 | INFO | metatrader5_main | Incremental fetch for matic from 2026-01-23 12:15:00
2026-01-23 12:17:25,600 | INFO | metatrader5_main | Fetching data for matic...
2026-01-23 12:17:25,610 | INFO | metatrader5_main | Raw rows fetched for matic: 3
2026-01-23 12:17:25,836 | INFO | metatrader5_main | Data for matic saved to DB successfully
2026-01-23 12:17:25,836 | INFO | metatrader5_main |        timestamp    open    high     low   close  volume
0  1769152500000  0.1325  0.1325  0.1325  0.1325     1.0
1  1769152560000  0.1325  0.1325  0.1323  0.1323     2.0
2026-01-23 12:17:26,874 | INFO | metatrader5_main | Incremental fetch for neth from 2026-01-23 04:00:00
2026-01-23 12:17:26,874 | INFO | metatrader5_main | Fetching data for neth...
2026-01-23 12:17:26,876 | WARNING | metatrader5_main | ⚠ No data returned for neth
2026-01-23 12:17:27,867 | INFO | metatrader5_main | Incremental fetch for sol from 2026-01-23 12:15:00
2026-01-23 12:17:27,868 | INFO | metatrader5_main | Fetching data for sol...
2026-01-23 12:17:27,870 | INFO | metatrader5_main | Raw rows fetched for sol: 3
2026-01-23 12:17:28,140 | INFO | metatrader5_main | Data for sol saved to DB successfully
2026-01-23 12:17:28,140 | INFO | metatrader5_main |        timestamp     open     high      low    close  volume
0  1769152500000  128.748  128.748  128.681  128.691    77.0
1  1769152560000  128.690  128.733  128.667  128.667    82.0
2026-01-23 12:17:28,828 | INFO | metatrader5_main | Incremental fetch for xlm from 2026-01-23 12:15:00
2026-01-23 12:17:28,828 | INFO | metatrader5_main | Fetching data for xlm...
2026-01-23 12:17:28,839 | INFO | metatrader5_main | Raw rows fetched for xlm: 3
2026-01-23 12:17:29,052 | INFO | metatrader5_main | Data for xlm saved to DB successfully
2026-01-23 12:17:29,052 | INFO | metatrader5_main |        timestamp     open     high      low    close  volume
0  1769152500000  0.21227  0.21227  0.21219  0.21219    16.0
1  1769152560000  0.21219  0.21221  0.21199  0.21201    15.0
2026-01-23 12:17:29,076 | INFO | metatrader5_main | 🔌 MT5 shutdown complete
