2026-03-03 09:43:52,080 | INFO | model_fetcher | The best model: random_forest_clf_20260302_153911
2026-03-03 09:50:57,269 | INFO | model_fetcher | The best model: random_forest_clf_20260302_153911
2026-03-03 09:50:57,310 | INFO | model_fetcher | The best features for random_forest_clf_20260302_153911 are: ["STOCH_K", "DX_14", "MACD_2", "ADOSC", "ROC_14", "STOCHRSI_D", "low", "NATR_14", "AROONOSC", "close", "ADX_14", "MIDPOINT_14", "STOCH_D", "volume", "STOCHRSI_K", "TRANGE", "ROCP_14", "CDLADVANCEBLOCK", "CDLHANGINGMAN", "CDLGRAVESTONEDOJI", "WCLPRICE", "CDLMARUBOZU", "WMA_14", "AVGPRICE", "KAMA_14", "TSF_14", "MFI_14", "CCI_14", "BB_UPPER", "CDLHIGHWAVE", "VAR_14", "PPO_0", "MA_14", "HT_TRENDLINE"]
2026-03-03 09:59:10,926 | INFO | model_fetcher | The best model: random_forest_clf_20260302_153911
2026-03-03 09:59:10,934 | INFO | model_fetcher | The best features for random_forest_clf_20260302_153911 are: ["STOCH_K", "DX_14", "MACD_2", "ADOSC", "ROC_14", "STOCHRSI_D", "low", "NATR_14", "AROONOSC", "close", "ADX_14", "MIDPOINT_14", "STOCH_D", "volume", "STOCHRSI_K", "TRANGE", "ROCP_14", "CDLADVANCEBLOCK", "CDLHANGINGMAN", "CDLGRAVESTONEDOJI", "WCLPRICE", "CDLMARUBOZU", "WMA_14", "AVGPRICE", "KAMA_14", "TSF_14", "MFI_14", "CCI_14", "BB_UPPER", "CDLHIGHWAVE", "VAR_14", "PPO_0", "MA_14", "HT_TRENDLINE"]
2026-03-03 09:59:10,936 | ERROR | model_fetcher | Model file not found at: D:\trading\saved_models\random_forest_clf_20260302_153911.pkl
2026-03-03 10:06:19,785 | INFO | model_fetcher | The best model: random_forest_clf_20260302_153911
2026-03-03 10:06:19,796 | INFO | model_fetcher | The best features for random_forest_clf_20260302_153911 are: ["STOCH_K", "DX_14", "MACD_2", "ADOSC", "ROC_14", "STOCHRSI_D", "low", "NATR_14", "AROONOSC", "close", "ADX_14", "MIDPOINT_14", "STOCH_D", "volume", "STOCHRSI_K", "TRANGE", "ROCP_14", "CDLADVANCEBLOCK", "CDLHANGINGMAN", "CDLGRAVESTONEDOJI", "WCLPRICE", "CDLMARUBOZU", "WMA_14", "AVGPRICE", "KAMA_14", "TSF_14", "MFI_14", "CCI_14", "BB_UPPER", "CDLHIGHWAVE", "VAR_14", "PPO_0", "MA_14", "HT_TRENDLINE"]
2026-03-03 10:06:19,798 | ERROR | model_fetcher | Model file not found at: D:\trading\saved_models\random_forest_classifier_20260302_153911.pkl
2026-03-03 10:11:15,748 | INFO | model_fetcher | The best model: random_forest_clf_20260302_153911
2026-03-03 10:11:15,756 | INFO | model_fetcher | The best features for random_forest_clf_20260302_153911 are: ["STOCH_K", "DX_14", "MACD_2", "ADOSC", "ROC_14", "STOCHRSI_D", "low", "NATR_14", "AROONOSC", "close", "ADX_14", "MIDPOINT_14", "STOCH_D", "volume", "STOCHRSI_K", "TRANGE", "ROCP_14", "CDLADVANCEBLOCK", "CDLHANGINGMAN", "CDLGRAVESTONEDOJI", "WCLPRICE", "CDLMARUBOZU", "WMA_14", "AVGPRICE", "KAMA_14", "TSF_14", "MFI_14", "CCI_14", "BB_UPPER", "CDLHIGHWAVE", "VAR_14", "PPO_0", "MA_14", "HT_TRENDLINE"]
2026-03-03 10:11:39,597 | INFO | model_fetcher | The best model: random_forest_clf_20260302_153911
2026-03-03 10:11:39,618 | INFO | model_fetcher | The best features for random_forest_clf_20260302_153911 are: ["STOCH_K", "DX_14", "MACD_2", "ADOSC", "ROC_14", "STOCHRSI_D", "low", "NATR_14", "AROONOSC", "close", "ADX_14", "MIDPOINT_14", "STOCH_D", "volume", "STOCHRSI_K", "TRANGE", "ROCP_14", "CDLADVANCEBLOCK", "CDLHANGINGMAN", "CDLGRAVESTONEDOJI", "WCLPRICE", "CDLMARUBOZU", "WMA_14", "AVGPRICE", "KAMA_14", "TSF_14", "MFI_14", "CCI_14", "BB_UPPER", "CDLHIGHWAVE", "VAR_14", "PPO_0", "MA_14", "HT_TRENDLINE"]
2026-03-03 10:11:39,619 | ERROR | model_fetcher | Model file not found at: D:\trading\saved_models\btc_btc_random_forest_classifier_20260302_153911.pkl
2026-03-03 10:12:05,502 | INFO | model_fetcher | The best model: random_forest_clf_20260302_153911
2026-03-03 10:12:05,518 | INFO | model_fetcher | The best features for random_forest_clf_20260302_153911 are: ["STOCH_K", "DX_14", "MACD_2", "ADOSC", "ROC_14", "STOCHRSI_D", "low", "NATR_14", "AROONOSC", "close", "ADX_14", "MIDPOINT_14", "STOCH_D", "volume", "STOCHRSI_K", "TRANGE", "ROCP_14", "CDLADVANCEBLOCK", "CDLHANGINGMAN", "CDLGRAVESTONEDOJI", "WCLPRICE", "CDLMARUBOZU", "WMA_14", "AVGPRICE", "KAMA_14", "TSF_14", "MFI_14", "CCI_14", "BB_UPPER", "CDLHIGHWAVE", "VAR_14", "PPO_0", "MA_14", "HT_TRENDLINE"]
2026-03-03 10:12:56,361 | INFO | model_fetcher | The best model: random_forest_clf_20260302_153911
2026-03-03 10:12:56,369 | INFO | model_fetcher | The best features for random_forest_clf_20260302_153911 are: ["STOCH_K", "DX_14", "MACD_2", "ADOSC", "ROC_14", "STOCHRSI_D", "low", "NATR_14", "AROONOSC", "close", "ADX_14", "MIDPOINT_14", "STOCH_D", "volume", "STOCHRSI_K", "TRANGE", "ROCP_14", "CDLADVANCEBLOCK", "CDLHANGINGMAN", "CDLGRAVESTONEDOJI", "WCLPRICE", "CDLMARUBOZU", "WMA_14", "AVGPRICE", "KAMA_14", "TSF_14", "MFI_14", "CCI_14", "BB_UPPER", "CDLHIGHWAVE", "VAR_14", "PPO_0", "MA_14", "HT_TRENDLINE"]
2026-03-03 10:12:56,369 | WARNING | model_fetcher | No model_name provided.
2026-03-03 10:13:17,229 | INFO | model_fetcher | The best model: random_forest_clf_20260302_153911
2026-03-03 10:13:17,246 | INFO | model_fetcher | The best features for random_forest_clf_20260302_153911 are: ["STOCH_K", "DX_14", "MACD_2", "ADOSC", "ROC_14", "STOCHRSI_D", "low", "NATR_14", "AROONOSC", "close", "ADX_14", "MIDPOINT_14", "STOCH_D", "volume", "STOCHRSI_K", "TRANGE", "ROCP_14", "CDLADVANCEBLOCK", "CDLHANGINGMAN", "CDLGRAVESTONEDOJI", "WCLPRICE", "CDLMARUBOZU", "WMA_14", "AVGPRICE", "KAMA_14", "TSF_14", "MFI_14", "CCI_14", "BB_UPPER", "CDLHIGHWAVE", "VAR_14", "PPO_0", "MA_14", "HT_TRENDLINE"]
2026-03-03 10:13:21,536 | INFO | model_fetcher | Loaded model file: btc_random_forest_classifier_20260302_153911.pkl
2026-03-03 10:13:21,536 | INFO | model_fetcher | Model object ready for inference 🚀
2026-03-03 10:25:38,355 | INFO | model_fetcher | The best model: random_forest_clf_20260302_153911
2026-03-03 10:25:38,367 | INFO | model_fetcher | The best features for random_forest_clf_20260302_153911 are: ["STOCH_K", "DX_14", "MACD_2", "ADOSC", "ROC_14", "STOCHRSI_D", "low", "NATR_14", "AROONOSC", "close", "ADX_14", "MIDPOINT_14", "STOCH_D", "volume", "STOCHRSI_K", "TRANGE", "ROCP_14", "CDLADVANCEBLOCK", "CDLHANGINGMAN", "CDLGRAVESTONEDOJI", "WCLPRICE", "CDLMARUBOZU", "WMA_14", "AVGPRICE", "KAMA_14", "TSF_14", "MFI_14", "CCI_14", "BB_UPPER", "CDLHIGHWAVE", "VAR_14", "PPO_0", "MA_14", "HT_TRENDLINE"]
2026-03-03 10:25:42,128 | INFO | model_fetcher | Loaded model file: btc_random_forest_classifier_20260302_153911.pkl
2026-03-03 10:25:42,128 | INFO | model_fetcher | Model object ready for inference 🚀
