2026-04-16 17:34:48,037 | INFO | preprocessing | Dataset split (n=13480) → train: 9436 (70%) | val: 2022 (15%) | test: 2022 (15%)
2026-04-16 17:34:48,037 | INFO | preprocessing |   Train range: 2024-09-30 18:00:00+00:00 → 2025-10-28 21:00:00+00:00
2026-04-16 17:34:48,041 | INFO | preprocessing |   Val   range: 2025-10-28 22:00:00+00:00   → 2026-01-21 03:00:00+00:00
2026-04-16 17:34:48,041 | INFO | preprocessing |   Test  range: 2026-01-21 04:00:00+00:00  → 2026-04-15 09:00:00+00:00
2026-04-16 17:34:48,306 | INFO | preprocessing |   Train class dist — class 0: 49.4% | class 1: 50.6%
2026-04-16 17:34:48,306 | INFO | preprocessing |   Val class dist — class 0: 50.0% | class 1: 50.0%
2026-04-16 17:34:48,322 | INFO | preprocessing |   Test class dist — class 0: 50.3% | class 1: 49.7%
2026-04-16 17:34:48,349 | INFO | preprocessing | Using 39 features for modelling.
2026-04-16 17:34:48,602 | INFO | preprocessing | Scaling complete → X_train: (9436, 39) | X_val: (2022, 39) | X_test: (2022, 39)
2026-04-16 17:47:05,566 | INFO | preprocessing | Dataset split (n=13480) → train: 9436 (70%) | val: 2022 (15%) | test: 2022 (15%)
2026-04-16 17:47:05,566 | INFO | preprocessing |   Train range: 2024-09-30 18:00:00+00:00 → 2025-10-28 21:00:00+00:00
2026-04-16 17:47:05,566 | INFO | preprocessing |   Val   range: 2025-10-28 22:00:00+00:00   → 2026-01-21 03:00:00+00:00
2026-04-16 17:47:05,572 | INFO | preprocessing |   Test  range: 2026-01-21 04:00:00+00:00  → 2026-04-15 09:00:00+00:00
2026-04-16 17:47:05,582 | INFO | preprocessing |   Train class dist — class 0: 49.4% | class 1: 50.6%
2026-04-16 17:47:05,582 | INFO | preprocessing |   Val class dist — class 0: 50.0% | class 1: 50.0%
2026-04-16 17:47:05,585 | INFO | preprocessing |   Test class dist — class 0: 50.3% | class 1: 49.7%
2026-04-16 17:47:05,585 | INFO | preprocessing | Using 23 features for modelling.
2026-04-16 17:47:05,610 | INFO | preprocessing | Scaling complete → X_train: (9436, 23) | X_val: (2022, 23) | X_test: (2022, 23)
2026-04-16 18:14:33,308 | INFO | preprocessing | Dataset split (n=13480) → train: 9436 (70%) | val: 2022 (15%) | test: 2022 (15%)
2026-04-16 18:14:33,308 | INFO | preprocessing |   Train range: 2024-09-30 18:00:00+00:00 → 2025-10-28 21:00:00+00:00
2026-04-16 18:14:33,308 | INFO | preprocessing |   Val   range: 2025-10-28 22:00:00+00:00   → 2026-01-21 03:00:00+00:00
2026-04-16 18:14:33,312 | INFO | preprocessing |   Test  range: 2026-01-21 04:00:00+00:00  → 2026-04-15 09:00:00+00:00
2026-04-16 18:14:33,318 | INFO | preprocessing |   Train class dist — class 0: 49.4% | class 1: 50.6%
2026-04-16 18:14:33,318 | INFO | preprocessing |   Val class dist — class 0: 50.0% | class 1: 50.0%
2026-04-16 18:14:33,322 | INFO | preprocessing |   Test class dist — class 0: 50.3% | class 1: 49.7%
2026-04-16 18:14:33,323 | INFO | preprocessing | Using 23 features for modelling.
2026-04-16 18:14:33,358 | INFO | preprocessing | Scaling complete → X_train: (9436, 23) | X_val: (2022, 23) | X_test: (2022, 23)
2026-04-17 09:31:37,528 | INFO | preprocessing | Dataset split (n=13480) → train: 9436 (70%) | val: 2022 (15%) | test: 2022 (15%)
2026-04-17 09:31:37,529 | INFO | preprocessing |   Train range: 2024-09-30 18:00:00+00:00 → 2025-10-28 21:00:00+00:00
2026-04-17 09:31:37,529 | INFO | preprocessing |   Val   range: 2025-10-28 22:00:00+00:00   → 2026-01-21 03:00:00+00:00
2026-04-17 09:31:37,531 | INFO | preprocessing |   Test  range: 2026-01-21 04:00:00+00:00  → 2026-04-15 09:00:00+00:00
2026-04-17 09:31:37,536 | INFO | preprocessing |   Train class dist — class 0: 49.4% | class 1: 50.6%
2026-04-17 09:31:37,536 | INFO | preprocessing |   Val class dist — class 0: 50.0% | class 1: 50.0%
2026-04-17 09:31:37,536 | INFO | preprocessing |   Test class dist — class 0: 50.3% | class 1: 49.7%
2026-04-17 09:31:37,541 | INFO | preprocessing | Using 23 features for modelling.
2026-04-17 09:31:37,562 | INFO | preprocessing | Scaling complete → X_train: (9436, 23) | X_val: (2022, 23) | X_test: (2022, 23)
2026-04-17 09:33:18,903 | INFO | preprocessing | Dataset split (n=13480) → train: 9436 (70%) | val: 2022 (15%) | test: 2022 (15%)
2026-04-17 09:33:18,928 | INFO | preprocessing |   Train range: 2024-09-30 18:00:00+00:00 → 2025-10-28 21:00:00+00:00
2026-04-17 09:33:18,928 | INFO | preprocessing |   Val   range: 2025-10-28 22:00:00+00:00   → 2026-01-21 03:00:00+00:00
2026-04-17 09:33:18,928 | INFO | preprocessing |   Test  range: 2026-01-21 04:00:00+00:00  → 2026-04-15 09:00:00+00:00
2026-04-17 09:33:19,100 | INFO | preprocessing |   Train class dist — class 0: 49.4% | class 1: 50.6%
2026-04-17 09:33:19,106 | INFO | preprocessing |   Val class dist — class 0: 50.0% | class 1: 50.0%
2026-04-17 09:33:19,106 | INFO | preprocessing |   Test class dist — class 0: 50.3% | class 1: 49.7%
2026-04-17 09:33:19,106 | INFO | preprocessing | Using 23 features for modelling.
2026-04-17 09:33:19,138 | INFO | preprocessing | Scaling complete → X_train: (9436, 23) | X_val: (2022, 23) | X_test: (2022, 23)
2026-04-17 09:35:52,503 | INFO | preprocessing | Dataset split (n=13480) → train: 9436 (70%) | val: 2022 (15%) | test: 2022 (15%)
2026-04-17 09:35:52,503 | INFO | preprocessing |   Train range: 2024-09-30 18:00:00+00:00 → 2025-10-28 21:00:00+00:00
2026-04-17 09:35:52,503 | INFO | preprocessing |   Val   range: 2025-10-28 22:00:00+00:00   → 2026-01-21 03:00:00+00:00
2026-04-17 09:35:52,514 | INFO | preprocessing |   Test  range: 2026-01-21 04:00:00+00:00  → 2026-04-15 09:00:00+00:00
2026-04-17 09:35:52,515 | INFO | preprocessing |   Train class dist — class 0: 49.4% | class 1: 50.6%
2026-04-17 09:35:52,516 | INFO | preprocessing |   Val class dist — class 0: 50.0% | class 1: 50.0%
2026-04-17 09:35:52,518 | INFO | preprocessing |   Test class dist — class 0: 50.3% | class 1: 49.7%
2026-04-17 09:35:52,518 | INFO | preprocessing | Using 23 features for modelling.
2026-04-17 09:35:52,538 | INFO | preprocessing | Scaling complete → X_train: (9436, 23) | X_val: (2022, 23) | X_test: (2022, 23)
2026-04-17 09:40:43,268 | INFO | preprocessing | Dataset split (n=13480) → train: 9436 (70%) | val: 2022 (15%) | test: 2022 (15%)
2026-04-17 09:40:43,268 | INFO | preprocessing |   Train range: 2024-09-30 18:00:00+00:00 → 2025-10-28 21:00:00+00:00
2026-04-17 09:40:43,268 | INFO | preprocessing |   Val   range: 2025-10-28 22:00:00+00:00   → 2026-01-21 03:00:00+00:00
2026-04-17 09:40:43,268 | INFO | preprocessing |   Test  range: 2026-01-21 04:00:00+00:00  → 2026-04-15 09:00:00+00:00
2026-04-17 09:40:43,274 | INFO | preprocessing |   Train class dist — class 0: 49.4% | class 1: 50.6%
2026-04-17 09:40:43,276 | INFO | preprocessing |   Val class dist — class 0: 50.0% | class 1: 50.0%
2026-04-17 09:40:43,277 | INFO | preprocessing |   Test class dist — class 0: 50.3% | class 1: 49.7%
2026-04-17 09:40:43,277 | INFO | preprocessing | Using 23 features for modelling.
2026-04-17 09:40:43,297 | INFO | preprocessing | Scaling complete → X_train: (9436, 23) | X_val: (2022, 23) | X_test: (2022, 23)
2026-04-17 09:44:00,427 | INFO | preprocessing | Dataset split (n=13480) → train: 9436 (70%) | val: 2022 (15%) | test: 2022 (15%)
2026-04-17 09:44:00,427 | INFO | preprocessing |   Train range: 2024-09-30 18:00:00+00:00 → 2025-10-28 21:00:00+00:00
2026-04-17 09:44:00,430 | INFO | preprocessing |   Val   range: 2025-10-28 22:00:00+00:00   → 2026-01-21 03:00:00+00:00
2026-04-17 09:44:00,430 | INFO | preprocessing |   Test  range: 2026-01-21 04:00:00+00:00  → 2026-04-15 09:00:00+00:00
2026-04-17 09:44:00,437 | INFO | preprocessing |   Train class dist — class 0: 49.4% | class 1: 50.6%
2026-04-17 09:44:00,438 | INFO | preprocessing |   Val class dist — class 0: 50.0% | class 1: 50.0%
2026-04-17 09:44:00,439 | INFO | preprocessing |   Test class dist — class 0: 50.3% | class 1: 49.7%
2026-04-17 09:44:00,440 | INFO | preprocessing | Using 23 features for modelling.
2026-04-17 09:44:00,458 | INFO | preprocessing | Scaling complete → X_train: (9436, 23) | X_val: (2022, 23) | X_test: (2022, 23)
2026-04-17 09:45:30,075 | INFO | preprocessing | Dataset split (n=13480) → train: 9436 (70%) | val: 2022 (15%) | test: 2022 (15%)
2026-04-17 09:45:30,075 | INFO | preprocessing |   Train range: 2024-09-30 18:00:00+00:00 → 2025-10-28 21:00:00+00:00
2026-04-17 09:45:30,075 | INFO | preprocessing |   Val   range: 2025-10-28 22:00:00+00:00   → 2026-01-21 03:00:00+00:00
2026-04-17 09:45:30,075 | INFO | preprocessing |   Test  range: 2026-01-21 04:00:00+00:00  → 2026-04-15 09:00:00+00:00
2026-04-17 09:45:30,081 | INFO | preprocessing |   Train class dist — class 0: 49.4% | class 1: 50.6%
2026-04-17 09:45:30,081 | INFO | preprocessing |   Val class dist — class 0: 50.0% | class 1: 50.0%
2026-04-17 09:45:30,081 | INFO | preprocessing |   Test class dist — class 0: 50.3% | class 1: 49.7%
2026-04-17 09:45:30,085 | INFO | preprocessing | Using 23 features for modelling.
2026-04-17 09:45:30,109 | INFO | preprocessing | Scaling complete → X_train: (9436, 23) | X_val: (2022, 23) | X_test: (2022, 23)
2026-04-17 14:59:42,660 | INFO | preprocessing | Merging OHLCV+indicators with ml_features …
2026-04-21 10:02:48,268 | INFO | preprocessing | Dataset split (n=13571) → train: 9499 (70%) | val: 2036 (15%) | test: 2036 (15%)
2026-04-21 10:02:48,300 | INFO | preprocessing |   Train range: 2024-09-28 17:00:00+00:00 → 2025-10-29 11:00:00+00:00
2026-04-21 10:02:48,300 | INFO | preprocessing |   Val   range: 2025-10-29 12:00:00+00:00   → 2026-01-22 07:00:00+00:00
2026-04-21 10:02:48,303 | INFO | preprocessing |   Test  range: 2026-01-22 08:00:00+00:00  → 2026-04-17 03:00:00+00:00
2026-04-21 10:02:48,513 | INFO | preprocessing |   Train class dist — class 0: 49.4% | class 1: 50.6%
2026-04-21 10:02:48,520 | INFO | preprocessing |   Val class dist — class 0: 50.1% | class 1: 49.9%
2026-04-21 10:02:48,525 | INFO | preprocessing |   Test class dist — class 0: 50.4% | class 1: 49.6%
2026-04-21 10:02:48,570 | INFO | preprocessing | Using 23 features for modelling.
2026-04-21 10:02:48,939 | INFO | preprocessing | Scaling complete → X_train: (9499, 23) | X_val: (2036, 23) | X_test: (2036, 23)
2026-04-21 11:36:18,403 | INFO | preprocessing | Dataset split (n=13571) → train: 9499 (70%) | val: 2036 (15%) | test: 2036 (15%)
2026-04-21 11:36:18,447 | INFO | preprocessing |   Train range: 2024-09-28 17:00:00+00:00 → 2025-10-29 11:00:00+00:00
2026-04-21 11:36:18,452 | INFO | preprocessing |   Val   range: 2025-10-29 12:00:00+00:00   → 2026-01-22 07:00:00+00:00
2026-04-21 11:36:18,455 | INFO | preprocessing |   Test  range: 2026-01-22 08:00:00+00:00  → 2026-04-17 03:00:00+00:00
2026-04-21 11:36:18,467 | INFO | preprocessing |   Train class dist — class 0: 49.4% | class 1: 50.6%
2026-04-21 11:36:18,467 | INFO | preprocessing |   Val class dist — class 0: 50.1% | class 1: 49.9%
2026-04-21 11:36:18,474 | INFO | preprocessing |   Test class dist — class 0: 50.4% | class 1: 49.6%
2026-04-21 11:36:18,476 | INFO | preprocessing | Using 23 features for modelling.
2026-04-21 11:36:18,583 | INFO | preprocessing | Scaling complete → X_train: (9499, 23) | X_val: (2036, 23) | X_test: (2036, 23)
2026-04-21 11:44:31,834 | INFO | preprocessing | Dataset split (n=13571) → train: 9499 (70%) | val: 2036 (15%) | test: 2036 (15%)
2026-04-21 11:44:31,876 | INFO | preprocessing |   Train range: 2024-09-28 17:00:00+00:00 → 2025-10-29 11:00:00+00:00
2026-04-21 11:44:31,877 | INFO | preprocessing |   Val   range: 2025-10-29 12:00:00+00:00   → 2026-01-22 07:00:00+00:00
2026-04-21 11:44:31,878 | INFO | preprocessing |   Test  range: 2026-01-22 08:00:00+00:00  → 2026-04-17 03:00:00+00:00
2026-04-21 11:44:31,926 | INFO | preprocessing |   Train class dist — class 0: 49.4% | class 1: 50.6%
2026-04-21 11:44:31,929 | INFO | preprocessing |   Val class dist — class 0: 50.1% | class 1: 49.9%
2026-04-21 11:44:31,931 | INFO | preprocessing |   Test class dist — class 0: 50.4% | class 1: 49.6%
2026-04-21 11:44:31,933 | INFO | preprocessing | Using 23 features for modelling.
2026-04-21 11:44:32,081 | INFO | preprocessing | Scaling complete → X_train: (9499, 23) | X_val: (2036, 23) | X_test: (2036, 23)
2026-04-21 11:47:14,220 | INFO | preprocessing | Dataset split (n=13571) → train: 9499 (70%) | val: 2036 (15%) | test: 2036 (15%)
2026-04-21 11:47:14,248 | INFO | preprocessing |   Train range: 2024-09-28 17:00:00+00:00 → 2025-10-29 11:00:00+00:00
2026-04-21 11:47:14,249 | INFO | preprocessing |   Val   range: 2025-10-29 12:00:00+00:00   → 2026-01-22 07:00:00+00:00
2026-04-21 11:47:14,250 | INFO | preprocessing |   Test  range: 2026-01-22 08:00:00+00:00  → 2026-04-17 03:00:00+00:00
2026-04-21 11:47:14,287 | INFO | preprocessing |   Train class dist — class 0: 49.4% | class 1: 50.6%
2026-04-21 11:47:14,292 | INFO | preprocessing |   Val class dist — class 0: 50.1% | class 1: 49.9%
2026-04-21 11:47:14,295 | INFO | preprocessing |   Test class dist — class 0: 50.4% | class 1: 49.6%
2026-04-21 11:47:14,296 | INFO | preprocessing | Using 23 features for modelling.
2026-04-21 11:47:14,397 | INFO | preprocessing | Scaling complete → X_train: (9499, 23) | X_val: (2036, 23) | X_test: (2036, 23)
2026-04-21 12:17:32,325 | INFO | preprocessing | Dataset split (n=13571) → train: 9499 (70%) | val: 2036 (15%) | test: 2036 (15%)
2026-04-21 12:17:32,341 | INFO | preprocessing |   Train range: 2024-09-28 17:00:00+00:00 → 2025-10-29 11:00:00+00:00
2026-04-21 12:17:32,343 | INFO | preprocessing |   Val   range: 2025-10-29 12:00:00+00:00   → 2026-01-22 07:00:00+00:00
2026-04-21 12:17:32,344 | INFO | preprocessing |   Test  range: 2026-01-22 08:00:00+00:00  → 2026-04-17 03:00:00+00:00
2026-04-21 12:17:32,374 | INFO | preprocessing |   Train class dist — class 0: 49.4% | class 1: 50.6%
2026-04-21 12:17:32,378 | INFO | preprocessing |   Val class dist — class 0: 50.1% | class 1: 49.9%
2026-04-21 12:17:32,378 | INFO | preprocessing |   Test class dist — class 0: 50.4% | class 1: 49.6%
2026-04-21 12:17:32,378 | INFO | preprocessing | Using 23 features for modelling.
2026-04-21 12:17:32,477 | INFO | preprocessing | Scaling complete → X_train: (9499, 23) | X_val: (2036, 23) | X_test: (2036, 23)
2026-04-21 12:21:01,199 | INFO | preprocessing | Dataset split (n=13571) → train: 9499 (70%) | val: 2036 (15%) | test: 2036 (15%)
2026-04-21 12:21:01,219 | INFO | preprocessing |   Train range: 2024-09-28 17:00:00+00:00 → 2025-10-29 11:00:00+00:00
2026-04-21 12:21:01,220 | INFO | preprocessing |   Val   range: 2025-10-29 12:00:00+00:00   → 2026-01-22 07:00:00+00:00
2026-04-21 12:21:01,222 | INFO | preprocessing |   Test  range: 2026-01-22 08:00:00+00:00  → 2026-04-17 03:00:00+00:00
2026-04-21 12:21:01,249 | INFO | preprocessing |   Train class dist — class 0: 49.4% | class 1: 50.6%
2026-04-21 12:21:01,253 | INFO | preprocessing |   Val class dist — class 0: 50.1% | class 1: 49.9%
2026-04-21 12:21:01,255 | INFO | preprocessing |   Test class dist — class 0: 50.4% | class 1: 49.6%
2026-04-21 12:21:01,257 | INFO | preprocessing | Using 23 features for modelling.
2026-04-21 12:21:01,314 | INFO | preprocessing | Scaling complete → X_train: (9499, 23) | X_val: (2036, 23) | X_test: (2036, 23)
2026-04-21 12:36:20,270 | INFO | preprocessing | Dataset split (n=13571) → train: 9499 (70%) | val: 2036 (15%) | test: 2036 (15%)
2026-04-21 12:36:20,277 | INFO | preprocessing |   Train range: 2024-09-28 17:00:00+00:00 → 2025-10-29 11:00:00+00:00
2026-04-21 12:36:20,278 | INFO | preprocessing |   Val   range: 2025-10-29 12:00:00+00:00   → 2026-01-22 07:00:00+00:00
2026-04-21 12:36:20,279 | INFO | preprocessing |   Test  range: 2026-01-22 08:00:00+00:00  → 2026-04-17 03:00:00+00:00
2026-04-21 12:36:20,290 | INFO | preprocessing |   Train class dist — class 0: 49.4% | class 1: 50.6%
2026-04-21 12:36:20,293 | INFO | preprocessing |   Val class dist — class 0: 50.1% | class 1: 49.9%
2026-04-21 12:36:20,294 | INFO | preprocessing |   Test class dist — class 0: 50.4% | class 1: 49.6%
2026-04-21 12:36:20,294 | INFO | preprocessing | Using 23 features for modelling.
2026-04-21 12:36:20,347 | INFO | preprocessing | Scaling complete → X_train: (9499, 23) | X_val: (2036, 23) | X_test: (2036, 23)
2026-04-21 12:38:03,915 | INFO | preprocessing | Dataset split (n=13571) → train: 9499 (70%) | val: 2036 (15%) | test: 2036 (15%)
2026-04-21 12:38:03,928 | INFO | preprocessing |   Train range: 2024-09-28 17:00:00+00:00 → 2025-10-29 11:00:00+00:00
2026-04-21 12:38:03,928 | INFO | preprocessing |   Val   range: 2025-10-29 12:00:00+00:00   → 2026-01-22 07:00:00+00:00
2026-04-21 12:38:03,930 | INFO | preprocessing |   Test  range: 2026-01-22 08:00:00+00:00  → 2026-04-17 03:00:00+00:00
2026-04-21 12:38:03,963 | INFO | preprocessing |   Train class dist — class 0: 49.4% | class 1: 50.6%
2026-04-21 12:38:03,967 | INFO | preprocessing |   Val class dist — class 0: 50.1% | class 1: 49.9%
2026-04-21 12:38:03,970 | INFO | preprocessing |   Test class dist — class 0: 50.4% | class 1: 49.6%
2026-04-21 12:38:03,971 | INFO | preprocessing | Using 23 features for modelling.
2026-04-21 12:38:04,058 | INFO | preprocessing | Scaling complete → X_train: (9499, 23) | X_val: (2036, 23) | X_test: (2036, 23)
2026-04-21 12:45:09,682 | INFO | preprocessing | Dataset split (n=13571) → train: 9499 (70%) | val: 2036 (15%) | test: 2036 (15%)
2026-04-21 12:45:10,038 | INFO | preprocessing |   Train range: 2024-09-28 17:00:00+00:00 → 2025-10-29 11:00:00+00:00
2026-04-21 12:45:10,042 | INFO | preprocessing |   Val   range: 2025-10-29 12:00:00+00:00   → 2026-01-22 07:00:00+00:00
2026-04-21 12:45:10,043 | INFO | preprocessing |   Test  range: 2026-01-22 08:00:00+00:00  → 2026-04-17 03:00:00+00:00
2026-04-21 12:45:10,846 | INFO | preprocessing |   Train class dist — class 0: 49.4% | class 1: 50.6%
2026-04-21 12:45:10,848 | INFO | preprocessing |   Val class dist — class 0: 50.1% | class 1: 49.9%
2026-04-21 12:45:10,849 | INFO | preprocessing |   Test class dist — class 0: 50.4% | class 1: 49.6%
2026-04-21 12:45:10,850 | INFO | preprocessing | Using 23 features for modelling.
2026-04-21 12:45:10,977 | INFO | preprocessing | Scaling complete → X_train: (9499, 23) | X_val: (2036, 23) | X_test: (2036, 23)
