2026-04-14 17:33:47,193 | INFO | reddit_scraper | ⏳ Fetching r/cryptocurrency...
2026-04-14 17:33:51,930 | INFO | reddit_scraper | ✅ r/cryptocurrency done
2026-04-14 17:33:51,930 | INFO | reddit_scraper | ✅ r/cryptocurrency done
2026-04-14 17:33:51,930 | INFO | reddit_scraper | ✅ r/cryptocurrency done
2026-04-14 17:33:51,930 | INFO | reddit_scraper | ✅ r/cryptocurrency done
2026-04-14 17:33:51,930 | INFO | reddit_scraper | ✅ r/cryptocurrency done
2026-04-14 17:33:51,930 | INFO | reddit_scraper | ✅ r/cryptocurrency done
2026-04-14 17:33:51,930 | INFO | reddit_scraper | ✅ r/cryptocurrency done
2026-04-14 17:33:51,930 | INFO | reddit_scraper | ✅ r/cryptocurrency done
2026-04-14 17:33:51,930 | INFO | reddit_scraper | ✅ r/cryptocurrency done
2026-04-14 17:33:52,015 | INFO | reddit_scraper | ✅ r/cryptocurrency done
2026-04-14 17:33:52,486 | INFO | reddit_scraper | ✅ r/cryptocurrency done
2026-04-14 17:33:52,488 | INFO | reddit_scraper | ✅ r/cryptocurrency done
2026-04-14 17:33:52,488 | INFO | reddit_scraper | ✅ r/cryptocurrency done
2026-04-14 17:33:52,490 | INFO | reddit_scraper | ✅ r/cryptocurrency done
2026-04-14 17:33:52,490 | INFO | reddit_scraper | ✅ r/cryptocurrency done
2026-04-14 17:33:52,493 | INFO | reddit_scraper | ✅ r/cryptocurrency done
2026-04-14 17:33:52,493 | INFO | reddit_scraper | ✅ r/cryptocurrency done
2026-04-14 17:33:52,493 | INFO | reddit_scraper | ✅ r/cryptocurrency done
2026-04-14 17:33:52,496 | INFO | reddit_scraper | ✅ r/cryptocurrency done
2026-04-14 17:33:52,496 | INFO | reddit_scraper | ✅ r/cryptocurrency done
2026-04-14 17:33:52,924 | INFO | reddit_scraper | ✅ r/cryptocurrency done
2026-04-14 17:33:52,924 | INFO | reddit_scraper | ✅ r/cryptocurrency done
2026-04-14 17:33:52,927 | INFO | reddit_scraper | ✅ r/cryptocurrency done
2026-04-14 17:33:52,927 | INFO | reddit_scraper | ✅ r/cryptocurrency done
2026-04-14 17:33:52,927 | INFO | reddit_scraper | ✅ r/cryptocurrency done
2026-04-14 17:33:52,927 | INFO | reddit_scraper | ✅ r/cryptocurrency done
2026-04-14 17:33:52,927 | INFO | reddit_scraper | ✅ r/cryptocurrency done
2026-04-14 17:33:52,927 | INFO | reddit_scraper | ✅ r/cryptocurrency done
2026-04-14 17:33:52,927 | INFO | reddit_scraper | ✅ r/cryptocurrency done
2026-04-14 17:33:52,927 | INFO | reddit_scraper | ✅ r/cryptocurrency done
2026-04-14 17:33:53,521 | INFO | reddit_scraper | ✅ r/cryptocurrency done
2026-04-14 17:33:53,521 | INFO | reddit_scraper | ✅ r/cryptocurrency done
2026-04-14 17:33:53,521 | INFO | reddit_scraper | ✅ r/cryptocurrency done
2026-04-14 17:33:53,526 | INFO | reddit_scraper | ✅ r/cryptocurrency done
2026-04-14 17:33:53,526 | INFO | reddit_scraper | ✅ r/cryptocurrency done
2026-04-14 17:33:53,528 | INFO | reddit_scraper | ✅ r/cryptocurrency done
2026-04-14 17:33:53,528 | INFO | reddit_scraper | ✅ r/cryptocurrency done
2026-04-14 17:33:53,530 | INFO | reddit_scraper | ✅ r/cryptocurrency done
2026-04-14 17:33:53,530 | INFO | reddit_scraper | ✅ r/cryptocurrency done
2026-04-14 17:33:53,530 | INFO | reddit_scraper | ✅ r/cryptocurrency done
2026-04-14 17:33:54,018 | INFO | reddit_scraper | ✅ r/cryptocurrency done
2026-04-14 17:33:54,018 | INFO | reddit_scraper | ✅ r/cryptocurrency done
2026-04-14 17:33:54,018 | INFO | reddit_scraper | ✅ r/cryptocurrency done
2026-04-14 17:33:54,018 | INFO | reddit_scraper | ✅ r/cryptocurrency done
2026-04-14 17:33:54,018 | INFO | reddit_scraper | ✅ r/cryptocurrency done
2026-04-14 17:33:54,537 | INFO | reddit_scraper | ✅ r/cryptocurrency done
2026-04-14 17:33:54,537 | INFO | reddit_scraper | ✅ r/cryptocurrency done
2026-04-14 17:33:54,537 | INFO | reddit_scraper | ✅ r/cryptocurrency done
2026-04-14 17:33:54,537 | INFO | reddit_scraper | ✅ r/cryptocurrency done
2026-04-14 17:33:54,542 | INFO | reddit_scraper | ✅ r/cryptocurrency done
2026-04-14 17:33:54,543 | INFO | reddit_scraper | ✅ r/cryptocurrency done
2026-04-14 17:33:55,463 | INFO | reddit_scraper | ✅ r/cryptocurrency done
2026-04-14 17:33:55,463 | INFO | reddit_scraper | ✅ r/cryptocurrency done
2026-04-14 17:33:55,472 | INFO | reddit_scraper | ✅ r/cryptocurrency done
2026-04-14 17:33:55,472 | INFO | reddit_scraper | ✅ r/cryptocurrency done
2026-04-14 17:33:55,472 | INFO | reddit_scraper | ✅ r/cryptocurrency done
2026-04-14 17:33:55,472 | INFO | reddit_scraper | ✅ r/cryptocurrency done
2026-04-14 17:33:55,475 | INFO | reddit_scraper | ✅ r/cryptocurrency done
2026-04-14 17:33:55,476 | INFO | reddit_scraper | ✅ r/cryptocurrency done
2026-04-14 17:33:55,476 | INFO | reddit_scraper | ✅ r/cryptocurrency done
2026-04-14 17:33:55,476 | INFO | reddit_scraper | ✅ r/cryptocurrency done
2026-04-14 17:33:56,242 | INFO | reddit_scraper | ✅ r/cryptocurrency done
2026-04-14 17:33:56,242 | INFO | reddit_scraper | ✅ r/cryptocurrency done
2026-04-14 17:33:56,242 | INFO | reddit_scraper | ✅ r/cryptocurrency done
2026-04-14 17:33:56,242 | INFO | reddit_scraper | ✅ r/cryptocurrency done
2026-04-14 17:33:56,242 | INFO | reddit_scraper | ✅ r/cryptocurrency done
2026-04-14 17:33:56,242 | INFO | reddit_scraper | ✅ r/cryptocurrency done
2026-04-14 17:33:56,242 | INFO | reddit_scraper | ✅ r/cryptocurrency done
2026-04-14 17:33:56,242 | INFO | reddit_scraper | ✅ r/cryptocurrency done
2026-04-14 17:33:56,242 | INFO | reddit_scraper | ✅ r/cryptocurrency done
2026-04-14 17:33:56,253 | INFO | reddit_scraper | ✅ r/cryptocurrency done
2026-04-14 17:33:56,748 | INFO | reddit_scraper | ✅ r/cryptocurrency done
2026-04-14 17:33:56,748 | INFO | reddit_scraper | ✅ r/cryptocurrency done
2026-04-14 17:33:56,748 | INFO | reddit_scraper | ✅ r/cryptocurrency done
2026-04-14 17:33:56,748 | INFO | reddit_scraper | ✅ r/cryptocurrency done
2026-04-14 17:33:56,748 | INFO | reddit_scraper | ✅ r/cryptocurrency done
2026-04-14 17:33:56,748 | INFO | reddit_scraper | ✅ r/cryptocurrency done
2026-04-14 17:33:56,748 | INFO | reddit_scraper | ✅ r/cryptocurrency done
2026-04-14 17:33:56,748 | INFO | reddit_scraper | ✅ r/cryptocurrency done
2026-04-14 17:33:56,748 | INFO | reddit_scraper | ✅ r/cryptocurrency done
2026-04-14 17:33:56,753 | INFO | reddit_scraper | ✅ r/cryptocurrency done
2026-04-14 17:33:57,192 | INFO | reddit_scraper | ✅ r/cryptocurrency done
2026-04-14 17:33:57,194 | INFO | reddit_scraper | ✅ r/cryptocurrency done
2026-04-14 17:33:57,194 | INFO | reddit_scraper | ✅ r/cryptocurrency done
2026-04-14 17:33:57,196 | INFO | reddit_scraper | ✅ r/cryptocurrency done
2026-04-14 17:33:57,602 | INFO | reddit_scraper | ✅ r/cryptocurrency done
2026-04-14 17:33:57,602 | INFO | reddit_scraper | ✅ r/cryptocurrency done
2026-04-14 17:33:57,602 | INFO | reddit_scraper | ✅ r/cryptocurrency done
2026-04-14 17:33:57,602 | INFO | reddit_scraper | ✅ r/cryptocurrency done
2026-04-14 17:33:57,602 | INFO | reddit_scraper | ✅ r/cryptocurrency done
2026-04-14 17:33:57,602 | INFO | reddit_scraper | ✅ r/cryptocurrency done
2026-04-14 17:33:58,093 | INFO | reddit_scraper | ✅ r/cryptocurrency done
2026-04-14 17:33:58,093 | INFO | reddit_scraper | ✅ r/cryptocurrency done
2026-04-14 17:33:58,093 | INFO | reddit_scraper | ✅ r/cryptocurrency done
2026-04-14 17:33:58,093 | INFO | reddit_scraper | ✅ r/cryptocurrency done
2026-04-14 17:33:59,047 | INFO | reddit_scraper | ✅ r/cryptocurrency done
2026-04-14 17:33:59,050 | INFO | reddit_scraper | ✅ r/cryptocurrency done
2026-04-14 17:33:59,050 | INFO | reddit_scraper | ✅ r/cryptocurrency done
2026-04-14 17:33:59,050 | INFO | reddit_scraper | ✅ r/cryptocurrency done
2026-04-14 17:33:59,050 | INFO | reddit_scraper | ✅ r/cryptocurrency done
2026-04-14 17:33:59,050 | INFO | reddit_scraper | ✅ r/cryptocurrency done
2026-04-14 17:33:59,051 | INFO | reddit_scraper | ✅ r/cryptocurrency done
2026-04-14 17:33:59,051 | INFO | reddit_scraper | ✅ r/cryptocurrency done
2026-04-14 17:33:59,051 | INFO | reddit_scraper | ✅ r/cryptocurrency done
2026-04-14 17:33:59,051 | INFO | reddit_scraper | ✅ r/cryptocurrency done
2026-04-14 17:33:59,441 | INFO | reddit_scraper | ✅ r/cryptocurrency done
2026-04-14 17:33:59,441 | INFO | reddit_scraper | ✅ r/cryptocurrency done
2026-04-14 17:33:59,441 | INFO | reddit_scraper | ✅ r/cryptocurrency done
2026-04-14 17:33:59,441 | INFO | reddit_scraper | ✅ r/cryptocurrency done
2026-04-14 17:33:59,441 | INFO | reddit_scraper | ✅ r/cryptocurrency done
2026-04-14 17:34:00,262 | INFO | reddit_scraper | ✅ r/cryptocurrency done
2026-04-14 17:34:00,775 | INFO | reddit_scraper | ✅ r/cryptocurrency done
2026-04-14 17:34:00,775 | INFO | reddit_scraper | ✅ r/cryptocurrency done
2026-04-14 17:34:00,775 | INFO | reddit_scraper | ✅ r/cryptocurrency done
2026-04-14 17:34:00,780 | INFO | reddit_scraper | ✅ r/cryptocurrency done
2026-04-14 17:34:00,780 | INFO | reddit_scraper | ✅ r/cryptocurrency done
2026-04-14 17:34:00,780 | INFO | reddit_scraper | ✅ r/cryptocurrency done
2026-04-14 17:34:00,780 | INFO | reddit_scraper | ✅ r/cryptocurrency done
2026-04-14 17:34:00,780 | INFO | reddit_scraper | ✅ r/cryptocurrency done
2026-04-14 17:34:00,780 | INFO | reddit_scraper | ✅ r/cryptocurrency done
2026-04-14 17:34:00,780 | INFO | reddit_scraper | ✅ r/cryptocurrency done
2026-04-14 17:34:01,183 | INFO | reddit_scraper | ✅ r/cryptocurrency done
2026-04-14 17:34:01,183 | INFO | reddit_scraper | ✅ r/cryptocurrency done
2026-04-14 17:34:01,574 | INFO | reddit_scraper | ✅ r/cryptocurrency done
2026-04-14 17:34:01,574 | INFO | reddit_scraper | ✅ r/cryptocurrency done
2026-04-14 17:34:01,574 | INFO | reddit_scraper | ✅ r/cryptocurrency done
2026-04-14 17:34:01,574 | INFO | reddit_scraper | ✅ r/cryptocurrency done
2026-04-14 17:34:01,577 | INFO | reddit_scraper | ✅ r/cryptocurrency done
2026-04-14 17:34:01,577 | INFO | reddit_scraper | ✅ r/cryptocurrency done
2026-04-14 17:34:01,578 | INFO | reddit_scraper | ✅ r/cryptocurrency done
2026-04-14 17:34:01,578 | INFO | reddit_scraper | ✅ r/cryptocurrency done
2026-04-14 17:34:01,578 | INFO | reddit_scraper | ✅ r/cryptocurrency done
2026-04-14 17:34:01,578 | INFO | reddit_scraper | ✅ r/cryptocurrency done
2026-04-14 17:34:02,003 | INFO | reddit_scraper | ✅ r/cryptocurrency done
2026-04-14 17:34:02,003 | INFO | reddit_scraper | ✅ r/cryptocurrency done
2026-04-14 17:34:02,405 | INFO | reddit_scraper | ✅ r/cryptocurrency done
2026-04-14 17:34:02,414 | INFO | reddit_scraper | ✅ r/cryptocurrency done
2026-04-14 17:34:02,823 | INFO | reddit_scraper | ✅ r/cryptocurrency done
2026-04-14 17:34:02,823 | INFO | reddit_scraper | ✅ r/cryptocurrency done
2026-04-14 17:34:02,823 | INFO | reddit_scraper | ✅ r/cryptocurrency done
2026-04-14 17:34:03,288 | INFO | reddit_scraper | ✅ r/cryptocurrency done
2026-04-14 17:34:03,288 | INFO | reddit_scraper | ✅ r/cryptocurrency done
2026-04-14 17:34:03,288 | INFO | reddit_scraper | ✅ r/cryptocurrency done
2026-04-14 17:34:03,288 | INFO | reddit_scraper | ✅ r/cryptocurrency done
2026-04-14 17:34:03,288 | INFO | reddit_scraper | ✅ r/cryptocurrency done
2026-04-14 17:34:03,288 | INFO | reddit_scraper | ✅ r/cryptocurrency done
2026-04-14 17:34:03,288 | INFO | reddit_scraper | ✅ r/cryptocurrency done
2026-04-14 17:34:03,288 | INFO | reddit_scraper | ✅ r/cryptocurrency done
2026-04-14 17:34:03,288 | INFO | reddit_scraper | ✅ r/cryptocurrency done
2026-04-14 17:34:03,288 | INFO | reddit_scraper | ✅ r/cryptocurrency done
2026-04-14 17:34:04,488 | INFO | reddit_scraper | ✅ r/cryptocurrency done
2026-04-14 17:34:04,488 | INFO | reddit_scraper | ✅ r/cryptocurrency done
2026-04-14 17:34:04,488 | INFO | reddit_scraper | ✅ r/cryptocurrency done
2026-04-14 17:34:04,488 | INFO | reddit_scraper | ✅ r/cryptocurrency done
2026-04-14 17:34:04,488 | INFO | reddit_scraper | ✅ r/cryptocurrency done
2026-04-14 17:34:04,488 | INFO | reddit_scraper | ✅ r/cryptocurrency done
2026-04-14 17:34:04,488 | INFO | reddit_scraper | ✅ r/cryptocurrency done
2026-04-14 17:34:04,492 | INFO | reddit_scraper | ✅ r/cryptocurrency done
2026-04-14 17:34:04,492 | INFO | reddit_scraper | ✅ r/cryptocurrency done
2026-04-14 17:34:04,492 | INFO | reddit_scraper | ✅ r/cryptocurrency done
2026-04-14 17:34:04,873 | INFO | reddit_scraper | ✅ r/cryptocurrency done
2026-04-14 17:34:04,873 | INFO | reddit_scraper | ✅ r/cryptocurrency done
2026-04-14 17:34:04,873 | INFO | reddit_scraper | ✅ r/cryptocurrency done
2026-04-14 17:34:04,873 | INFO | reddit_scraper | ✅ r/cryptocurrency done
2026-04-14 17:34:04,873 | INFO | reddit_scraper | ✅ r/cryptocurrency done
2026-04-14 17:34:04,873 | INFO | reddit_scraper | ✅ r/cryptocurrency done
2026-04-14 17:34:05,278 | INFO | reddit_scraper | ✅ r/cryptocurrency done
2026-04-14 17:34:05,278 | INFO | reddit_scraper | ✅ r/cryptocurrency done
2026-04-14 17:34:05,278 | INFO | reddit_scraper | ✅ r/cryptocurrency done
2026-04-14 17:34:05,794 | INFO | reddit_scraper | ✅ r/cryptocurrency done
2026-04-14 17:34:05,794 | INFO | reddit_scraper | ✅ r/cryptocurrency done
2026-04-14 17:34:05,794 | INFO | reddit_scraper | ✅ r/cryptocurrency done
2026-04-14 17:34:05,803 | INFO | reddit_scraper | ✅ r/cryptocurrency done
2026-04-14 17:34:05,803 | INFO | reddit_scraper | ✅ r/cryptocurrency done
2026-04-14 17:34:05,804 | INFO | reddit_scraper | ✅ r/cryptocurrency done
2026-04-14 17:34:05,805 | INFO | reddit_scraper | ✅ r/cryptocurrency done
2026-04-14 17:34:05,805 | INFO | reddit_scraper | ✅ r/cryptocurrency done
2026-04-14 17:34:05,806 | INFO | reddit_scraper | ✅ r/cryptocurrency done
2026-04-14 17:34:05,806 | INFO | reddit_scraper | ✅ r/cryptocurrency done
2026-04-14 17:34:07,419 | INFO | reddit_scraper | ✅ r/cryptocurrency done
2026-04-14 17:34:07,989 | INFO | reddit_scraper | ✅ r/cryptocurrency done
2026-04-14 17:34:07,989 | INFO | reddit_scraper | ✅ r/cryptocurrency done
2026-04-14 17:34:08,868 | INFO | reddit_scraper | ✅ r/cryptocurrency done
2026-04-14 17:34:08,868 | INFO | reddit_scraper | ✅ r/cryptocurrency done
2026-04-14 17:34:08,868 | INFO | reddit_scraper | ✅ r/cryptocurrency done
2026-04-14 17:34:08,868 | INFO | reddit_scraper | ✅ r/cryptocurrency done
2026-04-14 17:34:08,868 | INFO | reddit_scraper | ✅ r/cryptocurrency done
2026-04-14 17:34:08,868 | INFO | reddit_scraper | ✅ r/cryptocurrency done
2026-04-14 17:34:08,875 | INFO | reddit_scraper | ✅ r/cryptocurrency done
2026-04-14 17:34:08,875 | INFO | reddit_scraper | ✅ r/cryptocurrency done
2026-04-14 17:34:09,482 | INFO | reddit_scraper | ✅ r/cryptocurrency done
2026-04-14 17:34:09,482 | INFO | reddit_scraper | ✅ r/cryptocurrency done
2026-04-14 17:34:09,482 | INFO | reddit_scraper | ✅ r/cryptocurrency done
2026-04-14 17:34:09,482 | INFO | reddit_scraper | ✅ r/cryptocurrency done
2026-04-14 17:34:09,484 | INFO | reddit_scraper | ✅ r/cryptocurrency done
2026-04-14 17:34:09,484 | INFO | reddit_scraper | ✅ r/cryptocurrency done
2026-04-14 17:34:09,484 | INFO | reddit_scraper | ✅ r/cryptocurrency done
2026-04-14 17:34:09,484 | INFO | reddit_scraper | ✅ r/cryptocurrency done
2026-04-14 17:34:09,484 | INFO | reddit_scraper | ✅ r/cryptocurrency done
2026-04-14 17:34:09,484 | INFO | reddit_scraper | ✅ r/cryptocurrency done
2026-04-14 17:34:09,880 | INFO | reddit_scraper | ✅ r/cryptocurrency done
2026-04-14 17:34:09,880 | INFO | reddit_scraper | ✅ r/cryptocurrency done
2026-04-14 17:34:09,884 | INFO | reddit_scraper | ✅ r/cryptocurrency done
2026-04-14 17:34:09,884 | INFO | reddit_scraper | ✅ r/cryptocurrency done
2026-04-14 17:34:10,403 | INFO | reddit_scraper | ✅ r/cryptocurrency done
2026-04-14 17:34:10,403 | INFO | reddit_scraper | ✅ r/cryptocurrency done
2026-04-14 17:34:10,403 | INFO | reddit_scraper | ✅ r/cryptocurrency done
2026-04-14 17:34:10,403 | INFO | reddit_scraper | ✅ r/cryptocurrency done
2026-04-14 17:34:10,403 | INFO | reddit_scraper | ✅ r/cryptocurrency done
2026-04-14 17:34:10,403 | INFO | reddit_scraper | ✅ r/cryptocurrency done
2026-04-14 17:34:10,403 | INFO | reddit_scraper | ✅ r/cryptocurrency done
2026-04-14 17:34:10,409 | INFO | reddit_scraper | ✅ r/cryptocurrency done
2026-04-14 17:34:10,409 | INFO | reddit_scraper | ✅ r/cryptocurrency done
2026-04-14 17:34:10,409 | INFO | reddit_scraper | ✅ r/cryptocurrency done
2026-04-14 17:34:10,853 | INFO | reddit_scraper | ✅ r/cryptocurrency done
2026-04-14 17:34:10,853 | INFO | reddit_scraper | ✅ r/cryptocurrency done
2026-04-14 17:34:10,853 | INFO | reddit_scraper | ✅ r/cryptocurrency done
2026-04-14 17:34:10,853 | INFO | reddit_scraper | ✅ r/cryptocurrency done
2026-04-14 17:34:10,853 | INFO | reddit_scraper | ✅ r/cryptocurrency done
2026-04-14 17:34:10,853 | INFO | reddit_scraper | ✅ r/cryptocurrency done
2026-04-14 17:34:10,853 | INFO | reddit_scraper | ✅ r/cryptocurrency done
2026-04-14 17:34:10,853 | INFO | reddit_scraper | ✅ r/cryptocurrency done
2026-04-14 17:34:10,853 | INFO | reddit_scraper | ✅ r/cryptocurrency done
2026-04-14 17:34:10,853 | INFO | reddit_scraper | ✅ r/cryptocurrency done
2026-04-14 17:34:11,217 | INFO | reddit_scraper | ✅ r/cryptocurrency done
2026-04-14 17:34:11,217 | INFO | reddit_scraper | ✅ r/cryptocurrency done
2026-04-14 17:34:11,217 | INFO | reddit_scraper | ✅ r/cryptocurrency done
2026-04-14 17:34:11,217 | INFO | reddit_scraper | ✅ r/cryptocurrency done
2026-04-14 17:34:11,217 | INFO | reddit_scraper | ✅ r/cryptocurrency done
2026-04-14 17:34:12,493 | INFO | reddit_scraper | ✅ r/cryptocurrency done
2026-04-14 17:34:12,542 | INFO | reddit_scraper | ✅ r/cryptocurrency done
2026-04-14 17:34:12,547 | INFO | reddit_scraper | ✅ r/cryptocurrency done
2026-04-14 17:34:12,549 | INFO | reddit_scraper | ✅ r/cryptocurrency done
2026-04-14 17:34:12,549 | INFO | reddit_scraper | ✅ r/cryptocurrency done
2026-04-14 17:34:12,549 | INFO | reddit_scraper | ✅ r/cryptocurrency done
2026-04-14 17:34:12,549 | INFO | reddit_scraper | ✅ r/cryptocurrency done
2026-04-14 17:34:12,549 | INFO | reddit_scraper | ✅ r/cryptocurrency done
2026-04-14 17:34:12,549 | INFO | reddit_scraper | ✅ r/cryptocurrency done
2026-04-14 17:34:12,549 | INFO | reddit_scraper | ✅ r/cryptocurrency done
2026-04-14 17:34:12,923 | INFO | reddit_scraper | ✅ r/cryptocurrency done
2026-04-14 17:34:12,944 | INFO | reddit_scraper | ✅ r/cryptocurrency done
2026-04-14 17:34:58,235 | INFO | reddit_scraper | ⏳ Fetching r/cryptocurrency...
2026-04-14 17:35:52,801 | INFO | reddit_scraper | ✅ r/cryptocurrency done
2026-04-14 17:35:52,801 | INFO | reddit_scraper | ⏳ Fetching r/CryptoMarkets...
2026-04-14 17:36:39,493 | INFO | reddit_scraper | ✅ r/CryptoMarkets done
2026-04-14 17:36:39,493 | INFO | reddit_scraper | ⏳ Fetching r/Bitcoin...
2026-04-14 17:37:31,090 | INFO | reddit_scraper | ✅ r/Bitcoin done
2026-04-14 17:37:31,106 | INFO | reddit_scraper | ⏳ Fetching r/BitcoinMarkets...
2026-04-14 17:39:11,478 | INFO | reddit_scraper | ✅ r/BitcoinMarkets done
2026-04-14 17:39:11,478 | INFO | reddit_scraper | ⏳ Fetching r/ethereum...
2026-04-14 17:40:02,088 | INFO | reddit_scraper | ✅ r/ethereum done
2026-04-14 17:40:02,088 | INFO | reddit_scraper | ⏳ Fetching r/ethtrader...
2026-04-14 17:41:02,871 | INFO | reddit_scraper | ✅ r/ethtrader done
2026-04-14 17:41:02,871 | INFO | reddit_scraper | ⏳ Fetching r/CryptoMoonShots...
2026-04-14 17:42:03,294 | INFO | reddit_scraper | ✅ r/CryptoMoonShots done
2026-04-14 17:42:03,294 | INFO | reddit_scraper | ⏳ Fetching r/SatoshiStreetBets...
2026-04-14 17:43:04,114 | INFO | reddit_scraper | ✅ r/SatoshiStreetBets done
2026-04-14 17:43:04,114 | INFO | reddit_scraper | ⏳ Fetching r/CryptoCurrencyTrading...
2026-04-14 17:44:04,501 | INFO | reddit_scraper | ✅ r/CryptoCurrencyTrading done
2026-04-14 17:44:04,517 | INFO | reddit_scraper | ⏳ Fetching r/CryptoNews...
2026-04-14 17:45:05,665 | INFO | reddit_scraper | ✅ r/CryptoNews done
2026-04-14 17:45:06,218 | INFO | reddit_scraper | ✅ Data collection completed!
2026-04-14 17:45:06,218 | INFO | reddit_scraper | 📁 Saved: crypto_posts.csv
2026-04-14 17:45:06,218 | INFO | reddit_scraper | 📁 Saved: crypto_comments.csv
2026-04-14 17:49:49,279 | INFO | reddit_scraper | ⏳ Fetching r/cryptocurrency...
2026-04-14 17:51:53,828 | INFO | reddit_scraper | ✅ r/cryptocurrency done
2026-04-14 17:51:53,828 | INFO | reddit_scraper | ⏳ Fetching r/CryptoMarkets...
2026-04-14 17:53:54,048 | INFO | reddit_scraper | ✅ r/CryptoMarkets done
2026-04-14 17:53:54,048 | INFO | reddit_scraper | ⏳ Fetching r/Bitcoin...
2026-04-14 17:55:58,137 | INFO | reddit_scraper | ✅ r/Bitcoin done
2026-04-14 17:55:58,137 | INFO | reddit_scraper | ⏳ Fetching r/BitcoinMarkets...
2026-04-14 17:57:23,977 | INFO | reddit_scraper | ⏳ Fetching r/cryptocurrency...
2026-04-14 17:59:11,787 | INFO | reddit_scraper | ✅ r/cryptocurrency done
2026-04-14 17:59:11,803 | INFO | reddit_scraper | ⏳ Fetching r/CryptoMarkets...
2026-04-14 18:00:59,847 | INFO | reddit_scraper | ✅ r/CryptoMarkets done
2026-04-14 18:00:59,847 | INFO | reddit_scraper | ⏳ Fetching r/Bitcoin...
2026-04-15 09:28:42,656 | INFO | reddit_scraper | ⏳ Fetching r/cryptocurrency...
2026-04-15 09:30:24,428 | INFO | reddit_scraper | ✅ r/cryptocurrency done
2026-04-15 09:30:24,428 | INFO | reddit_scraper | ⏳ Fetching r/CryptoMarkets...
2026-04-15 09:32:25,676 | INFO | reddit_scraper | ✅ r/CryptoMarkets done
2026-04-15 09:32:25,677 | INFO | reddit_scraper | ⏳ Fetching r/Bitcoin...
2026-04-15 09:34:27,113 | INFO | reddit_scraper | ✅ r/Bitcoin done
2026-04-15 09:34:27,114 | INFO | reddit_scraper | ⏳ Fetching r/BitcoinMarkets...
2026-04-15 09:37:54,088 | INFO | reddit_scraper | ✅ r/BitcoinMarkets done
2026-04-15 09:37:54,096 | INFO | reddit_scraper | ⏳ Fetching r/ethereum...
2026-04-15 09:39:42,186 | INFO | reddit_scraper | ✅ r/ethereum done
2026-04-15 09:39:42,186 | INFO | reddit_scraper | ⏳ Fetching r/ethtrader...
2026-04-15 09:41:38,206 | INFO | reddit_scraper | ✅ r/ethtrader done
2026-04-15 09:41:38,206 | INFO | reddit_scraper | ⏳ Fetching r/CryptoMoonShots...
2026-04-15 09:43:39,084 | INFO | reddit_scraper | ✅ r/CryptoMoonShots done
2026-04-15 09:43:39,085 | INFO | reddit_scraper | ⏳ Fetching r/SatoshiStreetBets...
2026-04-15 09:45:40,518 | INFO | reddit_scraper | ✅ r/SatoshiStreetBets done
2026-04-15 09:45:40,518 | INFO | reddit_scraper | ⏳ Fetching r/CryptoCurrencyTrading...
2026-04-15 09:47:41,686 | INFO | reddit_scraper | ✅ r/CryptoCurrencyTrading done
2026-04-15 09:47:41,686 | INFO | reddit_scraper | ⏳ Fetching r/CryptoNews...
2026-04-15 09:49:42,719 | INFO | reddit_scraper | ✅ r/CryptoNews done
2026-04-15 09:49:42,927 | INFO | reddit_scraper | ✅ Data collection completed!
2026-04-15 09:49:42,927 | INFO | reddit_scraper | 📁 Saved: crypto_posts.csv
2026-04-15 09:49:42,927 | INFO | reddit_scraper | 📁 Saved: crypto_comments.csv
2026-04-15 09:53:55,335 | INFO | reddit_scraper | ⏳ Fetching r/cryptocurrency...
2026-04-15 09:55:42,704 | INFO | reddit_scraper | ✅ r/cryptocurrency done
2026-04-15 09:55:42,704 | INFO | reddit_scraper | ⏳ Fetching r/CryptoMarkets...
2026-04-15 09:57:15,801 | INFO | reddit_scraper | ✅ r/CryptoMarkets done
2026-04-15 09:57:15,801 | INFO | reddit_scraper | ⏳ Fetching r/Bitcoin...
2026-04-15 09:59:00,752 | INFO | reddit_scraper | ✅ r/Bitcoin done
2026-04-15 09:59:00,752 | INFO | reddit_scraper | ⏳ Fetching r/BitcoinMarkets...
2026-04-15 10:02:48,449 | INFO | reddit_scraper | ✅ r/BitcoinMarkets done
2026-04-15 10:02:48,449 | INFO | reddit_scraper | ⏳ Fetching r/ethereum...
2026-04-15 10:04:39,620 | INFO | reddit_scraper | ✅ r/ethereum done
2026-04-15 10:04:39,620 | INFO | reddit_scraper | ⏳ Fetching r/ethtrader...
2026-04-15 10:06:03,361 | INFO | reddit_scraper | ✅ r/ethtrader done
2026-04-15 10:06:03,361 | INFO | reddit_scraper | ⏳ Fetching r/CryptoMoonShots...
2026-04-15 10:07:25,416 | INFO | reddit_scraper | ✅ r/CryptoMoonShots done
2026-04-15 10:07:25,423 | INFO | reddit_scraper | ⏳ Fetching r/SatoshiStreetBets...
2026-04-15 10:09:26,527 | INFO | reddit_scraper | ✅ r/SatoshiStreetBets done
2026-04-15 10:09:26,527 | INFO | reddit_scraper | ⏳ Fetching r/CryptoCurrencyTrading...
2026-04-15 10:11:27,919 | INFO | reddit_scraper | ✅ r/CryptoCurrencyTrading done
2026-04-15 10:11:27,920 | INFO | reddit_scraper | ⏳ Fetching r/CryptoNews...
2026-04-15 10:13:28,955 | INFO | reddit_scraper | ✅ r/CryptoNews done
2026-04-15 10:13:38,711 | INFO | reddit_scraper | ✅ Data saved to database!
