2026-04-15 10:52:52,667 | INFO | reddit_sentiment_pipeline | 
================================================================================
2026-04-15 10:52:52,671 | INFO | reddit_sentiment_pipeline | STARTING REDDIT SENTIMENT ANALYSIS PIPELINE
2026-04-15 10:52:52,671 | INFO | reddit_sentiment_pipeline | ================================================================================

2026-04-15 10:52:52,671 | INFO | reddit_sentiment_pipeline | ⚠️  GPU not available - using CPU (slower)
2026-04-15 10:52:52,671 | INFO | reddit_sentiment_pipeline | 💻 CPU Cores: 4
2026-04-15 10:52:52,672 | INFO | reddit_sentiment_pipeline | 
[1/6] LOADING DATA
2026-04-15 10:52:52,672 | INFO | reddit_sentiment_pipeline | --------------------------------------------------------------------------------
2026-04-15 10:52:52,672 | INFO | reddit_sentiment_pipeline | 📥 Loading data from database...
2026-04-15 10:52:53,708 | INFO | reddit_sentiment_pipeline | ✅ Posts loaded: 2,000
2026-04-15 10:52:53,708 | INFO | reddit_sentiment_pipeline | ✅ Comments loaded: 8,817
2026-04-15 10:52:53,708 | INFO | reddit_sentiment_pipeline | 
[2/6] FILTERING SUBREDDITS
2026-04-15 10:52:53,708 | INFO | reddit_sentiment_pipeline | --------------------------------------------------------------------------------
2026-04-15 10:52:53,721 | INFO | reddit_sentiment_pipeline | 🚫 Filtering excluded subreddits...
2026-04-15 10:52:53,721 | INFO | reddit_sentiment_pipeline |    Excluded: ['ethereum', 'ethtrader']
2026-04-15 10:52:53,747 | INFO | reddit_sentiment_pipeline | ✅ Posts filtered: 1,600 (removed: 400)
2026-04-15 10:52:53,747 | INFO | reddit_sentiment_pipeline | ✅ Comments filtered: 6,428 (removed: 2,389)
2026-04-15 10:52:53,747 | INFO | reddit_sentiment_pipeline | 
[3/6] APPLYING BTC FILTER
2026-04-15 10:52:53,747 | INFO | reddit_sentiment_pipeline | --------------------------------------------------------------------------------
2026-04-15 10:52:53,747 | INFO | reddit_sentiment_pipeline | ₿ Applying BTC filter...
2026-04-15 10:52:53,811 | INFO | reddit_sentiment_pipeline | ✅ BTC Posts: 364 (from 1,600)
2026-04-15 10:52:53,811 | INFO | reddit_sentiment_pipeline | ✅ BTC Comments: 1,139 (from 6,428)
2026-04-15 10:52:53,811 | INFO | reddit_sentiment_pipeline | 
[4/6] LOADING SENTIMENT MODEL
2026-04-15 10:52:53,811 | INFO | reddit_sentiment_pipeline | --------------------------------------------------------------------------------
2026-04-15 10:52:53,811 | INFO | reddit_sentiment_pipeline | 📥 Loading sentiment model: cardiffnlp/twitter-roberta-base-sentiment
2026-04-15 10:52:53,811 | INFO | reddit_sentiment_pipeline | 🔧 Using device: cpu
2026-04-15 10:53:48,851 | INFO | reddit_sentiment_pipeline | ✅ Model loaded successfully
2026-04-15 10:53:48,851 | INFO | reddit_sentiment_pipeline | 
[5/6] SENTIMENT ANALYSIS
2026-04-15 10:53:48,851 | INFO | reddit_sentiment_pipeline | --------------------------------------------------------------------------------
2026-04-15 10:53:48,851 | INFO | reddit_sentiment_pipeline | 🔍 Analyzing sentiment for 364 items...
2026-04-15 10:53:50,822 | INFO | reddit_sentiment_pipeline |    ✓ Processed 32/364 items
2026-04-15 10:53:53,243 | INFO | reddit_sentiment_pipeline |    ✓ Processed 64/364 items
2026-04-15 10:53:54,923 | INFO | reddit_sentiment_pipeline |    ✓ Processed 96/364 items
2026-04-15 10:53:57,513 | INFO | reddit_sentiment_pipeline |    ✓ Processed 128/364 items
2026-04-15 10:54:01,225 | INFO | reddit_sentiment_pipeline |    ✓ Processed 160/364 items
2026-04-15 10:54:04,094 | INFO | reddit_sentiment_pipeline |    ✓ Processed 192/364 items
2026-04-15 10:54:06,571 | INFO | reddit_sentiment_pipeline |    ✓ Processed 224/364 items
2026-04-15 10:54:09,752 | INFO | reddit_sentiment_pipeline |    ✓ Processed 256/364 items
2026-04-15 10:54:13,201 | INFO | reddit_sentiment_pipeline |    ✓ Processed 288/364 items
2026-04-15 10:54:14,927 | INFO | reddit_sentiment_pipeline |    ✓ Processed 320/364 items
2026-04-15 10:54:16,849 | INFO | reddit_sentiment_pipeline |    ✓ Processed 352/364 items
2026-04-15 10:54:18,358 | INFO | reddit_sentiment_pipeline |    ✓ Processed 364/364 items
2026-04-15 10:54:18,386 | INFO | reddit_sentiment_pipeline | ✅ Sentiment analysis complete!
2026-04-15 10:54:18,389 | INFO | reddit_sentiment_pipeline |    Positive: 30
2026-04-15 10:54:18,389 | INFO | reddit_sentiment_pipeline |    Neutral: 288
2026-04-15 10:54:18,391 | INFO | reddit_sentiment_pipeline |    Negative: 46
2026-04-15 10:54:18,393 | INFO | reddit_sentiment_pipeline | 🔍 Analyzing sentiment for 1,139 items...
2026-04-15 10:55:03,224 | INFO | reddit_sentiment_pipeline |    ✓ Processed 96/1,139 items
2026-04-15 10:55:40,025 | INFO | reddit_sentiment_pipeline |    ✓ Processed 192/1,139 items
2026-04-15 10:56:31,035 | INFO | reddit_sentiment_pipeline |    ✓ Processed 288/1,139 items
2026-04-15 10:58:05,212 | INFO | reddit_sentiment_pipeline |    ✓ Processed 384/1,139 items
2026-04-15 10:59:25,373 | INFO | reddit_sentiment_pipeline |    ✓ Processed 480/1,139 items
2026-04-15 11:00:25,890 | INFO | reddit_sentiment_pipeline |    ✓ Processed 576/1,139 items
2026-04-15 11:01:56,678 | INFO | reddit_sentiment_pipeline |    ✓ Processed 672/1,139 items
2026-04-15 11:03:02,041 | INFO | reddit_sentiment_pipeline |    ✓ Processed 768/1,139 items
2026-04-15 11:04:16,983 | INFO | reddit_sentiment_pipeline |    ✓ Processed 864/1,139 items
2026-04-15 11:05:37,740 | INFO | reddit_sentiment_pipeline |    ✓ Processed 960/1,139 items
2026-04-15 11:06:55,618 | INFO | reddit_sentiment_pipeline |    ✓ Processed 1,056/1,139 items
2026-04-15 11:08:05,782 | INFO | reddit_sentiment_pipeline |    ✓ Processed 1,139/1,139 items
2026-04-15 11:08:06,307 | INFO | reddit_sentiment_pipeline | ✅ Sentiment analysis complete!
2026-04-15 11:08:06,325 | INFO | reddit_sentiment_pipeline |    Positive: 223
2026-04-15 11:08:06,326 | INFO | reddit_sentiment_pipeline |    Neutral: 651
2026-04-15 11:08:06,327 | INFO | reddit_sentiment_pipeline |    Negative: 265
2026-04-15 11:08:06,344 | INFO | reddit_sentiment_pipeline | 
[6/6] AGGREGATION & SAVING
2026-04-15 11:08:06,344 | INFO | reddit_sentiment_pipeline | --------------------------------------------------------------------------------
2026-04-15 11:08:06,345 | INFO | reddit_sentiment_pipeline | 📊 Aggregating sentiment by hour...
2026-04-15 11:08:06,728 | INFO | reddit_sentiment_pipeline | ✅ Created 240 hourly aggregates
2026-04-15 11:08:06,728 | INFO | reddit_sentiment_pipeline | 📊 Aggregating sentiment by hour...
2026-04-15 11:08:06,738 | INFO | reddit_sentiment_pipeline | ✅ Created 702 hourly aggregates
2026-04-15 11:08:06,738 | INFO | reddit_sentiment_pipeline | 💾 Saving sentiment results to database...
2026-04-15 11:08:09,444 | INFO | reddit_sentiment_pipeline | ✅ Saved 364 posts with sentiment
2026-04-15 11:08:10,882 | INFO | reddit_sentiment_pipeline | ✅ Saved 1,139 comments with sentiment
2026-04-15 11:08:11,730 | INFO | reddit_sentiment_pipeline | ✅ Saved 240 hourly post aggregates
2026-04-15 11:08:12,742 | INFO | reddit_sentiment_pipeline | ✅ Saved 702 hourly comment aggregates
2026-04-15 11:08:12,742 | INFO | reddit_sentiment_pipeline | ✅ All sentiment data saved to database!
2026-04-15 11:08:12,744 | INFO | reddit_sentiment_pipeline | 
================================================================================
2026-04-15 11:08:12,744 | INFO | reddit_sentiment_pipeline | SENTIMENT ANALYSIS STATISTICS
2026-04-15 11:08:12,744 | INFO | reddit_sentiment_pipeline | ================================================================================
2026-04-15 11:08:12,747 | INFO | reddit_sentiment_pipeline | 
📝 POSTS SENTIMENT:
2026-04-15 11:08:12,751 | INFO | reddit_sentiment_pipeline |   Total posts: 364
2026-04-15 11:08:12,796 | INFO | reddit_sentiment_pipeline |   Mean sentiment: -0.0440
2026-04-15 11:08:12,811 | INFO | reddit_sentiment_pipeline |   Std sentiment: 0.4554
2026-04-15 11:08:12,814 | INFO | reddit_sentiment_pipeline |   Mean confidence: 0.7555
2026-04-15 11:08:13,030 | INFO | reddit_sentiment_pipeline |   NEUTRAL: 288 (79.1%)
2026-04-15 11:08:13,030 | INFO | reddit_sentiment_pipeline |   NEGATIVE: 46 (12.6%)
2026-04-15 11:08:13,030 | INFO | reddit_sentiment_pipeline |   POSITIVE: 30 (8.2%)
2026-04-15 11:08:13,030 | INFO | reddit_sentiment_pipeline | 
💬 COMMENTS SENTIMENT:
2026-04-15 11:08:13,032 | INFO | reddit_sentiment_pipeline |   Total comments: 1,139
2026-04-15 11:08:13,032 | INFO | reddit_sentiment_pipeline |   Mean sentiment: -0.0369
2026-04-15 11:08:13,032 | INFO | reddit_sentiment_pipeline |   Std sentiment: 0.6538
2026-04-15 11:08:13,032 | INFO | reddit_sentiment_pipeline |   Mean confidence: 0.6681
2026-04-15 11:08:13,032 | INFO | reddit_sentiment_pipeline |   NEUTRAL: 651 (57.2%)
2026-04-15 11:08:13,034 | INFO | reddit_sentiment_pipeline |   NEGATIVE: 265 (23.3%)
2026-04-15 11:08:13,034 | INFO | reddit_sentiment_pipeline |   POSITIVE: 223 (19.6%)
2026-04-15 11:08:13,034 | INFO | reddit_sentiment_pipeline | 
================================================================================

2026-04-15 11:08:13,034 | INFO | reddit_sentiment_pipeline | ✅ PIPELINE COMPLETE in 920.4s
2026-04-15 11:08:13,226 | INFO | reddit_sentiment_pipeline | 
📊 SAMPLE RESULTS - POSTS:
2026-04-15 11:08:13,281 | INFO | reddit_sentiment_pipeline | 
                                               title sentiment_label  sentiment_score  sentiment_confidence
0  Billionaire Tim Draper doubles down on bold Bi...         neutral                0              0.680959
1  US Oil Falls Below $94 as Bitcoin Tops $76K Am...        negative               -1              0.520230
2  Goldman Sachs files for bitcoin income ETF in ...         neutral                0              0.882471
3    Bitcoin Breaks $76K, MicroStrategy Shares Rally         neutral                0              0.696878
4  Officially 105,000 blocks until the next Bitco...         neutral                0              0.856446
5  Musician G. Love Loses $424,000 Bitcoin Retire...        negative               -1              0.720739
6  Strategy Buys $1 Billion in Bitcoin, Now Holds...         neutral                0              0.881369
7  Strategy Buys 13,927 BTC For $1B, Holdings Nea...         neutral                0              0.924092
8                      Thoughts on 100% bitcoin etf?         neutral                0              0.907097
9  The companies that built Bitcoin's mining infr...         neutral                0              0.578828
2026-04-15 11:08:13,285 | INFO | reddit_sentiment_pipeline | 
💬 SAMPLE RESULTS - COMMENTS:
2026-04-15 11:08:13,293 | INFO | reddit_sentiment_pipeline | 
                                        comment_text sentiment_label  sentiment_score  sentiment_confidence
0  I kept wondering about four years ago the last...         neutral                0              0.740247
1  BTC has been on an uptrend since we got stuck ...        positive                1              0.685646
2  He predicted BTC $250k by end of 2025, was cle...         neutral                0              0.488208
3  Watch BTC break down again just as everyone be...         neutral                0              0.503464
4  Lmao\n\nBitcoin just moves up and down all the...        negative               -1              0.596508
5  Wow, what a push! Bitcoin just keeps surprisin...        positive                1              0.972769
6                  Most crypto is garbage except btc        negative               -1              0.928262
7  Imagine if ETH actually hit $50k, people just ...        positive                1              0.464341
8  Whats this the rock? They dont know how to rec...        negative               -1              0.628779
9  Why not a privacy coin? Market cap is too smal...        negative               -1              0.559642
2026-04-15 11:08:13,294 | INFO | reddit_sentiment_pipeline | 
📈 HOURLY AGGREGATION - POSTS:
2026-04-15 11:08:13,305 | INFO | reddit_sentiment_pipeline | 
                time_window  mean_sentiment  std_sentiment  num_items  sentiment_confidence_mean  post_id_count
0 2024-10-06 09:00:00+00:00             0.0            NaN          1                   0.747421              1
1 2024-10-06 19:00:00+00:00             0.0            NaN          1                   0.853246              1
2 2024-10-09 01:00:00+00:00             0.0            NaN          1                   0.931370              1
3 2024-10-10 17:00:00+00:00             0.0            NaN          1                   0.831786              1
4 2024-10-12 20:00:00+00:00             1.0            NaN          1                   0.811823              1
5 2024-10-16 20:00:00+00:00             0.0            NaN          1                   0.628216              1
6 2024-10-26 01:00:00+00:00             0.0            NaN          1                   0.835751              1
7 2024-11-07 19:00:00+00:00             1.0            NaN          1                   0.962532              1
8 2024-11-10 17:00:00+00:00             1.0            NaN          1                   0.582838              1
9 2024-11-14 09:00:00+00:00             0.0            NaN          1                   0.938209              1
2026-04-15 11:55:43,825 | INFO | reddit_sentiment_pipeline | 
================================================================================
2026-04-15 11:55:43,831 | INFO | reddit_sentiment_pipeline | STARTING REDDIT SENTIMENT ANALYSIS PIPELINE
2026-04-15 11:55:43,831 | INFO | reddit_sentiment_pipeline | ================================================================================

2026-04-15 11:55:43,832 | INFO | reddit_sentiment_pipeline | ⚠️  GPU not available - using CPU (slower)
2026-04-15 11:55:43,832 | INFO | reddit_sentiment_pipeline | 💻 CPU Cores: 4
2026-04-15 11:55:43,832 | INFO | reddit_sentiment_pipeline | 
[1/6] LOADING DATA
2026-04-15 11:55:43,832 | INFO | reddit_sentiment_pipeline | --------------------------------------------------------------------------------
2026-04-15 11:55:43,832 | INFO | reddit_sentiment_pipeline | 📥 Loading data from database...
2026-04-15 11:55:45,110 | INFO | reddit_sentiment_pipeline | ✅ Posts loaded: 2,000
2026-04-15 11:55:45,110 | INFO | reddit_sentiment_pipeline | ✅ Comments loaded: 8,817
2026-04-15 11:55:45,110 | INFO | reddit_sentiment_pipeline | 
[2/6] FILTERING SUBREDDITS
2026-04-15 11:55:45,110 | INFO | reddit_sentiment_pipeline | --------------------------------------------------------------------------------
2026-04-15 11:55:45,110 | INFO | reddit_sentiment_pipeline | 🚫 Filtering excluded subreddits...
2026-04-15 11:55:45,110 | INFO | reddit_sentiment_pipeline |    Excluded: ['ethereum', 'ethtrader']
2026-04-15 11:55:45,135 | INFO | reddit_sentiment_pipeline | ✅ Posts filtered: 1,600 (removed: 400)
2026-04-15 11:55:45,137 | INFO | reddit_sentiment_pipeline | ✅ Comments filtered: 6,428 (removed: 2,389)
2026-04-15 11:55:45,137 | INFO | reddit_sentiment_pipeline | 
[3/6] APPLYING BTC FILTER
2026-04-15 11:55:45,137 | INFO | reddit_sentiment_pipeline | --------------------------------------------------------------------------------
2026-04-15 11:55:45,137 | INFO | reddit_sentiment_pipeline | ₿ Applying BTC filter...
2026-04-15 11:55:45,201 | INFO | reddit_sentiment_pipeline | ✅ BTC Posts: 364 (from 1,600)
2026-04-15 11:55:45,201 | INFO | reddit_sentiment_pipeline | ✅ BTC Comments: 1,139 (from 6,428)
2026-04-15 11:55:45,201 | INFO | reddit_sentiment_pipeline | 
[4/6] LOADING SENTIMENT MODEL
2026-04-15 11:55:45,201 | INFO | reddit_sentiment_pipeline | --------------------------------------------------------------------------------
2026-04-15 11:55:45,201 | INFO | reddit_sentiment_pipeline | 📥 Loading sentiment model: cardiffnlp/twitter-roberta-base-sentiment
2026-04-15 11:55:45,201 | INFO | reddit_sentiment_pipeline | 🔧 Using device: cpu
2026-04-15 11:55:55,391 | INFO | reddit_sentiment_pipeline | ✅ Model loaded successfully
2026-04-15 11:55:55,391 | INFO | reddit_sentiment_pipeline | 
[5/6] SENTIMENT ANALYSIS
2026-04-15 11:55:55,391 | INFO | reddit_sentiment_pipeline | --------------------------------------------------------------------------------
2026-04-15 11:55:55,407 | INFO | reddit_sentiment_pipeline | 🔍 Analyzing sentiment for 364 items...
2026-04-15 11:55:57,951 | INFO | reddit_sentiment_pipeline |    ✓ Processed 32/364 items
2026-04-15 11:55:59,996 | INFO | reddit_sentiment_pipeline |    ✓ Processed 64/364 items
2026-04-15 11:56:01,417 | INFO | reddit_sentiment_pipeline |    ✓ Processed 96/364 items
2026-04-15 11:56:02,735 | INFO | reddit_sentiment_pipeline |    ✓ Processed 128/364 items
2026-04-15 11:56:04,192 | INFO | reddit_sentiment_pipeline |    ✓ Processed 160/364 items
2026-04-15 11:56:05,448 | INFO | reddit_sentiment_pipeline |    ✓ Processed 192/364 items
2026-04-15 11:56:06,755 | INFO | reddit_sentiment_pipeline |    ✓ Processed 224/364 items
2026-04-15 11:56:08,401 | INFO | reddit_sentiment_pipeline |    ✓ Processed 256/364 items
2026-04-15 11:56:10,302 | INFO | reddit_sentiment_pipeline |    ✓ Processed 288/364 items
2026-04-15 11:56:11,314 | INFO | reddit_sentiment_pipeline |    ✓ Processed 320/364 items
2026-04-15 11:56:12,686 | INFO | reddit_sentiment_pipeline |    ✓ Processed 352/364 items
2026-04-15 11:56:13,828 | INFO | reddit_sentiment_pipeline |    ✓ Processed 364/364 items
2026-04-15 11:56:13,853 | INFO | reddit_sentiment_pipeline | ✅ Sentiment analysis complete!
2026-04-15 11:56:13,853 | INFO | reddit_sentiment_pipeline |    Positive: 30
2026-04-15 11:56:13,853 | INFO | reddit_sentiment_pipeline |    Neutral: 288
2026-04-15 11:56:13,853 | INFO | reddit_sentiment_pipeline |    Negative: 46
2026-04-15 11:56:13,859 | INFO | reddit_sentiment_pipeline | 🔍 Analyzing sentiment for 1,139 items...
2026-04-15 11:56:49,925 | INFO | reddit_sentiment_pipeline |    ✓ Processed 96/1,139 items
2026-04-15 11:57:20,368 | INFO | reddit_sentiment_pipeline |    ✓ Processed 192/1,139 items
2026-04-15 11:58:01,705 | INFO | reddit_sentiment_pipeline |    ✓ Processed 288/1,139 items
2026-04-15 11:59:08,153 | INFO | reddit_sentiment_pipeline |    ✓ Processed 384/1,139 items
2026-04-15 12:00:09,472 | INFO | reddit_sentiment_pipeline |    ✓ Processed 480/1,139 items
2026-04-15 12:00:52,556 | INFO | reddit_sentiment_pipeline |    ✓ Processed 576/1,139 items
2026-04-15 12:01:58,432 | INFO | reddit_sentiment_pipeline |    ✓ Processed 672/1,139 items
2026-04-15 12:02:51,287 | INFO | reddit_sentiment_pipeline |    ✓ Processed 768/1,139 items
2026-04-15 12:03:46,269 | INFO | reddit_sentiment_pipeline |    ✓ Processed 864/1,139 items
2026-04-15 12:04:43,623 | INFO | reddit_sentiment_pipeline |    ✓ Processed 960/1,139 items
2026-04-15 12:05:49,266 | INFO | reddit_sentiment_pipeline |    ✓ Processed 1,056/1,139 items
2026-04-15 12:06:47,002 | INFO | reddit_sentiment_pipeline |    ✓ Processed 1,139/1,139 items
2026-04-15 12:06:47,091 | INFO | reddit_sentiment_pipeline | ✅ Sentiment analysis complete!
2026-04-15 12:06:47,097 | INFO | reddit_sentiment_pipeline |    Positive: 223
2026-04-15 12:06:47,097 | INFO | reddit_sentiment_pipeline |    Neutral: 651
2026-04-15 12:06:47,097 | INFO | reddit_sentiment_pipeline |    Negative: 265
2026-04-15 12:06:47,109 | INFO | reddit_sentiment_pipeline | 
[6/6] AGGREGATION & SAVING
2026-04-15 12:06:47,110 | INFO | reddit_sentiment_pipeline | --------------------------------------------------------------------------------
2026-04-15 12:06:47,110 | INFO | reddit_sentiment_pipeline | 📊 Aggregating sentiment by hour...
2026-04-15 12:06:47,272 | INFO | reddit_sentiment_pipeline | ✅ Created 169 hourly aggregates
2026-04-15 12:06:47,278 | INFO | reddit_sentiment_pipeline | 📊 Aggregating sentiment by hour...
2026-04-15 12:06:47,311 | INFO | reddit_sentiment_pipeline | ✅ Created 522 hourly aggregates
2026-04-15 12:06:47,320 | INFO | reddit_sentiment_pipeline | 💾 Saving sentiment results to database...
2026-04-15 12:06:50,503 | INFO | reddit_sentiment_pipeline | ✅ Saved 364 posts with sentiment
2026-04-15 12:06:55,265 | INFO | reddit_sentiment_pipeline | ✅ Saved 1,139 comments with sentiment
2026-04-15 12:07:00,461 | INFO | reddit_sentiment_pipeline | ✅ Saved 169 hourly post aggregates
2026-04-15 12:07:02,823 | INFO | reddit_sentiment_pipeline | ✅ Saved 522 hourly comment aggregates
2026-04-15 12:07:02,823 | INFO | reddit_sentiment_pipeline | ✅ All sentiment data saved to database!
2026-04-15 12:07:02,832 | INFO | reddit_sentiment_pipeline | 
================================================================================
2026-04-15 12:07:02,833 | INFO | reddit_sentiment_pipeline | SENTIMENT ANALYSIS STATISTICS
2026-04-15 12:07:02,833 | INFO | reddit_sentiment_pipeline | ================================================================================
2026-04-15 12:07:02,835 | INFO | reddit_sentiment_pipeline | 
📝 POSTS SENTIMENT:
2026-04-15 12:07:02,835 | INFO | reddit_sentiment_pipeline |   Total posts: 364
2026-04-15 12:07:02,859 | INFO | reddit_sentiment_pipeline |   Mean sentiment: -0.0440
2026-04-15 12:07:02,859 | INFO | reddit_sentiment_pipeline |   Std sentiment: 0.4554
2026-04-15 12:07:02,862 | INFO | reddit_sentiment_pipeline |   Mean confidence: 0.7555
2026-04-15 12:07:02,876 | INFO | reddit_sentiment_pipeline |   NEUTRAL: 288 (79.1%)
2026-04-15 12:07:02,876 | INFO | reddit_sentiment_pipeline |   NEGATIVE: 46 (12.6%)
2026-04-15 12:07:02,876 | INFO | reddit_sentiment_pipeline |   POSITIVE: 30 (8.2%)
2026-04-15 12:07:02,877 | INFO | reddit_sentiment_pipeline | 
💬 COMMENTS SENTIMENT:
2026-04-15 12:07:02,877 | INFO | reddit_sentiment_pipeline |   Total comments: 1,139
2026-04-15 12:07:02,878 | INFO | reddit_sentiment_pipeline |   Mean sentiment: -0.0369
2026-04-15 12:07:02,878 | INFO | reddit_sentiment_pipeline |   Std sentiment: 0.6538
2026-04-15 12:07:02,878 | INFO | reddit_sentiment_pipeline |   Mean confidence: 0.6681
2026-04-15 12:07:02,878 | INFO | reddit_sentiment_pipeline |   NEUTRAL: 651 (57.2%)
2026-04-15 12:07:02,878 | INFO | reddit_sentiment_pipeline |   NEGATIVE: 265 (23.3%)
2026-04-15 12:07:02,878 | INFO | reddit_sentiment_pipeline |   POSITIVE: 223 (19.6%)
2026-04-15 12:07:02,878 | INFO | reddit_sentiment_pipeline | 
================================================================================

2026-04-15 12:07:02,878 | INFO | reddit_sentiment_pipeline | ✅ PIPELINE COMPLETE in 679.0s
2026-04-15 12:07:03,070 | INFO | reddit_sentiment_pipeline | 
📊 SAMPLE RESULTS - POSTS:
2026-04-15 12:07:03,239 | INFO | reddit_sentiment_pipeline | 
                                               title sentiment_label  sentiment_score  sentiment_confidence
0  Billionaire Tim Draper doubles down on bold Bi...         neutral                0              0.680959
1  US Oil Falls Below $94 as Bitcoin Tops $76K Am...        negative               -1              0.520230
2  Goldman Sachs files for bitcoin income ETF in ...         neutral                0              0.882471
3    Bitcoin Breaks $76K, MicroStrategy Shares Rally         neutral                0              0.696878
4  Officially 105,000 blocks until the next Bitco...         neutral                0              0.856446
5  Musician G. Love Loses $424,000 Bitcoin Retire...        negative               -1              0.720739
6  Strategy Buys $1 Billion in Bitcoin, Now Holds...         neutral                0              0.881369
7  Strategy Buys 13,927 BTC For $1B, Holdings Nea...         neutral                0              0.924092
8                      Thoughts on 100% bitcoin etf?         neutral                0              0.907097
9  The companies that built Bitcoin's mining infr...         neutral                0              0.578828
2026-04-15 12:07:03,239 | INFO | reddit_sentiment_pipeline | 
💬 SAMPLE RESULTS - COMMENTS:
2026-04-15 12:07:03,261 | INFO | reddit_sentiment_pipeline | 
                                        comment_text sentiment_label  sentiment_score  sentiment_confidence
0  I kept wondering about four years ago the last...         neutral                0              0.740247
1  BTC has been on an uptrend since we got stuck ...        positive                1              0.685646
2  He predicted BTC $250k by end of 2025, was cle...         neutral                0              0.488208
3  Watch BTC break down again just as everyone be...         neutral                0              0.503464
4  Lmao\n\nBitcoin just moves up and down all the...        negative               -1              0.596508
5  Wow, what a push! Bitcoin just keeps surprisin...        positive                1              0.972769
6                  Most crypto is garbage except btc        negative               -1              0.928262
7  Imagine if ETH actually hit $50k, people just ...        positive                1              0.464341
8  Whats this the rock? They dont know how to rec...        negative               -1              0.628779
9  Why not a privacy coin? Market cap is too smal...        negative               -1              0.559642
2026-04-15 12:07:03,261 | INFO | reddit_sentiment_pipeline | 
📈 HOURLY AGGREGATION - POSTS:
2026-04-15 12:07:03,298 | INFO | reddit_sentiment_pipeline | 
                time_window  mean_sentiment  std_sentiment  num_items  sentiment_confidence_mean  post_id_count
0 2024-10-06 09:00:00+00:00             0.0            NaN          1                   0.747421              1
1 2024-10-06 18:00:00+00:00             0.0            NaN          1                   0.853246              1
2 2024-10-09 00:00:00+00:00             0.0            NaN          1                   0.931370              1
3 2024-10-10 15:00:00+00:00             0.0            NaN          1                   0.831786              1
4 2024-10-12 18:00:00+00:00             1.0            NaN          1                   0.811823              1
5 2024-10-16 18:00:00+00:00             0.0            NaN          1                   0.628216              1
6 2024-10-26 00:00:00+00:00             0.0            NaN          1                   0.835751              1
7 2024-11-07 18:00:00+00:00             1.0            NaN          1                   0.962532              1
8 2024-11-10 15:00:00+00:00             1.0            NaN          1                   0.582838              1
9 2024-11-14 09:00:00+00:00             0.0            NaN          1                   0.938209              1
2026-04-15 12:08:03,151 | INFO | reddit_sentiment_pipeline | 
================================================================================
2026-04-15 12:08:03,151 | INFO | reddit_sentiment_pipeline | STARTING REDDIT SENTIMENT ANALYSIS PIPELINE
2026-04-15 12:08:03,151 | INFO | reddit_sentiment_pipeline | ================================================================================

2026-04-15 12:08:03,151 | INFO | reddit_sentiment_pipeline | ⚠️  GPU not available - using CPU (slower)
2026-04-15 12:08:03,151 | INFO | reddit_sentiment_pipeline | 💻 CPU Cores: 4
2026-04-15 12:08:03,151 | INFO | reddit_sentiment_pipeline | 
[1/6] LOADING DATA
2026-04-15 12:08:03,151 | INFO | reddit_sentiment_pipeline | --------------------------------------------------------------------------------
2026-04-15 12:08:03,155 | INFO | reddit_sentiment_pipeline | 📥 Loading data from database...
2026-04-15 12:08:04,067 | INFO | reddit_sentiment_pipeline | ✅ Posts loaded: 2,000
2026-04-15 12:08:04,067 | INFO | reddit_sentiment_pipeline | ✅ Comments loaded: 8,817
2026-04-15 12:08:04,067 | INFO | reddit_sentiment_pipeline | 
[2/6] FILTERING SUBREDDITS
2026-04-15 12:08:04,067 | INFO | reddit_sentiment_pipeline | --------------------------------------------------------------------------------
2026-04-15 12:08:04,067 | INFO | reddit_sentiment_pipeline | 🚫 Filtering excluded subreddits...
2026-04-15 12:08:04,071 | INFO | reddit_sentiment_pipeline |    Excluded: ['ethereum', 'ethtrader']
2026-04-15 12:08:04,072 | INFO | reddit_sentiment_pipeline | ✅ Posts filtered: 1,600 (removed: 400)
2026-04-15 12:08:04,072 | INFO | reddit_sentiment_pipeline | ✅ Comments filtered: 6,428 (removed: 2,389)
2026-04-15 12:08:04,072 | INFO | reddit_sentiment_pipeline | 
[3/6] APPLYING BTC FILTER
2026-04-15 12:08:04,072 | INFO | reddit_sentiment_pipeline | --------------------------------------------------------------------------------
2026-04-15 12:08:04,072 | INFO | reddit_sentiment_pipeline | ₿ Applying BTC filter...
2026-04-15 12:08:04,133 | INFO | reddit_sentiment_pipeline | ✅ BTC Posts: 364 (from 1,600)
2026-04-15 12:08:04,133 | INFO | reddit_sentiment_pipeline | ✅ BTC Comments: 1,139 (from 6,428)
2026-04-15 12:08:04,134 | INFO | reddit_sentiment_pipeline | 
[4/6] LOADING SENTIMENT MODEL
2026-04-15 12:08:04,134 | INFO | reddit_sentiment_pipeline | --------------------------------------------------------------------------------
2026-04-15 12:08:04,134 | INFO | reddit_sentiment_pipeline | 📥 Loading sentiment model: cardiffnlp/twitter-roberta-base-sentiment
2026-04-15 12:08:04,134 | INFO | reddit_sentiment_pipeline | 🔧 Using device: cpu
2026-04-15 12:08:07,285 | INFO | reddit_sentiment_pipeline | ✅ Model loaded successfully
2026-04-15 12:08:07,285 | INFO | reddit_sentiment_pipeline | 
[5/6] SENTIMENT ANALYSIS
2026-04-15 12:08:07,285 | INFO | reddit_sentiment_pipeline | --------------------------------------------------------------------------------
2026-04-15 12:08:07,285 | INFO | reddit_sentiment_pipeline | 🔍 Analyzing sentiment for 364 items...
2026-04-15 12:08:08,441 | INFO | reddit_sentiment_pipeline |    ✓ Processed 32/364 items
2026-04-15 12:08:10,244 | INFO | reddit_sentiment_pipeline |    ✓ Processed 64/364 items
2026-04-15 12:08:11,485 | INFO | reddit_sentiment_pipeline |    ✓ Processed 96/364 items
2026-04-15 12:08:12,868 | INFO | reddit_sentiment_pipeline |    ✓ Processed 128/364 items
2026-04-15 12:08:14,374 | INFO | reddit_sentiment_pipeline |    ✓ Processed 160/364 items
2026-04-15 12:08:15,745 | INFO | reddit_sentiment_pipeline |    ✓ Processed 192/364 items
2026-04-15 12:08:17,247 | INFO | reddit_sentiment_pipeline |    ✓ Processed 224/364 items
2026-04-15 12:08:19,873 | INFO | reddit_sentiment_pipeline |    ✓ Processed 256/364 items
2026-04-15 12:08:22,736 | INFO | reddit_sentiment_pipeline |    ✓ Processed 288/364 items
2026-04-15 12:08:24,255 | INFO | reddit_sentiment_pipeline |    ✓ Processed 320/364 items
2026-04-15 12:08:26,015 | INFO | reddit_sentiment_pipeline |    ✓ Processed 352/364 items
2026-04-15 12:08:27,224 | INFO | reddit_sentiment_pipeline |    ✓ Processed 364/364 items
2026-04-15 12:08:27,242 | INFO | reddit_sentiment_pipeline | ✅ Sentiment analysis complete!
2026-04-15 12:08:27,242 | INFO | reddit_sentiment_pipeline |    Positive: 30
2026-04-15 12:08:27,242 | INFO | reddit_sentiment_pipeline |    Neutral: 288
2026-04-15 12:08:27,245 | INFO | reddit_sentiment_pipeline |    Negative: 46
2026-04-15 12:08:27,245 | INFO | reddit_sentiment_pipeline | 🔍 Analyzing sentiment for 1,139 items...
2026-04-15 12:09:07,111 | INFO | reddit_sentiment_pipeline |    ✓ Processed 96/1,139 items
2026-04-15 12:09:40,779 | INFO | reddit_sentiment_pipeline |    ✓ Processed 192/1,139 items
2026-04-15 12:10:24,213 | INFO | reddit_sentiment_pipeline |    ✓ Processed 288/1,139 items
2026-04-15 12:11:30,535 | INFO | reddit_sentiment_pipeline |    ✓ Processed 384/1,139 items
2026-04-15 12:12:33,089 | INFO | reddit_sentiment_pipeline |    ✓ Processed 480/1,139 items
2026-04-15 12:13:15,991 | INFO | reddit_sentiment_pipeline |    ✓ Processed 576/1,139 items
2026-04-15 12:14:41,510 | INFO | reddit_sentiment_pipeline |    ✓ Processed 672/1,139 items
2026-04-15 12:16:06,313 | INFO | reddit_sentiment_pipeline |    ✓ Processed 768/1,139 items
2026-04-15 12:17:36,057 | INFO | reddit_sentiment_pipeline |    ✓ Processed 864/1,139 items
2026-04-15 12:19:13,437 | INFO | reddit_sentiment_pipeline |    ✓ Processed 960/1,139 items
2026-04-15 12:21:03,093 | INFO | reddit_sentiment_pipeline |    ✓ Processed 1,056/1,139 items
2026-04-15 12:22:33,476 | INFO | reddit_sentiment_pipeline |    ✓ Processed 1,139/1,139 items
2026-04-15 12:22:34,672 | INFO | reddit_sentiment_pipeline | ✅ Sentiment analysis complete!
2026-04-15 12:22:34,685 | INFO | reddit_sentiment_pipeline |    Positive: 223
2026-04-15 12:22:34,685 | INFO | reddit_sentiment_pipeline |    Neutral: 651
2026-04-15 12:22:34,685 | INFO | reddit_sentiment_pipeline |    Negative: 265
2026-04-15 12:22:34,732 | INFO | reddit_sentiment_pipeline | 
[6/6] AGGREGATION & SAVING
2026-04-15 12:22:34,732 | INFO | reddit_sentiment_pipeline | --------------------------------------------------------------------------------
2026-04-15 12:22:34,732 | INFO | reddit_sentiment_pipeline | 📊 Aggregating sentiment by hour...
2026-04-15 12:22:35,150 | INFO | reddit_sentiment_pipeline | ✅ Created 169 hourly aggregates
2026-04-15 12:22:35,155 | INFO | reddit_sentiment_pipeline | 📊 Aggregating sentiment by hour...
2026-04-15 12:22:35,182 | INFO | reddit_sentiment_pipeline | ✅ Created 522 hourly aggregates
2026-04-15 12:22:35,182 | INFO | reddit_sentiment_pipeline | 💾 Saving sentiment results to database...
2026-04-15 12:22:39,971 | INFO | reddit_sentiment_pipeline | ✅ Saved 364 posts with sentiment
2026-04-15 12:22:42,337 | INFO | reddit_sentiment_pipeline | ✅ Saved 1,139 comments with sentiment
2026-04-15 12:22:43,407 | INFO | reddit_sentiment_pipeline | ✅ Saved 169 hourly post aggregates
2026-04-15 12:22:47,301 | INFO | reddit_sentiment_pipeline | ✅ Saved 522 hourly comment aggregates
2026-04-15 12:22:47,305 | INFO | reddit_sentiment_pipeline | ✅ All sentiment data saved to database!
2026-04-15 12:22:47,305 | INFO | reddit_sentiment_pipeline | 
================================================================================
2026-04-15 12:22:47,305 | INFO | reddit_sentiment_pipeline | SENTIMENT ANALYSIS STATISTICS
2026-04-15 12:22:47,308 | INFO | reddit_sentiment_pipeline | ================================================================================
2026-04-15 12:22:47,308 | INFO | reddit_sentiment_pipeline | 
📝 POSTS SENTIMENT:
2026-04-15 12:22:47,308 | INFO | reddit_sentiment_pipeline |   Total posts: 364
2026-04-15 12:22:47,531 | INFO | reddit_sentiment_pipeline |   Mean sentiment: -0.0440
2026-04-15 12:22:47,586 | INFO | reddit_sentiment_pipeline |   Std sentiment: 0.4554
2026-04-15 12:22:47,640 | INFO | reddit_sentiment_pipeline |   Mean confidence: 0.7555
2026-04-15 12:22:49,602 | INFO | reddit_sentiment_pipeline |   NEUTRAL: 288 (79.1%)
2026-04-15 12:22:49,602 | INFO | reddit_sentiment_pipeline |   NEGATIVE: 46 (12.6%)
2026-04-15 12:22:49,602 | INFO | reddit_sentiment_pipeline |   POSITIVE: 30 (8.2%)
2026-04-15 12:22:49,602 | INFO | reddit_sentiment_pipeline | 
💬 COMMENTS SENTIMENT:
2026-04-15 12:22:49,606 | INFO | reddit_sentiment_pipeline |   Total comments: 1,139
2026-04-15 12:22:49,606 | INFO | reddit_sentiment_pipeline |   Mean sentiment: -0.0369
2026-04-15 12:22:49,606 | INFO | reddit_sentiment_pipeline |   Std sentiment: 0.6538
2026-04-15 12:22:49,606 | INFO | reddit_sentiment_pipeline |   Mean confidence: 0.6681
2026-04-15 12:22:49,626 | INFO | reddit_sentiment_pipeline |   NEUTRAL: 651 (57.2%)
2026-04-15 12:22:49,628 | INFO | reddit_sentiment_pipeline |   NEGATIVE: 265 (23.3%)
2026-04-15 12:22:49,630 | INFO | reddit_sentiment_pipeline |   POSITIVE: 223 (19.6%)
2026-04-15 12:22:49,630 | INFO | reddit_sentiment_pipeline | 
================================================================================

2026-04-15 12:22:49,649 | INFO | reddit_sentiment_pipeline | ✅ PIPELINE COMPLETE in 886.5s
2026-04-15 12:22:49,995 | INFO | reddit_sentiment_pipeline | 
📊 SAMPLE RESULTS - POSTS:
2026-04-15 12:22:50,084 | INFO | reddit_sentiment_pipeline | 
                                               title sentiment_label  sentiment_score  sentiment_confidence
0  Billionaire Tim Draper doubles down on bold Bi...         neutral                0              0.680959
1  US Oil Falls Below $94 as Bitcoin Tops $76K Am...        negative               -1              0.520230
2  Goldman Sachs files for bitcoin income ETF in ...         neutral                0              0.882471
3    Bitcoin Breaks $76K, MicroStrategy Shares Rally         neutral                0              0.696878
4  Officially 105,000 blocks until the next Bitco...         neutral                0              0.856446
5  Musician G. Love Loses $424,000 Bitcoin Retire...        negative               -1              0.720739
6  Strategy Buys $1 Billion in Bitcoin, Now Holds...         neutral                0              0.881369
7  Strategy Buys 13,927 BTC For $1B, Holdings Nea...         neutral                0              0.924092
8                      Thoughts on 100% bitcoin etf?         neutral                0              0.907097
9  The companies that built Bitcoin's mining infr...         neutral                0              0.578828
2026-04-15 12:22:50,084 | INFO | reddit_sentiment_pipeline | 
💬 SAMPLE RESULTS - COMMENTS:
2026-04-15 12:22:50,099 | INFO | reddit_sentiment_pipeline | 
                                        comment_text sentiment_label  sentiment_score  sentiment_confidence
0  I kept wondering about four years ago the last...         neutral                0              0.740247
1  BTC has been on an uptrend since we got stuck ...        positive                1              0.685646
2  He predicted BTC $250k by end of 2025, was cle...         neutral                0              0.488208
3  Watch BTC break down again just as everyone be...         neutral                0              0.503464
4  Lmao\n\nBitcoin just moves up and down all the...        negative               -1              0.596508
5  Wow, what a push! Bitcoin just keeps surprisin...        positive                1              0.972769
6                  Most crypto is garbage except btc        negative               -1              0.928262
7  Imagine if ETH actually hit $50k, people just ...        positive                1              0.464341
8  Whats this the rock? They dont know how to rec...        negative               -1              0.628779
9  Why not a privacy coin? Market cap is too smal...        negative               -1              0.559642
2026-04-15 12:22:50,104 | INFO | reddit_sentiment_pipeline | 
📈 HOURLY AGGREGATION - POSTS:
2026-04-15 12:22:50,133 | INFO | reddit_sentiment_pipeline | 
                time_window  mean_sentiment  std_sentiment  num_items  sentiment_confidence_mean  post_id_count
0 2024-10-06 09:00:00+00:00             0.0            NaN          1                   0.747421              1
1 2024-10-06 18:00:00+00:00             0.0            NaN          1                   0.853246              1
2 2024-10-09 00:00:00+00:00             0.0            NaN          1                   0.931370              1
3 2024-10-10 15:00:00+00:00             0.0            NaN          1                   0.831786              1
4 2024-10-12 18:00:00+00:00             1.0            NaN          1                   0.811823              1
5 2024-10-16 18:00:00+00:00             0.0            NaN          1                   0.628216              1
6 2024-10-26 00:00:00+00:00             0.0            NaN          1                   0.835751              1
7 2024-11-07 18:00:00+00:00             1.0            NaN          1                   0.962532              1
8 2024-11-10 15:00:00+00:00             1.0            NaN          1                   0.582838              1
9 2024-11-14 09:00:00+00:00             0.0            NaN          1                   0.938209              1
2026-04-15 15:40:14,876 | INFO | reddit_sentiment_pipeline | 🚀 START PIPELINE
2026-04-15 15:40:14,876 | INFO | reddit_sentiment_pipeline | ⚠️ Using CPU
2026-04-15 15:40:16,394 | INFO | reddit_sentiment_pipeline | Posts: 2,000
2026-04-15 15:40:16,394 | INFO | reddit_sentiment_pipeline | Comments: 8,817
2026-04-15 15:40:16,512 | INFO | reddit_sentiment_pipeline | 📥 Loading model: cardiffnlp/twitter-roberta-base-sentiment
2026-04-15 15:40:26,006 | INFO | reddit_sentiment_pipeline | 🧹 Cleaning 295 rows...
2026-04-15 15:40:26,154 | INFO | reddit_sentiment_pipeline | After cleaning: 295
2026-04-15 15:40:26,216 | INFO | reddit_sentiment_pipeline | After dedup: 284
2026-04-15 15:40:26,216 | INFO | reddit_sentiment_pipeline | 🔍 Running sentiment...
2026-04-15 15:40:39,138 | INFO | reddit_sentiment_pipeline | 🧹 Cleaning 1,139 rows...
2026-04-15 15:40:40,474 | INFO | reddit_sentiment_pipeline | After cleaning: 1,139
2026-04-15 15:40:41,094 | INFO | reddit_sentiment_pipeline | After dedup: 1,129
2026-04-15 15:40:41,094 | INFO | reddit_sentiment_pipeline | 🔍 Running sentiment...
2026-04-15 15:49:24,513 | INFO | reddit_sentiment_pipeline | 🚀 START PIPELINE
2026-04-15 15:49:24,513 | INFO | reddit_sentiment_pipeline | ⚠️ Using CPU
2026-04-15 15:49:26,159 | INFO | reddit_sentiment_pipeline | Posts: 2,000
2026-04-15 15:49:26,159 | INFO | reddit_sentiment_pipeline | Comments: 8,817
2026-04-15 15:49:26,281 | INFO | reddit_sentiment_pipeline | 📥 Loading model: cardiffnlp/twitter-roberta-base-sentiment
2026-04-15 15:49:34,152 | INFO | reddit_sentiment_pipeline | 🧹 Cleaning 295 rows...
2026-04-15 15:49:34,279 | INFO | reddit_sentiment_pipeline | After cleaning: 295
2026-04-15 15:49:34,363 | INFO | reddit_sentiment_pipeline | After dedup: 284
2026-04-15 15:49:34,365 | INFO | reddit_sentiment_pipeline | 🔍 Running sentiment...
2026-04-15 15:49:48,055 | INFO | reddit_sentiment_pipeline | 🧹 Cleaning 1,139 rows...
2026-04-15 15:49:49,336 | INFO | reddit_sentiment_pipeline | After cleaning: 1,139
2026-04-15 15:49:49,934 | INFO | reddit_sentiment_pipeline | After dedup: 1,129
2026-04-15 15:49:49,934 | INFO | reddit_sentiment_pipeline | 🔍 Running sentiment...
2026-04-15 15:54:21,507 | INFO | reddit_sentiment_pipeline | ✅ DONE
2026-04-15 15:54:21,609 | INFO | reddit_sentiment_pipeline |    post_id       subreddit  ... sentiment_confidence  sentiment_label
0  1sls9a6  cryptocurrency  ...             0.680959          neutral
1  1slqlzz  cryptocurrency  ...             0.520230         negative
2  1slce37  cryptocurrency  ...             0.882471          neutral
3  1slcjhd  cryptocurrency  ...             0.696878          neutral
4  1sl3wm5  cryptocurrency  ...             0.856446          neutral

[5 rows x 27 columns]
2026-04-15 15:54:21,751 | INFO | reddit_sentiment_pipeline |                 time_window  mean_sentiment  std_sentiment  ...  spam_score_mean  token_count_mean  post_id_count
0 2024-10-06 09:00:00+00:00             0.0            NaN  ...              0.0              10.0              1
1 2024-10-06 19:00:00+00:00             0.0            NaN  ...              0.0               6.0              1
2 2024-10-09 01:00:00+00:00             0.0            NaN  ...              0.0              10.0              1
3 2024-10-10 17:00:00+00:00             0.0            NaN  ...              0.0               5.0              1
4 2024-10-12 20:00:00+00:00             1.0            NaN  ...              0.0              45.0              1

[5 rows x 10 columns]
2026-04-16 11:27:05,935 | INFO | reddit_sentiment_pipeline | 🚀 START PIPELINE
2026-04-16 11:27:05,935 | INFO | reddit_sentiment_pipeline | ⚠️ Using CPU
2026-04-16 11:27:07,459 | INFO | reddit_sentiment_pipeline | Posts: 2,000
2026-04-16 11:27:07,459 | INFO | reddit_sentiment_pipeline | Comments: 8,817
2026-04-16 11:27:07,463 | INFO | reddit_sentiment_pipeline | 📅 Date range — start: 2018-04-25 03:54:32+00:00  |  end: 2026-04-15 10:03:23+00:00
2026-04-16 11:27:07,463 | INFO | reddit_sentiment_pipeline | 📈 Fetching OHLCV from 'btc_1m' [2018-04-25 03:54:32+00:00 → 2026-04-15 10:03:23+00:00]
2026-04-16 11:27:31,879 | INFO | reddit_sentiment_pipeline | ✅ OHLCV rows fetched: 1,728,904
2026-04-16 11:27:32,000 | INFO | reddit_sentiment_pipeline | 📥 Loading model: ProsusAI/finbert
2026-04-16 11:28:24,908 | INFO | reddit_sentiment_pipeline | 🧹 Cleaning 295 rows...
2026-04-16 11:28:25,042 | INFO | reddit_sentiment_pipeline | After cleaning: 295
2026-04-16 11:28:25,090 | INFO | reddit_sentiment_pipeline | After dedup: 284
2026-04-16 11:28:25,091 | INFO | reddit_sentiment_pipeline | 🔍 Running sentiment (FinBERT)...
2026-04-16 11:28:43,364 | INFO | reddit_sentiment_pipeline | 🧹 Cleaning 1,139 rows...
2026-04-16 11:28:45,312 | INFO | reddit_sentiment_pipeline | After cleaning: 1,139
2026-04-16 11:28:46,273 | INFO | reddit_sentiment_pipeline | After dedup: 1,129
2026-04-16 11:28:46,273 | INFO | reddit_sentiment_pipeline | 🔍 Running sentiment (FinBERT)...
2026-04-16 11:33:10,188 | INFO | reddit_sentiment_pipeline | ✅ DONE
2026-04-16 11:33:10,227 | INFO | reddit_sentiment_pipeline |    post_id       subreddit  ... sentiment_confidence  sentiment_label
0  1sls9a6  cryptocurrency  ...             0.877929         negative
1  1slqlzz  cryptocurrency  ...             0.583956         negative
2  1slce37  cryptocurrency  ...             0.890217          neutral
3  1slcjhd  cryptocurrency  ...             0.649862         positive
4  1sl3wm5  cryptocurrency  ...             0.924530          neutral

[5 rows x 27 columns]
2026-04-16 11:33:10,323 | INFO | reddit_sentiment_pipeline |                 time_window  mean_sentiment  std_sentiment  ...  spam_score_mean  token_count_mean  post_id_count
0 2024-10-06 09:00:00+00:00             0.0            NaN  ...              0.0              10.0              1
1 2024-10-06 19:00:00+00:00             0.0            NaN  ...              0.0               6.0              1
2 2024-10-09 01:00:00+00:00             0.0            NaN  ...              0.0              10.0              1
3 2024-10-10 17:00:00+00:00             0.0            NaN  ...              0.0               5.0              1
4 2024-10-12 20:00:00+00:00             0.0            NaN  ...              0.0              45.0              1

[5 rows x 10 columns]
2026-04-16 11:33:10,351 | INFO | reddit_sentiment_pipeline |                           datetime     open     high      low    close  volume
0 2022-12-31 19:00:00.080000+00:00  16571.8  16572.0  16571.7  16572.0  32.988
1        2022-12-31 19:01:00+00:00  16571.9  16572.1  16571.9  16572.0  14.639
2        2022-12-31 19:02:00+00:00  16572.0  16572.2  16572.0  16572.1  12.707
3        2022-12-31 19:03:00+00:00  16572.1  16573.3  16572.1  16573.2  19.332
4        2022-12-31 19:04:00+00:00  16573.2  16573.3  16569.1  16569.1  74.410
2026-04-16 11:36:07,970 | INFO | reddit_sentiment_pipeline | 🚀 START PIPELINE
2026-04-16 11:36:07,970 | INFO | reddit_sentiment_pipeline | ⚠️ Using CPU
2026-04-16 11:36:08,932 | INFO | reddit_sentiment_pipeline | Posts: 2,000
2026-04-16 11:36:08,932 | INFO | reddit_sentiment_pipeline | Comments: 8,817
2026-04-16 11:36:08,952 | INFO | reddit_sentiment_pipeline | 📅 Date range — start: 2018-04-25 03:54:32+00:00  |  end: 2026-04-15 10:03:23+00:00
2026-04-16 11:36:08,952 | INFO | reddit_sentiment_pipeline | 📈 Fetching OHLCV from 'btc_1m' [2018-04-25 03:54:32+00:00 → 2026-04-15 10:03:23+00:00]
2026-04-16 11:36:22,161 | INFO | reddit_sentiment_pipeline | ✅ OHLCV rows fetched: 1,728,904
2026-04-16 11:36:22,262 | INFO | reddit_sentiment_pipeline | 📥 Loading model: ProsusAI/finbert
2026-04-16 11:36:30,308 | INFO | reddit_sentiment_pipeline | 🧹 Cleaning 295 rows...
2026-04-16 11:36:30,518 | INFO | reddit_sentiment_pipeline | After cleaning: 295
2026-04-16 11:36:30,667 | INFO | reddit_sentiment_pipeline | After dedup: 284
2026-04-16 11:36:30,669 | INFO | reddit_sentiment_pipeline | 🔍 Running sentiment (FinBERT)...
2026-04-16 11:36:56,415 | INFO | reddit_sentiment_pipeline | 🧹 Cleaning 1,139 rows...
2026-04-16 11:36:58,220 | INFO | reddit_sentiment_pipeline | After cleaning: 1,139
2026-04-16 11:36:59,118 | INFO | reddit_sentiment_pipeline | After dedup: 1,129
2026-04-16 11:36:59,118 | INFO | reddit_sentiment_pipeline | 🔍 Running sentiment (FinBERT)...
2026-04-16 11:42:54,043 | INFO | reddit_sentiment_pipeline | ✅ DONE
2026-04-16 11:42:54,301 | INFO | reddit_sentiment_pipeline |    post_id       subreddit  ... sentiment_confidence  sentiment_label
0  1sls9a6  cryptocurrency  ...             0.877929         negative
1  1slqlzz  cryptocurrency  ...             0.583956         negative
2  1slce37  cryptocurrency  ...             0.890217          neutral
3  1slcjhd  cryptocurrency  ...             0.649862         positive
4  1sl3wm5  cryptocurrency  ...             0.924530          neutral

[5 rows x 27 columns]
2026-04-16 11:42:54,661 | INFO | reddit_sentiment_pipeline |                 time_window  mean_sentiment  std_sentiment  ...  spam_score_mean  token_count_mean  post_id_count
0 2024-10-06 09:00:00+00:00             0.0            NaN  ...              0.0              10.0              1
1 2024-10-06 19:00:00+00:00             0.0            NaN  ...              0.0               6.0              1
2 2024-10-09 01:00:00+00:00             0.0            NaN  ...              0.0              10.0              1
3 2024-10-10 17:00:00+00:00             0.0            NaN  ...              0.0               5.0              1
4 2024-10-12 20:00:00+00:00             0.0            NaN  ...              0.0              45.0              1

[5 rows x 10 columns]
2026-04-16 11:42:54,761 | INFO | reddit_sentiment_pipeline |                           datetime     open     high      low    close  volume
0 2022-12-31 19:00:00.080000+00:00  16571.8  16572.0  16571.7  16572.0  32.988
1        2022-12-31 19:01:00+00:00  16571.9  16572.1  16571.9  16572.0  14.639
2        2022-12-31 19:02:00+00:00  16572.0  16572.2  16572.0  16572.1  12.707
3        2022-12-31 19:03:00+00:00  16572.1  16573.3  16572.1  16573.2  19.332
4        2022-12-31 19:04:00+00:00  16573.2  16573.3  16569.1  16569.1  74.410
2026-04-17 11:56:20,229 | INFO | reddit_sentiment_pipeline | 🚀 START PIPELINE
2026-04-17 11:56:20,229 | INFO | reddit_sentiment_pipeline | ⚠️ Using CPU
2026-04-17 11:56:22,166 | INFO | reddit_sentiment_pipeline | Posts: 2,225
2026-04-17 11:56:22,166 | INFO | reddit_sentiment_pipeline | Comments: 10,043
2026-04-17 11:56:22,217 | INFO | reddit_sentiment_pipeline | 📅 Date range — start: 2018-04-25 03:54:32+00:00  |  end: 2026-04-17 10:57:36+00:00
2026-04-17 11:56:22,217 | INFO | reddit_sentiment_pipeline | 📈 Fetching OHLCV from 'btc_1m' [2018-04-25 03:54:32+00:00 → 2026-04-17 10:57:36+00:00]
2026-04-17 11:56:46,523 | INFO | reddit_sentiment_pipeline | ✅ OHLCV rows fetched: 1,731,416
2026-04-17 11:56:46,730 | INFO | reddit_sentiment_pipeline | 📥 Loading model: ProsusAI/finbert
2026-04-17 11:56:54,248 | INFO | reddit_sentiment_pipeline | 🧹 Cleaning 361 rows...
2026-04-17 11:56:54,681 | INFO | reddit_sentiment_pipeline | After cleaning: 361
2026-04-17 11:56:54,886 | INFO | reddit_sentiment_pipeline | After dedup: 349
2026-04-17 11:56:54,886 | INFO | reddit_sentiment_pipeline | 🔍 Running sentiment (FinBERT)...
2026-04-17 11:57:25,026 | INFO | reddit_sentiment_pipeline | 🧹 Cleaning 1,378 rows...
2026-04-17 11:57:27,191 | INFO | reddit_sentiment_pipeline | After cleaning: 1,378
2026-04-17 11:57:28,261 | INFO | reddit_sentiment_pipeline | After dedup: 1,366
2026-04-17 11:57:28,261 | INFO | reddit_sentiment_pipeline | 🔍 Running sentiment (FinBERT)...
2026-04-17 12:03:11,237 | INFO | reddit_sentiment_pipeline | ✅ DONE
2026-04-17 12:03:11,257 | INFO | reddit_sentiment_pipeline |    post_id       subreddit  ... sentiment_confidence  sentiment_label
0  1sls9a6  cryptocurrency  ...             0.877929         negative
1  1slqlzz  cryptocurrency  ...             0.583956         negative
2  1slce37  cryptocurrency  ...             0.890217          neutral
3  1slcjhd  cryptocurrency  ...             0.649862         positive
4  1sl3wm5  cryptocurrency  ...             0.924530          neutral

[5 rows x 27 columns]
2026-04-17 12:03:11,370 | INFO | reddit_sentiment_pipeline |                 time_window  mean_sentiment  std_sentiment  ...  spam_score_mean  token_count_mean  post_id_count
0 2024-10-06 09:00:00+00:00             0.0            NaN  ...              0.0              10.0              1
1 2024-10-06 19:00:00+00:00             0.0            NaN  ...              0.0               6.0              1
2 2024-10-09 01:00:00+00:00             0.0            NaN  ...              0.0              10.0              1
3 2024-10-10 17:00:00+00:00             0.0            NaN  ...              0.0               5.0              1
4 2024-10-12 20:00:00+00:00             0.0            NaN  ...              0.0              45.0              1

[5 rows x 10 columns]
2026-04-17 12:03:11,403 | INFO | reddit_sentiment_pipeline |                           datetime     open     high      low    close  volume
0 2022-12-31 19:00:00.080000+00:00  16571.8  16572.0  16571.7  16572.0  32.988
1        2022-12-31 19:01:00+00:00  16571.9  16572.1  16571.9  16572.0  14.639
2        2022-12-31 19:02:00+00:00  16572.0  16572.2  16572.0  16572.1  12.707
3        2022-12-31 19:03:00+00:00  16572.1  16573.3  16572.1  16573.2  19.332
4        2022-12-31 19:04:00+00:00  16573.2  16573.3  16569.1  16569.1  74.410
2026-04-17 12:23:18,638 | INFO | reddit_sentiment_pipeline | 🚀 START PIPELINE
2026-04-17 12:23:18,641 | INFO | reddit_sentiment_pipeline | ⚠️ Using CPU
2026-04-17 12:23:19,441 | INFO | reddit_sentiment_pipeline | Posts: 2,225
2026-04-17 12:23:19,441 | INFO | reddit_sentiment_pipeline | Comments: 10,043
2026-04-17 12:23:19,461 | INFO | reddit_sentiment_pipeline | 📅 Date range — start: 2018-04-25 03:54:32+00:00  |  end: 2026-04-17 10:57:36+00:00
2026-04-17 12:23:19,463 | INFO | reddit_sentiment_pipeline | 📈 Fetching OHLCV from 'btc_1m' [2018-04-25 03:54:32+00:00 → 2026-04-17 10:57:36+00:00]
2026-04-17 12:23:36,437 | INFO | reddit_sentiment_pipeline | 🚀 START PIPELINE
2026-04-17 12:23:36,437 | INFO | reddit_sentiment_pipeline | ⚠️ Using CPU
2026-04-17 12:23:36,924 | INFO | reddit_sentiment_pipeline | Posts: 2,225
2026-04-17 12:23:36,924 | INFO | reddit_sentiment_pipeline | Comments: 10,043
2026-04-17 12:23:36,924 | INFO | reddit_sentiment_pipeline | 📅 Date range — start: 2018-04-25 03:54:32+00:00  |  end: 2026-04-17 10:57:36+00:00
2026-04-17 12:23:36,924 | INFO | reddit_sentiment_pipeline | 📈 Fetching OHLCV from 'btc_1m' [2018-04-25 03:54:32+00:00 → 2026-04-17 10:57:36+00:00]
2026-04-17 12:23:45,588 | INFO | reddit_sentiment_pipeline | ✅ OHLCV rows fetched: 1,731,416
2026-04-17 12:23:45,685 | INFO | reddit_sentiment_pipeline | 📥 Loading model: ProsusAI/finbert
2026-04-17 12:23:55,150 | INFO | reddit_sentiment_pipeline | 🧹 Cleaning 361 rows...
2026-04-17 12:23:55,150 | INFO | reddit_sentiment_pipeline | Before drop: earliest=2024-10-06 09:46:46+00:00, latest=2026-04-17 10:34:16+00:00
2026-04-17 12:23:55,264 | INFO | reddit_sentiment_pipeline | After drop:  earliest=2024-10-06 09:46:46+00:00, latest=2026-04-17 10:34:16+00:00
2026-04-17 12:23:55,264 | INFO | reddit_sentiment_pipeline | After cleaning: 361
2026-04-17 12:23:55,339 | INFO | reddit_sentiment_pipeline | After dedup: 349
2026-04-17 12:23:55,340 | INFO | reddit_sentiment_pipeline | 🔍 Running sentiment (FinBERT)...
2026-04-17 12:24:17,163 | INFO | reddit_sentiment_pipeline | 🧹 Cleaning 1,378 rows...
2026-04-17 12:24:17,165 | INFO | reddit_sentiment_pipeline | Before drop: earliest=2024-09-30 17:21:33+00:00, latest=2026-04-17 10:57:36+00:00
2026-04-17 12:24:18,879 | INFO | reddit_sentiment_pipeline | After drop:  earliest=2024-09-30 17:21:33+00:00, latest=2026-04-17 10:57:36+00:00
2026-04-17 12:24:18,879 | INFO | reddit_sentiment_pipeline | After cleaning: 1,378
2026-04-17 12:24:19,788 | INFO | reddit_sentiment_pipeline | After dedup: 1,366
2026-04-17 12:24:19,788 | INFO | reddit_sentiment_pipeline | 🔍 Running sentiment (FinBERT)...
2026-04-17 12:28:54,098 | INFO | reddit_sentiment_pipeline | ✅ DONE
2026-04-17 12:28:54,120 | INFO | reddit_sentiment_pipeline |    post_id          subreddit  ... sentiment_confidence  sentiment_label
0  1fx8tw9  SatoshiStreetBets  ...             0.951372          neutral
1  1fxhfhn  SatoshiStreetBets  ...             0.824721          neutral
2  1fz9jci  SatoshiStreetBets  ...             0.923339          neutral
3  1g0hadh  SatoshiStreetBets  ...             0.923743          neutral
4  1g2245e  SatoshiStreetBets  ...             0.904987          neutral

[5 rows x 27 columns]
2026-04-17 12:28:54,166 | INFO | reddit_sentiment_pipeline |                 time_window  mean_sentiment  std_sentiment  ...  spam_score_mean  token_count_mean  post_id_count
0 2024-10-06 09:00:00+00:00             0.0            NaN  ...              0.0              10.0              1
1 2024-10-06 19:00:00+00:00             0.0            NaN  ...              0.0               6.0              1
2 2024-10-09 01:00:00+00:00             0.0            NaN  ...              0.0              10.0              1
3 2024-10-10 17:00:00+00:00             0.0            NaN  ...              0.0               5.0              1
4 2024-10-12 20:00:00+00:00             0.0            NaN  ...              0.0              45.0              1

[5 rows x 10 columns]
2026-04-17 12:28:54,205 | INFO | reddit_sentiment_pipeline |                           datetime     open     high      low    close  volume
0 2022-12-31 19:00:00.080000+00:00  16571.8  16572.0  16571.7  16572.0  32.988
1        2022-12-31 19:01:00+00:00  16571.9  16572.1  16571.9  16572.0  14.639
2        2022-12-31 19:02:00+00:00  16572.0  16572.2  16572.0  16572.1  12.707
3        2022-12-31 19:03:00+00:00  16572.1  16573.3  16572.1  16573.2  19.332
4        2022-12-31 19:04:00+00:00  16573.2  16573.3  16569.1  16569.1  74.410
2026-04-17 12:35:18,567 | INFO | reddit_sentiment_pipeline | 🚀 START PIPELINE
2026-04-17 12:35:18,567 | INFO | reddit_sentiment_pipeline | ⚠️ Using CPU
2026-04-17 12:35:19,366 | INFO | reddit_sentiment_pipeline | Posts: 2,225
2026-04-17 12:35:19,366 | INFO | reddit_sentiment_pipeline | Comments: 10,043
2026-04-17 12:35:19,383 | INFO | reddit_sentiment_pipeline | 📅 Date range — start: 2018-04-25 03:54:32+00:00  |  end: 2026-04-17 10:57:36+00:00
2026-04-17 12:35:19,383 | INFO | reddit_sentiment_pipeline | 📈 Fetching OHLCV from 'btc_1m' [2018-04-25 03:54:32+00:00 → 2026-04-17 10:57:36+00:00]
2026-04-17 12:35:35,172 | INFO | reddit_sentiment_pipeline | ✅ OHLCV rows fetched: 1,731,416
2026-04-17 12:35:35,339 | INFO | reddit_sentiment_pipeline | 📥 Loading model: ProsusAI/finbert
2026-04-17 12:35:41,413 | INFO | reddit_sentiment_pipeline | 🧹 Cleaning 857 rows...
2026-04-17 12:35:41,421 | INFO | reddit_sentiment_pipeline | Before drop: earliest=2024-09-28 16:42:51+00:00, latest=2026-04-17 10:34:16+00:00
2026-04-17 12:35:41,633 | INFO | reddit_sentiment_pipeline | After drop:  earliest=2024-09-28 16:42:51+00:00, latest=2026-04-17 10:34:16+00:00
2026-04-17 12:35:41,633 | INFO | reddit_sentiment_pipeline | After cleaning: 857
2026-04-17 12:35:41,959 | INFO | reddit_sentiment_pipeline | After dedup: 844
2026-04-17 12:35:41,960 | INFO | reddit_sentiment_pipeline | 🔍 Running sentiment (FinBERT)...
2026-04-17 12:36:24,882 | INFO | reddit_sentiment_pipeline | 🧹 Cleaning 4,520 rows...
2026-04-17 12:36:24,886 | INFO | reddit_sentiment_pipeline | Before drop: earliest=2024-09-28 20:38:31+00:00, latest=2026-04-17 10:57:36+00:00
2026-04-17 12:36:28,506 | INFO | reddit_sentiment_pipeline | After drop:  earliest=2024-09-28 20:38:31+00:00, latest=2026-04-17 10:57:36+00:00
2026-04-17 12:36:28,506 | INFO | reddit_sentiment_pipeline | After cleaning: 4,407
2026-04-17 12:36:36,969 | INFO | reddit_sentiment_pipeline | After dedup: 4,198
2026-04-17 12:36:36,969 | INFO | reddit_sentiment_pipeline | 🔍 Running sentiment (FinBERT)...
2026-04-17 12:57:39,089 | INFO | reddit_sentiment_pipeline | 🚀 START PIPELINE
2026-04-17 12:57:39,094 | INFO | reddit_sentiment_pipeline | ⚠️ Using CPU
2026-04-17 12:57:40,021 | INFO | reddit_sentiment_pipeline | Posts: 2,225
2026-04-17 12:57:40,021 | INFO | reddit_sentiment_pipeline | Comments: 10,043
2026-04-17 12:57:40,040 | INFO | reddit_sentiment_pipeline | 📅 Date range — start: 2018-04-25 03:54:32+00:00  |  end: 2026-04-17 10:57:36+00:00
2026-04-17 12:57:40,041 | INFO | reddit_sentiment_pipeline | 📈 Fetching OHLCV from 'btc_1m' [2018-04-25 03:54:32+00:00 → 2026-04-17 10:57:36+00:00]
2026-04-17 12:57:53,341 | INFO | reddit_sentiment_pipeline | ✅ OHLCV rows fetched: 1,731,416
2026-04-17 12:57:53,488 | INFO | reddit_sentiment_pipeline | 📥 Loading model: ProsusAI/finbert
2026-04-17 12:57:59,079 | INFO | reddit_sentiment_pipeline | 🧹 Cleaning 857 rows...
2026-04-17 12:57:59,081 | INFO | reddit_sentiment_pipeline | Before drop: earliest=2024-09-28 16:42:51+00:00, latest=2026-04-17 10:34:16+00:00
2026-04-17 12:57:59,373 | INFO | reddit_sentiment_pipeline | After drop:  earliest=2024-09-28 16:42:51+00:00, latest=2026-04-17 10:34:16+00:00
2026-04-17 12:57:59,373 | INFO | reddit_sentiment_pipeline | After cleaning: 857
2026-04-17 12:57:59,840 | INFO | reddit_sentiment_pipeline | After dedup: 844
2026-04-17 12:57:59,840 | INFO | reddit_sentiment_pipeline | 🔍 Running sentiment (FinBERT)...
2026-04-17 12:58:57,788 | INFO | reddit_sentiment_pipeline | 🧹 Cleaning 4,520 rows...
2026-04-17 12:58:57,793 | INFO | reddit_sentiment_pipeline | Before drop: earliest=2024-09-28 20:38:31+00:00, latest=2026-04-17 10:57:36+00:00
2026-04-17 12:59:02,170 | INFO | reddit_sentiment_pipeline | After drop:  earliest=2024-09-28 20:38:31+00:00, latest=2026-04-17 10:57:36+00:00
2026-04-17 12:59:02,170 | INFO | reddit_sentiment_pipeline | After cleaning: 4,407
2026-04-17 12:59:11,792 | INFO | reddit_sentiment_pipeline | After dedup: 4,198
2026-04-17 12:59:11,792 | INFO | reddit_sentiment_pipeline | 🔍 Running sentiment (FinBERT)...
2026-04-17 13:37:10,655 | INFO | reddit_sentiment_pipeline | 🚀 START PIPELINE
2026-04-17 13:37:10,660 | INFO | reddit_sentiment_pipeline | ⚠️ Using CPU
2026-04-17 13:37:11,917 | INFO | reddit_sentiment_pipeline | Posts: 2,225
2026-04-17 13:37:11,917 | INFO | reddit_sentiment_pipeline | Comments: 10,043
2026-04-17 13:37:11,950 | INFO | reddit_sentiment_pipeline | 📅 Date range — start: 2018-04-25 03:54:32+00:00  |  end: 2026-04-17 10:57:36+00:00
2026-04-17 13:37:11,950 | INFO | reddit_sentiment_pipeline | 📈 Fetching OHLCV from 'btc_1m' [2018-04-25 03:54:32+00:00 → 2026-04-17 10:57:36+00:00]
2026-04-17 13:37:35,589 | INFO | reddit_sentiment_pipeline | ✅ OHLCV rows fetched: 1,731,416
2026-04-17 13:37:35,726 | INFO | reddit_sentiment_pipeline | 📥 Loading model: ProsusAI/finbert
2026-04-17 13:37:41,613 | INFO | reddit_sentiment_pipeline | 🧹 Cleaning 857 rows...
2026-04-17 13:37:41,621 | INFO | reddit_sentiment_pipeline | Before drop: earliest=2024-09-28 16:42:51+00:00, latest=2026-04-17 10:34:16+00:00
2026-04-17 13:37:41,988 | INFO | reddit_sentiment_pipeline | After drop:  earliest=2024-09-28 16:42:51+00:00, latest=2026-04-17 10:34:16+00:00
2026-04-17 13:37:41,988 | INFO | reddit_sentiment_pipeline | After cleaning: 857
2026-04-17 13:37:42,438 | INFO | reddit_sentiment_pipeline | After dedup: 844
2026-04-17 13:37:42,438 | INFO | reddit_sentiment_pipeline | 🔍 Running sentiment (FinBERT)...
2026-04-17 13:38:49,885 | INFO | reddit_sentiment_pipeline | 🧹 Cleaning 4,520 rows...
2026-04-17 13:38:49,896 | INFO | reddit_sentiment_pipeline | Before drop: earliest=2024-09-28 20:38:31+00:00, latest=2026-04-17 10:57:36+00:00
2026-04-17 13:38:54,397 | INFO | reddit_sentiment_pipeline | After drop:  earliest=2024-09-28 20:38:31+00:00, latest=2026-04-17 10:57:36+00:00
2026-04-17 13:38:54,397 | INFO | reddit_sentiment_pipeline | After cleaning: 4,407
2026-04-17 13:39:08,428 | INFO | reddit_sentiment_pipeline | After dedup: 4,198
2026-04-17 13:39:08,429 | INFO | reddit_sentiment_pipeline | 🔍 Running sentiment (FinBERT)...
2026-04-17 14:08:14,202 | INFO | reddit_sentiment_pipeline | ✅ DONE
2026-04-17 14:08:14,288 | INFO | reddit_sentiment_pipeline |    post_id          subreddit  ... sentiment_confidence  sentiment_label
0  1frcffk  SatoshiStreetBets  ...             0.572335         positive
1  1frcvyb  SatoshiStreetBets  ...             0.708687          neutral
2  1frnx65  SatoshiStreetBets  ...             0.704797          neutral
3  1fs28wb  SatoshiStreetBets  ...             0.863328          neutral
4  1fs8xgb  SatoshiStreetBets  ...             0.927419          neutral

[5 rows x 27 columns]
2026-04-17 14:08:14,435 | INFO | reddit_sentiment_pipeline |                 time_window  mean_sentiment  std_sentiment  ...  spam_score_mean  token_count_mean  post_id_count
0 2024-09-28 16:00:00+00:00             1.0            0.0  ...              0.0               6.0              1
1 2024-09-28 17:00:00+00:00             0.0            0.0  ...              0.0              13.0              1
2 2024-09-29 01:00:00+00:00             0.0            0.0  ...              0.0               5.0              1
3 2024-09-29 16:00:00+00:00             0.0            0.0  ...              0.0              16.0              1
4 2024-09-29 21:00:00+00:00             0.0            0.0  ...              0.0              18.0              1

[5 rows x 10 columns]
2026-04-17 14:08:14,472 | INFO | reddit_sentiment_pipeline |                           datetime     open     high      low    close  volume
0 2022-12-31 19:00:00.080000+00:00  16571.8  16572.0  16571.7  16572.0  32.988
1        2022-12-31 19:01:00+00:00  16571.9  16572.1  16571.9  16572.0  14.639
2        2022-12-31 19:02:00+00:00  16572.0  16572.2  16572.0  16572.1  12.707
3        2022-12-31 19:03:00+00:00  16572.1  16573.3  16572.1  16573.2  19.332
4        2022-12-31 19:04:00+00:00  16573.2  16573.3  16569.1  16569.1  74.410
2026-04-22 17:57:37,823 | INFO | reddit_sentiment_pipeline | 🚀 START PIPELINE  coin=BTC
2026-04-22 17:57:37,826 | INFO | reddit_sentiment_pipeline | ⚠️  Using CPU
2026-04-22 17:57:38,591 | INFO | reddit_sentiment_pipeline | Posts loaded:    2,466
2026-04-22 17:57:38,591 | INFO | reddit_sentiment_pipeline | Comments loaded: 10,893
2026-04-22 17:57:38,626 | INFO | reddit_sentiment_pipeline | 📅 Date range — 2018-04-25 03:54:32+00:00  →  2026-04-22 17:47:58+00:00
2026-04-22 17:57:38,627 | INFO | reddit_sentiment_pipeline | 📈 Fetching OHLCV [2018-04-25 03:54:32+00:00 → 2026-04-22 17:47:58+00:00]
2026-04-22 17:57:56,617 | INFO | reddit_sentiment_pipeline | ✅ OHLCV rows: 1,738,970
2026-04-22 17:57:56,748 | INFO | reddit_sentiment_pipeline | After BTC filter — posts: 943 | comments: 4,911
2026-04-22 17:57:56,748 | INFO | reddit_sentiment_pipeline | 📥 Loading FinBERT: ProsusAI/finbert
2026-04-22 17:58:02,312 | INFO | reddit_sentiment_pipeline | 🧹 Cleaning 943 rows...
2026-04-22 17:58:02,618 | INFO | reddit_sentiment_pipeline | After cleaning: 943
2026-04-22 17:58:03,143 | INFO | reddit_sentiment_pipeline | After dedup: 930
2026-04-22 17:58:03,143 | INFO | reddit_sentiment_pipeline | 🔍 Running FinBERT inference...
2026-04-22 17:59:10,581 | INFO | reddit_sentiment_pipeline | 🧹 Cleaning 4,911 rows...
2026-04-22 17:59:14,879 | INFO | reddit_sentiment_pipeline | After cleaning: 4,796
2026-04-22 17:59:26,583 | INFO | reddit_sentiment_pipeline | After dedup: 4,579
2026-04-22 17:59:26,583 | INFO | reddit_sentiment_pipeline | 🔍 Running FinBERT inference...
2026-04-22 18:20:36,107 | INFO | reddit_sentiment_pipeline | 💾 Saved sentiment tables for coin='btc'
2026-04-22 18:20:36,176 | INFO | reddit_sentiment_pipeline | ✅ DONE  coin=BTC
2026-04-23 09:38:19,497 | INFO | reddit_sentiment_pipeline | 🚀 START PIPELINE  coin=BTC
2026-04-23 09:38:19,499 | INFO | reddit_sentiment_pipeline | ⚠️  Using CPU
2026-04-23 09:38:19,915 | INFO | reddit_sentiment_pipeline | Posts loaded:    2,554
2026-04-23 09:38:19,915 | INFO | reddit_sentiment_pipeline | Comments loaded: 11,198
2026-04-23 09:38:19,934 | INFO | reddit_sentiment_pipeline | 📅 Date range — 2018-04-25 03:54:32+00:00  →  2026-04-23 09:28:21+00:00
2026-04-23 09:38:19,934 | INFO | reddit_sentiment_pipeline | 📈 Fetching OHLCV [2018-04-25 03:54:32+00:00 → 2026-04-23 09:28:21+00:00]
2026-04-23 09:38:39,512 | INFO | reddit_sentiment_pipeline | ✅ OHLCV rows: 1,740,087
2026-04-23 09:38:39,638 | INFO | reddit_sentiment_pipeline | After BTC filter — posts: 972 | comments: 5,035
2026-04-23 09:38:39,638 | INFO | reddit_sentiment_pipeline | 📥 Loading FinBERT: ProsusAI/finbert
2026-04-23 09:38:46,943 | INFO | reddit_sentiment_pipeline | 🧹 Cleaning 972 rows...
2026-04-23 09:38:47,203 | INFO | reddit_sentiment_pipeline | After cleaning: 972
2026-04-23 09:38:47,633 | INFO | reddit_sentiment_pipeline | After dedup: 959
2026-04-23 09:38:47,634 | INFO | reddit_sentiment_pipeline | 🔍 Running FinBERT inference...
2026-04-23 09:39:48,900 | INFO | reddit_sentiment_pipeline | 🧹 Cleaning 5,035 rows...
2026-04-23 09:39:53,087 | INFO | reddit_sentiment_pipeline | After cleaning: 4,920
2026-04-23 09:40:04,242 | INFO | reddit_sentiment_pipeline | After dedup: 4,700
2026-04-23 09:40:04,242 | INFO | reddit_sentiment_pipeline | 🔍 Running FinBERT inference...
2026-04-23 09:56:59,809 | INFO | reddit_sentiment_pipeline | 💾 Saved sentiment tables for coin='btc'
2026-04-23 09:56:59,811 | INFO | reddit_sentiment_pipeline | ✅ DONE  coin=BTC
2026-04-23 10:21:18,698 | INFO | reddit_sentiment_pipeline | 🚀 START PIPELINE  coin=BTC
2026-04-23 10:21:18,698 | INFO | reddit_sentiment_pipeline | ⚠️  Using CPU
2026-04-23 10:21:19,062 | INFO | reddit_sentiment_pipeline | Posts loaded:    2,561
2026-04-23 10:21:19,062 | INFO | reddit_sentiment_pipeline | Comments loaded: 11,216
2026-04-23 10:21:19,079 | INFO | reddit_sentiment_pipeline | 📅 Date range — 2018-04-25 03:54:32+00:00  →  2026-04-23 10:10:59+00:00
2026-04-23 10:21:19,079 | INFO | reddit_sentiment_pipeline | 📈 Fetching OHLCV [2018-04-25 03:54:32+00:00 → 2026-04-23 10:10:59+00:00]
2026-04-23 10:21:58,506 | INFO | reddit_sentiment_pipeline | ✅ OHLCV rows: 1,740,087
2026-04-23 10:21:58,625 | INFO | reddit_sentiment_pipeline | After BTC filter — posts: 977 | comments: 5,043
2026-04-23 10:21:58,625 | INFO | reddit_sentiment_pipeline | 📥 Loading FinBERT: ProsusAI/finbert
2026-04-23 10:22:04,469 | INFO | reddit_sentiment_pipeline | 🧹 Cleaning 977 rows...
2026-04-23 10:22:04,721 | INFO | reddit_sentiment_pipeline | After cleaning: 977
2026-04-23 10:22:05,166 | INFO | reddit_sentiment_pipeline | After dedup: 964
2026-04-23 10:22:05,166 | INFO | reddit_sentiment_pipeline | 🔍 Running FinBERT inference...
2026-04-23 10:23:13,181 | INFO | reddit_sentiment_pipeline | 🧹 Cleaning 5,043 rows...
2026-04-23 10:23:18,458 | INFO | reddit_sentiment_pipeline | After cleaning: 4,928
2026-04-23 10:23:36,600 | INFO | reddit_sentiment_pipeline | After dedup: 4,708
2026-04-23 10:23:36,601 | INFO | reddit_sentiment_pipeline | 🔍 Running FinBERT inference...
2026-04-23 10:40:28,117 | INFO | reddit_sentiment_pipeline | 💾 Saved sentiment tables for coin='btc'
2026-04-23 10:40:28,123 | INFO | reddit_sentiment_pipeline | ✅ DONE  coin=BTC
2026-04-23 10:53:59,511 | INFO | reddit_sentiment_pipeline | 🚀 START PIPELINE  coin=BTC
2026-04-23 10:53:59,511 | INFO | reddit_sentiment_pipeline | ⚠️  Using CPU
2026-04-23 10:53:59,929 | INFO | reddit_sentiment_pipeline | Posts loaded:    2,563
2026-04-23 10:53:59,929 | INFO | reddit_sentiment_pipeline | Comments loaded: 11,229
2026-04-23 10:53:59,950 | INFO | reddit_sentiment_pipeline | 📅 Date range — 2018-04-25 03:54:32+00:00  →  2026-04-23 10:44:38+00:00
2026-04-23 10:53:59,950 | INFO | reddit_sentiment_pipeline | 📈 Fetching OHLCV [2018-04-25 03:54:32+00:00 → 2026-04-23 10:44:38+00:00]
2026-04-23 10:54:18,452 | INFO | reddit_sentiment_pipeline | ✅ OHLCV rows: 1,740,087
2026-04-23 10:54:18,616 | INFO | reddit_sentiment_pipeline | After BTC filter — posts: 979 | comments: 5,048
2026-04-23 10:54:18,616 | INFO | reddit_sentiment_pipeline | 📥 Loading FinBERT: ProsusAI/finbert
2026-04-23 10:54:28,779 | INFO | reddit_sentiment_pipeline | 🧹 Cleaning 979 rows...
2026-04-23 10:54:29,086 | INFO | reddit_sentiment_pipeline | After cleaning: 979
2026-04-23 10:54:29,573 | INFO | reddit_sentiment_pipeline | After dedup: 966
2026-04-23 10:54:29,573 | INFO | reddit_sentiment_pipeline | 🔍 Running FinBERT inference...
2026-04-23 10:55:27,960 | INFO | reddit_sentiment_pipeline | 🧹 Cleaning 5,048 rows...
2026-04-23 10:55:32,379 | INFO | reddit_sentiment_pipeline | After cleaning: 4,933
2026-04-23 10:55:43,866 | INFO | reddit_sentiment_pipeline | After dedup: 4,713
2026-04-23 10:55:43,882 | INFO | reddit_sentiment_pipeline | 🔍 Running FinBERT inference...
2026-04-23 11:13:10,972 | INFO | reddit_sentiment_pipeline | 💾 Saved sentiment tables for coin='btc'
2026-04-23 11:13:10,981 | INFO | reddit_sentiment_pipeline | ✅ DONE  coin=BTC
2026-04-23 13:02:45,320 | INFO | reddit_sentiment_pipeline | 🚀 START PIPELINE  coin=BTC
2026-04-23 13:02:45,320 | INFO | reddit_sentiment_pipeline | ⚠️  Using CPU
2026-04-23 13:02:45,523 | INFO | reddit_sentiment_pipeline | Posts loaded:    2,578
2026-04-23 13:02:45,523 | INFO | reddit_sentiment_pipeline | Comments loaded: 11,278
2026-04-23 13:02:45,539 | INFO | reddit_sentiment_pipeline | 📅 Date range — 2018-04-25 03:54:32+00:00  →  2026-04-23 12:52:31+00:00
2026-04-23 13:02:45,547 | INFO | reddit_sentiment_pipeline | 📈 Fetching OHLCV [2018-04-25 03:54:32+00:00 → 2026-04-23 12:52:31+00:00]
2026-04-23 13:03:00,945 | INFO | reddit_sentiment_pipeline | ✅ OHLCV rows: 1,740,290
2026-04-23 13:03:01,199 | INFO | reddit_sentiment_pipeline | After BTC filter — posts: 988 | comments: 5,067
2026-04-23 13:03:01,200 | INFO | reddit_sentiment_pipeline | 📥 Loading FinBERT: ProsusAI/finbert
2026-04-23 13:03:11,183 | INFO | reddit_sentiment_pipeline | 🧹 Cleaning 988 rows...
2026-04-23 13:03:11,494 | INFO | reddit_sentiment_pipeline | After cleaning: 988
2026-04-23 13:03:12,052 | INFO | reddit_sentiment_pipeline | After dedup: 974
2026-04-23 13:03:12,052 | INFO | reddit_sentiment_pipeline | 🔍 Running FinBERT inference...
2026-04-23 13:04:34,338 | INFO | reddit_sentiment_pipeline | 🧹 Cleaning 5,067 rows...
2026-04-23 13:04:40,905 | INFO | reddit_sentiment_pipeline | After cleaning: 4,952
2026-04-23 13:04:58,639 | INFO | reddit_sentiment_pipeline | After dedup: 4,732
2026-04-23 13:04:58,640 | INFO | reddit_sentiment_pipeline | 🔍 Running FinBERT inference...
2026-04-23 13:29:51,626 | INFO | reddit_sentiment_pipeline | 💾 Saved sentiment tables for coin='btc'
2026-04-23 13:29:51,645 | INFO | reddit_sentiment_pipeline | ✅ DONE  coin=BTC
2026-04-23 14:13:15,439 | INFO | reddit_sentiment_pipeline | 🚀 START PIPELINE  coin=BTC
2026-04-23 14:13:15,447 | INFO | reddit_sentiment_pipeline | ⚠️  Using CPU
2026-04-23 14:13:15,777 | INFO | reddit_sentiment_pipeline | Posts loaded:    2,584
2026-04-23 14:13:15,777 | INFO | reddit_sentiment_pipeline | Comments loaded: 11,295
2026-04-23 14:13:15,795 | INFO | reddit_sentiment_pipeline | 📅 Date range — 2018-04-25 03:54:32+00:00  →  2026-04-23 14:06:47+00:00
2026-04-23 14:13:15,795 | INFO | reddit_sentiment_pipeline | 📈 Fetching OHLCV [2018-04-25 03:54:32+00:00 → 2026-04-23 14:06:47+00:00]
2026-04-23 14:13:33,448 | INFO | reddit_sentiment_pipeline | ✅ OHLCV rows: 1,740,290
2026-04-23 14:13:33,625 | INFO | reddit_sentiment_pipeline | After BTC filter — posts: 991 | comments: 5,074
2026-04-23 14:13:33,629 | INFO | reddit_sentiment_pipeline | 📥 Loading FinBERT: ProsusAI/finbert
2026-04-23 14:13:51,629 | INFO | reddit_sentiment_pipeline | 🧹 Cleaning 991 rows...
2026-04-23 14:13:51,940 | INFO | reddit_sentiment_pipeline | After cleaning: 991
2026-04-23 14:13:52,397 | INFO | reddit_sentiment_pipeline | After dedup: 977
2026-04-23 14:13:52,397 | INFO | reddit_sentiment_pipeline | 🔍 Running FinBERT inference...
2026-04-23 14:14:47,656 | INFO | reddit_sentiment_pipeline | 🧹 Cleaning 5,074 rows...
2026-04-23 14:14:51,475 | INFO | reddit_sentiment_pipeline | After cleaning: 4,959
2026-04-23 14:15:01,967 | INFO | reddit_sentiment_pipeline | After dedup: 4,739
2026-04-23 14:15:01,967 | INFO | reddit_sentiment_pipeline | 🔍 Running FinBERT inference...
2026-04-24 09:50:05,789 | INFO | reddit_sentiment_pipeline | 🚀 START PIPELINE  coin=ETH
2026-04-24 09:50:05,797 | INFO | reddit_sentiment_pipeline | ⚠️  Using CPU
2026-04-24 09:50:06,245 | INFO | reddit_sentiment_pipeline | Posts loaded:    2,678
2026-04-24 09:50:06,245 | INFO | reddit_sentiment_pipeline | Comments loaded: 11,632
2026-04-24 09:50:06,265 | INFO | reddit_sentiment_pipeline | 📅 Date range — 2018-04-25 03:54:32+00:00  →  2026-04-24 09:34:55+00:00
2026-04-24 09:50:06,266 | INFO | reddit_sentiment_pipeline | 📈 Fetching OHLCV [2018-04-25 03:54:32+00:00 → 2026-04-24 09:34:55+00:00]
2026-04-24 09:50:28,243 | INFO | reddit_sentiment_pipeline | ✅ OHLCV rows: 1,741,517
2026-04-24 09:50:28,410 | INFO | reddit_sentiment_pipeline | After ETH filter — posts: 556 | comments: 2,993
2026-04-24 09:50:28,410 | INFO | reddit_sentiment_pipeline | 📥 Loading FinBERT: ProsusAI/finbert
2026-04-24 09:50:36,749 | INFO | reddit_sentiment_pipeline | 🧹 Cleaning 556 rows...
2026-04-24 09:50:36,980 | INFO | reddit_sentiment_pipeline | After cleaning: 556
2026-04-24 09:50:37,165 | INFO | reddit_sentiment_pipeline | After dedup: 522
2026-04-24 09:50:37,165 | INFO | reddit_sentiment_pipeline | 🔍 Running FinBERT inference...
2026-04-24 09:51:11,292 | INFO | reddit_sentiment_pipeline | 🧹 Cleaning 2,993 rows...
2026-04-24 09:51:14,275 | INFO | reddit_sentiment_pipeline | After cleaning: 2,764
2026-04-24 09:51:17,324 | INFO | reddit_sentiment_pipeline | After dedup: 2,365
2026-04-24 09:51:17,324 | INFO | reddit_sentiment_pipeline | 🔍 Running FinBERT inference...
2026-04-24 10:00:01,163 | INFO | reddit_sentiment_pipeline | 💾 Saved sentiment tables for coin='eth'
2026-04-24 10:00:01,164 | INFO | reddit_sentiment_pipeline | ✅ DONE  coin=ETH
