2026-02-03 12:26:44,194 | INFO | strategy_main | 
===== BACKTEST RESULTS =====
2026-02-03 12:28:09,208 | INFO | strategy_main | 
===== BACKTEST RESULTS =====
2026-02-03 12:29:40,627 | INFO | strategy_main | 
===== BACKTEST RESULTS =====
2026-02-03 12:29:40,628 | INFO | strategy_main | Final Balance: 1324.8
2026-02-03 12:29:40,628 | INFO | strategy_main | Total PnL %: 47.5
2026-02-03 12:29:40,628 | INFO | strategy_main | Number of Trades: 2675
2026-02-03 12:32:00,103 | WARNING | strategy_main | ⚠ Error calling BOP: bop_signal() missing 2 required positional arguments: 'low' and 'close_'
2026-02-03 12:32:00,107 | WARNING | strategy_main | ⚠ No signal function found for PLUS_DM
2026-02-03 12:32:00,111 | WARNING | strategy_main | ⚠ Error calling AVGPRICE: avgprice_signal() missing 1 required positional argument: 'close'
2026-02-03 12:32:15,191 | INFO | strategy_main | 
===== BACKTEST RESULTS =====
2026-02-03 12:32:15,191 | INFO | strategy_main | Final Balance: 1324.8
2026-02-03 12:32:15,192 | INFO | strategy_main | Total PnL %: 47.5
2026-02-03 12:32:15,192 | INFO | strategy_main | Number of Trades: 2675
2026-02-03 12:43:46,076 | WARNING | strategy_main | ⚠ Error calling SAREXT: SAREXT() got an unexpected keyword argument 'accelerationinit'
2026-02-03 12:43:46,085 | WARNING | strategy_main | ⚠ Error calling ADXR: ADXR() takes at least 3 positional arguments (1 given)
2026-02-03 12:43:46,089 | WARNING | strategy_main | ⚠ Error calling BOP: bop_signal() missing 2 required positional arguments: 'low' and 'close_'
2026-02-03 12:43:46,092 | WARNING | strategy_main | ⚠ No signal function found for MACDFIX
2026-02-03 12:43:59,895 | INFO | strategy_main | 
===== BACKTEST RESULTS =====
2026-02-03 12:43:59,895 | INFO | strategy_main | Final Balance: 1324.8
2026-02-03 12:43:59,895 | INFO | strategy_main | Total PnL %: 47.5
2026-02-03 12:43:59,896 | INFO | strategy_main | Number of Trades: 2675
2026-02-03 13:00:48,697 | WARNING | strategy_main | ⚠ Error calling BOP: bop_signal() missing 2 required positional arguments: 'low' and 'close_'
2026-02-03 13:00:48,704 | WARNING | strategy_main | ⚠ No signal function found for MACDFIX
2026-02-03 13:00:48,714 | WARNING | strategy_main | ⚠ No signal function found for ULTOSC
2026-02-03 13:01:01,971 | INFO | strategy_main | 
===== BACKTEST RESULTS =====
2026-02-03 13:01:01,972 | INFO | strategy_main | Final Balance: 494.96
2026-02-03 13:01:01,972 | INFO | strategy_main | Total PnL %: -58.02
2026-02-03 13:01:01,972 | INFO | strategy_main | Number of Trades: 1508
2026-02-03 13:10:39,309 | WARNING | strategy_main | ⚠ Error calling SAREXT: SAREXT() got an unexpected keyword argument 'accelerationinit'
2026-02-03 13:10:39,477 | WARNING | strategy_main | ⚠ Error calling ADXR: ADXR() takes at least 3 positional arguments (1 given)
2026-02-03 13:10:39,622 | WARNING | strategy_main | ⚠ No signal function found for MACDFIX
2026-02-03 13:10:39,668 | WARNING | strategy_main | ⚠ No signal function found for ULTOSC
2026-02-03 13:10:41,759 | INFO | strategy_main | 
===== BACKTEST RESULTS =====
2026-02-03 13:10:41,759 | INFO | strategy_main | Final Balance: 496.06
2026-02-03 13:10:41,759 | INFO | strategy_main | Total PnL %: -60.04
2026-02-03 13:10:41,760 | INFO | strategy_main | Number of Trades: 1496
2026-02-03 13:14:41,700 | WARNING | strategy_main | ⚠ Error calling BOP: bop_signal() missing 2 required positional arguments: 'low' and 'close_'
2026-02-03 13:14:41,702 | WARNING | strategy_main | ⚠ No signal function found for MACDFIX
2026-02-03 13:14:41,709 | WARNING | strategy_main | ⚠ Error calling AVGPRICE: avgprice_signal() missing 1 required positional argument: 'close'
2026-02-03 13:14:43,939 | INFO | strategy_main | 
===== BACKTEST RESULTS =====
2026-02-03 13:14:43,940 | INFO | strategy_main | Final Balance: 1324.8
2026-02-03 13:14:43,940 | INFO | strategy_main | Total PnL %: 47.5
2026-02-03 13:14:43,940 | INFO | strategy_main | Number of Trades: 2675
2026-02-03 13:15:26,306 | WARNING | strategy_main | ⚠ Error calling ADXR: ADXR() takes at least 3 positional arguments (1 given)
2026-02-03 13:15:26,311 | WARNING | strategy_main | ⚠ No signal function found for PLUS_DM
2026-02-03 13:15:28,481 | INFO | strategy_main | 
===== BACKTEST RESULTS =====
2026-02-03 13:15:28,482 | INFO | strategy_main | Final Balance: 1324.8
2026-02-03 13:15:28,482 | INFO | strategy_main | Total PnL %: 47.5
2026-02-03 13:15:28,482 | INFO | strategy_main | Number of Trades: 2675
2026-02-03 13:16:32,504 | WARNING | strategy_main | ⚠ Error calling SAREXT: SAREXT() got an unexpected keyword argument 'accelerationinit'
2026-02-03 13:16:32,509 | WARNING | strategy_main | ⚠ Error calling BOP: bop_signal() missing 2 required positional arguments: 'low' and 'close_'
2026-02-03 13:16:32,511 | WARNING | strategy_main | ⚠ No signal function found for MACDFIX
2026-02-03 13:16:34,758 | INFO | strategy_main | 
===== BACKTEST RESULTS =====
2026-02-03 13:16:34,758 | INFO | strategy_main | Final Balance: 1264.18
2026-02-03 13:16:34,759 | INFO | strategy_main | Total PnL %: 42.87
2026-02-03 13:16:34,759 | INFO | strategy_main | Number of Trades: 2687
2026-02-03 13:20:34,488 | WARNING | strategy_main | ⚠ No signal function found for ULTOSC
2026-02-03 13:20:36,635 | INFO | strategy_main | 
===== BACKTEST RESULTS =====
2026-02-03 13:20:36,635 | INFO | strategy_main | Final Balance: 1324.8
2026-02-03 13:20:36,635 | INFO | strategy_main | Total PnL %: 47.5
2026-02-03 13:20:36,636 | INFO | strategy_main | Number of Trades: 2675
2026-02-03 13:23:26,480 | WARNING | strategy_main | ⚠ No signal function found for MACDFIX
2026-02-03 13:23:26,482 | WARNING | strategy_main | ⚠ No signal function found for PLUS_DM
2026-02-03 13:23:28,553 | INFO | strategy_main | 
===== BACKTEST RESULTS =====
2026-02-03 13:23:28,553 | INFO | strategy_main | Final Balance: 495.15
2026-02-03 13:23:28,553 | INFO | strategy_main | Total PnL %: -64.95
2026-02-03 13:23:28,553 | INFO | strategy_main | Number of Trades: 756
2026-02-03 13:26:48,843 | WARNING | strategy_main | ⚠ Error calling SAREXT: SAREXT() got an unexpected keyword argument 'accelerationinit'
2026-02-03 13:26:48,847 | WARNING | strategy_main | ⚠ Error calling BOP: bop_signal() missing 2 required positional arguments: 'low' and 'close_'
2026-02-03 13:26:48,850 | WARNING | strategy_main | ⚠ No signal function found for PLUS_DM
2026-02-03 13:26:48,856 | WARNING | strategy_main | ⚠ Error calling AVGPRICE: avgprice_signal() missing 1 required positional argument: 'close'
2026-02-03 13:26:56,705 | INFO | strategy_main | 
===== BACKTEST RESULTS =====
2026-02-03 13:26:56,705 | INFO | strategy_main | Final Balance: 3179.95
2026-02-03 13:26:56,706 | INFO | strategy_main | Total PnL %: 135.99
2026-02-03 13:26:56,706 | INFO | strategy_main | Number of Trades: 2811
2026-02-03 13:28:39,977 | WARNING | strategy_main | ⚠ Error calling SAREXT: SAREXT() got an unexpected keyword argument 'accelerationinit'
2026-02-03 13:28:39,980 | WARNING | strategy_main | ⚠ Error calling ADXR: ADXR() takes at least 3 positional arguments (1 given)
2026-02-03 13:28:39,982 | WARNING | strategy_main | ⚠ No signal function found for MACDFIX
2026-02-03 13:28:39,986 | WARNING | strategy_main | ⚠ No signal function found for ULTOSC
2026-02-03 13:28:39,988 | WARNING | strategy_main | ⚠ Error calling AVGPRICE: avgprice_signal() missing 1 required positional argument: 'close'
2026-02-03 13:28:47,645 | INFO | strategy_main | 
===== BACKTEST RESULTS =====
2026-02-03 13:28:47,645 | INFO | strategy_main | Final Balance: 1426.45
2026-02-03 13:28:47,645 | INFO | strategy_main | Total PnL %: 55.21
2026-02-03 13:28:47,645 | INFO | strategy_main | Number of Trades: 2745
2026-02-03 13:33:32,105 | WARNING | strategy_main | ⚠ Error calling SAREXT: SAREXT() got an unexpected keyword argument 'accelerationinit'
2026-02-03 13:33:32,117 | WARNING | strategy_main | ⚠ No signal function found for PLUS_DM
2026-02-03 13:33:32,121 | WARNING | strategy_main | ⚠ No signal function found for ULTOSC
2026-02-03 13:33:32,122 | WARNING | strategy_main | ⚠ Error calling AVGPRICE: avgprice_signal() missing 1 required positional argument: 'close'
2026-02-03 13:33:39,262 | INFO | strategy_main | 
===== BACKTEST RESULTS =====
2026-02-03 13:33:39,263 | INFO | strategy_main | Final Balance: 1324.8
2026-02-03 13:33:39,264 | INFO | strategy_main | Total PnL %: 47.5
2026-02-03 13:33:39,265 | INFO | strategy_main | Number of Trades: 2675
2026-02-03 13:37:58,382 | WARNING | strategy_main | ⚠ Error calling SAREXT: SAREXT() got an unexpected keyword argument 'accelerationinit'
2026-02-03 13:37:58,388 | WARNING | strategy_main | ⚠ Error calling BOP: bop_signal() missing 2 required positional arguments: 'low' and 'close_'
2026-02-03 13:37:58,391 | WARNING | strategy_main | ⚠ No signal function found for PLUS_DM
2026-02-03 13:38:06,301 | INFO | strategy_main | 
===== BACKTEST RESULTS =====
2026-02-03 13:38:06,301 | INFO | strategy_main | Final Balance: 1324.8
2026-02-03 13:38:06,302 | INFO | strategy_main | Total PnL %: 47.5
2026-02-03 13:38:06,302 | INFO | strategy_main | Number of Trades: 2675
