2026-03-30 17:36:01,444 | INFO | tcn | [train] Starting TCN Optuna study (10 trials)…
2026-04-01 14:40:15,501 | INFO | tcn | [train] Starting TCN Optuna study (10 trials)…
2026-04-01 16:59:48,135 | INFO | tcn | [train] Best params: {'seq_len': 104, 'num_channels': 80, 'num_layers': 5, 'kernel_size': 2, 'dropout': 0.4167366920096644, 'lr': 0.001237433485782683, 'batch_size': 64} | Best PnL: 0.0000
2026-04-01 17:28:40,849 | INFO | tcn | [train] Final preds — min: 0.0000, max: 0.0000, mean: 0.0000
2026-04-02 11:20:47,746 | INFO | tcn | [train] Starting TCN Optuna study (10 trials)…
2026-04-02 11:52:26,900 | INFO | tcn | [train] Starting TCN Optuna study (10 trials)…
2026-04-02 12:10:00,892 | INFO | tcn | [train] Starting TCN Optuna study (10 trials)…
2026-04-02 12:38:56,059 | INFO | tcn | [train] Starting TCN Optuna study (10 trials)…
2026-04-02 13:06:13,311 | INFO | tcn | [train] Starting TCN Optuna study (10 trials)…
2026-04-02 14:14:10,799 | INFO | tcn | [train] Starting TCN Optuna study (2 trials)…
2026-04-02 15:30:05,159 | INFO | tcn | [train] Best params: {'seq_len': 36, 'num_channels': 164, 'num_layers': 6, 'kernel_size': 8, 'dropout': 0.4884846779065501, 'lr': 0.0029415847538495107, 'batch_size': 64} | Best PnL: -67.6000
2026-04-02 17:03:16,940 | INFO | tcn | [train] Final preds — min: -1.0000, max: 1.0000, mean: -0.7055
2026-04-03 10:27:43,994 | INFO | tcn | [train] Starting TCN Optuna study (2 trials)…
2026-04-03 14:23:53,187 | INFO | tcn | [train] Starting TCN Optuna study (2 trials)…
2026-04-06 11:10:24,627 | INFO | tcn | [train] Starting TCN Optuna study (2 trials)…
2026-04-06 11:34:38,206 | INFO | tcn | [train] Best params: {'seq_len': 99, 'num_channels': 102, 'num_layers': 3, 'kernel_size': 2, 'dropout': 0.26400762219413654, 'lr': 0.0002691980978872244, 'batch_size': 128} | Best PnL: 38.4500
2026-04-06 11:47:10,558 | INFO | tcn | [train] Final preds — min: -22725.3301, max: -1044.5966, mean: -5921.2168
2026-04-06 12:17:23,342 | INFO | tcn | [train] Starting TCN Optuna study (2 trials)…
2026-04-06 12:35:46,976 | INFO | tcn | [train] Best params: {'seq_len': 31, 'num_channels': 193, 'num_layers': 5, 'kernel_size': 7, 'dropout': 0.349373227449576, 'lr': 0.0025983187786415615, 'batch_size': 32} | Best PnL: -67.6900
2026-04-06 13:01:37,575 | INFO | tcn | [train] Final preds — min: -7059.9023, max: 29869.0195, mean: 23531.9902
2026-04-08 11:14:54,650 | INFO | tcn | [train] Starting TCN Optuna study (2 trials)…
2026-04-08 11:40:49,512 | INFO | tcn | [train] Best params: {'seq_len': 107, 'num_channels': 191, 'num_layers': 6, 'kernel_size': 4, 'dropout': 0.36733642030843, 'lr': 0.00013286891523058873, 'batch_size': 64} | Best PnL: -68.9300
2026-04-08 12:19:25,564 | INFO | tcn | [train] Final preds — min: -1.0000, max: 1.0000, mean: -0.3438
2026-04-08 13:09:16,341 | INFO | tcn | [train] Starting TCN Optuna study (2 trials)…
2026-04-08 13:45:51,895 | INFO | tcn | [train] Best params: {'seq_len': 90, 'num_channels': 107, 'num_layers': 3, 'kernel_size': 8, 'dropout': 0.4499083139090382, 'lr': 0.006239145335840957, 'batch_size': 128} | Best PnL: -68.8000
2026-04-08 14:07:50,742 | INFO | tcn | [train] Final preds — min: -35654375926310895616.0000, max: -4540602866569576448.0000, mean: -11366499419785527296.0000
