2026-04-16 17:34:42,631 | INFO | train | ========================================================================
2026-04-16 17:34:42,631 | INFO | train | PIPELINE START
2026-04-16 17:34:42,631 | INFO | train | ========================================================================
2026-04-16 17:34:42,631 | INFO | train | --- STEP 1: Load features ---
2026-04-16 17:34:47,973 | INFO | train | --- STEP 2: Split data ---
2026-04-16 17:34:48,349 | INFO | train | --- STEP 3: Prepare / scale features ---
2026-04-16 17:34:48,604 | INFO | train | --- STEP 4: Train models ---
2026-04-16 17:34:50,877 | INFO | train | --- STEP 5: Evaluate models ---
2026-04-16 17:34:52,217 | INFO | train | --- STEP 6: Generate signals ---
2026-04-16 17:34:52,234 | INFO | train | --- STEP 7: Run backtest ---
2026-04-16 17:35:13,887 | INFO | train | --- STEP 8: Save outputs to DB ---
2026-04-16 17:35:13,887 | INFO | train | Saving predictions to reddit.ml_predictions …
2026-04-16 17:35:18,387 | INFO | train |   Saved 2022 signal rows.
2026-04-16 17:35:18,387 | INFO | train | Saving ledger to reddit.backtest_results …
2026-04-16 17:35:19,020 | INFO | train |   Saved 28 ledger rows.
2026-04-16 17:35:19,020 | INFO | train | Saving summary to reddit.backtest_summary …
2026-04-16 17:35:19,078 | INFO | train |   Summary saved.
2026-04-16 17:35:19,078 | INFO | train | --- STEP 9: Plot feature importances ---
2026-04-16 17:35:29,088 | INFO | train | Saved importance plot → clf_importances.png
2026-04-16 17:35:29,671 | INFO | train | Saved importance plot → reg_importances.png
2026-04-16 17:35:29,677 | INFO | train | ========================================================================
2026-04-16 17:35:29,677 | INFO | train | PIPELINE COMPLETE
2026-04-16 17:35:29,677 | INFO | train |   Elapsed          : 47.0 s
2026-04-16 17:35:29,677 | INFO | train |   Starting balance : 1000.00
2026-04-16 17:35:29,677 | INFO | train |   Final balance    : 1017.23
2026-04-16 17:35:29,677 | INFO | train |   Total PnL %%      : 1.82%%
2026-04-16 17:35:29,679 | INFO | train |   Trades executed  : 14
2026-04-16 17:35:29,679 | INFO | train |   Win rate         : 50.0%
2026-04-16 17:35:29,679 | INFO | train |   Max drawdown     : 3.38%%
2026-04-16 17:35:29,679 | INFO | train | ========================================================================
2026-04-16 17:47:04,052 | INFO | train | ========================================================================
2026-04-16 17:47:04,052 | INFO | train | PIPELINE START
2026-04-16 17:47:04,052 | INFO | train | ========================================================================
2026-04-16 17:47:04,052 | INFO | train | --- STEP 1: Load features ---
2026-04-16 17:47:05,564 | INFO | train | --- STEP 2: Split data ---
2026-04-16 17:47:05,585 | INFO | train | --- STEP 3: Prepare / scale features ---
2026-04-16 17:47:05,610 | INFO | train | --- STEP 4: Train models ---
2026-04-16 17:47:06,924 | INFO | train | --- STEP 5: Evaluate models ---
2026-04-16 17:47:07,494 | INFO | train | --- STEP 6: Generate signals ---
2026-04-16 17:47:07,500 | INFO | train | --- STEP 7: Run backtest ---
2026-04-16 17:47:29,286 | INFO | train | --- STEP 8: Save outputs to DB ---
2026-04-16 17:47:29,286 | INFO | train | Saving predictions to reddit.ml_predictions …
2026-04-16 17:47:33,196 | INFO | train |   Saved 2022 signal rows.
2026-04-16 17:47:33,196 | INFO | train | Saving ledger to reddit.backtest_results …
2026-04-16 17:47:33,665 | INFO | train |   Saved 22 ledger rows.
2026-04-16 17:47:33,672 | INFO | train | Saving summary to reddit.backtest_summary …
2026-04-16 17:47:33,708 | INFO | train |   Summary saved.
2026-04-16 17:47:33,708 | INFO | train | --- STEP 9: Plot feature importances ---
2026-04-16 17:47:35,290 | INFO | train | Saved importance plot → clf_importances.png
2026-04-16 17:47:35,597 | INFO | train | Saved importance plot → reg_importances.png
2026-04-16 17:47:35,597 | INFO | train | ========================================================================
2026-04-16 17:47:35,597 | INFO | train | PIPELINE COMPLETE
2026-04-16 17:47:35,597 | INFO | train |   Elapsed          : 31.5 s
2026-04-16 17:47:35,597 | INFO | train |   Starting balance : 1000.00
2026-04-16 17:47:35,597 | INFO | train |   Final balance    : 1035.32
2026-04-16 17:47:35,597 | INFO | train |   Total PnL %%      : 3.68%%
2026-04-16 17:47:35,597 | INFO | train |   Trades executed  : 11
2026-04-16 17:47:35,597 | INFO | train |   Win rate         : 36.4%
2026-04-16 17:47:35,597 | INFO | train |   Max drawdown     : 4.46%%
2026-04-16 17:47:35,597 | INFO | train | ========================================================================
2026-04-16 18:14:31,952 | INFO | train | ========================================================================
2026-04-16 18:14:31,952 | INFO | train | PIPELINE START
2026-04-16 18:14:31,952 | INFO | train | ========================================================================
2026-04-16 18:14:31,952 | INFO | train | --- STEP 1: Load features ---
2026-04-16 18:14:33,305 | INFO | train | --- STEP 2: Split data ---
2026-04-16 18:14:33,323 | INFO | train | --- STEP 3: Prepare / scale features ---
2026-04-16 18:14:33,358 | INFO | train | --- STEP 4: Train models ---
2026-04-16 18:14:34,777 | INFO | train | --- STEP 5: Evaluate models ---
2026-04-16 18:14:35,641 | INFO | train | --- STEP 6: Generate signals ---
2026-04-16 18:14:35,647 | INFO | train | --- STEP 7: Run backtest ---
2026-04-16 18:14:57,392 | INFO | train | --- STEP 8: Save outputs to DB ---
2026-04-16 18:14:57,393 | INFO | train | Saving predictions to reddit.ml_predictions …
2026-04-16 18:14:57,796 | INFO | train |   Saved 2022 signal rows.
2026-04-16 18:14:57,796 | WARNING | train | Ledger is empty — skipping backtest_results save.
2026-04-16 18:14:57,796 | INFO | train | Saving summary to reddit.backtest_summary …
2026-04-16 18:14:57,836 | INFO | train |   Summary saved.
2026-04-16 18:14:57,836 | INFO | train | --- STEP 9: Plot feature importances ---
2026-04-16 18:14:59,556 | INFO | train | Saved importance plot → clf_importances.png
2026-04-16 18:14:59,845 | INFO | train | Saved importance plot → reg_importances.png
2026-04-16 18:14:59,845 | INFO | train | ========================================================================
2026-04-16 18:14:59,845 | INFO | train | PIPELINE COMPLETE
2026-04-16 18:14:59,845 | INFO | train |   Elapsed          : 27.9 s
2026-04-16 18:14:59,845 | INFO | train |   Starting balance : 1000.00
2026-04-16 18:14:59,845 | INFO | train |   Final balance    : 1000.00
2026-04-16 18:14:59,845 | INFO | train |   Total PnL %%      : 0.00%%
2026-04-16 18:14:59,845 | INFO | train |   Trades executed  : 0
2026-04-16 18:14:59,845 | INFO | train | ========================================================================
2026-04-17 09:31:36,418 | INFO | train | ========================================================================
2026-04-17 09:31:36,418 | INFO | train | PIPELINE START
2026-04-17 09:31:36,418 | INFO | train | ========================================================================
2026-04-17 09:31:36,418 | INFO | train | --- STEP 1: Load features ---
2026-04-17 09:31:37,524 | INFO | train | --- STEP 2: Split data ---
2026-04-17 09:31:37,541 | INFO | train | --- STEP 3: Prepare / scale features ---
2026-04-17 09:31:37,562 | INFO | train | --- STEP 4: Train models ---
2026-04-17 09:31:38,769 | INFO | train | --- STEP 5: Evaluate models ---
2026-04-17 09:31:39,179 | INFO | train | --- STEP 6: Generate signals ---
2026-04-17 09:31:39,185 | INFO | train | --- STEP 7: Run backtest ---
2026-04-17 09:31:52,294 | INFO | train | --- STEP 8: Save outputs to DB ---
2026-04-17 09:31:52,300 | INFO | train | Saving predictions to reddit.ml_predictions …
2026-04-17 09:31:53,324 | INFO | train |   Saved 2022 signal rows.
2026-04-17 09:31:53,324 | WARNING | train | Ledger is empty — skipping backtest_results save.
2026-04-17 09:31:53,324 | INFO | train | Saving summary to reddit.backtest_summary …
2026-04-17 09:31:53,448 | INFO | train |   Summary saved.
2026-04-17 09:31:53,448 | INFO | train | --- STEP 9: Plot feature importances ---
2026-04-17 09:31:57,120 | INFO | train | Saved importance plot → clf_importances.png
2026-04-17 09:31:57,406 | INFO | train | Saved importance plot → reg_importances.png
2026-04-17 09:31:57,406 | INFO | train | ========================================================================
2026-04-17 09:31:57,406 | INFO | train | PIPELINE COMPLETE
2026-04-17 09:31:57,406 | INFO | train |   Elapsed          : 21.0 s
2026-04-17 09:31:57,406 | INFO | train |   Starting balance : 1000.00
2026-04-17 09:31:57,406 | INFO | train |   Final balance    : 1000.00
2026-04-17 09:31:57,406 | INFO | train |   Total PnL %%      : 0.00%%
2026-04-17 09:31:57,406 | INFO | train |   Trades executed  : 0
2026-04-17 09:31:57,406 | INFO | train | ========================================================================
2026-04-17 09:33:16,409 | INFO | train | ========================================================================
2026-04-17 09:33:16,410 | INFO | train | PIPELINE START
2026-04-17 09:33:16,410 | INFO | train | ========================================================================
2026-04-17 09:33:16,410 | INFO | train | --- STEP 1: Load features ---
2026-04-17 09:33:18,886 | INFO | train | --- STEP 2: Split data ---
2026-04-17 09:33:19,106 | INFO | train | --- STEP 3: Prepare / scale features ---
2026-04-17 09:33:19,138 | INFO | train | --- STEP 4: Train models ---
2026-04-17 09:33:20,489 | INFO | train | --- STEP 5: Evaluate models ---
2026-04-17 09:33:20,885 | INFO | train | --- STEP 6: Generate signals ---
2026-04-17 09:33:20,894 | INFO | train | --- STEP 7: Run backtest ---
2026-04-17 09:33:29,975 | INFO | train | --- STEP 8: Save outputs to DB ---
2026-04-17 09:33:29,976 | INFO | train | Saving predictions to reddit.ml_predictions …
2026-04-17 09:33:35,586 | INFO | train |   Saved 2022 signal rows.
2026-04-17 09:33:35,586 | WARNING | train | Ledger is empty — skipping backtest_results save.
2026-04-17 09:33:35,586 | INFO | train | Saving summary to reddit.backtest_summary …
2026-04-17 09:33:35,649 | INFO | train |   Summary saved.
2026-04-17 09:33:35,649 | INFO | train | --- STEP 9: Plot feature importances ---
2026-04-17 09:33:37,798 | INFO | train | Saved importance plot → clf_importances.png
2026-04-17 09:33:38,067 | INFO | train | Saved importance plot → reg_importances.png
2026-04-17 09:33:38,067 | INFO | train | ========================================================================
2026-04-17 09:33:38,067 | INFO | train | PIPELINE COMPLETE
2026-04-17 09:33:38,067 | INFO | train |   Elapsed          : 21.7 s
2026-04-17 09:33:38,067 | INFO | train |   Starting balance : 1000.00
2026-04-17 09:33:38,067 | INFO | train |   Final balance    : 1000.00
2026-04-17 09:33:38,067 | INFO | train |   Total PnL %%      : 0.00%%
2026-04-17 09:33:38,067 | INFO | train |   Trades executed  : 0
2026-04-17 09:33:38,067 | INFO | train | ========================================================================
2026-04-17 09:35:51,964 | INFO | train | ========================================================================
2026-04-17 09:35:51,964 | INFO | train | PIPELINE START
2026-04-17 09:35:51,964 | INFO | train | ========================================================================
2026-04-17 09:35:51,964 | INFO | train | --- STEP 1: Load features ---
2026-04-17 09:35:52,503 | INFO | train | --- STEP 2: Split data ---
2026-04-17 09:35:52,518 | INFO | train | --- STEP 3: Prepare / scale features ---
2026-04-17 09:35:52,539 | INFO | train | --- STEP 4: Train models ---
2026-04-17 09:35:53,764 | INFO | train | --- STEP 5: Evaluate models ---
2026-04-17 09:35:54,188 | INFO | train | --- STEP 6: Generate signals ---
2026-04-17 09:35:54,193 | INFO | train | --- STEP 7: Run backtest ---
2026-04-17 09:36:03,431 | INFO | train | --- STEP 8: Save outputs to DB ---
2026-04-17 09:36:03,431 | INFO | train | Saving predictions to reddit.ml_predictions …
2026-04-17 09:36:03,497 | INFO | train |   Saved 2022 signal rows.
2026-04-17 09:36:03,499 | WARNING | train | Ledger is empty — skipping backtest_results save.
2026-04-17 09:36:03,499 | INFO | train | Saving summary to reddit.backtest_summary …
2026-04-17 09:36:03,517 | INFO | train |   Summary saved.
2026-04-17 09:36:03,517 | INFO | train | --- STEP 9: Plot feature importances ---
2026-04-17 09:36:04,579 | INFO | train | Saved importance plot → clf_importances.png
2026-04-17 09:36:04,912 | INFO | train | Saved importance plot → reg_importances.png
2026-04-17 09:36:04,912 | INFO | train | ========================================================================
2026-04-17 09:36:04,912 | INFO | train | PIPELINE COMPLETE
2026-04-17 09:36:04,912 | INFO | train |   Elapsed          : 12.9 s
2026-04-17 09:36:04,912 | INFO | train |   Starting balance : 1000.00
2026-04-17 09:36:04,912 | INFO | train |   Final balance    : 1000.00
2026-04-17 09:36:04,914 | INFO | train |   Total PnL %%      : 0.00%%
2026-04-17 09:36:04,914 | INFO | train |   Trades executed  : 0
2026-04-17 09:36:04,914 | INFO | train | ========================================================================
2026-04-17 09:40:42,662 | INFO | train | ========================================================================
2026-04-17 09:40:42,662 | INFO | train | PIPELINE START
2026-04-17 09:40:42,662 | INFO | train | ========================================================================
2026-04-17 09:40:42,662 | INFO | train | --- STEP 1: Load features ---
2026-04-17 09:40:43,261 | INFO | train | --- STEP 2: Split data ---
2026-04-17 09:40:43,277 | INFO | train | --- STEP 3: Prepare / scale features ---
2026-04-17 09:40:43,298 | INFO | train | --- STEP 4: Train models ---
2026-04-17 09:40:44,538 | INFO | train | --- STEP 5: Evaluate models ---
2026-04-17 09:40:44,963 | INFO | train | --- STEP 6: Generate signals ---
2026-04-17 09:40:44,967 | INFO | train | --- STEP 7: Run backtest ---
2026-04-17 09:40:57,689 | INFO | train | --- STEP 8: Save outputs to DB ---
2026-04-17 09:40:57,689 | INFO | train | Saving predictions to reddit.ml_predictions …
2026-04-17 09:40:57,874 | INFO | train |   Saved 2022 signal rows.
2026-04-17 09:40:57,874 | WARNING | train | Ledger is empty — skipping backtest_results save.
2026-04-17 09:40:57,874 | INFO | train | Saving summary to reddit.backtest_summary …
2026-04-17 09:40:57,899 | INFO | train |   Summary saved.
2026-04-17 09:40:57,899 | INFO | train | --- STEP 9: Plot feature importances ---
2026-04-17 09:40:59,864 | INFO | train | Saved importance plot → clf_importances.png
2026-04-17 09:41:00,158 | INFO | train | Saved importance plot → reg_importances.png
2026-04-17 09:41:00,158 | INFO | train | ========================================================================
2026-04-17 09:41:00,159 | INFO | train | PIPELINE COMPLETE
2026-04-17 09:41:00,159 | INFO | train |   Elapsed          : 17.5 s
2026-04-17 09:41:00,159 | INFO | train |   Starting balance : 1000.00
2026-04-17 09:41:00,160 | INFO | train |   Final balance    : 1000.00
2026-04-17 09:41:00,160 | INFO | train |   Total PnL %%      : 0.00%%
2026-04-17 09:41:00,160 | INFO | train |   Trades executed  : 0
2026-04-17 09:41:00,160 | INFO | train | ========================================================================
2026-04-17 09:43:59,794 | INFO | train | ========================================================================
2026-04-17 09:43:59,794 | INFO | train | PIPELINE START
2026-04-17 09:43:59,794 | INFO | train | ========================================================================
2026-04-17 09:43:59,794 | INFO | train | --- STEP 1: Load features ---
2026-04-17 09:44:00,421 | INFO | train | --- STEP 2: Split data ---
2026-04-17 09:44:00,439 | INFO | train | --- STEP 3: Prepare / scale features ---
2026-04-17 09:44:00,459 | INFO | train | --- STEP 4: Train models ---
2026-04-17 09:44:01,692 | INFO | train | --- STEP 5: Evaluate models ---
2026-04-17 09:44:02,169 | INFO | train | --- STEP 6: Generate signals ---
2026-04-17 09:44:02,173 | INFO | train | --- STEP 7: Run backtest ---
2026-04-17 09:44:12,457 | INFO | train | --- STEP 8: Save outputs to DB ---
2026-04-17 09:44:12,464 | INFO | train | Saving predictions to reddit.ml_predictions …
2026-04-17 09:44:12,543 | INFO | train |   Saved 2022 signal rows.
2026-04-17 09:44:12,543 | INFO | train | Saving ledger to reddit.backtest_results …
2026-04-17 09:44:15,077 | INFO | train |   Saved 322 ledger rows.
2026-04-17 09:44:15,077 | INFO | train | Saving summary to reddit.backtest_summary …
2026-04-17 09:44:15,112 | ERROR | train | Pipeline failed with unhandled exception:
2026-04-17 09:44:15,117 | ERROR | train | Traceback (most recent call last):
  File "C:\Users\Raza\miniconda3\envs\tradex_env\lib\site-packages\sqlalchemy\engine\base.py", line 1967, in _exec_single_context
    self.dialect.do_execute(
  File "C:\Users\Raza\miniconda3\envs\tradex_env\lib\site-packages\sqlalchemy\engine\default.py", line 952, in do_execute
    cursor.execute(statement, parameters)
psycopg2.errors.UndefinedColumn: column "win_rate" of relation "backtest_summary" does not exist
LINE 2: ...nl_percent","number_of_trades","starting_balance","win_rate"...
                                                             ^


The above exception was the direct cause of the following exception:

Traceback (most recent call last):
  File "d:\trading\TradeX\sentiments\ml\train.py", line 223, in <module>
    run_pipeline(save_to_db=True, plot=True)
  File "d:\trading\TradeX\sentiments\ml\train.py", line 184, in run_pipeline
    _save_backtest_summary(result.summary)
  File "d:\trading\TradeX\sentiments\ml\train.py", line 103, in _save_backtest_summary
    save_df_to_db(
  File "D:\trading\TradeX\utils\db\utils.py", line 294, in save_df_to_db
    conn.execute(insert_sql, df.to_dict(orient="records"))
  File "C:\Users\Raza\miniconda3\envs\tradex_env\lib\site-packages\sqlalchemy\engine\base.py", line 1419, in execute
    return meth(
  File "C:\Users\Raza\miniconda3\envs\tradex_env\lib\site-packages\sqlalchemy\sql\elements.py", line 527, in _execute_on_connection
    return connection._execute_clauseelement(
  File "C:\Users\Raza\miniconda3\envs\tradex_env\lib\site-packages\sqlalchemy\engine\base.py", line 1641, in _execute_clauseelement
    ret = self._execute_context(
  File "C:\Users\Raza\miniconda3\envs\tradex_env\lib\site-packages\sqlalchemy\engine\base.py", line 1846, in _execute_context
    return self._exec_single_context(
  File "C:\Users\Raza\miniconda3\envs\tradex_env\lib\site-packages\sqlalchemy\engine\base.py", line 1986, in _exec_single_context
    self._handle_dbapi_exception(
  File "C:\Users\Raza\miniconda3\envs\tradex_env\lib\site-packages\sqlalchemy\engine\base.py", line 2363, in _handle_dbapi_exception
    raise sqlalchemy_exception.with_traceback(exc_info[2]) from e
  File "C:\Users\Raza\miniconda3\envs\tradex_env\lib\site-packages\sqlalchemy\engine\base.py", line 1967, in _exec_single_context
    self.dialect.do_execute(
  File "C:\Users\Raza\miniconda3\envs\tradex_env\lib\site-packages\sqlalchemy\engine\default.py", line 952, in do_execute
    cursor.execute(statement, parameters)
sqlalchemy.exc.ProgrammingError: (psycopg2.errors.UndefinedColumn) column "win_rate" of relation "backtest_summary" does not exist
LINE 2: ...nl_percent","number_of_trades","starting_balance","win_rate"...
                                                             ^

[SQL: 
        INSERT INTO reddit.backtest_summary ("final_balance","total_pnl_percent","number_of_trades","starting_balance","win_rate","avg_trade_pnl","max_drawdown","exits_take_profit","exits_stop_loss","exits_direction_change","exits_end_of_backtest","run_at")
        VALUES (%(final_balance)s,%(total_pnl_percent)s,%(number_of_trades)s,%(starting_balance)s,%(win_rate)s,%(avg_trade_pnl)s,%(max_drawdown)s,%(exits_take_profit)s,%(exits_stop_loss)s,%(exits_direction_change)s,%(exits_end_of_backtest)s,%(run_at)s)
        
    ]
[parameters: {'final_balance': 774.96, 'total_pnl_percent': -23.59, 'number_of_trades': 161, 'starting_balance': 1000, 'win_rate': 0.2919, 'avg_trade_pnl': -0.0865, 'max_drawdown': 25.0753, 'exits_take_profit': 27, 'exits_stop_loss': 106, 'exits_direction_change': 28, 'exits_end_of_backtest': 0, 'run_at': Timestamp('2026-04-17 04:44:15.077370+0000', tz='UTC')}]
(Background on this error at: https://sqlalche.me/e/20/f405)

2026-04-17 09:45:29,397 | INFO | train | ========================================================================
2026-04-17 09:45:29,397 | INFO | train | PIPELINE START
2026-04-17 09:45:29,397 | INFO | train | ========================================================================
2026-04-17 09:45:29,397 | INFO | train | --- STEP 1: Load features ---
2026-04-17 09:45:30,074 | INFO | train | --- STEP 2: Split data ---
2026-04-17 09:45:30,081 | INFO | train | --- STEP 3: Prepare / scale features ---
2026-04-17 09:45:30,111 | INFO | train | --- STEP 4: Train models ---
2026-04-17 09:45:31,360 | INFO | train | --- STEP 5: Evaluate models ---
2026-04-17 09:45:32,048 | INFO | train | --- STEP 6: Generate signals ---
2026-04-17 09:45:32,060 | INFO | train | --- STEP 7: Run backtest ---
2026-04-17 09:45:44,032 | INFO | train | --- STEP 8: Save outputs to DB ---
2026-04-17 09:45:44,032 | INFO | train | Saving predictions to reddit.ml_predictions …
2026-04-17 09:45:48,885 | INFO | train |   Saved 2022 signal rows.
2026-04-17 09:45:48,885 | INFO | train | Saving ledger to reddit.backtest_results …
2026-04-17 09:45:49,733 | INFO | train |   Saved 322 ledger rows.
2026-04-17 09:45:49,733 | INFO | train | Saving summary to reddit.backtest_summary …
2026-04-17 09:45:49,814 | INFO | train |   Summary saved.
2026-04-17 09:45:49,815 | INFO | train | --- STEP 9: Plot feature importances ---
2026-04-17 09:45:51,605 | INFO | train | Saved importance plot → clf_importances.png
2026-04-17 09:45:51,906 | INFO | train | Saved importance plot → reg_importances.png
2026-04-17 09:45:51,906 | INFO | train | ========================================================================
2026-04-17 09:45:51,906 | INFO | train | PIPELINE COMPLETE
2026-04-17 09:45:51,906 | INFO | train |   Elapsed          : 22.5 s
2026-04-17 09:45:51,907 | INFO | train |   Starting balance : 1000.00
2026-04-17 09:45:51,907 | INFO | train |   Final balance    : 774.96
2026-04-17 09:45:51,907 | INFO | train |   Total PnL %%      : -23.59%%
2026-04-17 09:45:51,907 | INFO | train |   Trades executed  : 161
2026-04-17 09:45:51,907 | INFO | train |   Win rate         : 29.2%
2026-04-17 09:45:51,907 | INFO | train |   Max drawdown     : 25.08%%
2026-04-17 09:45:51,907 | INFO | train | ========================================================================
2026-04-17 14:57:22,991 | INFO | train | ========================================================================
2026-04-17 14:57:22,991 | INFO | train | PIPELINE START
2026-04-17 14:57:22,991 | INFO | train | ========================================================================
2026-04-17 14:57:22,991 | INFO | train | --- STEP 1: Load ml_features ---
2026-04-17 14:57:23,796 | ERROR | train | Pipeline failed with unhandled exception:
2026-04-17 14:57:23,805 | ERROR | train | Traceback (most recent call last):
  File "C:\Users\Raza\miniconda3\envs\tradex_env\lib\site-packages\sqlalchemy\engine\base.py", line 1967, in _exec_single_context
    self.dialect.do_execute(
  File "C:\Users\Raza\miniconda3\envs\tradex_env\lib\site-packages\sqlalchemy\engine\default.py", line 952, in do_execute
    cursor.execute(statement, parameters)
psycopg2.errors.UndefinedTable: relation "reddit.ml_features" does not exist
LINE 1: SELECT * FROM reddit.ml_features
                      ^


The above exception was the direct cause of the following exception:

Traceback (most recent call last):
  File "d:\trading\TradeX\sentiments\ml\train.py", line 270, in <module>
    run_pipeline(save_to_db=True, plot=True)
  File "d:\trading\TradeX\sentiments\ml\train.py", line 157, in run_pipeline
    df_features = load_features_from_db()
  File "D:\trading\TradeX\sentiments\ml\data\data_loader.py", line 72, in load_features_from_db
    df = read_df_from_db(FEATURES_TABLE, DB_SCHEMA_FEATURES)
  File "D:\trading\TradeX\utils\db\utils.py", line 311, in read_df_from_db
    df = pd.read_sql_query(query, engine)
  File "C:\Users\Raza\miniconda3\envs\tradex_env\lib\site-packages\pandas\io\sql.py", line 528, in read_sql_query
    return pandas_sql.read_query(
  File "C:\Users\Raza\miniconda3\envs\tradex_env\lib\site-packages\pandas\io\sql.py", line 1848, in read_query
    result = self.execute(sql, params)
  File "C:\Users\Raza\miniconda3\envs\tradex_env\lib\site-packages\pandas\io\sql.py", line 1671, in execute
    return self.con.exec_driver_sql(sql, *args)
  File "C:\Users\Raza\miniconda3\envs\tradex_env\lib\site-packages\sqlalchemy\engine\base.py", line 1779, in exec_driver_sql
    ret = self._execute_context(
  File "C:\Users\Raza\miniconda3\envs\tradex_env\lib\site-packages\sqlalchemy\engine\base.py", line 1846, in _execute_context
    return self._exec_single_context(
  File "C:\Users\Raza\miniconda3\envs\tradex_env\lib\site-packages\sqlalchemy\engine\base.py", line 1986, in _exec_single_context
    self._handle_dbapi_exception(
  File "C:\Users\Raza\miniconda3\envs\tradex_env\lib\site-packages\sqlalchemy\engine\base.py", line 2363, in _handle_dbapi_exception
    raise sqlalchemy_exception.with_traceback(exc_info[2]) from e
  File "C:\Users\Raza\miniconda3\envs\tradex_env\lib\site-packages\sqlalchemy\engine\base.py", line 1967, in _exec_single_context
    self.dialect.do_execute(
  File "C:\Users\Raza\miniconda3\envs\tradex_env\lib\site-packages\sqlalchemy\engine\default.py", line 952, in do_execute
    cursor.execute(statement, parameters)
sqlalchemy.exc.ProgrammingError: (psycopg2.errors.UndefinedTable) relation "reddit.ml_features" does not exist
LINE 1: SELECT * FROM reddit.ml_features
                      ^

[SQL: SELECT * FROM reddit.ml_features]
(Background on this error at: https://sqlalche.me/e/20/f405)

2026-04-17 14:59:15,540 | INFO | train | ========================================================================
2026-04-17 14:59:15,540 | INFO | train | PIPELINE START
2026-04-17 14:59:15,540 | INFO | train | ========================================================================
2026-04-17 14:59:15,540 | INFO | train | --- STEP 1: Load ml_features ---
2026-04-17 14:59:16,261 | INFO | train | --- STEP 2: Load OHLCV + compute indicators ---
2026-04-17 14:59:42,660 | INFO | train | --- STEP 3: Merge OHLCV+indicators with ml_features ---
2026-04-17 14:59:45,976 | ERROR | train | Pipeline failed with unhandled exception:
2026-04-17 14:59:51,434 | ERROR | train | Traceback (most recent call last):
  File "d:\trading\TradeX\sentiments\ml\train.py", line 270, in <module>
    run_pipeline(save_to_db=True, plot=True)
  File "d:\trading\TradeX\sentiments\ml\train.py", line 174, in run_pipeline
    df_merged, indicator_cols = merge_ohlcv_indicators_with_features(
  File "D:\trading\TradeX\sentiments\ml\data\preprocessing.py", line 120, in merge_ohlcv_indicators_with_features
    df_indic = df_ohlcv_indic[["datetime"] + indicator_cols].copy()
  File "C:\Users\Raza\miniconda3\envs\tradex_env\lib\site-packages\pandas\core\generic.py", line 6833, in copy
    data = self._mgr.copy(deep=deep)
  File "C:\Users\Raza\miniconda3\envs\tradex_env\lib\site-packages\pandas\core\internals\managers.py", line 623, in copy
    res._consolidate_inplace()
  File "C:\Users\Raza\miniconda3\envs\tradex_env\lib\site-packages\pandas\core\internals\managers.py", line 1807, in _consolidate_inplace
    self.blocks = _consolidate(self.blocks)
  File "C:\Users\Raza\miniconda3\envs\tradex_env\lib\site-packages\pandas\core\internals\managers.py", line 2288, in _consolidate
    merged_blocks, _ = _merge_blocks(
  File "C:\Users\Raza\miniconda3\envs\tradex_env\lib\site-packages\pandas\core\internals\managers.py", line 2320, in _merge_blocks
    new_values = new_values[argsort]
numpy.core._exceptions._ArrayMemoryError: Unable to allocate 870. MiB for an array with shape (140, 814201) and data type float64

2026-04-21 09:58:13,320 | INFO | train | ========================================================================
2026-04-21 09:58:13,320 | INFO | train | PIPELINE START
2026-04-21 09:58:13,320 | INFO | train | ========================================================================
2026-04-21 09:58:13,321 | INFO | train | --- STEP 1: Load features ---
2026-04-21 09:58:31,804 | ERROR | train | Pipeline failed with unhandled exception:
2026-04-21 09:58:31,824 | ERROR | train | Traceback (most recent call last):
  File "d:\trading\TradeX\sentiments\ml\train.py", line 234, in <module>
    run_pipeline(save_to_db=True, plot=True)
  File "d:\trading\TradeX\sentiments\ml\train.py", line 144, in run_pipeline
    indicator_df = call_indicator(df_price_raw)
  File "D:\trading\TradeX\indicators\talib\indicators.py", line 163, in call_indicator
    if not hasattr(talib, name):
TypeError: hasattr(): attribute name must be string

2026-04-21 10:02:25,482 | INFO | train | ========================================================================
2026-04-21 10:02:25,482 | INFO | train | PIPELINE START
2026-04-21 10:02:25,482 | INFO | train | ========================================================================
2026-04-21 10:02:25,482 | INFO | train | --- STEP 1: Load features ---
2026-04-21 10:02:36,153 | WARNING | train | Indicator 'MIDPRICE' skipped: MIDPRICE() got multiple values for keyword argument 'timeperiod'
2026-04-21 10:02:36,173 | WARNING | train | Indicator 'SAR' skipped: SAR() takes at least 2 positional arguments (1 given)
2026-04-21 10:02:36,174 | WARNING | train | Indicator 'SAREXT' skipped: SAREXT() takes at least 2 positional arguments (1 given)
2026-04-21 10:02:36,253 | WARNING | train | Indicator 'APO' skipped: APO() got an unexpected keyword argument 'timeperiod'
2026-04-21 10:02:36,274 | WARNING | train | Indicator 'AROON' skipped: AROON() got multiple values for keyword argument 'timeperiod'
2026-04-21 10:02:36,280 | WARNING | train | Indicator 'AROONOSC' skipped: AROONOSC() got multiple values for keyword argument 'timeperiod'
2026-04-21 10:02:36,280 | WARNING | train | Indicator 'BOP' skipped: BOP() takes exactly 4 positional arguments (3 given)
2026-04-21 10:02:36,542 | WARNING | train | Indicator 'MINUS_DM' skipped: MINUS_DM() got multiple values for keyword argument 'timeperiod'
2026-04-21 10:02:36,562 | WARNING | train | Indicator 'PLUS_DM' skipped: PLUS_DM() got multiple values for keyword argument 'timeperiod'
2026-04-21 10:02:36,679 | WARNING | train | Indicator 'OBV' skipped: OBV() takes exactly 2 positional arguments (4 given)
2026-04-21 10:02:36,731 | WARNING | train | Indicator 'AVGPRICE' skipped: AVGPRICE() takes exactly 4 positional arguments (3 given)
2026-04-21 10:02:36,731 | WARNING | train | Indicator 'MEDPRICE' skipped: MEDPRICE() takes exactly 2 positional arguments (3 given)
2026-04-21 10:02:48,189 | INFO | train | --- STEP 2: Split data ---
2026-04-21 10:02:48,569 | INFO | train | --- STEP 3: Prepare / scale features ---
2026-04-21 10:02:48,939 | INFO | train | --- STEP 4: Train models ---
2026-04-21 10:02:50,997 | INFO | train | --- STEP 5: Evaluate models ---
2026-04-21 10:02:51,550 | INFO | train | --- STEP 6: Generate signals ---
2026-04-21 10:02:51,584 | INFO | train | --- STEP 7: Run backtest ---
2026-04-21 10:03:07,284 | INFO | train | --- STEP 8: Save outputs to DB ---
2026-04-21 10:03:07,284 | INFO | train | Saving predictions to reddit.ml_predictions …
2026-04-21 10:03:12,880 | INFO | train |   Saved 2036 signal rows.
2026-04-21 10:03:12,880 | INFO | train | Saving ledger to reddit.backtest_results …
2026-04-21 10:03:14,287 | INFO | train |   Saved 366 ledger rows.
2026-04-21 10:03:14,287 | INFO | train | Saving summary to reddit.backtest_summary …
2026-04-21 10:03:14,349 | INFO | train |   Summary saved.
2026-04-21 10:03:14,349 | INFO | train | --- STEP 9: Plot feature importances ---
2026-04-21 10:03:17,825 | INFO | train | Saved importance plot → clf_importances.png
2026-04-21 10:03:18,145 | INFO | train | Saved importance plot → reg_importances.png
2026-04-21 10:03:18,162 | INFO | train | ========================================================================
2026-04-21 10:03:18,162 | INFO | train | PIPELINE COMPLETE
2026-04-21 10:03:18,162 | INFO | train |   Elapsed          : 52.7 s
2026-04-21 10:03:18,162 | INFO | train |   Starting balance : 1000.00
2026-04-21 10:03:18,162 | INFO | train |   Final balance    : 747.48
2026-04-21 10:03:18,162 | INFO | train |   Total PnL %%      : -27.22%%
2026-04-21 10:03:18,162 | INFO | train |   Trades executed  : 183
2026-04-21 10:03:18,162 | INFO | train |   Win rate         : 33.3%
2026-04-21 10:03:18,162 | INFO | train |   Max drawdown     : 26.88%%
2026-04-21 10:03:18,162 | INFO | train | ========================================================================
2026-04-21 10:06:21,534 | INFO | train | ========================================================================
2026-04-21 10:06:21,534 | INFO | train | PIPELINE START
2026-04-21 10:06:21,534 | INFO | train | ========================================================================
2026-04-21 10:06:21,534 | INFO | train | --- STEP 1: Load features ---
2026-04-21 10:06:33,113 | WARNING | train | Indicator 'AROON' skipped: AROON() got multiple values for keyword argument 'timeperiod'
2026-04-21 10:06:33,113 | WARNING | train | Indicator 'AROONOSC' skipped: AROONOSC() got multiple values for keyword argument 'timeperiod'
2026-04-21 10:06:33,415 | WARNING | train | Indicator 'TYPPRICE' skipped: TYPPRICE() takes exactly 3 positional arguments (1 given)
2026-04-21 10:06:33,415 | WARNING | train | Indicator 'WCLPRICE' skipped: WCLPRICE() takes exactly 3 positional arguments (1 given)
2026-04-21 10:06:37,747 | ERROR | train | Pipeline failed with unhandled exception:
2026-04-21 10:06:37,767 | ERROR | train | Traceback (most recent call last):
  File "d:\trading\TradeX\sentiments\ml\train.py", line 339, in <module>
    run_pipeline(save_to_db=True, plot=True)
  File "d:\trading\TradeX\sentiments\ml\train.py", line 252, in run_pipeline
    df_features = df_features.join(indicator_df, how="left")
  File "C:\Users\Raza\miniconda3\envs\tradex_env\lib\site-packages\pandas\core\frame.py", line 10784, in join
    return merge(
  File "C:\Users\Raza\miniconda3\envs\tradex_env\lib\site-packages\pandas\core\reshape\merge.py", line 184, in merge
    return op.get_result(copy=copy)
  File "C:\Users\Raza\miniconda3\envs\tradex_env\lib\site-packages\pandas\core\reshape\merge.py", line 888, in get_result
    result = self._reindex_and_concat(
  File "C:\Users\Raza\miniconda3\envs\tradex_env\lib\site-packages\pandas\core\reshape\merge.py", line 840, in _reindex_and_concat
    llabels, rlabels = _items_overlap_with_suffix(
  File "C:\Users\Raza\miniconda3\envs\tradex_env\lib\site-packages\pandas\core\reshape\merge.py", line 2721, in _items_overlap_with_suffix
    raise ValueError(f"columns overlap but no suffix specified: {to_rename}")
ValueError: columns overlap but no suffix specified: Index(['bbands_upper', 'bbands_middle', 'bbands_lower', 'dema', 'ema',
       'ht_trendline', 'kama', 'ma', 'mama_mama', 'mama_fama',
       ...
       'cdlspinningtop', 'cdlstalledpattern', 'cdlsticksandwich', 'cdltakuri',
       'cdltasukigap', 'cdlthrusting', 'cdltristar', 'cdlunique3river',
       'cdlupsidegap2crows', 'cdlxsidegap3methods'],
      dtype='object', length=135)

2026-04-21 10:27:26,119 | INFO | train | ========================================================================
2026-04-21 10:27:26,119 | INFO | train | PIPELINE START
2026-04-21 10:27:26,119 | INFO | train | ========================================================================
2026-04-21 10:27:26,119 | INFO | train | --- STEP 1: Load features ---
2026-04-21 10:27:42,896 | ERROR | train | Pipeline failed with unhandled exception:
2026-04-21 10:27:42,915 | ERROR | train | Traceback (most recent call last):
  File "d:\trading\TradeX\sentiments\ml\train.py", line 235, in <module>
    run_pipeline(save_to_db=True, plot=True)
  File "d:\trading\TradeX\sentiments\ml\train.py", line 150, in run_pipeline
    df_features = df_features.reset_index()
  File "C:\Users\Raza\miniconda3\envs\tradex_env\lib\site-packages\pandas\core\frame.py", line 6494, in reset_index
    new_obj.insert(
  File "C:\Users\Raza\miniconda3\envs\tradex_env\lib\site-packages\pandas\core\frame.py", line 5180, in insert
    raise ValueError(f"cannot insert {column}, already exists")
ValueError: cannot insert datetime, already exists

2026-04-21 10:30:35,218 | INFO | train | ========================================================================
2026-04-21 10:30:35,220 | INFO | train | PIPELINE START
2026-04-21 10:30:35,220 | INFO | train | ========================================================================
2026-04-21 10:30:35,220 | INFO | train | --- STEP 1: Load features ---
2026-04-21 10:30:48,884 | ERROR | train | Pipeline failed with unhandled exception:
2026-04-21 10:30:48,884 | ERROR | train | Traceback (most recent call last):
  File "d:\trading\TradeX\sentiments\ml\train.py", line 236, in <module>
    run_pipeline(save_to_db=True, plot=True)
  File "d:\trading\TradeX\sentiments\ml\train.py", line 150, in run_pipeline
    df_features = df_features.reset_index()
  File "C:\Users\Raza\miniconda3\envs\tradex_env\lib\site-packages\pandas\core\frame.py", line 6494, in reset_index
    new_obj.insert(
  File "C:\Users\Raza\miniconda3\envs\tradex_env\lib\site-packages\pandas\core\frame.py", line 5180, in insert
    raise ValueError(f"cannot insert {column}, already exists")
ValueError: cannot insert datetime, already exists

2026-04-21 10:34:09,265 | INFO | train | ========================================================================
2026-04-21 10:34:09,265 | INFO | train | PIPELINE START
2026-04-21 10:34:09,265 | INFO | train | ========================================================================
2026-04-21 10:34:09,265 | INFO | train | --- STEP 1: Load features ---
2026-04-21 10:34:23,657 | ERROR | train | Pipeline failed with unhandled exception:
2026-04-21 10:34:23,667 | ERROR | train | Traceback (most recent call last):
  File "d:\trading\TradeX\sentiments\ml\train.py", line 236, in <module>
    run_pipeline(save_to_db=True, plot=True)
  File "d:\trading\TradeX\sentiments\ml\train.py", line 149, in run_pipeline
    print(df_features.column)
  File "C:\Users\Raza\miniconda3\envs\tradex_env\lib\site-packages\pandas\core\generic.py", line 6321, in __getattr__
    return object.__getattribute__(self, name)
AttributeError: 'DataFrame' object has no attribute 'column'

2026-04-21 10:35:36,477 | INFO | train | ========================================================================
2026-04-21 10:35:36,477 | INFO | train | PIPELINE START
2026-04-21 10:35:36,477 | INFO | train | ========================================================================
2026-04-21 10:35:36,486 | INFO | train | --- STEP 1: Load features ---
2026-04-21 10:35:50,059 | ERROR | train | Pipeline failed with unhandled exception:
2026-04-21 10:35:50,064 | ERROR | train | Traceback (most recent call last):
  File "d:\trading\TradeX\sentiments\ml\train.py", line 236, in <module>
    run_pipeline(save_to_db=True, plot=True)
  File "d:\trading\TradeX\sentiments\ml\train.py", line 149, in run_pipeline
    print(df_features.column)
  File "C:\Users\Raza\miniconda3\envs\tradex_env\lib\site-packages\pandas\core\generic.py", line 6321, in __getattr__
    return object.__getattribute__(self, name)
AttributeError: 'DataFrame' object has no attribute 'column'

2026-04-21 10:36:05,467 | INFO | train | ========================================================================
2026-04-21 10:36:05,473 | INFO | train | PIPELINE START
2026-04-21 10:36:05,473 | INFO | train | ========================================================================
2026-04-21 10:36:05,473 | INFO | train | --- STEP 1: Load features ---
2026-04-21 10:36:18,100 | ERROR | train | Pipeline failed with unhandled exception:
2026-04-21 10:36:18,112 | ERROR | train | Traceback (most recent call last):
  File "d:\trading\TradeX\sentiments\ml\train.py", line 236, in <module>
    run_pipeline(save_to_db=True, plot=True)
  File "d:\trading\TradeX\sentiments\ml\train.py", line 151, in run_pipeline
    df_features = df_features.reset_index()
  File "C:\Users\Raza\miniconda3\envs\tradex_env\lib\site-packages\pandas\core\frame.py", line 6494, in reset_index
    new_obj.insert(
  File "C:\Users\Raza\miniconda3\envs\tradex_env\lib\site-packages\pandas\core\frame.py", line 5180, in insert
    raise ValueError(f"cannot insert {column}, already exists")
ValueError: cannot insert datetime, already exists

2026-04-21 10:37:41,289 | INFO | train | ========================================================================
2026-04-21 10:37:41,289 | INFO | train | PIPELINE START
2026-04-21 10:37:41,289 | INFO | train | ========================================================================
2026-04-21 10:37:41,305 | INFO | train | --- STEP 1: Load features ---
