2026-03-16 13:23:04,323 | INFO | xgboost_classifier | DF shape after log-diff transform: (27344, 145)
2026-03-16 13:23:04,420 | INFO | xgboost_classifier | Train rows: 21799 | Test rows: 5545 | Features: 143
2026-03-16 13:23:04,436 | INFO | xgboost_classifier | [train] NaNs in X_train: 0 | X_test: 0
2026-03-16 13:23:04,436 | INFO | xgboost_classifier | [train] NaNs in y_train: 0 | y_test: 0
2026-03-16 13:23:04,440 | INFO | xgboost_classifier | [train] Starting Optuna study (10 trials)...
2026-03-16 13:23:04,466 | INFO | xgboost_classifier | [trial 0] Fitting model on 21799 rows...
2026-03-16 13:23:04,477 | INFO | xgboost_classifier | [trial 1] Fitting model on 21799 rows...
2026-03-16 13:23:04,477 | INFO | xgboost_classifier | [trial 2] Fitting model on 21799 rows...
2026-03-16 13:23:04,485 | INFO | xgboost_classifier | [trial 3] Fitting model on 21799 rows...
2026-03-16 15:20:20,956 | INFO | xgboost_classifier | DF shape after log-diff transform: (27344, 145)
2026-03-16 15:20:21,033 | INFO | xgboost_classifier | Train rows: 21799 | Test rows: 5545 | Features: 143
2026-03-16 15:20:21,042 | INFO | xgboost_classifier | [train] NaNs in X_train: 0 | X_test: 0
2026-03-16 15:20:21,042 | INFO | xgboost_classifier | [train] NaNs in y_train: 0 | y_test: 0
2026-03-16 15:20:21,050 | INFO | xgboost_classifier | [train] Starting Optuna study (10 trials)...
2026-03-16 15:20:21,056 | INFO | xgboost_classifier | [trial 0] Fitting model on 21799 rows...
2026-03-16 15:20:21,059 | INFO | xgboost_classifier | [trial 1] Fitting model on 21799 rows...
2026-03-16 15:20:21,067 | INFO | xgboost_classifier | [trial 2] Fitting model on 21799 rows...
2026-03-16 15:20:21,073 | INFO | xgboost_classifier | [trial 3] Fitting model on 21799 rows...
2026-03-16 15:20:46,889 | INFO | xgboost_classifier | [trial 2] Fit done. Running backtest chunks...
2026-03-16 15:20:50,471 | INFO | xgboost_classifier | [trial 1] Fit done. Running backtest chunks...
2026-03-16 15:20:52,975 | INFO | xgboost_classifier | [trial 0] Fit done. Running backtest chunks...
2026-03-16 15:20:55,790 | INFO | xgboost_classifier | [trial 3] Fit done. Running backtest chunks...
2026-03-18 11:28:37,012 | INFO | xgboost_classifier | DF shape after log-diff transform: (27344, 145)
2026-03-18 11:28:37,044 | INFO | xgboost_classifier | Train rows: 21799 | Test rows: 5545 | Features: 143
2026-03-18 11:28:37,044 | INFO | xgboost_classifier | [train] NaNs — X_train: 0 | X_test: 0
2026-03-18 11:28:37,053 | INFO | xgboost_classifier | [train] NaNs — y_train: 0 | y_test: 0
2026-03-18 11:28:37,056 | INFO | xgboost_classifier | [train] Starting Optuna study (10 trials)...
2026-03-18 11:29:46,136 | INFO | xgboost_classifier | [trial 3] Pruned at chunk 1/2 — PnL: -68.9300
2026-03-18 11:30:04,919 | INFO | xgboost_classifier | [trial 4] Pruned at chunk 1/2 — PnL: -68.4100
2026-03-18 11:30:18,370 | INFO | xgboost_classifier | [trial 5] Pruned at chunk 1/2 — PnL: -8.9100
2026-03-18 11:30:45,609 | INFO | xgboost_classifier | [trial 7] Pruned at chunk 1/2 — PnL: -68.3900
2026-03-18 11:30:59,331 | INFO | xgboost_classifier | [trial 8] Pruned at chunk 1/2 — PnL: -68.7000
2026-03-18 11:31:17,150 | INFO | xgboost_classifier | [trial 9] Pruned at chunk 1/2 — PnL: -68.0600
2026-03-18 11:31:17,151 | INFO | xgboost_classifier | [train] Best Optuna parameters: {'n_estimators': 162, 'max_depth': 3, 'learning_rate': 0.029053261717309015, 'subsample': 0.6320362368423574, 'colsample_bytree': 0.7803064534537079, 'gamma': 3.9674100380567907, 'reg_alpha': 4.203946237294644, 'reg_lambda': 4.7488788689001}
2026-03-18 11:31:17,152 | INFO | xgboost_classifier | [train] Best trial PnL: -67.2000
2026-03-18 11:31:17,152 | INFO | xgboost_classifier | [train] Fitting final model...
2026-03-18 11:31:40,911 | INFO | xgboost_classifier | [train] Final predictions — min: 0.2267, max: 0.7378, mean: 0.3953
