2026-01-23 11:53:45,464 | INFO | metatrader5_fetcher | ✔ Enabled symbol: ADAUSD
2026-01-23 11:53:45,465 | WARNING | metatrader5_fetcher | ⚠ Symbol not found: AVAUSD
2026-01-23 11:53:45,465 | INFO | metatrader5_fetcher | ✔ Enabled symbol: BCHUSD
2026-01-23 11:53:45,466 | INFO | metatrader5_fetcher | ✔ Enabled symbol: BNBUSD
2026-01-23 11:53:45,466 | INFO | metatrader5_fetcher | ✔ Enabled symbol: BTCUSD
2026-01-23 11:53:45,466 | INFO | metatrader5_fetcher | ✔ Enabled symbol: DOGEUSD
2026-01-23 11:53:45,467 | INFO | metatrader5_fetcher | ✔ Enabled symbol: DOTUSD
2026-01-23 11:53:45,468 | INFO | metatrader5_fetcher | ✔ Enabled symbol: EOSUSD
2026-01-23 11:53:45,469 | INFO | metatrader5_fetcher | ✔ Enabled symbol: ETHUSD
2026-01-23 11:53:45,469 | INFO | metatrader5_fetcher | ✔ Enabled symbol: LNKUSD
2026-01-23 11:53:45,469 | INFO | metatrader5_fetcher | ✔ Enabled symbol: LTCUSD
2026-01-23 11:53:45,470 | INFO | metatrader5_fetcher | ✔ Enabled symbol: MATICUSD
2026-01-23 11:53:45,471 | INFO | metatrader5_fetcher | ✔ Enabled symbol: NETH25
2026-01-23 11:53:45,472 | INFO | metatrader5_fetcher | ✔ Enabled symbol: SOLUSD
2026-01-23 11:53:45,472 | INFO | metatrader5_fetcher | ✔ Enabled symbol: XLMUSD
2026-01-23 11:54:08,839 | ERROR | metatrader5_fetcher | ❌ Symbol AVAUSD not found on MT5 server
2026-01-23 11:56:04,466 | WARNING | metatrader5_fetcher | ⚠ No data for EOSUSD from 2026-01-10 00:00:00 to 2026-01-11 00:00:00
2026-01-23 11:56:04,466 | WARNING | metatrader5_fetcher | ⚠ No data for EOSUSD from 2026-01-11 00:00:00 to 2026-01-12 00:00:00
2026-01-23 11:56:04,467 | WARNING | metatrader5_fetcher | ⚠ No data for EOSUSD from 2026-01-12 00:00:00 to 2026-01-13 00:00:00
2026-01-23 11:56:04,467 | WARNING | metatrader5_fetcher | ⚠ No data for EOSUSD from 2026-01-13 00:00:00 to 2026-01-14 00:00:00
2026-01-23 11:56:04,467 | WARNING | metatrader5_fetcher | ⚠ No data for EOSUSD from 2026-01-14 00:00:00 to 2026-01-15 00:00:00
2026-01-23 11:56:04,468 | WARNING | metatrader5_fetcher | ⚠ No data for EOSUSD from 2026-01-15 00:00:00 to 2026-01-16 00:00:00
2026-01-23 11:56:04,468 | WARNING | metatrader5_fetcher | ⚠ No data for EOSUSD from 2026-01-16 00:00:00 to 2026-01-17 00:00:00
2026-01-23 11:56:04,468 | WARNING | metatrader5_fetcher | ⚠ No data for EOSUSD from 2026-01-17 00:00:00 to 2026-01-18 00:00:00
2026-01-23 11:56:04,469 | WARNING | metatrader5_fetcher | ⚠ No data for EOSUSD from 2026-01-18 00:00:00 to 2026-01-19 00:00:00
2026-01-23 11:56:04,469 | WARNING | metatrader5_fetcher | ⚠ No data for EOSUSD from 2026-01-19 00:00:00 to 2026-01-20 00:00:00
2026-01-23 11:56:04,469 | WARNING | metatrader5_fetcher | ⚠ No data for EOSUSD from 2026-01-20 00:00:00 to 2026-01-21 00:00:00
2026-01-23 11:56:04,470 | WARNING | metatrader5_fetcher | ⚠ No data for EOSUSD from 2026-01-21 00:00:00 to 2026-01-22 00:00:00
2026-01-23 11:56:04,470 | WARNING | metatrader5_fetcher | ⚠ No data for EOSUSD from 2026-01-22 00:00:00 to 2026-01-23 00:00:00
2026-01-23 11:56:04,470 | WARNING | metatrader5_fetcher | ⚠ No data for EOSUSD from 2026-01-23 00:00:00 to 2026-01-23 11:53:45.447638
2026-01-23 11:57:29,488 | WARNING | metatrader5_fetcher | ⚠ No data for NETH25 from 2026-01-11 00:00:00 to 2026-01-12 00:00:00
2026-01-23 11:57:29,497 | WARNING | metatrader5_fetcher | ⚠ No data for NETH25 from 2026-01-18 00:00:00 to 2026-01-19 00:00:00
2026-01-23 11:59:26,364 | INFO | metatrader5_fetcher | ✔ Enabled symbol: ADAUSD
2026-01-23 11:59:26,364 | WARNING | metatrader5_fetcher | ⚠ Symbol not found: AVAUSD
2026-01-23 11:59:26,364 | INFO | metatrader5_fetcher | ✔ Enabled symbol: BCHUSD
2026-01-23 11:59:26,364 | INFO | metatrader5_fetcher | ✔ Enabled symbol: BNBUSD
2026-01-23 11:59:26,364 | INFO | metatrader5_fetcher | ✔ Enabled symbol: BTCUSD
2026-01-23 11:59:26,364 | INFO | metatrader5_fetcher | ✔ Enabled symbol: DOGEUSD
2026-01-23 11:59:26,364 | INFO | metatrader5_fetcher | ✔ Enabled symbol: DOTUSD
2026-01-23 11:59:26,364 | INFO | metatrader5_fetcher | ✔ Enabled symbol: EOSUSD
2026-01-23 11:59:26,364 | INFO | metatrader5_fetcher | ✔ Enabled symbol: ETHUSD
2026-01-23 11:59:26,364 | INFO | metatrader5_fetcher | ✔ Enabled symbol: LNKUSD
2026-01-23 11:59:26,364 | INFO | metatrader5_fetcher | ✔ Enabled symbol: LTCUSD
2026-01-23 11:59:26,364 | INFO | metatrader5_fetcher | ✔ Enabled symbol: MATICUSD
2026-01-23 11:59:26,364 | INFO | metatrader5_fetcher | ✔ Enabled symbol: NETH25
2026-01-23 11:59:26,364 | INFO | metatrader5_fetcher | ✔ Enabled symbol: SOLUSD
2026-01-23 11:59:26,364 | INFO | metatrader5_fetcher | ✔ Enabled symbol: XLMUSD
2026-01-23 11:59:27,968 | ERROR | metatrader5_fetcher | ❌ Symbol AVAUSD not found on MT5 server
2026-01-23 12:01:13,423 | INFO | metatrader5_fetcher | ✔ Enabled symbol: ADAUSD
2026-01-23 12:01:13,423 | WARNING | metatrader5_fetcher | ⚠ Symbol not found: AVAUSD
2026-01-23 12:01:13,424 | INFO | metatrader5_fetcher | ✔ Enabled symbol: BCHUSD
2026-01-23 12:01:13,424 | INFO | metatrader5_fetcher | ✔ Enabled symbol: BNBUSD
2026-01-23 12:01:13,424 | INFO | metatrader5_fetcher | ✔ Enabled symbol: BTCUSD
2026-01-23 12:01:13,424 | INFO | metatrader5_fetcher | ✔ Enabled symbol: DOGEUSD
2026-01-23 12:01:13,425 | INFO | metatrader5_fetcher | ✔ Enabled symbol: DOTUSD
2026-01-23 12:01:13,425 | INFO | metatrader5_fetcher | ✔ Enabled symbol: EOSUSD
2026-01-23 12:01:13,425 | INFO | metatrader5_fetcher | ✔ Enabled symbol: ETHUSD
2026-01-23 12:01:13,425 | INFO | metatrader5_fetcher | ✔ Enabled symbol: LNKUSD
2026-01-23 12:01:13,425 | INFO | metatrader5_fetcher | ✔ Enabled symbol: LTCUSD
2026-01-23 12:01:13,426 | INFO | metatrader5_fetcher | ✔ Enabled symbol: MATICUSD
2026-01-23 12:01:13,426 | INFO | metatrader5_fetcher | ✔ Enabled symbol: NETH25
2026-01-23 12:01:13,426 | INFO | metatrader5_fetcher | ✔ Enabled symbol: SOLUSD
2026-01-23 12:01:13,427 | INFO | metatrader5_fetcher | ✔ Enabled symbol: XLMUSD
2026-01-23 12:01:33,068 | ERROR | metatrader5_fetcher | ❌ Symbol AVAUSD not found on MT5 server
2026-01-23 12:03:24,295 | WARNING | metatrader5_fetcher | ⚠ No data for EOSUSD from 2026-01-10 00:00:00 to 2026-01-11 00:00:00
2026-01-23 12:03:24,295 | WARNING | metatrader5_fetcher | ⚠ No data for EOSUSD from 2026-01-11 00:00:00 to 2026-01-12 00:00:00
2026-01-23 12:03:24,296 | WARNING | metatrader5_fetcher | ⚠ No data for EOSUSD from 2026-01-12 00:00:00 to 2026-01-13 00:00:00
2026-01-23 12:03:24,296 | WARNING | metatrader5_fetcher | ⚠ No data for EOSUSD from 2026-01-13 00:00:00 to 2026-01-14 00:00:00
2026-01-23 12:03:24,297 | WARNING | metatrader5_fetcher | ⚠ No data for EOSUSD from 2026-01-14 00:00:00 to 2026-01-15 00:00:00
2026-01-23 12:03:24,298 | WARNING | metatrader5_fetcher | ⚠ No data for EOSUSD from 2026-01-15 00:00:00 to 2026-01-16 00:00:00
2026-01-23 12:03:24,298 | WARNING | metatrader5_fetcher | ⚠ No data for EOSUSD from 2026-01-16 00:00:00 to 2026-01-17 00:00:00
2026-01-23 12:03:24,299 | WARNING | metatrader5_fetcher | ⚠ No data for EOSUSD from 2026-01-17 00:00:00 to 2026-01-18 00:00:00
2026-01-23 12:03:24,300 | WARNING | metatrader5_fetcher | ⚠ No data for EOSUSD from 2026-01-18 00:00:00 to 2026-01-19 00:00:00
2026-01-23 12:03:24,301 | WARNING | metatrader5_fetcher | ⚠ No data for EOSUSD from 2026-01-19 00:00:00 to 2026-01-20 00:00:00
2026-01-23 12:03:24,301 | WARNING | metatrader5_fetcher | ⚠ No data for EOSUSD from 2026-01-20 00:00:00 to 2026-01-21 00:00:00
2026-01-23 12:03:24,302 | WARNING | metatrader5_fetcher | ⚠ No data for EOSUSD from 2026-01-21 00:00:00 to 2026-01-22 00:00:00
2026-01-23 12:03:24,302 | WARNING | metatrader5_fetcher | ⚠ No data for EOSUSD from 2026-01-22 00:00:00 to 2026-01-23 00:00:00
2026-01-23 12:03:24,303 | WARNING | metatrader5_fetcher | ⚠ No data for EOSUSD from 2026-01-23 00:00:00 to 2026-01-23 12:01:13.421222
2026-01-23 12:04:53,024 | WARNING | metatrader5_fetcher | ⚠ No data for NETH25 from 2026-01-11 00:00:00 to 2026-01-12 00:00:00
2026-01-23 12:04:53,035 | WARNING | metatrader5_fetcher | ⚠ No data for NETH25 from 2026-01-18 00:00:00 to 2026-01-19 00:00:00
2026-01-23 12:06:39,632 | INFO | metatrader5_fetcher | ✔ Enabled symbol: ADAUSD
2026-01-23 12:06:39,633 | INFO | metatrader5_fetcher | ✔ Enabled symbol: AVAXUSD
2026-01-23 12:06:39,633 | INFO | metatrader5_fetcher | ✔ Enabled symbol: BCHUSD
2026-01-23 12:06:39,633 | INFO | metatrader5_fetcher | ✔ Enabled symbol: BNBUSD
2026-01-23 12:06:39,634 | INFO | metatrader5_fetcher | ✔ Enabled symbol: BTCUSD
2026-01-23 12:06:39,634 | INFO | metatrader5_fetcher | ✔ Enabled symbol: DOGEUSD
2026-01-23 12:06:39,635 | INFO | metatrader5_fetcher | ✔ Enabled symbol: DOTUSD
2026-01-23 12:06:39,635 | INFO | metatrader5_fetcher | ✔ Enabled symbol: EOSUSD
2026-01-23 12:06:39,635 | INFO | metatrader5_fetcher | ✔ Enabled symbol: ETHUSD
2026-01-23 12:06:39,636 | INFO | metatrader5_fetcher | ✔ Enabled symbol: LNKUSD
2026-01-23 12:06:39,636 | INFO | metatrader5_fetcher | ✔ Enabled symbol: LTCUSD
2026-01-23 12:06:39,637 | INFO | metatrader5_fetcher | ✔ Enabled symbol: MATICUSD
2026-01-23 12:06:39,637 | INFO | metatrader5_fetcher | ✔ Enabled symbol: NETH25
2026-01-23 12:06:39,637 | INFO | metatrader5_fetcher | ✔ Enabled symbol: SOLUSD
2026-01-23 12:06:39,637 | INFO | metatrader5_fetcher | ✔ Enabled symbol: XLMUSD
2026-01-23 12:06:48,453 | WARNING | metatrader5_fetcher | ⚠ No data for EOSUSD from 2026-01-23 12:01:00 to 2026-01-23 12:06:39.632236
2026-01-23 12:09:18,038 | INFO | metatrader5_fetcher | ✔ Enabled symbol: ADAUSD
2026-01-23 12:09:18,039 | INFO | metatrader5_fetcher | ✔ Enabled symbol: AVAXUSD
2026-01-23 12:09:18,039 | INFO | metatrader5_fetcher | ✔ Enabled symbol: BCHUSD
2026-01-23 12:09:18,040 | INFO | metatrader5_fetcher | ✔ Enabled symbol: BNBUSD
2026-01-23 12:09:18,040 | INFO | metatrader5_fetcher | ✔ Enabled symbol: BTCUSD
2026-01-23 12:09:18,041 | INFO | metatrader5_fetcher | ✔ Enabled symbol: DOGEUSD
2026-01-23 12:09:18,041 | INFO | metatrader5_fetcher | ✔ Enabled symbol: DOTUSD
2026-01-23 12:09:18,041 | INFO | metatrader5_fetcher | ✔ Enabled symbol: EOSUSD
2026-01-23 12:09:18,042 | INFO | metatrader5_fetcher | ✔ Enabled symbol: ETHUSD
2026-01-23 12:09:18,042 | INFO | metatrader5_fetcher | ✔ Enabled symbol: LNKUSD
2026-01-23 12:09:18,042 | INFO | metatrader5_fetcher | ✔ Enabled symbol: LTCUSD
2026-01-23 12:09:18,043 | INFO | metatrader5_fetcher | ✔ Enabled symbol: MATICUSD
2026-01-23 12:09:18,043 | INFO | metatrader5_fetcher | ✔ Enabled symbol: NETH25
2026-01-23 12:09:18,043 | INFO | metatrader5_fetcher | ✔ Enabled symbol: SOLUSD
2026-01-23 12:09:18,044 | INFO | metatrader5_fetcher | ✔ Enabled symbol: XLMUSD
2026-01-23 12:11:32,305 | WARNING | metatrader5_fetcher | ⚠ No data for EOSUSD from 2026-01-10 00:00:00 to 2026-01-11 00:00:00
2026-01-23 12:11:32,306 | WARNING | metatrader5_fetcher | ⚠ No data for EOSUSD from 2026-01-11 00:00:00 to 2026-01-12 00:00:00
2026-01-23 12:11:32,306 | WARNING | metatrader5_fetcher | ⚠ No data for EOSUSD from 2026-01-12 00:00:00 to 2026-01-13 00:00:00
2026-01-23 12:11:32,306 | WARNING | metatrader5_fetcher | ⚠ No data for EOSUSD from 2026-01-13 00:00:00 to 2026-01-14 00:00:00
2026-01-23 12:11:32,307 | WARNING | metatrader5_fetcher | ⚠ No data for EOSUSD from 2026-01-14 00:00:00 to 2026-01-15 00:00:00
2026-01-23 12:11:32,307 | WARNING | metatrader5_fetcher | ⚠ No data for EOSUSD from 2026-01-15 00:00:00 to 2026-01-16 00:00:00
2026-01-23 12:11:32,308 | WARNING | metatrader5_fetcher | ⚠ No data for EOSUSD from 2026-01-16 00:00:00 to 2026-01-17 00:00:00
2026-01-23 12:11:32,308 | WARNING | metatrader5_fetcher | ⚠ No data for EOSUSD from 2026-01-17 00:00:00 to 2026-01-18 00:00:00
2026-01-23 12:11:32,309 | WARNING | metatrader5_fetcher | ⚠ No data for EOSUSD from 2026-01-18 00:00:00 to 2026-01-19 00:00:00
2026-01-23 12:11:32,309 | WARNING | metatrader5_fetcher | ⚠ No data for EOSUSD from 2026-01-19 00:00:00 to 2026-01-20 00:00:00
2026-01-23 12:11:32,309 | WARNING | metatrader5_fetcher | ⚠ No data for EOSUSD from 2026-01-20 00:00:00 to 2026-01-21 00:00:00
2026-01-23 12:11:32,310 | WARNING | metatrader5_fetcher | ⚠ No data for EOSUSD from 2026-01-21 00:00:00 to 2026-01-22 00:00:00
2026-01-23 12:11:32,310 | WARNING | metatrader5_fetcher | ⚠ No data for EOSUSD from 2026-01-22 00:00:00 to 2026-01-23 00:00:00
2026-01-23 12:11:32,311 | WARNING | metatrader5_fetcher | ⚠ No data for EOSUSD from 2026-01-23 00:00:00 to 2026-01-23 12:09:18.037886
2026-01-23 12:13:02,815 | WARNING | metatrader5_fetcher | ⚠ No data for NETH25 from 2026-01-11 00:00:00 to 2026-01-12 00:00:00
2026-01-23 12:13:02,828 | WARNING | metatrader5_fetcher | ⚠ No data for NETH25 from 2026-01-18 00:00:00 to 2026-01-19 00:00:00
2026-01-23 12:15:45,093 | INFO | metatrader5_fetcher | ✔ Enabled symbol: ADAUSD
2026-01-23 12:15:45,095 | INFO | metatrader5_fetcher | ✔ Enabled symbol: AVAXUSD
2026-01-23 12:15:45,095 | INFO | metatrader5_fetcher | ✔ Enabled symbol: BCHUSD
2026-01-23 12:15:45,095 | INFO | metatrader5_fetcher | ✔ Enabled symbol: BNBUSD
2026-01-23 12:15:45,096 | INFO | metatrader5_fetcher | ✔ Enabled symbol: BTCUSD
2026-01-23 12:15:45,096 | INFO | metatrader5_fetcher | ✔ Enabled symbol: DOGEUSD
2026-01-23 12:15:45,097 | INFO | metatrader5_fetcher | ✔ Enabled symbol: DOTUSD
2026-01-23 12:15:45,097 | INFO | metatrader5_fetcher | ✔ Enabled symbol: EOSUSD
2026-01-23 12:15:45,098 | INFO | metatrader5_fetcher | ✔ Enabled symbol: ETHUSD
2026-01-23 12:15:45,098 | INFO | metatrader5_fetcher | ✔ Enabled symbol: LNKUSD
2026-01-23 12:15:45,098 | INFO | metatrader5_fetcher | ✔ Enabled symbol: LTCUSD
2026-01-23 12:15:45,099 | INFO | metatrader5_fetcher | ✔ Enabled symbol: MATICUSD
2026-01-23 12:15:45,099 | INFO | metatrader5_fetcher | ✔ Enabled symbol: NETH25
2026-01-23 12:15:45,099 | INFO | metatrader5_fetcher | ✔ Enabled symbol: SOLUSD
2026-01-23 12:15:45,099 | INFO | metatrader5_fetcher | ✔ Enabled symbol: XLMUSD
2026-01-23 12:15:54,925 | WARNING | metatrader5_fetcher | ⚠ No data for EOSUSD from 2026-01-23 12:09:00 to 2026-01-23 12:15:45.093548
2026-01-23 12:17:13,693 | INFO | metatrader5_fetcher | ✔ Enabled symbol: ADAUSD
2026-01-23 12:17:13,697 | INFO | metatrader5_fetcher | ✔ Enabled symbol: AVAXUSD
2026-01-23 12:17:13,697 | INFO | metatrader5_fetcher | ✔ Enabled symbol: BCHUSD
2026-01-23 12:17:13,698 | INFO | metatrader5_fetcher | ✔ Enabled symbol: BNBUSD
2026-01-23 12:17:13,698 | INFO | metatrader5_fetcher | ✔ Enabled symbol: BTCUSD
2026-01-23 12:17:13,698 | INFO | metatrader5_fetcher | ✔ Enabled symbol: DOGEUSD
2026-01-23 12:17:13,699 | INFO | metatrader5_fetcher | ✔ Enabled symbol: DOTUSD
2026-01-23 12:17:13,699 | INFO | metatrader5_fetcher | ✔ Enabled symbol: EOSUSD
2026-01-23 12:17:13,700 | INFO | metatrader5_fetcher | ✔ Enabled symbol: ETHUSD
2026-01-23 12:17:13,700 | INFO | metatrader5_fetcher | ✔ Enabled symbol: LNKUSD
2026-01-23 12:17:13,700 | INFO | metatrader5_fetcher | ✔ Enabled symbol: LTCUSD
2026-01-23 12:17:13,701 | INFO | metatrader5_fetcher | ✔ Enabled symbol: MATICUSD
2026-01-23 12:17:13,701 | INFO | metatrader5_fetcher | ✔ Enabled symbol: NETH25
2026-01-23 12:17:13,702 | INFO | metatrader5_fetcher | ✔ Enabled symbol: SOLUSD
2026-01-23 12:17:13,702 | INFO | metatrader5_fetcher | ✔ Enabled symbol: XLMUSD
2026-01-23 12:17:21,531 | WARNING | metatrader5_fetcher | ⚠ No data for EOSUSD from 2026-01-23 12:15:00 to 2026-01-23 12:17:13.693944
2026-01-23 12:17:26,875 | WARNING | metatrader5_fetcher | ⚠ No data for NETH25 from 2026-01-23 04:00:00 to 2026-01-23 12:17:13.693944
2026-01-23 12:35:04,079 | INFO | metatrader5_fetcher | ✔ Enabled symbol: ADAUSD
2026-01-23 12:35:04,079 | INFO | metatrader5_fetcher | ✔ Enabled symbol: AVAXUSD
2026-01-23 12:35:04,079 | INFO | metatrader5_fetcher | ✔ Enabled symbol: BCHUSD
2026-01-23 12:35:04,079 | INFO | metatrader5_fetcher | ✔ Enabled symbol: BNBUSD
2026-01-23 12:35:04,079 | INFO | metatrader5_fetcher | ✔ Enabled symbol: BTCUSD
2026-01-23 12:35:04,079 | INFO | metatrader5_fetcher | ✔ Enabled symbol: DOGEUSD
2026-01-23 12:35:04,079 | INFO | metatrader5_fetcher | ✔ Enabled symbol: DOTUSD
2026-01-23 12:35:04,079 | INFO | metatrader5_fetcher | ✔ Enabled symbol: EOSUSD
2026-01-23 12:35:04,079 | INFO | metatrader5_fetcher | ✔ Enabled symbol: ETHUSD
2026-01-23 12:35:04,079 | INFO | metatrader5_fetcher | ✔ Enabled symbol: LNKUSD
2026-01-23 12:35:04,079 | INFO | metatrader5_fetcher | ✔ Enabled symbol: LTCUSD
2026-01-23 12:35:04,079 | INFO | metatrader5_fetcher | ✔ Enabled symbol: MATICUSD
2026-01-23 12:35:04,079 | INFO | metatrader5_fetcher | ✔ Enabled symbol: NETH25
2026-01-23 12:35:04,079 | INFO | metatrader5_fetcher | ✔ Enabled symbol: SOLUSD
2026-01-23 12:35:04,079 | INFO | metatrader5_fetcher | ✔ Enabled symbol: XLMUSD
2026-01-23 12:35:12,790 | WARNING | metatrader5_fetcher | ⚠ No data for EOSUSD from 2026-01-23 12:17:00 to 2026-01-23 12:35:04.079204
2026-01-23 12:35:18,187 | WARNING | metatrader5_fetcher | ⚠ No data for NETH25 from 2026-01-23 04:00:00 to 2026-01-23 12:35:04.079204
2026-01-23 12:40:59,264 | INFO | metatrader5_fetcher | ✔ Enabled symbol: ADAUSD
2026-01-23 12:40:59,264 | INFO | metatrader5_fetcher | ✔ Enabled symbol: AVAXUSD
2026-01-23 12:40:59,264 | INFO | metatrader5_fetcher | ✔ Enabled symbol: BCHUSD
2026-01-23 12:40:59,264 | INFO | metatrader5_fetcher | ✔ Enabled symbol: BNBUSD
2026-01-23 12:40:59,278 | INFO | metatrader5_fetcher | ✔ Enabled symbol: BTCUSD
2026-01-23 12:40:59,278 | INFO | metatrader5_fetcher | ✔ Enabled symbol: DOGEUSD
2026-01-23 12:40:59,278 | INFO | metatrader5_fetcher | ✔ Enabled symbol: DOTUSD
2026-01-23 12:40:59,279 | INFO | metatrader5_fetcher | ✔ Enabled symbol: EOSUSD
2026-01-23 12:40:59,279 | INFO | metatrader5_fetcher | ✔ Enabled symbol: ETHUSD
2026-01-23 12:40:59,279 | INFO | metatrader5_fetcher | ✔ Enabled symbol: LNKUSD
2026-01-23 12:40:59,280 | INFO | metatrader5_fetcher | ✔ Enabled symbol: LTCUSD
2026-01-23 12:40:59,280 | INFO | metatrader5_fetcher | ✔ Enabled symbol: MATICUSD
2026-01-23 12:40:59,281 | INFO | metatrader5_fetcher | ✔ Enabled symbol: NETH25
2026-01-23 12:40:59,281 | INFO | metatrader5_fetcher | ✔ Enabled symbol: SOLUSD
2026-01-23 12:40:59,281 | INFO | metatrader5_fetcher | ✔ Enabled symbol: XLMUSD
2026-01-23 12:41:14,692 | WARNING | metatrader5_fetcher | ⚠ No data for EOSUSD from 2026-01-23 12:35:00 to 2026-01-23 12:40:59.264789
