2026-04-14 17:33:47,193 | INFO | reddit_scraper | ⏳ Fetching r/cryptocurrency...
2026-04-14 17:33:51,930 | INFO | reddit_scraper | ✅ r/cryptocurrency done
2026-04-14 17:33:51,930 | INFO | reddit_scraper | ✅ r/cryptocurrency done
2026-04-14 17:33:51,930 | INFO | reddit_scraper | ✅ r/cryptocurrency done
2026-04-14 17:33:51,930 | INFO | reddit_scraper | ✅ r/cryptocurrency done
2026-04-14 17:33:51,930 | INFO | reddit_scraper | ✅ r/cryptocurrency done
2026-04-14 17:33:51,930 | INFO | reddit_scraper | ✅ r/cryptocurrency done
2026-04-14 17:33:51,930 | INFO | reddit_scraper | ✅ r/cryptocurrency done
2026-04-14 17:33:51,930 | INFO | reddit_scraper | ✅ r/cryptocurrency done
2026-04-14 17:33:51,930 | INFO | reddit_scraper | ✅ r/cryptocurrency done
2026-04-14 17:33:52,015 | INFO | reddit_scraper | ✅ r/cryptocurrency done
2026-04-14 17:33:52,486 | INFO | reddit_scraper | ✅ r/cryptocurrency done
2026-04-14 17:33:52,488 | INFO | reddit_scraper | ✅ r/cryptocurrency done
2026-04-14 17:33:52,488 | INFO | reddit_scraper | ✅ r/cryptocurrency done
2026-04-14 17:33:52,490 | INFO | reddit_scraper | ✅ r/cryptocurrency done
2026-04-14 17:33:52,490 | INFO | reddit_scraper | ✅ r/cryptocurrency done
2026-04-14 17:33:52,493 | INFO | reddit_scraper | ✅ r/cryptocurrency done
2026-04-14 17:33:52,493 | INFO | reddit_scraper | ✅ r/cryptocurrency done
2026-04-14 17:33:52,493 | INFO | reddit_scraper | ✅ r/cryptocurrency done
2026-04-14 17:33:52,496 | INFO | reddit_scraper | ✅ r/cryptocurrency done
2026-04-14 17:33:52,496 | INFO | reddit_scraper | ✅ r/cryptocurrency done
2026-04-14 17:33:52,924 | INFO | reddit_scraper | ✅ r/cryptocurrency done
2026-04-14 17:33:52,924 | INFO | reddit_scraper | ✅ r/cryptocurrency done
2026-04-14 17:33:52,927 | INFO | reddit_scraper | ✅ r/cryptocurrency done
2026-04-14 17:33:52,927 | INFO | reddit_scraper | ✅ r/cryptocurrency done
2026-04-14 17:33:52,927 | INFO | reddit_scraper | ✅ r/cryptocurrency done
2026-04-14 17:33:52,927 | INFO | reddit_scraper | ✅ r/cryptocurrency done
2026-04-14 17:33:52,927 | INFO | reddit_scraper | ✅ r/cryptocurrency done
2026-04-14 17:33:52,927 | INFO | reddit_scraper | ✅ r/cryptocurrency done
2026-04-14 17:33:52,927 | INFO | reddit_scraper | ✅ r/cryptocurrency done
2026-04-14 17:33:52,927 | INFO | reddit_scraper | ✅ r/cryptocurrency done
2026-04-14 17:33:53,521 | INFO | reddit_scraper | ✅ r/cryptocurrency done
2026-04-14 17:33:53,521 | INFO | reddit_scraper | ✅ r/cryptocurrency done
2026-04-14 17:33:53,521 | INFO | reddit_scraper | ✅ r/cryptocurrency done
2026-04-14 17:33:53,526 | INFO | reddit_scraper | ✅ r/cryptocurrency done
2026-04-14 17:33:53,526 | INFO | reddit_scraper | ✅ r/cryptocurrency done
2026-04-14 17:33:53,528 | INFO | reddit_scraper | ✅ r/cryptocurrency done
2026-04-14 17:33:53,528 | INFO | reddit_scraper | ✅ r/cryptocurrency done
2026-04-14 17:33:53,530 | INFO | reddit_scraper | ✅ r/cryptocurrency done
2026-04-14 17:33:53,530 | INFO | reddit_scraper | ✅ r/cryptocurrency done
2026-04-14 17:33:53,530 | INFO | reddit_scraper | ✅ r/cryptocurrency done
2026-04-14 17:33:54,018 | INFO | reddit_scraper | ✅ r/cryptocurrency done
2026-04-14 17:33:54,018 | INFO | reddit_scraper | ✅ r/cryptocurrency done
2026-04-14 17:33:54,018 | INFO | reddit_scraper | ✅ r/cryptocurrency done
2026-04-14 17:33:54,018 | INFO | reddit_scraper | ✅ r/cryptocurrency done
2026-04-14 17:33:54,018 | INFO | reddit_scraper | ✅ r/cryptocurrency done
2026-04-14 17:33:54,537 | INFO | reddit_scraper | ✅ r/cryptocurrency done
2026-04-14 17:33:54,537 | INFO | reddit_scraper | ✅ r/cryptocurrency done
2026-04-14 17:33:54,537 | INFO | reddit_scraper | ✅ r/cryptocurrency done
2026-04-14 17:33:54,537 | INFO | reddit_scraper | ✅ r/cryptocurrency done
2026-04-14 17:33:54,542 | INFO | reddit_scraper | ✅ r/cryptocurrency done
2026-04-14 17:33:54,543 | INFO | reddit_scraper | ✅ r/cryptocurrency done
2026-04-14 17:33:55,463 | INFO | reddit_scraper | ✅ r/cryptocurrency done
2026-04-14 17:33:55,463 | INFO | reddit_scraper | ✅ r/cryptocurrency done
2026-04-14 17:33:55,472 | INFO | reddit_scraper | ✅ r/cryptocurrency done
2026-04-14 17:33:55,472 | INFO | reddit_scraper | ✅ r/cryptocurrency done
2026-04-14 17:33:55,472 | INFO | reddit_scraper | ✅ r/cryptocurrency done
2026-04-14 17:33:55,472 | INFO | reddit_scraper | ✅ r/cryptocurrency done
2026-04-14 17:33:55,475 | INFO | reddit_scraper | ✅ r/cryptocurrency done
2026-04-14 17:33:55,476 | INFO | reddit_scraper | ✅ r/cryptocurrency done
2026-04-14 17:33:55,476 | INFO | reddit_scraper | ✅ r/cryptocurrency done
2026-04-14 17:33:55,476 | INFO | reddit_scraper | ✅ r/cryptocurrency done
2026-04-14 17:33:56,242 | INFO | reddit_scraper | ✅ r/cryptocurrency done
2026-04-14 17:33:56,242 | INFO | reddit_scraper | ✅ r/cryptocurrency done
2026-04-14 17:33:56,242 | INFO | reddit_scraper | ✅ r/cryptocurrency done
2026-04-14 17:33:56,242 | INFO | reddit_scraper | ✅ r/cryptocurrency done
2026-04-14 17:33:56,242 | INFO | reddit_scraper | ✅ r/cryptocurrency done
2026-04-14 17:33:56,242 | INFO | reddit_scraper | ✅ r/cryptocurrency done
2026-04-14 17:33:56,242 | INFO | reddit_scraper | ✅ r/cryptocurrency done
2026-04-14 17:33:56,242 | INFO | reddit_scraper | ✅ r/cryptocurrency done
2026-04-14 17:33:56,242 | INFO | reddit_scraper | ✅ r/cryptocurrency done
2026-04-14 17:33:56,253 | INFO | reddit_scraper | ✅ r/cryptocurrency done
2026-04-14 17:33:56,748 | INFO | reddit_scraper | ✅ r/cryptocurrency done
2026-04-14 17:33:56,748 | INFO | reddit_scraper | ✅ r/cryptocurrency done
2026-04-14 17:33:56,748 | INFO | reddit_scraper | ✅ r/cryptocurrency done
2026-04-14 17:33:56,748 | INFO | reddit_scraper | ✅ r/cryptocurrency done
2026-04-14 17:33:56,748 | INFO | reddit_scraper | ✅ r/cryptocurrency done
2026-04-14 17:33:56,748 | INFO | reddit_scraper | ✅ r/cryptocurrency done
2026-04-14 17:33:56,748 | INFO | reddit_scraper | ✅ r/cryptocurrency done
2026-04-14 17:33:56,748 | INFO | reddit_scraper | ✅ r/cryptocurrency done
2026-04-14 17:33:56,748 | INFO | reddit_scraper | ✅ r/cryptocurrency done
2026-04-14 17:33:56,753 | INFO | reddit_scraper | ✅ r/cryptocurrency done
2026-04-14 17:33:57,192 | INFO | reddit_scraper | ✅ r/cryptocurrency done
2026-04-14 17:33:57,194 | INFO | reddit_scraper | ✅ r/cryptocurrency done
2026-04-14 17:33:57,194 | INFO | reddit_scraper | ✅ r/cryptocurrency done
2026-04-14 17:33:57,196 | INFO | reddit_scraper | ✅ r/cryptocurrency done
2026-04-14 17:33:57,602 | INFO | reddit_scraper | ✅ r/cryptocurrency done
2026-04-14 17:33:57,602 | INFO | reddit_scraper | ✅ r/cryptocurrency done
2026-04-14 17:33:57,602 | INFO | reddit_scraper | ✅ r/cryptocurrency done
2026-04-14 17:33:57,602 | INFO | reddit_scraper | ✅ r/cryptocurrency done
2026-04-14 17:33:57,602 | INFO | reddit_scraper | ✅ r/cryptocurrency done
2026-04-14 17:33:57,602 | INFO | reddit_scraper | ✅ r/cryptocurrency done
2026-04-14 17:33:58,093 | INFO | reddit_scraper | ✅ r/cryptocurrency done
2026-04-14 17:33:58,093 | INFO | reddit_scraper | ✅ r/cryptocurrency done
2026-04-14 17:33:58,093 | INFO | reddit_scraper | ✅ r/cryptocurrency done
2026-04-14 17:33:58,093 | INFO | reddit_scraper | ✅ r/cryptocurrency done
2026-04-14 17:33:59,047 | INFO | reddit_scraper | ✅ r/cryptocurrency done
2026-04-14 17:33:59,050 | INFO | reddit_scraper | ✅ r/cryptocurrency done
2026-04-14 17:33:59,050 | INFO | reddit_scraper | ✅ r/cryptocurrency done
2026-04-14 17:33:59,050 | INFO | reddit_scraper | ✅ r/cryptocurrency done
2026-04-14 17:33:59,050 | INFO | reddit_scraper | ✅ r/cryptocurrency done
2026-04-14 17:33:59,050 | INFO | reddit_scraper | ✅ r/cryptocurrency done
2026-04-14 17:33:59,051 | INFO | reddit_scraper | ✅ r/cryptocurrency done
2026-04-14 17:33:59,051 | INFO | reddit_scraper | ✅ r/cryptocurrency done
2026-04-14 17:33:59,051 | INFO | reddit_scraper | ✅ r/cryptocurrency done
2026-04-14 17:33:59,051 | INFO | reddit_scraper | ✅ r/cryptocurrency done
2026-04-14 17:33:59,441 | INFO | reddit_scraper | ✅ r/cryptocurrency done
2026-04-14 17:33:59,441 | INFO | reddit_scraper | ✅ r/cryptocurrency done
2026-04-14 17:33:59,441 | INFO | reddit_scraper | ✅ r/cryptocurrency done
2026-04-14 17:33:59,441 | INFO | reddit_scraper | ✅ r/cryptocurrency done
2026-04-14 17:33:59,441 | INFO | reddit_scraper | ✅ r/cryptocurrency done
2026-04-14 17:34:00,262 | INFO | reddit_scraper | ✅ r/cryptocurrency done
2026-04-14 17:34:00,775 | INFO | reddit_scraper | ✅ r/cryptocurrency done
2026-04-14 17:34:00,775 | INFO | reddit_scraper | ✅ r/cryptocurrency done
2026-04-14 17:34:00,775 | INFO | reddit_scraper | ✅ r/cryptocurrency done
2026-04-14 17:34:00,780 | INFO | reddit_scraper | ✅ r/cryptocurrency done
2026-04-14 17:34:00,780 | INFO | reddit_scraper | ✅ r/cryptocurrency done
2026-04-14 17:34:00,780 | INFO | reddit_scraper | ✅ r/cryptocurrency done
2026-04-14 17:34:00,780 | INFO | reddit_scraper | ✅ r/cryptocurrency done
2026-04-14 17:34:00,780 | INFO | reddit_scraper | ✅ r/cryptocurrency done
2026-04-14 17:34:00,780 | INFO | reddit_scraper | ✅ r/cryptocurrency done
2026-04-14 17:34:00,780 | INFO | reddit_scraper | ✅ r/cryptocurrency done
2026-04-14 17:34:01,183 | INFO | reddit_scraper | ✅ r/cryptocurrency done
2026-04-14 17:34:01,183 | INFO | reddit_scraper | ✅ r/cryptocurrency done
2026-04-14 17:34:01,574 | INFO | reddit_scraper | ✅ r/cryptocurrency done
2026-04-14 17:34:01,574 | INFO | reddit_scraper | ✅ r/cryptocurrency done
2026-04-14 17:34:01,574 | INFO | reddit_scraper | ✅ r/cryptocurrency done
2026-04-14 17:34:01,574 | INFO | reddit_scraper | ✅ r/cryptocurrency done
2026-04-14 17:34:01,577 | INFO | reddit_scraper | ✅ r/cryptocurrency done
2026-04-14 17:34:01,577 | INFO | reddit_scraper | ✅ r/cryptocurrency done
2026-04-14 17:34:01,578 | INFO | reddit_scraper | ✅ r/cryptocurrency done
2026-04-14 17:34:01,578 | INFO | reddit_scraper | ✅ r/cryptocurrency done
2026-04-14 17:34:01,578 | INFO | reddit_scraper | ✅ r/cryptocurrency done
2026-04-14 17:34:01,578 | INFO | reddit_scraper | ✅ r/cryptocurrency done
2026-04-14 17:34:02,003 | INFO | reddit_scraper | ✅ r/cryptocurrency done
2026-04-14 17:34:02,003 | INFO | reddit_scraper | ✅ r/cryptocurrency done
2026-04-14 17:34:02,405 | INFO | reddit_scraper | ✅ r/cryptocurrency done
2026-04-14 17:34:02,414 | INFO | reddit_scraper | ✅ r/cryptocurrency done
2026-04-14 17:34:02,823 | INFO | reddit_scraper | ✅ r/cryptocurrency done
2026-04-14 17:34:02,823 | INFO | reddit_scraper | ✅ r/cryptocurrency done
2026-04-14 17:34:02,823 | INFO | reddit_scraper | ✅ r/cryptocurrency done
2026-04-14 17:34:03,288 | INFO | reddit_scraper | ✅ r/cryptocurrency done
2026-04-14 17:34:03,288 | INFO | reddit_scraper | ✅ r/cryptocurrency done
2026-04-14 17:34:03,288 | INFO | reddit_scraper | ✅ r/cryptocurrency done
2026-04-14 17:34:03,288 | INFO | reddit_scraper | ✅ r/cryptocurrency done
2026-04-14 17:34:03,288 | INFO | reddit_scraper | ✅ r/cryptocurrency done
2026-04-14 17:34:03,288 | INFO | reddit_scraper | ✅ r/cryptocurrency done
2026-04-14 17:34:03,288 | INFO | reddit_scraper | ✅ r/cryptocurrency done
2026-04-14 17:34:03,288 | INFO | reddit_scraper | ✅ r/cryptocurrency done
2026-04-14 17:34:03,288 | INFO | reddit_scraper | ✅ r/cryptocurrency done
2026-04-14 17:34:03,288 | INFO | reddit_scraper | ✅ r/cryptocurrency done
2026-04-14 17:34:04,488 | INFO | reddit_scraper | ✅ r/cryptocurrency done
2026-04-14 17:34:04,488 | INFO | reddit_scraper | ✅ r/cryptocurrency done
2026-04-14 17:34:04,488 | INFO | reddit_scraper | ✅ r/cryptocurrency done
2026-04-14 17:34:04,488 | INFO | reddit_scraper | ✅ r/cryptocurrency done
2026-04-14 17:34:04,488 | INFO | reddit_scraper | ✅ r/cryptocurrency done
2026-04-14 17:34:04,488 | INFO | reddit_scraper | ✅ r/cryptocurrency done
2026-04-14 17:34:04,488 | INFO | reddit_scraper | ✅ r/cryptocurrency done
2026-04-14 17:34:04,492 | INFO | reddit_scraper | ✅ r/cryptocurrency done
2026-04-14 17:34:04,492 | INFO | reddit_scraper | ✅ r/cryptocurrency done
2026-04-14 17:34:04,492 | INFO | reddit_scraper | ✅ r/cryptocurrency done
2026-04-14 17:34:04,873 | INFO | reddit_scraper | ✅ r/cryptocurrency done
2026-04-14 17:34:04,873 | INFO | reddit_scraper | ✅ r/cryptocurrency done
2026-04-14 17:34:04,873 | INFO | reddit_scraper | ✅ r/cryptocurrency done
2026-04-14 17:34:04,873 | INFO | reddit_scraper | ✅ r/cryptocurrency done
2026-04-14 17:34:04,873 | INFO | reddit_scraper | ✅ r/cryptocurrency done
2026-04-14 17:34:04,873 | INFO | reddit_scraper | ✅ r/cryptocurrency done
2026-04-14 17:34:05,278 | INFO | reddit_scraper | ✅ r/cryptocurrency done
2026-04-14 17:34:05,278 | INFO | reddit_scraper | ✅ r/cryptocurrency done
2026-04-14 17:34:05,278 | INFO | reddit_scraper | ✅ r/cryptocurrency done
2026-04-14 17:34:05,794 | INFO | reddit_scraper | ✅ r/cryptocurrency done
2026-04-14 17:34:05,794 | INFO | reddit_scraper | ✅ r/cryptocurrency done
2026-04-14 17:34:05,794 | INFO | reddit_scraper | ✅ r/cryptocurrency done
2026-04-14 17:34:05,803 | INFO | reddit_scraper | ✅ r/cryptocurrency done
2026-04-14 17:34:05,803 | INFO | reddit_scraper | ✅ r/cryptocurrency done
2026-04-14 17:34:05,804 | INFO | reddit_scraper | ✅ r/cryptocurrency done
2026-04-14 17:34:05,805 | INFO | reddit_scraper | ✅ r/cryptocurrency done
2026-04-14 17:34:05,805 | INFO | reddit_scraper | ✅ r/cryptocurrency done
2026-04-14 17:34:05,806 | INFO | reddit_scraper | ✅ r/cryptocurrency done
2026-04-14 17:34:05,806 | INFO | reddit_scraper | ✅ r/cryptocurrency done
2026-04-14 17:34:07,419 | INFO | reddit_scraper | ✅ r/cryptocurrency done
2026-04-14 17:34:07,989 | INFO | reddit_scraper | ✅ r/cryptocurrency done
2026-04-14 17:34:07,989 | INFO | reddit_scraper | ✅ r/cryptocurrency done
2026-04-14 17:34:08,868 | INFO | reddit_scraper | ✅ r/cryptocurrency done
2026-04-14 17:34:08,868 | INFO | reddit_scraper | ✅ r/cryptocurrency done
2026-04-14 17:34:08,868 | INFO | reddit_scraper | ✅ r/cryptocurrency done
2026-04-14 17:34:08,868 | INFO | reddit_scraper | ✅ r/cryptocurrency done
2026-04-14 17:34:08,868 | INFO | reddit_scraper | ✅ r/cryptocurrency done
2026-04-14 17:34:08,868 | INFO | reddit_scraper | ✅ r/cryptocurrency done
2026-04-14 17:34:08,875 | INFO | reddit_scraper | ✅ r/cryptocurrency done
2026-04-14 17:34:08,875 | INFO | reddit_scraper | ✅ r/cryptocurrency done
2026-04-14 17:34:09,482 | INFO | reddit_scraper | ✅ r/cryptocurrency done
2026-04-14 17:34:09,482 | INFO | reddit_scraper | ✅ r/cryptocurrency done
2026-04-14 17:34:09,482 | INFO | reddit_scraper | ✅ r/cryptocurrency done
2026-04-14 17:34:09,482 | INFO | reddit_scraper | ✅ r/cryptocurrency done
2026-04-14 17:34:09,484 | INFO | reddit_scraper | ✅ r/cryptocurrency done
2026-04-14 17:34:09,484 | INFO | reddit_scraper | ✅ r/cryptocurrency done
2026-04-14 17:34:09,484 | INFO | reddit_scraper | ✅ r/cryptocurrency done
2026-04-14 17:34:09,484 | INFO | reddit_scraper | ✅ r/cryptocurrency done
2026-04-14 17:34:09,484 | INFO | reddit_scraper | ✅ r/cryptocurrency done
2026-04-14 17:34:09,484 | INFO | reddit_scraper | ✅ r/cryptocurrency done
2026-04-14 17:34:09,880 | INFO | reddit_scraper | ✅ r/cryptocurrency done
2026-04-14 17:34:09,880 | INFO | reddit_scraper | ✅ r/cryptocurrency done
2026-04-14 17:34:09,884 | INFO | reddit_scraper | ✅ r/cryptocurrency done
2026-04-14 17:34:09,884 | INFO | reddit_scraper | ✅ r/cryptocurrency done
2026-04-14 17:34:10,403 | INFO | reddit_scraper | ✅ r/cryptocurrency done
2026-04-14 17:34:10,403 | INFO | reddit_scraper | ✅ r/cryptocurrency done
2026-04-14 17:34:10,403 | INFO | reddit_scraper | ✅ r/cryptocurrency done
2026-04-14 17:34:10,403 | INFO | reddit_scraper | ✅ r/cryptocurrency done
2026-04-14 17:34:10,403 | INFO | reddit_scraper | ✅ r/cryptocurrency done
2026-04-14 17:34:10,403 | INFO | reddit_scraper | ✅ r/cryptocurrency done
2026-04-14 17:34:10,403 | INFO | reddit_scraper | ✅ r/cryptocurrency done
2026-04-14 17:34:10,409 | INFO | reddit_scraper | ✅ r/cryptocurrency done
2026-04-14 17:34:10,409 | INFO | reddit_scraper | ✅ r/cryptocurrency done
2026-04-14 17:34:10,409 | INFO | reddit_scraper | ✅ r/cryptocurrency done
2026-04-14 17:34:10,853 | INFO | reddit_scraper | ✅ r/cryptocurrency done
2026-04-14 17:34:10,853 | INFO | reddit_scraper | ✅ r/cryptocurrency done
2026-04-14 17:34:10,853 | INFO | reddit_scraper | ✅ r/cryptocurrency done
2026-04-14 17:34:10,853 | INFO | reddit_scraper | ✅ r/cryptocurrency done
2026-04-14 17:34:10,853 | INFO | reddit_scraper | ✅ r/cryptocurrency done
2026-04-14 17:34:10,853 | INFO | reddit_scraper | ✅ r/cryptocurrency done
2026-04-14 17:34:10,853 | INFO | reddit_scraper | ✅ r/cryptocurrency done
2026-04-14 17:34:10,853 | INFO | reddit_scraper | ✅ r/cryptocurrency done
2026-04-14 17:34:10,853 | INFO | reddit_scraper | ✅ r/cryptocurrency done
2026-04-14 17:34:10,853 | INFO | reddit_scraper | ✅ r/cryptocurrency done
2026-04-14 17:34:11,217 | INFO | reddit_scraper | ✅ r/cryptocurrency done
2026-04-14 17:34:11,217 | INFO | reddit_scraper | ✅ r/cryptocurrency done
2026-04-14 17:34:11,217 | INFO | reddit_scraper | ✅ r/cryptocurrency done
2026-04-14 17:34:11,217 | INFO | reddit_scraper | ✅ r/cryptocurrency done
2026-04-14 17:34:11,217 | INFO | reddit_scraper | ✅ r/cryptocurrency done
2026-04-14 17:34:12,493 | INFO | reddit_scraper | ✅ r/cryptocurrency done
2026-04-14 17:34:12,542 | INFO | reddit_scraper | ✅ r/cryptocurrency done
2026-04-14 17:34:12,547 | INFO | reddit_scraper | ✅ r/cryptocurrency done
2026-04-14 17:34:12,549 | INFO | reddit_scraper | ✅ r/cryptocurrency done
2026-04-14 17:34:12,549 | INFO | reddit_scraper | ✅ r/cryptocurrency done
2026-04-14 17:34:12,549 | INFO | reddit_scraper | ✅ r/cryptocurrency done
2026-04-14 17:34:12,549 | INFO | reddit_scraper | ✅ r/cryptocurrency done
2026-04-14 17:34:12,549 | INFO | reddit_scraper | ✅ r/cryptocurrency done
2026-04-14 17:34:12,549 | INFO | reddit_scraper | ✅ r/cryptocurrency done
2026-04-14 17:34:12,549 | INFO | reddit_scraper | ✅ r/cryptocurrency done
2026-04-14 17:34:12,923 | INFO | reddit_scraper | ✅ r/cryptocurrency done
2026-04-14 17:34:12,944 | INFO | reddit_scraper | ✅ r/cryptocurrency done
2026-04-14 17:34:58,235 | INFO | reddit_scraper | ⏳ Fetching r/cryptocurrency...
2026-04-14 17:35:52,801 | INFO | reddit_scraper | ✅ r/cryptocurrency done
2026-04-14 17:35:52,801 | INFO | reddit_scraper | ⏳ Fetching r/CryptoMarkets...
2026-04-14 17:36:39,493 | INFO | reddit_scraper | ✅ r/CryptoMarkets done
2026-04-14 17:36:39,493 | INFO | reddit_scraper | ⏳ Fetching r/Bitcoin...
2026-04-14 17:37:31,090 | INFO | reddit_scraper | ✅ r/Bitcoin done
2026-04-14 17:37:31,106 | INFO | reddit_scraper | ⏳ Fetching r/BitcoinMarkets...
2026-04-14 17:39:11,478 | INFO | reddit_scraper | ✅ r/BitcoinMarkets done
2026-04-14 17:39:11,478 | INFO | reddit_scraper | ⏳ Fetching r/ethereum...
2026-04-14 17:40:02,088 | INFO | reddit_scraper | ✅ r/ethereum done
2026-04-14 17:40:02,088 | INFO | reddit_scraper | ⏳ Fetching r/ethtrader...
2026-04-14 17:41:02,871 | INFO | reddit_scraper | ✅ r/ethtrader done
2026-04-14 17:41:02,871 | INFO | reddit_scraper | ⏳ Fetching r/CryptoMoonShots...
2026-04-14 17:42:03,294 | INFO | reddit_scraper | ✅ r/CryptoMoonShots done
2026-04-14 17:42:03,294 | INFO | reddit_scraper | ⏳ Fetching r/SatoshiStreetBets...
2026-04-14 17:43:04,114 | INFO | reddit_scraper | ✅ r/SatoshiStreetBets done
2026-04-14 17:43:04,114 | INFO | reddit_scraper | ⏳ Fetching r/CryptoCurrencyTrading...
2026-04-14 17:44:04,501 | INFO | reddit_scraper | ✅ r/CryptoCurrencyTrading done
2026-04-14 17:44:04,517 | INFO | reddit_scraper | ⏳ Fetching r/CryptoNews...
2026-04-14 17:45:05,665 | INFO | reddit_scraper | ✅ r/CryptoNews done
2026-04-14 17:45:06,218 | INFO | reddit_scraper | ✅ Data collection completed!
2026-04-14 17:45:06,218 | INFO | reddit_scraper | 📁 Saved: crypto_posts.csv
2026-04-14 17:45:06,218 | INFO | reddit_scraper | 📁 Saved: crypto_comments.csv
2026-04-14 17:49:49,279 | INFO | reddit_scraper | ⏳ Fetching r/cryptocurrency...
2026-04-14 17:51:53,828 | INFO | reddit_scraper | ✅ r/cryptocurrency done
2026-04-14 17:51:53,828 | INFO | reddit_scraper | ⏳ Fetching r/CryptoMarkets...
2026-04-14 17:53:54,048 | INFO | reddit_scraper | ✅ r/CryptoMarkets done
2026-04-14 17:53:54,048 | INFO | reddit_scraper | ⏳ Fetching r/Bitcoin...
2026-04-14 17:55:58,137 | INFO | reddit_scraper | ✅ r/Bitcoin done
2026-04-14 17:55:58,137 | INFO | reddit_scraper | ⏳ Fetching r/BitcoinMarkets...
2026-04-14 17:57:23,977 | INFO | reddit_scraper | ⏳ Fetching r/cryptocurrency...
2026-04-14 17:59:11,787 | INFO | reddit_scraper | ✅ r/cryptocurrency done
2026-04-14 17:59:11,803 | INFO | reddit_scraper | ⏳ Fetching r/CryptoMarkets...
2026-04-14 18:00:59,847 | INFO | reddit_scraper | ✅ r/CryptoMarkets done
2026-04-14 18:00:59,847 | INFO | reddit_scraper | ⏳ Fetching r/Bitcoin...
2026-04-15 09:28:42,656 | INFO | reddit_scraper | ⏳ Fetching r/cryptocurrency...
2026-04-15 09:30:24,428 | INFO | reddit_scraper | ✅ r/cryptocurrency done
2026-04-15 09:30:24,428 | INFO | reddit_scraper | ⏳ Fetching r/CryptoMarkets...
2026-04-15 09:32:25,676 | INFO | reddit_scraper | ✅ r/CryptoMarkets done
2026-04-15 09:32:25,677 | INFO | reddit_scraper | ⏳ Fetching r/Bitcoin...
2026-04-15 09:34:27,113 | INFO | reddit_scraper | ✅ r/Bitcoin done
2026-04-15 09:34:27,114 | INFO | reddit_scraper | ⏳ Fetching r/BitcoinMarkets...
2026-04-15 09:37:54,088 | INFO | reddit_scraper | ✅ r/BitcoinMarkets done
2026-04-15 09:37:54,096 | INFO | reddit_scraper | ⏳ Fetching r/ethereum...
2026-04-15 09:39:42,186 | INFO | reddit_scraper | ✅ r/ethereum done
2026-04-15 09:39:42,186 | INFO | reddit_scraper | ⏳ Fetching r/ethtrader...
2026-04-15 09:41:38,206 | INFO | reddit_scraper | ✅ r/ethtrader done
2026-04-15 09:41:38,206 | INFO | reddit_scraper | ⏳ Fetching r/CryptoMoonShots...
2026-04-15 09:43:39,084 | INFO | reddit_scraper | ✅ r/CryptoMoonShots done
2026-04-15 09:43:39,085 | INFO | reddit_scraper | ⏳ Fetching r/SatoshiStreetBets...
2026-04-15 09:45:40,518 | INFO | reddit_scraper | ✅ r/SatoshiStreetBets done
2026-04-15 09:45:40,518 | INFO | reddit_scraper | ⏳ Fetching r/CryptoCurrencyTrading...
2026-04-15 09:47:41,686 | INFO | reddit_scraper | ✅ r/CryptoCurrencyTrading done
2026-04-15 09:47:41,686 | INFO | reddit_scraper | ⏳ Fetching r/CryptoNews...
2026-04-15 09:49:42,719 | INFO | reddit_scraper | ✅ r/CryptoNews done
2026-04-15 09:49:42,927 | INFO | reddit_scraper | ✅ Data collection completed!
2026-04-15 09:49:42,927 | INFO | reddit_scraper | 📁 Saved: crypto_posts.csv
2026-04-15 09:49:42,927 | INFO | reddit_scraper | 📁 Saved: crypto_comments.csv
2026-04-15 09:53:55,335 | INFO | reddit_scraper | ⏳ Fetching r/cryptocurrency...
2026-04-15 09:55:42,704 | INFO | reddit_scraper | ✅ r/cryptocurrency done
2026-04-15 09:55:42,704 | INFO | reddit_scraper | ⏳ Fetching r/CryptoMarkets...
2026-04-15 09:57:15,801 | INFO | reddit_scraper | ✅ r/CryptoMarkets done
2026-04-15 09:57:15,801 | INFO | reddit_scraper | ⏳ Fetching r/Bitcoin...
2026-04-15 09:59:00,752 | INFO | reddit_scraper | ✅ r/Bitcoin done
2026-04-15 09:59:00,752 | INFO | reddit_scraper | ⏳ Fetching r/BitcoinMarkets...
2026-04-15 10:02:48,449 | INFO | reddit_scraper | ✅ r/BitcoinMarkets done
2026-04-15 10:02:48,449 | INFO | reddit_scraper | ⏳ Fetching r/ethereum...
2026-04-15 10:04:39,620 | INFO | reddit_scraper | ✅ r/ethereum done
2026-04-15 10:04:39,620 | INFO | reddit_scraper | ⏳ Fetching r/ethtrader...
2026-04-15 10:06:03,361 | INFO | reddit_scraper | ✅ r/ethtrader done
2026-04-15 10:06:03,361 | INFO | reddit_scraper | ⏳ Fetching r/CryptoMoonShots...
2026-04-15 10:07:25,416 | INFO | reddit_scraper | ✅ r/CryptoMoonShots done
2026-04-15 10:07:25,423 | INFO | reddit_scraper | ⏳ Fetching r/SatoshiStreetBets...
2026-04-15 10:09:26,527 | INFO | reddit_scraper | ✅ r/SatoshiStreetBets done
2026-04-15 10:09:26,527 | INFO | reddit_scraper | ⏳ Fetching r/CryptoCurrencyTrading...
2026-04-15 10:11:27,919 | INFO | reddit_scraper | ✅ r/CryptoCurrencyTrading done
2026-04-15 10:11:27,920 | INFO | reddit_scraper | ⏳ Fetching r/CryptoNews...
2026-04-15 10:13:28,955 | INFO | reddit_scraper | ✅ r/CryptoNews done
2026-04-15 10:13:38,711 | INFO | reddit_scraper | ✅ Data saved to database!
2026-04-17 10:13:46,443 | INFO | reddit_scraper | ⏳ Fetching r/cryptocurrency...
2026-04-17 10:15:22,484 | INFO | reddit_scraper | ✅ r/cryptocurrency done
2026-04-17 10:15:22,484 | INFO | reddit_scraper | ⏳ Fetching r/CryptoMarkets...
2026-04-17 10:16:44,605 | INFO | reddit_scraper | ✅ r/CryptoMarkets done
2026-04-17 10:16:44,605 | INFO | reddit_scraper | ⏳ Fetching r/Bitcoin...
2026-04-17 10:18:22,318 | INFO | reddit_scraper | ✅ r/Bitcoin done
2026-04-17 10:18:22,318 | INFO | reddit_scraper | ⏳ Fetching r/BitcoinMarkets...
2026-04-17 10:21:44,568 | INFO | reddit_scraper | ✅ r/BitcoinMarkets done
2026-04-17 10:21:44,570 | INFO | reddit_scraper | ⏳ Fetching r/ethereum...
2026-04-17 10:23:22,513 | INFO | reddit_scraper | ✅ r/ethereum done
2026-04-17 10:23:22,513 | INFO | reddit_scraper | ⏳ Fetching r/ethtrader...
2026-04-17 10:24:59,445 | INFO | reddit_scraper | ✅ r/ethtrader done
2026-04-17 10:24:59,446 | INFO | reddit_scraper | ⏳ Fetching r/CryptoMoonShots...
2026-04-17 10:27:00,414 | INFO | reddit_scraper | ✅ r/CryptoMoonShots done
2026-04-17 10:27:00,414 | INFO | reddit_scraper | ⏳ Fetching r/SatoshiStreetBets...
2026-04-17 10:29:01,262 | INFO | reddit_scraper | ✅ r/SatoshiStreetBets done
2026-04-17 10:29:01,265 | INFO | reddit_scraper | ⏳ Fetching r/CryptoCurrencyTrading...
2026-04-17 10:31:39,238 | INFO | reddit_scraper | ⏳ Fetching r/cryptocurrency...
2026-04-17 10:33:15,085 | INFO | reddit_scraper | ✅ r/cryptocurrency done
2026-04-17 10:33:15,087 | INFO | reddit_scraper | ⏳ Fetching r/CryptoMarkets...
2026-04-17 10:34:37,164 | INFO | reddit_scraper | ✅ r/CryptoMarkets done
2026-04-17 10:34:37,164 | INFO | reddit_scraper | ⏳ Fetching r/Bitcoin...
2026-04-17 10:36:16,582 | INFO | reddit_scraper | ✅ r/Bitcoin done
2026-04-17 10:36:16,582 | INFO | reddit_scraper | ⏳ Fetching r/BitcoinMarkets...
2026-04-17 10:39:40,574 | INFO | reddit_scraper | ✅ r/BitcoinMarkets done
2026-04-17 10:39:40,574 | INFO | reddit_scraper | ⏳ Fetching r/ethereum...
2026-04-17 10:41:36,978 | INFO | reddit_scraper | ✅ r/ethereum done
2026-04-17 10:41:36,978 | INFO | reddit_scraper | ⏳ Fetching r/ethtrader...
2026-04-17 10:43:38,359 | INFO | reddit_scraper | ✅ r/ethtrader done
2026-04-17 10:43:38,359 | INFO | reddit_scraper | ⏳ Fetching r/CryptoMoonShots...
2026-04-17 10:45:39,638 | INFO | reddit_scraper | ✅ r/CryptoMoonShots done
2026-04-17 10:45:39,638 | INFO | reddit_scraper | ⏳ Fetching r/SatoshiStreetBets...
2026-04-17 10:47:40,796 | INFO | reddit_scraper | ✅ r/SatoshiStreetBets done
2026-04-17 10:47:40,796 | INFO | reddit_scraper | ⏳ Fetching r/CryptoCurrencyTrading...
2026-04-17 10:49:41,116 | INFO | reddit_scraper | ✅ r/CryptoCurrencyTrading done
2026-04-17 10:49:41,117 | INFO | reddit_scraper | ⏳ Fetching r/CryptoNews...
2026-04-17 10:55:28,412 | INFO | reddit_scraper | ⏳ Fetching r/cryptocurrency...
2026-04-17 10:57:02,372 | INFO | reddit_scraper | ✅ r/cryptocurrency done
2026-04-17 10:57:04,372 | INFO | reddit_scraper | ⏳ Fetching r/CryptoMarkets...
2026-04-17 10:58:26,017 | INFO | reddit_scraper | ✅ r/CryptoMarkets done
2026-04-17 10:58:28,029 | INFO | reddit_scraper | ⏳ Fetching r/Bitcoin...
2026-04-17 11:00:05,184 | INFO | reddit_scraper | ✅ r/Bitcoin done
2026-04-17 11:00:07,198 | INFO | reddit_scraper | ⏳ Fetching r/BitcoinMarkets...
2026-04-17 11:03:43,085 | INFO | reddit_scraper | ✅ r/BitcoinMarkets done
2026-04-17 11:03:45,099 | INFO | reddit_scraper | ⏳ Fetching r/ethereum...
2026-04-17 11:05:24,232 | INFO | reddit_scraper | ✅ r/ethereum done
2026-04-17 11:05:26,244 | INFO | reddit_scraper | ⏳ Fetching r/ethtrader...
2026-04-17 11:06:48,720 | INFO | reddit_scraper | ✅ r/ethtrader done
2026-04-17 11:06:50,721 | INFO | reddit_scraper | ⏳ Fetching r/CryptoMoonShots...
2026-04-17 11:08:09,901 | INFO | reddit_scraper | ✅ r/CryptoMoonShots done
2026-04-17 11:08:11,904 | INFO | reddit_scraper | ⏳ Fetching r/SatoshiStreetBets...
2026-04-17 11:10:11,255 | INFO | reddit_scraper | ✅ r/SatoshiStreetBets done
2026-04-17 11:10:13,270 | INFO | reddit_scraper | ⏳ Fetching r/CryptoCurrencyTrading...
2026-04-17 11:12:12,283 | INFO | reddit_scraper | ✅ r/CryptoCurrencyTrading done
2026-04-17 11:12:14,295 | INFO | reddit_scraper | ⏳ Fetching r/CryptoNews...
2026-04-17 11:14:13,327 | INFO | reddit_scraper | ✅ r/CryptoNews done
2026-04-17 11:14:19,077 | INFO | reddit_scraper | ✅ Data saved to database!
2026-04-22 16:51:47,992 | INFO | reddit_scraper | ⏳ Fetching r/cryptocurrency...
2026-04-22 16:53:30,074 | INFO | reddit_scraper | ✅ r/cryptocurrency done
2026-04-22 16:53:32,086 | INFO | reddit_scraper | ⏳ Fetching r/CryptoMarkets...
2026-04-22 16:54:55,412 | INFO | reddit_scraper | ✅ r/CryptoMarkets done
2026-04-22 16:54:57,424 | INFO | reddit_scraper | ⏳ Fetching r/Bitcoin...
2026-04-22 16:56:41,208 | INFO | reddit_scraper | ✅ r/Bitcoin done
2026-04-22 16:56:43,211 | INFO | reddit_scraper | ⏳ Fetching r/BitcoinMarkets...
2026-04-22 16:59:58,182 | INFO | reddit_scraper | ✅ r/BitcoinMarkets done
2026-04-22 17:00:00,192 | INFO | reddit_scraper | ⏳ Fetching r/ethereum...
2026-04-22 17:02:01,478 | INFO | reddit_scraper | ✅ r/ethereum done
2026-04-22 17:02:03,491 | INFO | reddit_scraper | ⏳ Fetching r/ethtrader...
2026-04-22 17:04:01,548 | INFO | reddit_scraper | ✅ r/ethtrader done
2026-04-22 17:04:03,559 | INFO | reddit_scraper | ⏳ Fetching r/CryptoMoonShots...
2026-04-22 17:06:02,761 | INFO | reddit_scraper | ✅ r/CryptoMoonShots done
2026-04-22 17:06:04,774 | INFO | reddit_scraper | ⏳ Fetching r/SatoshiStreetBets...
2026-04-22 17:08:04,273 | INFO | reddit_scraper | ✅ r/SatoshiStreetBets done
2026-04-22 17:08:06,289 | INFO | reddit_scraper | ⏳ Fetching r/CryptoCurrencyTrading...
2026-04-22 17:33:58,708 | INFO | reddit_scraper | ⏳ Fetching r/cryptocurrency…
2026-04-22 17:34:41,126 | INFO | reddit_scraper | ✅ r/cryptocurrency done — 50 posts
2026-04-22 17:34:46,136 | INFO | reddit_scraper | ⏳ Fetching r/CryptoMarkets…
2026-04-22 17:35:24,894 | INFO | reddit_scraper | ✅ r/CryptoMarkets done — 50 posts
2026-04-22 17:35:29,899 | INFO | reddit_scraper | ⏳ Fetching r/Bitcoin…
2026-04-22 17:36:12,814 | INFO | reddit_scraper | ✅ r/Bitcoin done — 50 posts
2026-04-22 17:36:17,827 | INFO | reddit_scraper | ⏳ Fetching r/BitcoinMarkets…
2026-04-22 17:37:15,162 | INFO | reddit_scraper | ✅ r/BitcoinMarkets done — 50 posts
2026-04-22 17:37:20,176 | INFO | reddit_scraper | ⏳ Fetching r/ethereum…
2026-04-22 17:38:05,795 | INFO | reddit_scraper | ✅ r/ethereum done — 50 posts
2026-04-22 17:38:10,808 | INFO | reddit_scraper | ⏳ Fetching r/ethtrader…
2026-04-22 17:38:46,948 | INFO | reddit_scraper | ✅ r/ethtrader done — 50 posts
2026-04-22 17:38:51,960 | INFO | reddit_scraper | ⏳ Fetching r/CryptoMoonShots…
2026-04-22 17:39:26,448 | INFO | reddit_scraper | ✅ r/CryptoMoonShots done — 50 posts
2026-04-22 17:39:31,455 | INFO | reddit_scraper | ⏳ Fetching r/SatoshiStreetBets…
2026-04-22 17:40:05,635 | INFO | reddit_scraper | ✅ r/SatoshiStreetBets done — 50 posts
2026-04-22 17:40:10,648 | INFO | reddit_scraper | ⏳ Fetching r/CryptoCurrencyTrading…
2026-04-22 17:40:44,330 | INFO | reddit_scraper | ✅ r/CryptoCurrencyTrading done — 50 posts
2026-04-22 17:40:49,346 | INFO | reddit_scraper | ⏳ Fetching r/CryptoNews…
2026-04-22 17:41:24,607 | INFO | reddit_scraper | ✅ r/CryptoNews done — 50 posts
2026-04-22 17:41:30,661 | INFO | reddit_scraper | ✅ Data saved to database!
2026-04-22 17:49:34,580 | INFO | reddit_scraper | ⏳ Fetching r/cryptocurrency…
2026-04-22 17:50:17,405 | INFO | reddit_scraper | ✅ r/cryptocurrency done — 50 posts
2026-04-22 17:50:22,419 | INFO | reddit_scraper | ⏳ Fetching r/CryptoMarkets…
2026-04-22 17:51:00,600 | INFO | reddit_scraper | ✅ r/CryptoMarkets done — 50 posts
2026-04-22 17:51:05,607 | INFO | reddit_scraper | ⏳ Fetching r/Bitcoin…
2026-04-22 17:51:45,701 | INFO | reddit_scraper | ✅ r/Bitcoin done — 50 posts
2026-04-22 17:51:50,712 | INFO | reddit_scraper | ⏳ Fetching r/BitcoinMarkets…
2026-04-22 17:52:52,738 | INFO | reddit_scraper | ✅ r/BitcoinMarkets done — 50 posts
2026-04-22 17:52:57,740 | INFO | reddit_scraper | ⏳ Fetching r/ethereum…
2026-04-22 17:53:46,450 | INFO | reddit_scraper | ✅ r/ethereum done — 50 posts
2026-04-22 17:53:51,451 | INFO | reddit_scraper | ⏳ Fetching r/ethtrader…
2026-04-22 17:54:28,056 | INFO | reddit_scraper | ✅ r/ethtrader done — 50 posts
2026-04-22 17:54:33,064 | INFO | reddit_scraper | ⏳ Fetching r/CryptoMoonShots…
2026-04-22 17:55:07,977 | INFO | reddit_scraper | ✅ r/CryptoMoonShots done — 50 posts
2026-04-22 17:55:12,985 | INFO | reddit_scraper | ⏳ Fetching r/SatoshiStreetBets…
2026-04-22 17:55:47,536 | INFO | reddit_scraper | ✅ r/SatoshiStreetBets done — 50 posts
2026-04-22 17:55:52,538 | INFO | reddit_scraper | ⏳ Fetching r/CryptoCurrencyTrading…
2026-04-22 17:56:26,546 | INFO | reddit_scraper | ✅ r/CryptoCurrencyTrading done — 50 posts
2026-04-22 17:56:31,554 | INFO | reddit_scraper | ⏳ Fetching r/CryptoNews…
2026-04-22 17:57:07,035 | INFO | reddit_scraper | ✅ r/CryptoNews done — 50 posts
2026-04-22 17:57:12,262 | INFO | reddit_scraper | ✅ Data saved to database!
2026-04-23 09:30:22,022 | INFO | reddit_scraper | ⏳ Fetching r/cryptocurrency…
2026-04-23 09:31:01,798 | INFO | reddit_scraper | ✅ r/cryptocurrency done — 50 posts
2026-04-23 09:31:06,810 | INFO | reddit_scraper | ⏳ Fetching r/CryptoMarkets…
2026-04-23 09:31:41,709 | INFO | reddit_scraper | ✅ r/CryptoMarkets done — 50 posts
2026-04-23 09:31:46,722 | INFO | reddit_scraper | ⏳ Fetching r/Bitcoin…
2026-04-23 09:32:27,667 | INFO | reddit_scraper | ✅ r/Bitcoin done — 50 posts
2026-04-23 09:32:32,680 | INFO | reddit_scraper | ⏳ Fetching r/BitcoinMarkets…
2026-04-23 09:33:30,564 | INFO | reddit_scraper | ✅ r/BitcoinMarkets done — 50 posts
2026-04-23 09:33:35,573 | INFO | reddit_scraper | ⏳ Fetching r/ethereum…
2026-04-23 09:34:18,751 | INFO | reddit_scraper | ✅ r/ethereum done — 50 posts
2026-04-23 09:34:23,754 | INFO | reddit_scraper | ⏳ Fetching r/ethtrader…
2026-04-23 09:34:59,853 | INFO | reddit_scraper | ✅ r/ethtrader done — 50 posts
2026-04-23 09:35:04,860 | INFO | reddit_scraper | ⏳ Fetching r/CryptoMoonShots…
2026-04-23 09:35:40,098 | INFO | reddit_scraper | ✅ r/CryptoMoonShots done — 50 posts
2026-04-23 09:35:45,101 | INFO | reddit_scraper | ⏳ Fetching r/SatoshiStreetBets…
2026-04-23 09:36:19,230 | INFO | reddit_scraper | ✅ r/SatoshiStreetBets done — 50 posts
2026-04-23 09:36:24,231 | INFO | reddit_scraper | ⏳ Fetching r/CryptoCurrencyTrading…
2026-04-23 09:36:58,709 | INFO | reddit_scraper | ✅ r/CryptoCurrencyTrading done — 50 posts
2026-04-23 09:37:03,723 | INFO | reddit_scraper | ⏳ Fetching r/CryptoNews…
2026-04-23 09:37:38,250 | INFO | reddit_scraper | ✅ r/CryptoNews done — 50 posts
2026-04-23 09:37:48,535 | INFO | reddit_scraper | ✅ Data saved to database!
2026-04-23 10:13:34,225 | INFO | reddit_scraper | ⏳ Fetching r/cryptocurrency…
2026-04-23 10:14:13,529 | INFO | reddit_scraper | ✅ r/cryptocurrency done — 50 posts
2026-04-23 10:14:18,530 | INFO | reddit_scraper | ⏳ Fetching r/CryptoMarkets…
2026-04-23 10:14:53,090 | INFO | reddit_scraper | ✅ r/CryptoMarkets done — 50 posts
2026-04-23 10:14:58,104 | INFO | reddit_scraper | ⏳ Fetching r/Bitcoin…
2026-04-23 10:15:38,582 | INFO | reddit_scraper | ✅ r/Bitcoin done — 50 posts
2026-04-23 10:15:43,596 | INFO | reddit_scraper | ⏳ Fetching r/BitcoinMarkets…
2026-04-23 10:16:43,713 | INFO | reddit_scraper | ✅ r/BitcoinMarkets done — 50 posts
2026-04-23 10:16:48,727 | INFO | reddit_scraper | ⏳ Fetching r/ethereum…
2026-04-23 10:17:32,054 | INFO | reddit_scraper | ✅ r/ethereum done — 50 posts
2026-04-23 10:17:37,067 | INFO | reddit_scraper | ⏳ Fetching r/ethtrader…
2026-04-23 10:18:14,679 | INFO | reddit_scraper | ✅ r/ethtrader done — 50 posts
2026-04-23 10:18:19,681 | INFO | reddit_scraper | ⏳ Fetching r/CryptoMoonShots…
2026-04-23 10:18:54,040 | INFO | reddit_scraper | ✅ r/CryptoMoonShots done — 50 posts
2026-04-23 10:18:59,048 | INFO | reddit_scraper | ⏳ Fetching r/SatoshiStreetBets…
2026-04-23 10:19:33,486 | INFO | reddit_scraper | ✅ r/SatoshiStreetBets done — 50 posts
2026-04-23 10:19:38,500 | INFO | reddit_scraper | ⏳ Fetching r/CryptoCurrencyTrading…
2026-04-23 10:20:12,798 | INFO | reddit_scraper | ✅ r/CryptoCurrencyTrading done — 50 posts
2026-04-23 10:20:17,811 | INFO | reddit_scraper | ⏳ Fetching r/CryptoNews…
2026-04-23 10:20:53,559 | INFO | reddit_scraper | ✅ r/CryptoNews done — 50 posts
2026-04-23 10:20:58,862 | INFO | reddit_scraper | ✅ Data saved to database!
2026-04-23 10:45:49,427 | INFO | reddit_scraper | ⏳ Fetching r/cryptocurrency…
2026-04-23 10:46:32,143 | INFO | reddit_scraper | ✅ r/cryptocurrency done — 50 posts
2026-04-23 10:46:37,146 | INFO | reddit_scraper | ⏳ Fetching r/CryptoMarkets…
2026-04-23 10:47:14,821 | INFO | reddit_scraper | ✅ r/CryptoMarkets done — 50 posts
2026-04-23 10:47:19,823 | INFO | reddit_scraper | ⏳ Fetching r/Bitcoin…
2026-04-23 10:48:02,538 | INFO | reddit_scraper | ✅ r/Bitcoin done — 50 posts
2026-04-23 10:48:07,543 | INFO | reddit_scraper | ⏳ Fetching r/BitcoinMarkets…
2026-04-23 10:49:07,459 | INFO | reddit_scraper | ✅ r/BitcoinMarkets done — 50 posts
2026-04-23 10:49:12,470 | INFO | reddit_scraper | ⏳ Fetching r/ethereum…
2026-04-23 10:49:57,836 | INFO | reddit_scraper | ✅ r/ethereum done — 50 posts
2026-04-23 10:50:02,851 | INFO | reddit_scraper | ⏳ Fetching r/ethtrader…
2026-04-23 10:50:41,775 | INFO | reddit_scraper | ✅ r/ethtrader done — 50 posts
2026-04-23 10:50:46,787 | INFO | reddit_scraper | ⏳ Fetching r/CryptoMoonShots…
2026-04-23 10:51:24,257 | INFO | reddit_scraper | ✅ r/CryptoMoonShots done — 50 posts
2026-04-23 10:51:29,272 | INFO | reddit_scraper | ⏳ Fetching r/SatoshiStreetBets…
2026-04-23 10:52:06,038 | INFO | reddit_scraper | ✅ r/SatoshiStreetBets done — 50 posts
2026-04-23 10:52:11,039 | INFO | reddit_scraper | ⏳ Fetching r/CryptoCurrencyTrading…
2026-04-23 10:52:47,708 | INFO | reddit_scraper | ✅ r/CryptoCurrencyTrading done — 50 posts
2026-04-23 10:52:52,714 | INFO | reddit_scraper | ⏳ Fetching r/CryptoNews…
2026-04-23 10:53:30,930 | INFO | reddit_scraper | ✅ r/CryptoNews done — 50 posts
2026-04-23 10:53:36,140 | INFO | reddit_scraper | ✅ Data saved to database!
2026-04-23 12:54:50,847 | INFO | reddit_scraper | ⏳ Fetching r/cryptocurrency…
2026-04-23 12:55:29,520 | INFO | reddit_scraper | ✅ r/cryptocurrency done — 50 posts
2026-04-23 12:55:34,532 | INFO | reddit_scraper | ⏳ Fetching r/CryptoMarkets…
2026-04-23 12:56:09,530 | INFO | reddit_scraper | ✅ r/CryptoMarkets done — 50 posts
2026-04-23 12:56:14,544 | INFO | reddit_scraper | ⏳ Fetching r/Bitcoin…
2026-04-23 12:56:53,507 | INFO | reddit_scraper | ✅ r/Bitcoin done — 50 posts
2026-04-23 12:56:58,521 | INFO | reddit_scraper | ⏳ Fetching r/BitcoinMarkets…
2026-04-23 12:57:54,923 | INFO | reddit_scraper | ✅ r/BitcoinMarkets done — 50 posts
2026-04-23 12:57:59,939 | INFO | reddit_scraper | ⏳ Fetching r/ethereum…
2026-04-23 12:58:42,563 | INFO | reddit_scraper | ✅ r/ethereum done — 50 posts
2026-04-23 12:58:47,579 | INFO | reddit_scraper | ⏳ Fetching r/ethtrader…
2026-04-23 12:59:23,592 | INFO | reddit_scraper | ✅ r/ethtrader done — 50 posts
2026-04-23 12:59:28,605 | INFO | reddit_scraper | ⏳ Fetching r/CryptoMoonShots…
2026-04-23 13:00:02,503 | INFO | reddit_scraper | ✅ r/CryptoMoonShots done — 50 posts
2026-04-23 13:00:07,516 | INFO | reddit_scraper | ⏳ Fetching r/SatoshiStreetBets…
2026-04-23 13:00:42,194 | INFO | reddit_scraper | ✅ r/SatoshiStreetBets done — 50 posts
2026-04-23 13:00:47,197 | INFO | reddit_scraper | ⏳ Fetching r/CryptoCurrencyTrading…
2026-04-23 13:01:20,676 | INFO | reddit_scraper | ✅ r/CryptoCurrencyTrading done — 50 posts
2026-04-23 13:01:25,690 | INFO | reddit_scraper | ⏳ Fetching r/CryptoNews…
2026-04-23 13:01:59,930 | INFO | reddit_scraper | ✅ r/CryptoNews done — 50 posts
2026-04-23 13:02:05,599 | INFO | reddit_scraper | ✅ Data saved to database!
2026-04-23 14:02:37,751 | INFO | reddit_scraper | ⏳ Fetching r/cryptocurrency…
2026-04-23 14:03:19,148 | INFO | reddit_scraper | ✅ r/cryptocurrency done — 50 posts
2026-04-23 14:03:24,150 | INFO | reddit_scraper | ⏳ Fetching r/CryptoMarkets…
2026-04-23 14:04:03,907 | INFO | reddit_scraper | ✅ r/CryptoMarkets done — 50 posts
2026-04-23 14:04:08,920 | INFO | reddit_scraper | ⏳ Fetching r/Bitcoin…
2026-04-23 14:04:51,068 | INFO | reddit_scraper | ✅ r/Bitcoin done — 50 posts
2026-04-23 14:04:56,082 | INFO | reddit_scraper | ⏳ Fetching r/BitcoinMarkets…
2026-04-23 14:07:01,478 | INFO | reddit_scraper | ✅ r/BitcoinMarkets done — 50 posts
2026-04-23 14:07:06,486 | INFO | reddit_scraper | ⏳ Fetching r/ethereum…
2026-04-23 14:07:52,124 | INFO | reddit_scraper | ✅ r/ethereum done — 50 posts
2026-04-23 14:07:57,129 | INFO | reddit_scraper | ⏳ Fetching r/ethtrader…
2026-04-23 14:08:35,468 | INFO | reddit_scraper | ✅ r/ethtrader done — 50 posts
2026-04-23 14:08:40,474 | INFO | reddit_scraper | ⏳ Fetching r/CryptoMoonShots…
2026-04-23 14:09:17,649 | INFO | reddit_scraper | ✅ r/CryptoMoonShots done — 50 posts
2026-04-23 14:09:22,653 | INFO | reddit_scraper | ⏳ Fetching r/SatoshiStreetBets…
2026-04-23 14:09:58,814 | INFO | reddit_scraper | ✅ r/SatoshiStreetBets done — 50 posts
2026-04-23 14:10:03,817 | INFO | reddit_scraper | ⏳ Fetching r/CryptoCurrencyTrading…
2026-04-23 14:10:39,716 | INFO | reddit_scraper | ✅ r/CryptoCurrencyTrading done — 50 posts
2026-04-23 14:10:44,725 | INFO | reddit_scraper | ⏳ Fetching r/CryptoNews…
2026-04-23 14:11:23,074 | INFO | reddit_scraper | ✅ r/CryptoNews done — 50 posts
2026-04-23 14:13:15,439 | INFO | reddit_scraper | ✅ Data saved to database!
2026-04-24 09:41:19,627 | INFO | reddit_scraper | ⏳ Fetching r/cryptocurrency…
2026-04-24 09:42:02,085 | INFO | reddit_scraper | ✅ r/cryptocurrency done — 50 posts
2026-04-24 09:42:07,092 | INFO | reddit_scraper | ⏳ Fetching r/CryptoMarkets…
2026-04-24 09:42:49,114 | INFO | reddit_scraper | ✅ r/CryptoMarkets done — 50 posts
2026-04-24 09:42:54,121 | INFO | reddit_scraper | ⏳ Fetching r/Bitcoin…
2026-04-24 09:43:39,789 | INFO | reddit_scraper | ✅ r/Bitcoin done — 50 posts
2026-04-24 09:43:44,796 | INFO | reddit_scraper | ⏳ Fetching r/BitcoinMarkets…
2026-04-24 09:45:00,229 | INFO | reddit_scraper | ✅ r/BitcoinMarkets done — 50 posts
2026-04-24 09:45:05,232 | INFO | reddit_scraper | ⏳ Fetching r/ethereum…
2026-04-24 09:45:52,188 | INFO | reddit_scraper | ✅ r/ethereum done — 50 posts
2026-04-24 09:45:57,197 | INFO | reddit_scraper | ⏳ Fetching r/ethtrader…
2026-04-24 09:46:34,896 | INFO | reddit_scraper | ✅ r/ethtrader done — 50 posts
2026-04-24 09:46:39,900 | INFO | reddit_scraper | ⏳ Fetching r/CryptoMoonShots…
2026-04-24 09:47:15,503 | INFO | reddit_scraper | ✅ r/CryptoMoonShots done — 50 posts
2026-04-24 09:47:20,506 | INFO | reddit_scraper | ⏳ Fetching r/SatoshiStreetBets…
2026-04-24 09:47:57,557 | INFO | reddit_scraper | ✅ r/SatoshiStreetBets done — 50 posts
2026-04-24 09:48:02,572 | INFO | reddit_scraper | ⏳ Fetching r/CryptoCurrencyTrading…
2026-04-24 09:48:36,770 | INFO | reddit_scraper | ✅ r/CryptoCurrencyTrading done — 50 posts
2026-04-24 09:48:41,785 | INFO | reddit_scraper | ⏳ Fetching r/CryptoNews…
2026-04-24 09:49:17,485 | INFO | reddit_scraper | ✅ r/CryptoNews done — 50 posts
2026-04-24 09:49:23,032 | INFO | reddit_scraper | ✅ Data saved to database!
2026-04-24 13:31:24,352 | INFO | reddit_scraper | ⏳ Fetching r/cryptocurrency…
2026-04-24 13:32:04,276 | INFO | reddit_scraper | ✅ r/cryptocurrency done — 50 posts
2026-04-24 13:32:09,286 | INFO | reddit_scraper | ⏳ Fetching r/CryptoMarkets…
2026-04-24 13:32:45,217 | INFO | reddit_scraper | ✅ r/CryptoMarkets done — 50 posts
2026-04-24 13:32:50,230 | INFO | reddit_scraper | ⏳ Fetching r/Bitcoin…
2026-04-24 13:33:29,026 | INFO | reddit_scraper | ✅ r/Bitcoin done — 50 posts
2026-04-24 13:33:34,039 | INFO | reddit_scraper | ⏳ Fetching r/BitcoinMarkets…
2026-04-24 13:34:32,207 | INFO | reddit_scraper | ✅ r/BitcoinMarkets done — 50 posts
2026-04-24 13:34:37,217 | INFO | reddit_scraper | ⏳ Fetching r/ethereum…
2026-04-24 13:35:18,582 | INFO | reddit_scraper | ✅ r/ethereum done — 50 posts
2026-04-24 13:35:23,595 | INFO | reddit_scraper | ⏳ Fetching r/ethtrader…
2026-04-24 13:36:01,059 | INFO | reddit_scraper | ✅ r/ethtrader done — 50 posts
2026-04-24 13:36:06,068 | INFO | reddit_scraper | ⏳ Fetching r/CryptoMoonShots…
2026-04-24 13:36:40,560 | INFO | reddit_scraper | ✅ r/CryptoMoonShots done — 50 posts
2026-04-24 13:36:45,574 | INFO | reddit_scraper | ⏳ Fetching r/SatoshiStreetBets…
2026-04-24 13:37:19,589 | INFO | reddit_scraper | ✅ r/SatoshiStreetBets done — 50 posts
2026-04-24 13:37:24,602 | INFO | reddit_scraper | ⏳ Fetching r/CryptoCurrencyTrading…
2026-04-24 13:37:58,064 | INFO | reddit_scraper | ✅ r/CryptoCurrencyTrading done — 50 posts
2026-04-24 13:38:03,079 | INFO | reddit_scraper | ⏳ Fetching r/CryptoNews…
2026-04-24 13:38:38,777 | INFO | reddit_scraper | ✅ r/CryptoNews done — 50 posts
2026-04-24 13:38:44,103 | INFO | reddit_scraper | ✅ Data saved to database!
