2026-03-30 17:40:20,906 | INFO | tft | [train] Starting TFT Optuna study (10 trials)…
2026-04-01 17:51:48,433 | INFO | tft | [train] Starting TFT Optuna study (10 trials)…
2026-04-02 11:54:21,439 | INFO | tft | [train] Starting TFT Optuna study (10 trials)…
2026-04-02 12:19:53,183 | INFO | tft | [train] Starting TFT Optuna study (10 trials)…
2026-04-02 18:11:03,468 | INFO | tft | [train] Starting TFT Optuna study (2 trials)…
2026-04-03 09:41:32,860 | INFO | tft | [train] Best params: {'seq_len': 89, 'hidden_size': 64, 'num_heads': 2, 'num_layers': 3, 'dropout': 0.23247261386420523, 'lr': 0.00011470369173418565, 'batch_size': 128} | Best PnL: -67.9000
2026-04-03 09:49:52,846 | INFO | tft | [train] Final preds — min: -1.0000, max: -1.0000, mean: -1.0000
2026-04-03 14:42:20,197 | INFO | tft | [train] Starting TFT Optuna study (2 trials)…
2026-04-06 13:49:44,661 | INFO | tft | [train] Starting TFT Optuna study (2 trials)…
2026-04-06 14:46:48,999 | INFO | tft | [train] Best params: {'seq_len': 64, 'hidden_size': 127, 'num_heads': 8, 'num_layers': 3, 'dropout': 0.17993751117399304, 'lr': 0.00513075545029312, 'batch_size': 32} | Best PnL: -68.8100
2026-04-06 15:08:03,213 | WARNING | tft | [train] Final TFT model collapsed to constant output (-0.028500). Adding small noise to prevent all-zero signals.
2026-04-06 15:08:03,373 | INFO | tft | [train] Final preds — min: -0.0289, max: -0.0282, mean: -0.0285
2026-04-06 15:23:34,961 | INFO | tft | [train] Starting TFT Optuna study (2 trials)…
2026-04-06 15:32:33,012 | INFO | tft | [train] Best params: {'seq_len': 62, 'hidden_size': 84, 'num_heads': 8, 'num_layers': 1, 'dropout': 0.009540498497157435, 'lr': 0.0002001135520529833, 'batch_size': 128} | Best PnL: -68.6400
2026-04-06 15:42:05,834 | INFO | tft | [train] Final preds — min: -0.2477, max: 0.1128, mean: 0.0355
2026-04-08 12:40:25,238 | INFO | tft | [train] Starting TFT Optuna study (2 trials)…
2026-04-08 12:41:28,130 | INFO | tft | [train] Best params: {'seq_len': 29, 'hidden_size': 35, 'num_heads': 2, 'num_layers': 3, 'dropout': 0.1137196166751584, 'lr': 0.00022052136714393656, 'batch_size': 32} | Best PnL: -46.0200
2026-04-08 12:41:53,856 | INFO | tft | [train] Final preds — min: -1.0000, max: 1.0000, mean: -0.5230
2026-04-08 14:18:08,968 | INFO | tft | [train] Starting TFT Optuna study (2 trials)…
2026-04-08 14:38:54,156 | INFO | tft | [train] Best params: {'seq_len': 106, 'hidden_size': 62, 'num_heads': 2, 'num_layers': 2, 'dropout': 0.3119611823365283, 'lr': 0.0028806314986041504, 'batch_size': 64} | Best PnL: -68.5000
2026-04-08 14:42:53,216 | INFO | tft | [train] Final preds — min: -1654.5746, max: -1654.5742, mean: -1654.5745
2026-04-08 15:20:35,228 | INFO | tft | [train] Starting TFT Optuna study (2 trials)…
2026-04-08 15:20:35,915 | INFO | tft | [train] Starting TFT Optuna study (2 trials)…
2026-04-08 16:36:19,887 | INFO | tft | [train] Starting TFT Optuna study (2 trials)…
2026-04-08 16:37:33,731 | INFO | tft | [train] Best params: {'seq_len': 104, 'hidden_size': 81, 'num_heads': 2, 'num_layers': 3, 'dropout': 0.3503022785705036, 'lr': 0.00024407782513045765, 'batch_size': 128} | Best PnL: -68.4600
2026-04-08 16:38:58,121 | INFO | tft | [train] Final preds — min: -1.0000, max: 1.0000, mean: 0.0117
2026-04-08 17:51:05,528 | INFO | tft | [train] Starting TFT Optuna study (2 trials)…
2026-04-08 17:57:50,331 | INFO | tft | [train] Best params: {'seq_len': 62, 'hidden_size': 125, 'num_heads': 4, 'num_layers': 2, 'dropout': 0.18085769551083086, 'lr': 0.0003136045382335911, 'batch_size': 32} | Best PnL: -68.5000
2026-04-08 18:04:18,410 | INFO | tft | [train] Final preds — min: -260.8520, max: -260.8515, mean: -260.8519
2026-04-09 11:11:02,839 | INFO | tft | [train] Starting TFT Optuna study (2 trials)…
2026-04-09 11:13:09,585 | INFO | tft | [train] Best params: {'seq_len': 96, 'hidden_size': 76, 'num_heads': 4, 'num_layers': 2, 'dropout': 0.13560416175943943, 'lr': 0.0004326239117763009, 'batch_size': 32} | Best PnL: -52.1400
2026-04-09 11:14:43,105 | INFO | tft | [train] Final preds — min: -1.0000, max: 1.0000, mean: 0.1000
2026-04-09 12:21:04,699 | INFO | tft | [train] Starting TFT Optuna study (2 trials)…
2026-04-09 13:36:01,234 | INFO | tft | [train] Starting TFT Optuna study (2 trials)…
2026-04-09 13:37:05,007 | INFO | tft | [train] Best params: {'seq_len': 66, 'hidden_size': 83, 'num_heads': 8, 'num_layers': 3, 'dropout': 0.35805595744601626, 'lr': 0.00021359734091443163, 'batch_size': 32} | Best PnL: 10.4800
2026-04-09 13:38:20,127 | INFO | tft | [train] Final preds — min: -1.0000, max: 1.0000, mean: 0.4945
2026-04-09 16:31:33,493 | INFO | tft | [train] Starting TFT Optuna study (2 trials)…
2026-04-09 16:40:42,961 | INFO | tft | [train] Starting TFT Optuna study (2 trials)…
2026-04-09 16:54:15,652 | INFO | tft | [train] Best params: {'seq_len': 107, 'hidden_size': 124, 'num_heads': 2, 'num_layers': 3, 'dropout': 0.12159347516628026, 'lr': 0.0018718272612551809, 'batch_size': 128} | Best PnL: -18.4800
2026-04-09 17:37:20,846 | INFO | tft | [train] Final preds — min: -1.0000, max: 1.0000, mean: -0.2971
2026-04-14 09:40:44,430 | INFO | tft | [train] Starting TFT Optuna study (2 trials)…
2026-04-14 10:01:24,034 | INFO | tft | [train] Best params: {'seq_len': 24, 'hidden_size': 92, 'num_heads': 2, 'num_layers': 3, 'dropout': 0.29607126912816223, 'lr': 0.0046750209279644815, 'batch_size': 32} | Best PnL: -2.0200
2026-04-14 10:13:33,508 | INFO | tft | [train] Final preds — min: -102599.9766, max: -102599.9453, mean: -102599.9453
2026-04-14 10:35:11,256 | INFO | tft | [train] Starting TFT Optuna study (2 trials)…
2026-04-14 10:40:20,707 | INFO | tft | [train] Starting TFT Optuna study (2 trials)…
2026-04-14 10:54:56,558 | INFO | tft | [train] Best params: {'seq_len': 109, 'hidden_size': 116, 'num_heads': 2, 'num_layers': 1, 'dropout': 0.34935246240498574, 'lr': 0.0026724380050978528, 'batch_size': 32} | Best PnL: -69.1100
2026-04-14 11:07:40,726 | INFO | tft | [train] Final preds — min: -0.2577, max: 0.1079, mean: -0.0892
2026-04-14 12:12:27,606 | INFO | tft | [train] Starting TFT Optuna study (2 trials)…
2026-04-14 12:12:27,606 | INFO | tft | [train] Using loss_fn='mse' (MSE works best with normalized targets, avoids collapse)
2026-04-14 12:12:27,882 | WARNING | tft | [trial 0] Training failed: d_model (69) must be divisible by num_heads (4)
2026-04-14 12:12:27,942 | WARNING | tft | [trial 1] Training failed: d_model (71) must be divisible by num_heads (4)
2026-04-14 12:30:00,360 | INFO | tft | [train] Starting TFT Optuna study (2 trials)…
2026-04-14 12:30:00,361 | INFO | tft | [train] Using loss_fn='mse' (MSE works best with normalized targets, avoids collapse)
2026-04-14 12:50:26,470 | INFO | tft | [train] Best params: {'seq_len': 46, 'hidden_size': 122, 'num_layers': 1, 'dropout': 0.27183212758445024, 'lr': 0.0046587587907738785, 'batch_size': 64} | Best PnL: -45.6500
2026-04-14 12:56:44,457 | WARNING | tft | [train] Final TFT shows very low variance (std=3.11e-05). Range: [-0.0011, -0.0009]. Model may have learned a collapse strategy. Adding small noise to encourage diversity.
2026-04-14 12:56:44,610 | INFO | tft | [train] Final preds — min: -0.0011, max: -0.0009, mean: -0.0010, std: 0.0000
2026-04-14 12:56:44,612 | INFO | tft | [train] Signal distribution — Short: 2174 (85.2%) | Neutral: 0 (0.0%) | Long: 377 (14.8%)
